05-12 04:04:03.778 I/Capacitor/Console( 5637): File:  - Line 333 - Msg: {"notificationsEnabled":false,"postPermissionGranted":false,"batteryOptimizationsIgnored":true,"powerSaveMode":false,"backgroundRestricted":false,"fullScreenIntentAllowed":true,"exactAlarmAllowed":true,"channelsEnabled":true,"recordAudioGranted":false,"remoteListenChannelEnabled":true,"remoteListenChannelImportance":3,"remoteListenChannelBlocked":false,"ringerMode":"vibrate","dndMode":"all","dndAccess":false,"networkConnected":true,"networkValidated":true,"screenInteractive":false,"keyguardLocked":true,"screenWidthDp":384,"screenHeightDp":832,"smallestScreenWidthDp":384,"foldState":"not_foldable_or_unknown","locationServiceRunning":false,"sdkInt":36,"manufacturer":"samsung","model":"SM-A556S","ready":false}
05-12 04:04:03.780 W/Capacitor/Console( 5637): File: https://localhost/assets/index-BpJhnCdy.js - Line 65 - Msg: Capacitor plugin "BackgroundLocation" already registered. Cannot register plugins twice.
05-12 04:04:03.781 I/Capacitor/Console( 5637): File:  - Line 349 - Msg: [object Object]
05-12 04:04:03.787 V/Capacitor/Plugin( 5637): To native (Capacitor plugin): callbackId: 29420228, pluginId: BackgroundLocation, methodName: checkBackgroundLocationPermission
05-12 04:04:03.787 V/Capacitor( 5637): callback: 29420228, pluginId: BackgroundLocation, methodName: checkBackgroundLocationPermission, methodData: {}
05-12 04:04:03.804 I/Capacitor/Console( 5637): File:  - Line 333 - Msg: {"fineLocation":false,"backgroundLocation":false}
05-12 04:04:04.296 I/SDHMS:x ( 3129): SIOP:: AP:251 BAT:245 USB:244 CHG:254 PA:250 WIFI:252 CF:250 BLK:0 SUBBAT:0 SKIN:269 SKINF:267 SKINB:269 LRP2:269 LRF2:267 LRB2:269 AP2:269 CHG2:266 MEM2:269 WIFI2:268 RCV2:267 SPK2:261 UPSPK:250 DNSPK:245 VAP:250 AVGCUR:-2 AVGSYS:0 POWER:-8
05-12 04:04:04.343 D/NetdEventListenerService( 1232): CSC Feature value: true
05-12 04:04:05.206 D/MARsPolicyManager( 1232): triggerAction called!
05-12 04:04:05.206 I/NSLocationMonitor( 1232): getGPSUsingApps() called
05-12 04:04:05.208 I/NSLocationManager_FLP( 2612): getGPSUsingApps, No change
05-12 04:04:05.315 D/io_stats(  659): !@   8,0 r 3165353 101228456 w 2812684 73238812 d 736576 156771504 f 435190 342364 iot 3819860 0 th 0 0 0 pt 0 inp 0 0 903720.602
05-12 04:04:05.316 D/io_stats(  659): !@ Write_top(KB): soft.appmanager(5384) 8
05-12 04:04:05.724 I/Capacitor/Console( 5637): File:  - Line 349 - Msg: [object Object]
05-12 04:04:05.731 V/Capacitor/Plugin( 5637): To native (Capacitor plugin): callbackId: 29420229, pluginId: NativeNotification, methodName: getDeliveryHealth
05-12 04:04:05.732 V/Capacitor( 5637): callback: 29420229, pluginId: NativeNotification, methodName: getDeliveryHealth, methodData: {}
05-12 04:04:05.778 I/Capacitor/Console( 5637): File:  - Line 333 - Msg: {"notificationsEnabled":false,"postPermissionGranted":false,"batteryOptimizationsIgnored":true,"powerSaveMode":false,"backgroundRestricted":false,"fullScreenIntentAllowed":true,"exactAlarmAllowed":true,"channelsEnabled":true,"recordAudioGranted":false,"remoteListenChannelEnabled":true,"remoteListenChannelImportance":3,"remoteListenChannelBlocked":false,"ringerMode":"vibrate","dndMode":"all","dndAccess":false,"networkConnected":true,"networkValidated":true,"screenInteractive":false,"keyguardLocked":true,"screenWidthDp":384,"screenHeightDp":832,"smallestScreenWidthDp":384,"foldState":"not_foldable_or_unknown","locationServiceRunning":false,"sdkInt":36,"manufacturer":"samsung","model":"SM-A556S","ready":false}
05-12 04:04:05.780 W/Capacitor/Console( 5637): File: https://localhost/assets/index-BpJhnCdy.js - Line 65 - Msg: Capacitor plugin "BackgroundLocation" already registered. Cannot register plugins twice.
05-12 04:04:05.782 I/Capacitor/Console( 5637): File:  - Line 349 - Msg: [object Object]
05-12 04:04:05.787 V/Capacitor/Plugin( 5637): To native (Capacitor plugin): callbackId: 29420230, pluginId: BackgroundLocation, methodName: checkBackgroundLocationPermission
05-12 04:04:05.788 V/Capacitor( 5637): callback: 29420230, pluginId: BackgroundLocation, methodName: checkBackgroundLocationPermission, methodData: {}
05-12 04:04:05.801 I/Capacitor/Console( 5637): File:  - Line 333 - Msg: {"fineLocation":false,"backgroundLocation":false}
05-12 04:04:07.527 I/wpa_supplicant(21252): Heartbeat 35632
05-12 04:04:07.723 I/Capacitor/Console( 5637): File:  - Line 349 - Msg: [object Object]
05-12 04:04:07.729 V/Capacitor/Plugin( 5637): To native (Capacitor plugin): callbackId: 29420231, pluginId: NativeNotification, methodName: getDeliveryHealth
05-12 04:04:07.730 V/Capacitor( 5637): callback: 29420231, pluginId: NativeNotification, methodName: getDeliveryHealth, methodData: {}
05-12 04:04:07.775 I/Capacitor/Console( 5637): File:  - Line 333 - Msg: {"notificationsEnabled":false,"postPermissionGranted":false,"batteryOptimizationsIgnored":true,"powerSaveMode":false,"backgroundRestricted":false,"fullScreenIntentAllowed":true,"exactAlarmAllowed":true,"channelsEnabled":true,"recordAudioGranted":false,"remoteListenChannelEnabled":true,"remoteListenChannelImportance":3,"remoteListenChannelBlocked":false,"ringerMode":"vibrate","dndMode":"all","dndAccess":false,"networkConnected":true,"networkValidated":true,"screenInteractive":false,"keyguardLocked":true,"screenWidthDp":384,"screenHeightDp":832,"smallestScreenWidthDp":384,"foldState":"not_foldable_or_unknown","locationServiceRunning":false,"sdkInt":36,"manufacturer":"samsung","model":"SM-A556S","ready":false}
05-12 04:04:07.777 W/Capacitor/Console( 5637): File: https://localhost/assets/index-BpJhnCdy.js - Line 65 - Msg: Capacitor plugin "BackgroundLocation" already registered. Cannot register plugins twice.
05-12 04:04:07.779 I/Capacitor/Console( 5637): File:  - Line 349 - Msg: [object Object]
05-12 04:04:07.784 V/Capacitor/Plugin( 5637): To native (Capacitor plugin): callbackId: 29420232, pluginId: BackgroundLocation, methodName: checkBackgroundLocationPermission
05-12 04:04:07.784 V/Capacitor( 5637): callback: 29420232, pluginId: BackgroundLocation, methodName: checkBackgroundLocationPermission, methodData: {}
05-12 04:04:07.799 I/Capacitor/Console( 5637): File:  - Line 333 - Msg: {"fineLocation":false,"backgroundLocation":false}
05-12 04:04:09.202 I/GmscoreIpa(27738): Starting mediastore instant index [CONTEXT service_id=255 ]
05-12 04:04:09.724 I/Capacitor/Console( 5637): File:  - Line 349 - Msg: [object Object]
05-12 04:04:09.731 V/Capacitor/Plugin( 5637): To native (Capacitor plugin): callbackId: 29420233, pluginId: NativeNotification, methodName: getDeliveryHealth
05-12 04:04:09.731 V/Capacitor( 5637): callback: 29420233, pluginId: NativeNotification, methodName: getDeliveryHealth, methodData: {}
05-12 04:04:09.776 I/Capacitor/Console( 5637): File:  - Line 333 - Msg: {"notificationsEnabled":false,"postPermissionGranted":false,"batteryOptimizationsIgnored":true,"powerSaveMode":false,"backgroundRestricted":false,"fullScreenIntentAllowed":true,"exactAlarmAllowed":true,"channelsEnabled":true,"recordAudioGranted":false,"remoteListenChannelEnabled":true,"remoteListenChannelImportance":3,"remoteListenChannelBlocked":false,"ringerMode":"vibrate","dndMode":"all","dndAccess":false,"networkConnected":true,"networkValidated":true,"screenInteractive":false,"keyguardLocked":true,"screenWidthDp":384,"screenHeightDp":832,"smallestScreenWidthDp":384,"foldState":"not_foldable_or_unknown","locationServiceRunning":false,"sdkInt":36,"manufacturer":"samsung","model":"SM-A556S","ready":false}
05-12 04:04:09.778 W/Capacitor/Console( 5637): File: https://localhost/assets/index-BpJhnCdy.js - Line 65 - Msg: Capacitor plugin "BackgroundLocation" already registered. Cannot register plugins twice.
05-12 04:04:09.779 I/Capacitor/Console( 5637): File:  - Line 349 - Msg: [object Object]
05-12 04:04:09.783 V/Capacitor/Plugin( 5637): To native (Capacitor plugin): callbackId: 29420234, pluginId: BackgroundLocation, methodName: checkBackgroundLocationPermission
05-12 04:04:09.783 V/Capacitor( 5637): callback: 29420234, pluginId: BackgroundLocation, methodName: checkBackgroundLocationPermission, methodData: {}
05-12 04:04:09.794 I/Capacitor/Console( 5637): File:  - Line 333 - Msg: {"fineLocation":false,"backgroundLocation":false}
05-12 04:04:10.230 D/MARsPolicyManager( 1232): triggerAction called!
05-12 04:04:10.231 I/NSLocationMonitor( 1232): getGPSUsingApps() called
05-12 04:04:10.232 I/NSLocationManager_FLP( 2612): getGPSUsingApps, No change
05-12 04:04:11.326 D/io_stats(  659): !@   8,0 r 3165353 101228456 w 2812684 73238812 d 737675 156779832 f 435190 342364 iot 3820320 0 th 0 0 0 pt 0 inp 0 0 903726.613
05-12 04:04:11.726 I/Capacitor/Console( 5637): File:  - Line 349 - Msg: [object Object]
05-12 04:04:11.733 V/Capacitor/Plugin( 5637): To native (Capacitor plugin): callbackId: 29420235, pluginId: NativeNotification, methodName: getDeliveryHealth
05-12 04:04:11.733 V/Capacitor( 5637): callback: 29420235, pluginId: NativeNotification, methodName: getDeliveryHealth, methodData: {}
05-12 04:04:11.779 I/Capacitor/Console( 5637): File:  - Line 333 - Msg: {"notificationsEnabled":false,"postPermissionGranted":false,"batteryOptimizationsIgnored":true,"powerSaveMode":false,"backgroundRestricted":false,"fullScreenIntentAllowed":true,"exactAlarmAllowed":true,"channelsEnabled":true,"recordAudioGranted":false,"remoteListenChannelEnabled":true,"remoteListenChannelImportance":3,"remoteListenChannelBlocked":false,"ringerMode":"vibrate","dndMode":"all","dndAccess":false,"networkConnected":true,"networkValidated":true,"screenInteractive":false,"keyguardLocked":true,"screenWidthDp":384,"screenHeightDp":832,"smallestScreenWidthDp":384,"foldState":"not_foldable_or_unknown","locationServiceRunning":false,"sdkInt":36,"manufacturer":"samsung","model":"SM-A556S","ready":false}
05-12 04:04:11.780 W/Capacitor/Console( 5637): File: https://localhost/assets/index-BpJhnCdy.js - Line 65 - Msg: Capacitor plugin "BackgroundLocation" already registered. Cannot register plugins twice.
05-12 04:04:11.782 I/Capacitor/Console( 5637): File:  - Line 349 - Msg: [object Object]
05-12 04:04:11.787 V/Capacitor/Plugin( 5637): To native (Capacitor plugin): callbackId: 29420236, pluginId: BackgroundLocation, methodName: checkBackgroundLocationPermission
05-12 04:04:11.788 V/Capacitor( 5637): callback: 29420236, pluginId: BackgroundLocation, methodName: checkBackgroundLocationPermission, methodData: {}
05-12 04:04:11.800 I/Capacitor/Console( 5637): File:  - Line 333 - Msg: {"fineLocation":false,"backgroundLocation":false}
05-12 04:04:13.724 I/Capacitor/Console( 5637): File:  - Line 349 - Msg: [object Object]
05-12 04:04:13.730 V/Capacitor/Plugin( 5637): To native (Capacitor plugin): callbackId: 29420237, pluginId: NativeNotification, methodName: getDeliveryHealth
05-12 04:04:13.731 V/Capacitor( 5637): callback: 29420237, pluginId: NativeNotification, methodName: getDeliveryHealth, methodData: {}
05-12 04:04:13.779 I/Capacitor/Console( 5637): File:  - Line 333 - Msg: {"notificationsEnabled":false,"postPermissionGranted":false,"batteryOptimizationsIgnored":true,"powerSaveMode":false,"backgroundRestricted":false,"fullScreenIntentAllowed":true,"exactAlarmAllowed":true,"channelsEnabled":true,"recordAudioGranted":false,"remoteListenChannelEnabled":true,"remoteListenChannelImportance":3,"remoteListenChannelBlocked":false,"ringerMode":"vibrate","dndMode":"all","dndAccess":false,"networkConnected":true,"networkValidated":true,"screenInteractive":false,"keyguardLocked":true,"screenWidthDp":384,"screenHeightDp":832,"smallestScreenWidthDp":384,"foldState":"not_foldable_or_unknown","locationServiceRunning":false,"sdkInt":36,"manufacturer":"samsung","model":"SM-A556S","ready":false}
05-12 04:04:13.781 W/Capacitor/Console( 5637): File: https://localhost/assets/index-BpJhnCdy.js - Line 65 - Msg: Capacitor plugin "BackgroundLocation" already registered. Cannot register plugins twice.
05-12 04:04:13.783 I/Capacitor/Console( 5637): File:  - Line 349 - Msg: [object Object]
05-12 04:04:13.788 V/Capacitor/Plugin( 5637): To native (Capacitor plugin): callbackId: 29420238, pluginId: BackgroundLocation, methodName: checkBackgroundLocationPermission
05-12 04:04:13.789 V/Capacitor( 5637): callback: 29420238, pluginId: BackgroundLocation, methodName: checkBackgroundLocationPermission, methodData: {}
05-12 04:04:13.804 I/Capacitor/Console( 5637): File:  - Line 333 - Msg: {"fineLocation":false,"backgroundLocation":false}
05-12 04:04:14.308 I/SDHMS:x ( 3129): SIOP:: AP:250 BAT:245 USB:244 CHG:254 PA:248 WIFI:250 CF:250 BLK:0 SUBBAT:0 SKIN:269 SKINF:267 SKINB:269 LRP2:269 LRF2:267 LRB2:269 AP2:268 CHG2:266 MEM2:269 WIFI2:267 RCV2:267 SPK2:261 UPSPK:250 DNSPK:245 VAP:250 AVGCUR:-2 AVGSYS:0 POWER:-8
05-12 04:04:15.128 I/AppSearchIcing( 1232): icing-search-engine.cc:2175: Persisting data to disk
05-12 04:04:15.259 D/MARsPolicyManager( 1232): triggerAction called!
05-12 04:04:15.259 I/NSLocationMonitor( 1232): getGPSUsingApps() called
05-12 04:04:15.261 I/NSLocationManager_FLP( 2612): getGPSUsingApps, No change
05-12 04:04:15.282 I/Finsky  ( 4883): [67] Stats for Executor: LightweightExecutor vpy@99eb215[Running, pool size = 4, active threads = 0, queued tasks = 0, completed tasks = 205]
05-12 04:04:15.282 I/Finsky  ( 4883): [67] Stats for Executor: BlockingExecutor vpy@412692a[Running, pool size = 3, active threads = 0, queued tasks = 0, completed tasks = 21]
05-12 04:04:15.285 I/Finsky  ( 4883): [67] Stats for Executor: bgExecutor vpy@85dc31b[Running, pool size = 4, active threads = 0, queued tasks = 0, completed tasks = 155]
05-12 04:04:15.332 D/io_stats(  659): !@   8,0 r 3165439 101228800 w 2812688 73238824 d 737675 156779832 f 435194 342365 iot 3820480 0 th 0 0 0 pt 0 inp 0 1 903730.618
05-12 04:04:15.344 I/AppSearchIcing( 1232): icing-search-engine.cc:2191: PersistToDisk completed.
05-12 04:04:15.392 I/Finsky:background( 4931): [67] Stats for Executor: bgExecutor vpy@3994854[Running, pool size = 4, active threads = 0, queued tasks = 0, completed tasks = 21]
05-12 04:04:15.397 I/Finsky:background( 4931): [67] Stats for Executor: LightweightExecutor vpy@14593fd[Running, pool size = 4, active threads = 0, queued tasks = 0, completed tasks = 17]
05-12 04:04:15.512 I/Finsky:background( 4931): [67] Stats for Executor: BlockingExecutor vpy@6548f2[Running, pool size = 2, active threads = 0, queued tasks = 0, completed tasks = 5]
05-12 04:04:15.723 I/Capacitor/Console( 5637): File:  - Line 349 - Msg: [object Object]
05-12 04:04:15.730 V/Capacitor/Plugin( 5637): To native (Capacitor plugin): callbackId: 29420239, pluginId: NativeNotification, methodName: getDeliveryHealth
05-12 04:04:15.730 V/Capacitor( 5637): callback: 29420239, pluginId: NativeNotification, methodName: getDeliveryHealth, methodData: {}
05-12 04:04:15.758 I/LPAPSH  ( 4775): STOP SmpInitializer: com.samsung.euicc.push.SmpInitializer$1@f0a216e                                [at com.samsung.euicc.push.SmpInitializer$1.run(SmpInitializer$1.java:90)]
05-12 04:04:15.759 I/LPAPSH  ( 4775): quitSafely                                                                                          [at com.samsung.euicc.push.SmpInitializer$1.run(SmpInitializer$1.java:104)]
05-12 04:04:15.771 I/Capacitor/Console( 5637): File:  - Line 333 - Msg: {"notificationsEnabled":false,"postPermissionGranted":false,"batteryOptimizationsIgnored":true,"powerSaveMode":false,"backgroundRestricted":false,"fullScreenIntentAllowed":true,"exactAlarmAllowed":true,"channelsEnabled":true,"recordAudioGranted":false,"remoteListenChannelEnabled":true,"remoteListenChannelImportance":3,"remoteListenChannelBlocked":false,"ringerMode":"vibrate","dndMode":"all","dndAccess":false,"networkConnected":true,"networkValidated":true,"screenInteractive":false,"keyguardLocked":true,"screenWidthDp":384,"screenHeightDp":832,"smallestScreenWidthDp":384,"foldState":"not_foldable_or_unknown","locationServiceRunning":false,"sdkInt":36,"manufacturer":"samsung","model":"SM-A556S","ready":false}
05-12 04:04:15.772 W/Capacitor/Console( 5637): File: https://localhost/assets/index-BpJhnCdy.js - Line 65 - Msg: Capacitor plugin "BackgroundLocation" already registered. Cannot register plugins twice.
05-12 04:04:15.774 I/Capacitor/Console( 5637): File:  - Line 349 - Msg: [object Object]
05-12 04:04:15.780 V/Capacitor/Plugin( 5637): To native (Capacitor plugin): callbackId: 29420240, pluginId: BackgroundLocation, methodName: checkBackgroundLocationPermission
05-12 04:04:15.780 V/Capacitor( 5637): callback: 29420240, pluginId: BackgroundLocation, methodName: checkBackgroundLocationPermission, methodData: {}
05-12 04:04:15.794 I/Capacitor/Console( 5637): File:  - Line 333 - Msg: {"fineLocation":false,"backgroundLocation":false}
05-12 04:04:15.810 I/SLPASVC ( 4775): From Client: DisconnectRequest (-1146534185, com.samsung.euicc)                                     [at com.samsung.euicc.lpaService.worker.RxHandler.preProcessRequest(RxHandler.java:281)]
05-12 04:04:15.811 E/SLPASVC ( 4775): disconnect key: -1146534185                                                                         [at com.samsung.euicc.lpaService.worker.RxHandler.preProcessRequest(RxHandler.java:298)]
05-12 04:04:15.811 I/SLPASVC ( 4775): 1348482573 : connected!!                                                                            [at com.samsung.euicc.lpaService.worker.RxHandler.isConnected(RxHandler.java:496)]
05-12 04:04:15.813 I/SLPASVC ( 4775): To Client: DisconnectResponse                                                                       [at com.samsung.euicc.lpaService.worker.RxHandler.sendToClient(RxHandler.java:397)]
05-12 04:04:15.819 I/LpaConnector( 4775): LpaConnectedState::exit()                                                                           [at com.samsung.euicc.internal.lib.lpa.LpaConnector$LpaConnectedState.exit(LpaConnector$LpaConnectedState.java:390)]
05-12 04:04:15.825 D/PerProcessNandswap$NandswapHandler( 1232): nandswap start for non-activity com.samsung.euicc(pid 4775) action:6 adj:100 type:2
05-12 04:04:15.844 D/PerProcessNandswapNative( 1232): enable WriteBooster
05-12 04:04:15.870 D/PerProcessNandswap$NandswapHandler( 1232): nandswap end for non-activity com.samsung.euicc(pid 4775) ret:18691133440 adj:100
05-12 04:04:15.907 D/EuiccConnector( 2102): handleMessage: E msg.what=3
05-12 04:04:15.908 D/EuiccConnector( 2102): processMsg: ConnectedState
05-12 04:04:15.915 I/SLPASVC ( 4775): EuiccServiceImpl.onUnbind()                                                                         [at com.samsung.euicc.service.EuiccServiceImpl.onUnbind(EuiccServiceImpl.java:203)]
05-12 04:04:15.916 I/SLPASVC ( 4775): To Service : DisconnectRequest                                                                      [at com.samsung.euicc.service.EuiccServiceImpl.sendToService(EuiccServiceImpl.java:162)]
05-12 04:04:15.919 D/EuiccConnector( 2102): transitionTo: destState=AvailableState
05-12 04:04:15.919 D/EuiccConnector( 2102): handleMessage: new destination call exit/enter
05-12 04:04:15.919 D/EuiccConnector( 2102): setupTempStateStackWithStatesToEnter: X mTempStateStackCount=2,curStateInfo: null
05-12 04:04:15.919 D/EuiccConnector( 2102): invokeExitMethods: ConnectedState
05-12 04:04:15.920 D/EuiccConnector( 2102): invokeExitMethods: DisconnectedState
05-12 04:04:15.920 D/EuiccConnector( 2102): moveTempStackToStateStack: i=1,j=0
05-12 04:04:15.920 D/EuiccConnector( 2102): moveTempStackToStateStack: i=0,j=1
05-12 04:04:15.920 D/EuiccConnector( 2102): moveTempStackToStateStack: X mStateStackTop=1,startingIndex=0,Top=AvailableState
05-12 04:04:15.920 D/EuiccConnector( 2102): invokeEnterMethods: UnavailableState
05-12 04:04:15.920 D/EuiccConnector( 2102): invokeEnterMethods: AvailableState
05-12 04:04:15.920 D/EuiccConnector( 2102): handleMessage: X
05-12 04:04:15.925 I/SLPASVC ( 4775): From Client: DisconnectRequest (1348482573, com.samsung.euicc)                                      [at com.samsung.euicc.lpaService.worker.RxHandler.preProcessRequest(RxHandler.java:281)]
05-12 04:04:15.925 E/SLPASVC ( 4775): disconnect key: 1348482573                                                                          [at com.samsung.euicc.lpaService.worker.RxHandler.preProcessRequest(RxHandler.java:298)]
05-12 04:04:15.926 E/SLPASVC ( 4775): To Client messenger is NULL                                                                         [at com.samsung.euicc.lpaService.worker.RxHandler.sendToClient(RxHandler.java:380)]
05-12 04:04:15.926 I/SLPASVC ( 4775): onUnbind                                                                                            [at com.samsung.euicc.lpaService.LpaService.onUnbind(LpaService.java:175)]
05-12 04:04:15.927 I/SLPASVC ( 4775): no busy worker. stop foreground                                                                     [at com.samsung.euicc.lpaService.LpaServiceHandler.checkStopCondition(LpaServiceHandler.java:115)]
05-12 04:04:15.928 W/SLPASVC ( 4775): updateFreeNvMemorySize                                                                              [at com.samsung.euicc.lpaService.LpaService.updateFreeNvMemorySize(LpaService.java:261)]
05-12 04:04:15.941 I/SLPASVC ( 4775): Es10Factory.create(): 1                                                                             [at com.samsung.euicc.lpaService.gsma.phase2.es10.Es10Factory.create(Es10Factory.java:50)]
05-12 04:04:15.943 I/SLPASVC ( 4775): create MEP B                                                                                        [at com.samsung.euicc.lpaService.gsma.phase2.es10.Es10Factory.create(Es10Factory.java:56)]
05-12 04:04:15.951 I/SLPASVC ( 4775): EuiccLogicalChannel::openBySlot():  physicalSlotIndex = 1, portIndex = 1                            [at com.samsung.euicc.lpaService.gsma.phase2.es10.uicc.EuiccLogicalChannel.openBySlot(EuiccLogicalChannel.java:251)]
05-12 04:04:16.008 I/SLPASVC ( 4775): 0x00000002 was opened                                                                               [at com.samsung.euicc.lpaService.gsma.phase2.es10.uicc.EuiccLogicalChannel.openBySlot(EuiccLogicalChannel.java:293)]
05-12 04:04:16.009 I/SLPASVC ( 4775):  cla: 80 ins: E2 Le: 00                                                                             [at com.samsung.euicc.lpaService.gsma.phase2.es10.uicc.EuiccLogicalChannel.storeData(EuiccLogicalChannel.java:68)]
05-12 04:04:16.009 I/SLPASVC ( 4775): [STORE DATA] blockNumber : 0                                                                        [at com.samsung.euicc.lpaService.gsma.phase2.es10.uicc.EuiccLogicalChannel.storeData(EuiccLogicalChannel.java:78)]
05-12 04:04:16.010 I/SLPASVC ( 4775): case 4 command APDU                                                                                 [at com.samsung.euicc.lpaService.gsma.phase2.es10.uicc.EuiccLogicalChannel.getCmdApdu(EuiccLogicalChannel.java:206)]
05-12 04:04:16.054 I/SLPASVC ( 4775): APDU StatusWord - 9X XX                                                                             [at com.samsung.euicc.lpaService.gsma.phase2.es10.uicc.EuiccLogicalChannel.handleResponse(EuiccLogicalChannel.java:231)]
05-12 04:04:16.055 I/SLPASVC ( 4775): EuiccLogicalChannel::close(): 2                                                                     [at com.samsung.euicc.lpaService.gsma.phase2.es10.uicc.EuiccLogicalChannel.close(EuiccLogicalChannel.java:45)]
05-12 04:04:16.056 D/BoundBrokerSvc(27738): onUnbind: Intent { act=com.google.android.gms.common.BIND_SHARED_PREFS xflg=0x4 pkg=com.google.android.gms }
05-12 04:04:16.103 I/SLPASVC ( 4775): freeNvm: 618076                                                                                     [at com.samsung.euicc.util.EuiccSvcLog.sp(EuiccSvcLog.java:108)]
05-12 04:04:16.104 I/SLPASVC ( 4775): freeVm: 89189                                                                                       [at com.samsung.euicc.util.EuiccSvcLog.sp(EuiccSvcLog.java:108)]
05-12 04:04:16.105 I/SLPASVC ( 4775): firmware[1]: 82.81.0                                                                                [at com.samsung.euicc.util.EuiccSvcLog.sp(EuiccSvcLog.java:108)]
05-12 04:04:16.113 I/SLPASVC ( 4775): available vm: 89189                                                                                 [at com.samsung.euicc.util.EuiccSvcLog.sp(EuiccSvcLog.java:108)]
05-12 04:04:16.117 E/SLPASVC ( 4775): available memory: 618076                                                                            [at com.samsung.euicc.lpaService.gsma.phase2.es10.Es10MepBase.getAvailableMemory(Es10MepBase.java:36)]
05-12 04:04:16.118 I/SLPASVC ( 4775): available memory: 618076                                                                            [at com.samsung.euicc.util.EuiccSvcLog.sp(EuiccSvcLog.java:108)]
05-12 04:04:16.122 I/SLPASVC ( 4775): update FreeSize(1):618076                                                                           [at com.samsung.euicc.lpaService.LpaService.updateFreeNvMemorySize(LpaService.java:272)]
05-12 04:04:16.136 I/SLPASVC ( 4775): EuiccLogicalChannel::openBySlot():  physicalSlotIndex = 1, portIndex = 1                            [at com.samsung.euicc.lpaService.gsma.phase2.es10.uicc.EuiccLogicalChannel.openBySlot(EuiccLogicalChannel.java:251)]
05-12 04:04:16.197 I/SLPASVC ( 4775): 0x00000002 was opened                                                                               [at com.samsung.euicc.lpaService.gsma.phase2.es10.uicc.EuiccLogicalChannel.openBySlot(EuiccLogicalChannel.java:293)]
05-12 04:04:16.198 I/SLPASVC ( 4775):  cla: 80 ins: E2 Le: 00                                                                             [at com.samsung.euicc.lpaService.gsma.phase2.es10.uicc.EuiccLogicalChannel.storeData(EuiccLogicalChannel.java:68)]
05-12 04:04:16.199 I/SLPASVC ( 4775): [STORE DATA] blockNumber : 0                                                                        [at com.samsung.euicc.lpaService.gsma.phase2.es10.uicc.EuiccLogicalChannel.storeData(EuiccLogicalChannel.java:78)]
05-12 04:04:16.200 I/SLPASVC ( 4775): case 4 command APDU                                                                                 [at com.samsung.euicc.lpaService.gsma.phase2.es10.uicc.EuiccLogicalChannel.getCmdApdu(EuiccLogicalChannel.java:206)]
05-12 04:04:16.227 I/SLPASVC ( 4775): APDU StatusWord - 9X XX                                                                             [at com.samsung.euicc.lpaService.gsma.phase2.es10.uicc.EuiccLogicalChannel.handleResponse(EuiccLogicalChannel.java:231)]
05-12 04:04:16.228 I/SLPASVC ( 4775): EuiccLogicalChannel::close(): 2                                                                     [at com.samsung.euicc.lpaService.gsma.phase2.es10.uicc.EuiccLogicalChannel.close(EuiccLogicalChannel.java:45)]
05-12 04:04:16.258 I/SLPASVC ( 4775): onDestroy                                                                                           [at com.samsung.euicc.lpaService.LpaService.onDestroy(LpaService.java:209)]
05-12 04:04:16.258 W/SLPASVC ( 4775): + clear resource                                                                                    [at com.samsung.euicc.lpaService.LpaService.clearResource(LpaService.java:215)]
05-12 04:04:16.259 W/SLPASVC ( 4775): stop start                                                                                          [at com.samsung.euicc.lpaService.StopHandler.stop(StopHandler.java:18)]
05-12 04:04:16.260 W/SLPASVC ( 4775): stop end                                                                                            [at com.samsung.euicc.lpaService.StopHandler.stop(StopHandler.java:38)]
05-12 04:04:16.262 E/SLPASVC ( 4775): initHandlerIfNeed                                                                                   [at com.samsung.euicc.lpaService.bootstrap.VsimNetworkRequester.initHandlerIfNeed(VsimNetworkRequester.java:47)]
05-12 04:04:16.266 I/SLPASVC ( 4775): Unbind request                                                                                      [at com.samsung.euicc.lpaService.bootstrap.VsimNetworkRequester.unBind(VsimNetworkRequester.java:150)]
05-12 04:04:16.266 I/SLPASVC ( 4775): bindProcessToNetwork: true                                                                          [at com.samsung.euicc.lpaService.bootstrap.VsimNetworkRequester.unbindVsimNetwork(VsimNetworkRequester.java:156)]
05-12 04:04:16.266 I/SLPASVC ( 4775): complete to remove network callbacks                                                                [at com.samsung.euicc.lpaService.bootstrap.VsimNetworkRequester.unbindVsimNetwork(VsimNetworkRequester.java:159)]
05-12 04:04:16.267 I/SLPASVC ( 4775): Unbind request complete                                                                             [at com.samsung.euicc.lpaService.bootstrap.VsimNetworkRequester.unBind(VsimNetworkRequester.java:152)]
05-12 04:04:16.268 W/SLPASVC ( 4775): - clear resource                                                                                    [at com.samsung.euicc.lpaService.LpaService.clearResource(LpaService.java:243)]
05-12 04:04:16.272 I/Process ( 4775): Sending signal. PID: 4775 SIG: 9
05-12 04:04:16.346 I/Zygote  (  893): Process 4775 exited due to signal 9 (Killed)
05-12 04:04:16.346 I/ActivityManager( 1232): Process com.samsung.euicc (pid 4775) has died: fg  SVC (369,3413)
05-12 04:04:16.348 I/libprocessgroup( 1232): Removed cgroup /sys/fs/cgroup/system/uid_1000/pid_4775
05-12 04:04:16.713 I/SCS@AiSearch user 0( 5199): (JobServiceLoggingWorker) [androidx.work-3] entering in doWork():  
05-12 04:04:16.717 I/SCS@AiSearch user 0( 5199): (JobServiceLoggingWorker) JobService Information:
05-12 04:04:16.717 I/SCS@AiSearch user 0( 5199): JobId = 1284, WorkId = b1f26206-5cf9-4b50-884f-40957afc1f65, triggerUri = content://call_log
05-12 04:04:16.717 I/SCS@AiSearch user 0( 5199): JobId = 1282, WorkId = 1ba5a2a6-c006-4f48-bee9-ca3664aa7674, triggerUri = content://com.android.contacts/contacts
05-12 04:04:16.717 I/SCS@AiSearch user 0( 5199): JobId = 1288, WorkId = 269579af-3038-4fbb-b0cd-63812f952cd9, triggerUri = content://com.samsung.android.app.reminder
05-12 04:04:16.717 I/SCS@AiSearch user 0( 5199): JobId = 1286, WorkId = 07a8a1ad-2dcb-4686-b8f8-c574b1e390ec, triggerUri = content://com.sec.android.gallery3d.provider2/album_group
05-12 04:04:16.717 I/SCS@AiSearch user 0( 5199): JobId = 1287, WorkId = 4e74c425-ee93-4a83-9501-428c9fd861e2, triggerUri = content://com.android.calendar/events
05-12 04:04:16.717 I/SCS@AiSearch user 0( 5199): JobId = 1285, WorkId = 17f621c1-a120-4d01-bae1-915a3f8bb2f4, triggerUri = content://com.android.calendar/syncTasks
05-12 04:04:16.717 I/SCS@AiSearch user 0( 5199): JobId = 1359, WorkId = dee78a53-6090-4545-baa3-05691d951ffa, triggerUri = content://media/external/file
05-12 04:04:16.717 I/SCS@AiSearch user 0( 5199): JobId = 1360, WorkId = d7292937-7245-42ee-871e-5e883b408344, triggerUri = content://secmedia/video/media
05-12 04:04:16.717 I/SCS@AiSearch user 0( 5199): (JobServiceLoggingWorker) [androidx.work-3] leaving from doWork():  
05-12 04:04:16.718 I/WM-WorkerWrapper( 5199): Worker result SUCCESS for Work [ id=060fadcc-c8f5-40a2-bb53-8aa347e78d57, tags={ com.samsung.android.scs.ai.search.scheduling.workers.JobServiceLoggingWorker, JobServiceLoggingWorker } ]
05-12 04:04:17.335 D/io_stats(  659): !@   8,0 r 3165461 101228900 w 2812692 73238840 d 737675 156779832 f 435194 342366 iot 3820508 0 th 0 0 0 pt 0 inp 0 0 903732.622
05-12 04:04:17.336 D/io_stats(  659): !@ Read_top(KB): system_server(1232) 412 rvice:AiPrivacy(4112) 28 android.vending(4883) 4
05-12 04:04:17.336 D/io_stats(  659): !@ Write_top(KB): kworker/u16:0(4653) 8 soft.appmanager(5384) 8 android.vending(4883) 4
05-12 04:04:17.540 I/wpa_supplicant(21252): Heartbeat 35633
05-12 04:04:17.725 I/Capacitor/Console( 5637): File:  - Line 349 - Msg: [object Object]
05-12 04:04:17.731 V/Capacitor/Plugin( 5637): To native (Capacitor plugin): callbackId: 29420241, pluginId: NativeNotification, methodName: getDeliveryHealth
05-12 04:04:17.732 V/Capacitor( 5637): callback: 29420241, pluginId: NativeNotification, methodName: getDeliveryHealth, methodData: {}
05-12 04:04:17.771 I/Capacitor/Console( 5637): File:  - Line 333 - Msg: {"notificationsEnabled":false,"postPermissionGranted":false,"batteryOptimizationsIgnored":true,"powerSaveMode":false,"backgroundRestricted":false,"fullScreenIntentAllowed":true,"exactAlarmAllowed":true,"channelsEnabled":true,"recordAudioGranted":false,"remoteListenChannelEnabled":true,"remoteListenChannelImportance":3,"remoteListenChannelBlocked":false,"ringerMode":"vibrate","dndMode":"all","dndAccess":false,"networkConnected":true,"networkValidated":true,"screenInteractive":false,"keyguardLocked":true,"screenWidthDp":384,"screenHeightDp":832,"smallestScreenWidthDp":384,"foldState":"not_foldable_or_unknown","locationServiceRunning":false,"sdkInt":36,"manufacturer":"samsung","model":"SM-A556S","ready":false}
05-12 04:04:17.773 W/Capacitor/Console( 5637): File: https://localhost/assets/index-BpJhnCdy.js - Line 65 - Msg: Capacitor plugin "BackgroundLocation" already registered. Cannot register plugins twice.
05-12 04:04:17.774 I/Capacitor/Console( 5637): File:  - Line 349 - Msg: [object Object]
05-12 04:04:17.779 V/Capacitor/Plugin( 5637): To native (Capacitor plugin): callbackId: 29420242, pluginId: BackgroundLocation, methodName: checkBackgroundLocationPermission
05-12 04:04:17.779 V/Capacitor( 5637): callback: 29420242, pluginId: BackgroundLocation, methodName: checkBackgroundLocationPermission, methodData: {}
05-12 04:04:17.794 I/Capacitor/Console( 5637): File:  - Line 333 - Msg: {"fineLocation":false,"backgroundLocation":false}
05-12 04:04:19.721 I/Capacitor/Console( 5637): File:  - Line 349 - Msg: [object Object]
05-12 04:04:19.726 V/Capacitor/Plugin( 5637): To native (Capacitor plugin): callbackId: 29420243, pluginId: NativeNotification, methodName: getDeliveryHealth
05-12 04:04:19.727 V/Capacitor( 5637): callback: 29420243, pluginId: NativeNotification, methodName: getDeliveryHealth, methodData: {}
05-12 04:04:19.762 I/Capacitor/Console( 5637): File:  - Line 333 - Msg: {"notificationsEnabled":false,"postPermissionGranted":false,"batteryOptimizationsIgnored":true,"powerSaveMode":false,"backgroundRestricted":false,"fullScreenIntentAllowed":true,"exactAlarmAllowed":true,"channelsEnabled":true,"recordAudioGranted":false,"remoteListenChannelEnabled":true,"remoteListenChannelImportance":3,"remoteListenChannelBlocked":false,"ringerMode":"vibrate","dndMode":"all","dndAccess":false,"networkConnected":true,"networkValidated":true,"screenInteractive":false,"keyguardLocked":true,"screenWidthDp":384,"screenHeightDp":832,"smallestScreenWidthDp":384,"foldState":"not_foldable_or_unknown","locationServiceRunning":false,"sdkInt":36,"manufacturer":"samsung","model":"SM-A556S","ready":false}
05-12 04:04:19.763 W/Capacitor/Console( 5637): File: https://localhost/assets/index-BpJhnCdy.js - Line 65 - Msg: Capacitor plugin "BackgroundLocation" already registered. Cannot register plugins twice.
05-12 04:04:19.764 I/Capacitor/Console( 5637): File:  - Line 349 - Msg: [object Object]
05-12 04:04:19.768 V/Capacitor/Plugin( 5637): To native (Capacitor plugin): callbackId: 29420244, pluginId: BackgroundLocation, methodName: checkBackgroundLocationPermission
05-12 04:04:19.768 V/Capacitor( 5637): callback: 29420244, pluginId: BackgroundLocation, methodName: checkBackgroundLocationPermission, methodData: {}
05-12 04:04:19.776 I/Capacitor/Console( 5637): File:  - Line 333 - Msg: {"fineLocation":false,"backgroundLocation":false}
05-12 04:04:19.790 E/Watchdog( 1232): !@Sync: 30100 heap(MB): 126 / 150 native(MB): 94 FD: 1140 WaitTime: 0 ms GCcnt: 0 FullGC: 0 [2026-05-12 04:04:19.627]
05-12 04:04:19.791 W/system_server( 1232): Long monitor contention with owner watchdog (1319) at void java.lang.Object.wait(long, int)(Object.java:-2) waiters=0 in void com.android.server.Watchdog$HandlerChecker.run() for 183ms
05-12 04:04:20.149 I/SurfaceFlinger( 1004): SFWD update time=903735435987846
05-12 04:04:20.285 D/MARsPolicyManager( 1232): triggerAction called!
05-12 04:04:20.286 I/NSLocationMonitor( 1232): getGPSUsingApps() called
05-12 04:04:20.289 I/NSLocationManager_FLP( 2612): getGPSUsingApps, No change
05-12 04:04:20.412 I/BluetoothHciVendorSpecificJni(21246): android/app/jni/com_android_bluetooth_BluetoothHciVendorSpecific.cpp:84 onEvent: 
05-12 04:04:20.412 I/BluetoothHciVendorSpecificJni(21246): android/app/jni/com_android_bluetooth_BluetoothHciVendorSpecific.cpp:84 onEvent: 
05-12 04:04:21.723 I/Capacitor/Console( 5637): File:  - Line 349 - Msg: [object Object]
05-12 04:04:21.730 V/Capacitor/Plugin( 5637): To native (Capacitor plugin): callbackId: 29420245, pluginId: NativeNotification, methodName: getDeliveryHealth
05-12 04:04:21.730 V/Capacitor( 5637): callback: 29420245, pluginId: NativeNotification, methodName: getDeliveryHealth, methodData: {}
05-12 04:04:21.774 I/Capacitor/Console( 5637): File:  - Line 333 - Msg: {"notificationsEnabled":false,"postPermissionGranted":false,"batteryOptimizationsIgnored":true,"powerSaveMode":false,"backgroundRestricted":false,"fullScreenIntentAllowed":true,"exactAlarmAllowed":true,"channelsEnabled":true,"recordAudioGranted":false,"remoteListenChannelEnabled":true,"remoteListenChannelImportance":3,"remoteListenChannelBlocked":false,"ringerMode":"vibrate","dndMode":"all","dndAccess":false,"networkConnected":true,"networkValidated":true,"screenInteractive":false,"keyguardLocked":true,"screenWidthDp":384,"screenHeightDp":832,"smallestScreenWidthDp":384,"foldState":"not_foldable_or_unknown","locationServiceRunning":false,"sdkInt":36,"manufacturer":"samsung","model":"SM-A556S","ready":false}
05-12 04:04:21.776 W/Capacitor/Console( 5637): File: https://localhost/assets/index-BpJhnCdy.js - Line 65 - Msg: Capacitor plugin "BackgroundLocation" already registered. Cannot register plugins twice.
05-12 04:04:21.778 I/Capacitor/Console( 5637): File:  - Line 349 - Msg: [object Object]
05-12 04:04:21.784 V/Capacitor/Plugin( 5637): To native (Capacitor plugin): callbackId: 29420246, pluginId: BackgroundLocation, methodName: checkBackgroundLocationPermission
05-12 04:04:21.784 V/Capacitor( 5637): callback: 29420246, pluginId: BackgroundLocation, methodName: checkBackgroundLocationPermission, methodData: {}
05-12 04:04:21.800 I/Capacitor/Console( 5637): File:  - Line 333 - Msg: {"fineLocation":false,"backgroundLocation":false}
05-12 04:04:22.412 W/dmwj    (30019): (REDACTED) Error reading proc %s
05-12 04:04:22.412 W/dmwj    (30019): java.io.FileNotFoundException: /proc/30019/dmabuf_rss: open failed: ENOENT (No such file or directory)
05-12 04:04:22.412 W/dmwj    (30019): 	at libcore.io.IoBridge.open(IoBridge.java:574)
05-12 04:04:22.412 W/dmwj    (30019): 	at java.io.FileInputStream.<init>(FileInputStream.java:179)
05-12 04:04:22.412 W/dmwj    (30019): 	at fdoj.a(PG:10)
05-12 04:04:22.412 W/dmwj    (30019): 	at dngs.f(PG:43)
05-12 04:04:22.412 W/dmwj    (30019): 	at dngs.b(PG:200)
05-12 04:04:22.412 W/dmwj    (30019): 	at dngj.apply(PG:19)
05-12 04:04:22.412 W/dmwj    (30019): 	at fetl.c(PG:3)
05-12 04:04:22.412 W/dmwj    (30019): 	at fetn.run(PG:47)
05-12 04:04:22.412 W/dmwj    (30019): 	at java.util.concurrent.Executors$RunnableAdapter.call(Executors.java:524)
05-12 04:04:22.412 W/dmwj    (30019): 	at java.util.concurrent.FutureTask.run(FutureTask.java:317)
05-12 04:04:22.412 W/dmwj    (30019): 	at java.util.concurrent.ScheduledThreadPoolExecutor$ScheduledFutureTask.run(ScheduledThreadPoolExecutor.java:348)
05-12 04:04:22.412 W/dmwj    (30019): 	at java.util.concurrent.ThreadPoolExecutor.runWorker(ThreadPoolExecutor.java:1156)
05-12 04:04:22.412 W/dmwj    (30019): 	at java.util.concurrent.ThreadPoolExecutor$Worker.run(ThreadPoolExecutor.java:651)
05-12 04:04:22.412 W/dmwj    (30019): 	at dmwg.run(PG:12)
05-12 04:04:22.412 W/dmwj    (30019): 	at java.lang.Thread.run(Thread.java:1119)
05-12 04:04:22.412 W/dmwj    (30019): Caused by: android.system.ErrnoException: open failed: ENOENT (No such file or directory)
05-12 04:04:22.412 W/dmwj    (30019): 	at libcore.io.Linux.open(Native Method)
05-12 04:04:22.412 W/dmwj    (30019): 	at libcore.io.ForwardingOs.open(ForwardingOs.java:568)
05-12 04:04:22.412 W/dmwj    (30019): 	at libcore.io.BlockGuardOs.open(BlockGuardOs.java:274)
05-12 04:04:22.412 W/dmwj    (30019): 	at libcore.io.ForwardingOs.open(ForwardingOs.java:568)
05-12 04:04:22.412 W/dmwj    (30019): 	at android.app.ActivityThread$AndroidOs.open(ActivityThread.java:9904)
05-12 04:04:22.412 W/dmwj    (30019): 	at libcore.io.IoBridge.open(IoBridge.java:560)
05-12 04:04:22.412 W/dmwj    (30019): 	... 14 more
05-12 04:04:22.414 W/dmwj    (30019): (REDACTED) Error reading proc %s
05-12 04:04:22.414 W/dmwj    (30019): java.io.FileNotFoundException: /proc/30019/dmabuf_rss_hwm: open failed: ENOENT (No such file or directory)
05-12 04:04:22.414 W/dmwj    (30019): 	at libcore.io.IoBridge.open(IoBridge.java:574)
05-12 04:04:22.414 W/dmwj    (30019): 	at java.io.FileInputStream.<init>(FileInputStream.java:179)
05-12 04:04:22.414 W/dmwj    (30019): 	at fdoj.a(PG:10)
05-12 04:04:22.414 W/dmwj    (30019): 	at dngs.f(PG:43)
05-12 04:04:22.414 W/dmwj    (30019): 	at dngs.b(PG:214)
05-12 04:04:22.414 W/dmwj    (30019): 	at dngj.apply(PG:19)
05-12 04:04:22.414 W/dmwj    (30019): 	at fetl.c(PG:3)
05-12 04:04:22.414 W/dmwj    (30019): 	at fetn.run(PG:47)
05-12 04:04:22.414 W/dmwj    (30019): 	at java.util.concurrent.Executors$RunnableAdapter.call(Executors.java:524)
05-12 04:04:22.414 W/dmwj    (30019): 	at java.util.concurrent.FutureTask.run(FutureTask.java:317)
05-12 04:04:22.414 W/dmwj    (30019): 	at java.util.concurrent.ScheduledThreadPoolExecutor$ScheduledFutureTask.run(ScheduledThreadPoolExecutor.java:348)
05-12 04:04:22.414 W/dmwj    (30019): 	at java.util.concurrent.ThreadPoolExecutor.runWorker(ThreadPoolExecutor.java:1156)
05-12 04:04:22.414 W/dmwj    (30019): 	at java.util.concurrent.ThreadPoolExecutor$Worker.run(ThreadPoolExecutor.java:651)
05-12 04:04:22.414 W/dmwj    (30019): 	at dmwg.run(PG:12)
05-12 04:04:22.414 W/dmwj    (30019): 	at java.lang.Thread.run(Thread.java:1119)
05-12 04:04:22.414 W/dmwj    (30019): Caused by: android.system.ErrnoException: open failed: ENOENT (No such file or directory)
05-12 04:04:22.414 W/dmwj    (30019): 	at libcore.io.Linux.open(Native Method)
05-12 04:04:22.414 W/dmwj    (30019): 	at libcore.io.ForwardingOs.open(ForwardingOs.java:568)
05-12 04:04:22.414 W/dmwj    (30019): 	at libcore.io.BlockGuardOs.open(BlockGuardOs.java:274)
05-12 04:04:22.414 W/dmwj    (30019): 	at libcore.io.ForwardingOs.open(ForwardingOs.java:568)
05-12 04:04:22.414 W/dmwj    (30019): 	at android.app.ActivityThread$AndroidOs.open(ActivityThread.java:9904)
05-12 04:04:22.414 W/dmwj    (30019): 	at libcore.io.IoBridge.open(IoBridge.java:560)
05-12 04:04:22.414 W/dmwj    (30019): 	... 14 more
05-12 04:04:22.416 W/dmwj    (30019): (REDACTED) Error reading proc %s
05-12 04:04:22.416 W/dmwj    (30019): java.io.FileNotFoundException: /proc/30019/dmabuf_pss: open failed: ENOENT (No such file or directory)
05-12 04:04:22.416 W/dmwj    (30019): 	at libcore.io.IoBridge.open(IoBridge.java:574)
05-12 04:04:22.416 W/dmwj    (30019): 	at java.io.FileInputStream.<init>(FileInputStream.java:179)
05-12 04:04:22.416 W/dmwj    (30019): 	at fdoj.a(PG:10)
05-12 04:04:22.416 W/dmwj    (30019): 	at dngs.f(PG:43)
05-12 04:04:22.416 W/dmwj    (30019): 	at dngs.b(PG:228)
05-12 04:04:22.416 W/dmwj    (30019): 	at dngj.apply(PG:19)
05-12 04:04:22.416 W/dmwj    (30019): 	at fetl.c(PG:3)
05-12 04:04:22.416 W/dmwj    (30019): 	at fetn.run(PG:47)
05-12 04:04:22.416 W/dmwj    (30019): 	at java.util.concurrent.Executors$RunnableAdapter.call(Executors.java:524)
05-12 04:04:22.416 W/dmwj    (30019): 	at java.util.concurrent.FutureTask.run(FutureTask.java:317)
05-12 04:04:22.416 W/dmwj    (30019): 	at java.util.concurrent.ScheduledThreadPoolExecutor$ScheduledFutureTask.run(ScheduledThreadPoolExecutor.java:348)
05-12 04:04:22.416 W/dmwj    (30019): 	at java.util.concurrent.ThreadPoolExecutor.runWorker(ThreadPoolExecutor.java:1156)
05-12 04:04:22.416 W/dmwj    (30019): 	at java.util.concurrent.ThreadPoolExecutor$Worker.run(ThreadPoolExecutor.java:651)
05-12 04:04:22.416 W/dmwj    (30019): 	at dmwg.run(PG:12)
05-12 04:04:22.416 W/dmwj    (30019): 	at java.lang.Thread.run(Thread.java:1119)
05-12 04:04:22.416 W/dmwj    (30019): Caused by: android.system.ErrnoException: open failed: ENOENT (No such file or directory)
05-12 04:04:22.416 W/dmwj    (30019): 	at libcore.io.Linux.open(Native Method)
05-12 04:04:22.416 W/dmwj    (30019): 	at libcore.io.ForwardingOs.open(ForwardingOs.java:568)
05-12 04:04:22.416 W/dmwj    (30019): 	at libcore.io.BlockGuardOs.open(BlockGuardOs.java:274)
05-12 04:04:22.416 W/dmwj    (30019): 	at libcore.io.ForwardingOs.open(ForwardingOs.java:568)
05-12 04:04:22.416 W/dmwj    (30019): 	at android.app.ActivityThread$AndroidOs.open(ActivityThread.java:9904)
05-12 04:04:22.416 W/dmwj    (30019): 	at libcore.io.IoBridge.open(IoBridge.java:560)
05-12 04:04:22.416 W/dmwj    (30019): 	... 14 more
05-12 04:04:22.449 V/ClearcutMetricXmitter(30019): Transmission is done.
05-12 04:04:22.542 I/PlayCommon( 4931): [106] Preparing logs for uploading
05-12 04:04:22.574 I/PlayCommon( 4931): [106] Connecting to server for timestamp: https://play.googleapis.com/play/log/timestamp
05-12 04:04:22.600 D/NetdEventListenerService( 1232): DNS Requested by 124, 10254(com.android.vending), SUCCESS, 6ms
05-12 04:04:22.604 D/ConnectivityService( 1232): reportNetworkActive, notify 1 listeners
05-12 04:04:23.214 W/PlayCommon( 4931): [106] No account for auth token provided
05-12 04:04:23.215 I/PlayCommon( 4931): [106] Connecting to server: https://play.googleapis.com/play/log?format=raw&proto_v2=true
05-12 04:04:23.347 D/io_stats(  659): !@   8,0 r 3165461 101228900 w 2812701 73238896 d 737675 156779832 f 435194 342366 iot 3820512 0 th 0 0 0 pt 0 inp 0 0 903738.634
05-12 04:04:23.351 I/PlayCommon( 4931): [106] Successfully uploaded logs.
05-12 04:04:23.682 D/UsbStatsMonitor( 1232): 0 0 0 0 0 0 0 0 0 0 0 0 3 0 0 0 0 0 0 0 0 0 0 0 0 0 0 0 0 0 0 0 0 0 0 0 0 0 0 0 0 0 0 0 0 0 0 0 0 0 0 0 0 0 0 0 0
05-12 04:04:23.724 I/Capacitor/Console( 5637): File:  - Line 349 - Msg: [object Object]
05-12 04:04:23.731 V/Capacitor/Plugin( 5637): To native (Capacitor plugin): callbackId: 29420247, pluginId: NativeNotification, methodName: getDeliveryHealth
05-12 04:04:23.732 V/Capacitor( 5637): callback: 29420247, pluginId: NativeNotification, methodName: getDeliveryHealth, methodData: {}
05-12 04:04:23.764 I/Capacitor/Console( 5637): File:  - Line 333 - Msg: {"notificationsEnabled":false,"postPermissionGranted":false,"batteryOptimizationsIgnored":true,"powerSaveMode":false,"backgroundRestricted":false,"fullScreenIntentAllowed":true,"exactAlarmAllowed":true,"channelsEnabled":true,"recordAudioGranted":false,"remoteListenChannelEnabled":true,"remoteListenChannelImportance":3,"remoteListenChannelBlocked":false,"ringerMode":"vibrate","dndMode":"all","dndAccess":false,"networkConnected":true,"networkValidated":true,"screenInteractive":false,"keyguardLocked":true,"screenWidthDp":384,"screenHeightDp":832,"smallestScreenWidthDp":384,"foldState":"not_foldable_or_unknown","locationServiceRunning":false,"sdkInt":36,"manufacturer":"samsung","model":"SM-A556S","ready":false}
05-12 04:04:23.766 W/Capacitor/Console( 5637): File: https://localhost/assets/index-BpJhnCdy.js - Line 65 - Msg: Capacitor plugin "BackgroundLocation" already registered. Cannot register plugins twice.
05-12 04:04:23.767 I/Capacitor/Console( 5637): File:  - Line 349 - Msg: [object Object]
05-12 04:04:23.772 V/Capacitor/Plugin( 5637): To native (Capacitor plugin): callbackId: 29420248, pluginId: BackgroundLocation, methodName: checkBackgroundLocationPermission
05-12 04:04:23.772 V/Capacitor( 5637): callback: 29420248, pluginId: BackgroundLocation, methodName: checkBackgroundLocationPermission, methodData: {}
05-12 04:04:23.786 I/Capacitor/Console( 5637): File:  - Line 333 - Msg: {"fineLocation":false,"backgroundLocation":false}
05-12 04:04:24.083 W/DeviceStorageMonitorService( 1232): updateBroadcasts(/data) oldLevel:0, newLevel:0, seq:1
05-12 04:04:24.087 D/DeviceStorageMonitorService( 1232): Available File Node Number is [13251727]
05-12 04:04:24.087 W/DeviceStorageMonitorService( 1232): updateBroadcasts_filenode(/data) fn_oldLevel:0, fn_newLevel:0, seq:1
05-12 04:04:24.323 I/SDHMS:x ( 3129): SIOP:: AP:250 BAT:245 USB:244 CHG:254 PA:248 WIFI:253 CF:249 BLK:0 SUBBAT:0 SKIN:269 SKINF:267 SKINB:269 LRP2:269 LRF2:267 LRB2:269 AP2:269 CHG2:267 MEM2:269 WIFI2:268 RCV2:268 SPK2:261 UPSPK:250 DNSPK:245 VAP:250 AVGCUR:-2 AVGSYS:0 POWER:-8
05-12 04:04:24.563 I/SemWifiServiceDetector( 1232): Service det. resumed: T / T / 14387
05-12 04:04:25.311 D/MARsPolicyManager( 1232): triggerAction called!
05-12 04:04:25.311 I/NSLocationMonitor( 1232): getGPSUsingApps() called
05-12 04:04:25.312 I/NSLocationManager_FLP( 2612): getGPSUsingApps, No change
05-12 04:04:25.350 D/io_stats(  659): !@   8,0 r 3165461 101228900 w 2812705 73238908 d 737675 156779832 f 435195 342367 iot 3820516 0 th 0 0 0 pt 0 inp 0 0 903740.636
05-12 04:04:25.350 D/io_stats(  659): !@ Write_top(KB): kworker/u16:0(4653) 56 soft.appmanager(5384) 8
05-12 04:04:25.571 D/BatteryExternalStatsWorker( 1232): update stats : procstate-change (10)
05-12 04:04:25.571 D/BatteryExternalStatsWorker( 1232): Fetch WiFi data
05-12 04:04:25.572 D/BatteryExternalStatsWorker( 1232): Update Rail Energy data
05-12 04:04:25.602 D/BatteryExternalStatsWorker( 1232): mStats lock released
05-12 04:04:25.623 D/BatteryExternalStatsWorker( 1232): Update wifi state
05-12 04:04:25.623 D/BatteryExternalStatsWorker( 1232): done updateExternalStatsLocked
