05-12 04:03:39.380 D/WM-GreedyScheduler( 3035): Ignoring {WorkSpec: 28fc4292-ea5d-4021-b206-805d7be93396}. Requires device idle.
05-12 04:03:39.387 W/SefInterface$Companion( 4830): This file doesn't have SEF
05-12 04:03:39.396 I/MediaSyncer( 4830): loaded: 33ms, Success(maxMediaId=52, maxGenAdded=464, maxGenModified=466, count=1)
05-12 04:03:39.397 I/BaseThreadPoolExecutor( 4311): [#CMH#] Task com.samsung.cmh.core.task.MediaContentSyncTask@f259ac4 is submitted
05-12 04:03:39.398 D/SyncManager( 1232): userId - 0 auto - true
05-12 04:03:39.401 I/ActivityManager( 1232): Changes in 10065 10 to 8, 0 to 128
05-12 04:03:39.414 I/MediaContentSyncTask( 4311): [#CMH#] No of Row (SEC MP :  14, Max Id : 2147483664) (CMH : 13, Max Id : 2147483663) - Time :1
05-12 04:03:39.417 D/SyncManager( 1232): userId - 0 auto - true
05-12 04:03:39.429 I/MediaContentSyncTask( 4311): [#CMH#] Rebuilding contents count 1
05-12 04:03:39.431 I/ImageFeatures( 4311): [#CMH#] Not support file type 
05-12 04:03:39.443 I/MediaContentSyncTask( 4311): [#CMH#] Insert ITEM :  1
05-12 04:03:39.443 I/BaseThreadPoolExecutor( 4311): [#CMH#] afterExecute FutureTask
05-12 04:03:39.444 I/ControllerEventHandler( 4311): [#CMH#] New Task for wait content sync job 
05-12 04:03:39.444 I/BaseThreadPoolExecutor( 4311): [#CMH#] Task com.samsung.cmh.core.task.MediaContentSyncTask@f259ac4 is submitted
05-12 04:03:39.453 I/MediaContentSyncTask( 4311): [#CMH#] No of Row (SEC MP :  14, Max Id : 2147483664) (CMH : 14, Max Id : 2147483664) - Time :2
05-12 04:03:39.461 I/MediaContentSyncTask( 4311): [#CMH#] MP time stamp :  1778526219388, CMH time stamp : 1778481091395
05-12 04:03:39.468 I/MediaContentSyncTask( 4311): [#CMH#] Update ITEM  :  1
05-12 04:03:39.475 I/MediaContentSyncTask( 4311): [#CMH#] Update Cursor Count (1=>1), Time: 7 
05-12 04:03:39.478 I/MediaContentSyncTask( 4311): [#CMH#] Update ITEM :  1
05-12 04:03:39.479 I/BaseThreadPoolExecutor( 4311): [#CMH#] afterExecute FutureTask
05-12 04:03:39.479 I/ControllerEventHandler( 4311): [#CMH#] Alive Privacy Ignored Policy Called:  false
05-12 04:03:39.592 D/AndroidRuntime( 6004): >>>>>> START com.android.internal.os.RuntimeInit uid 2000 <<<<<<
05-12 04:03:39.598 I/AndroidRuntime( 6004): Using default boot image
05-12 04:03:39.598 I/AndroidRuntime( 6004): Leaving lock profiling enabled
05-12 04:03:39.600 I/app_process( 6004): Using CollectorTypeCMC GC.
05-12 04:03:39.679 D/nativeloader( 6004): InitDefaultPublicLibraries for_preload=1: libandroid.so:libaaudio.so:libamidi.so:libbinder_ndk.so:libc.so:libcamera2ndk.so:libdl.so:libEGL.so:libGLESv1_CM.so:libGLESv2.so:libGLESv3.so:libicu.so:libicui18n.so:libicuuc.so:libjnigraphics.so:liblog.so:libmediandk.so:libm.so:libnativehelper.so:libnativewindow.so:libOpenMAXAL.so:libOpenSLES.so:libRS.so:libstdc++.so:libsync.so:libvulkan.so:libwebviewchromium_plat_support.so:libz.so
05-12 04:03:39.693 D/nativeloader( 6004): Load libicu_jni.so using APEX ns com_android_art for caller /apex/com.android.art/javalib/core-oj.jar: ok
05-12 04:03:39.693 D/app_process( 6004): u_setTimeZoneFilesDirectory("/apex/com.android.tzdata/etc/tz/versioned/9/icu") succeeded. 
05-12 04:03:39.693 D/app_process( 6004): I18n APEX ICU file found: /apex/com.android.i18n/etc/icu/icudt76l.dat
05-12 04:03:39.694 D/nativeloader( 6004): Load libjavacore.so using APEX ns com_android_art for caller /apex/com.android.art/javalib/core-oj.jar: ok
05-12 04:03:39.695 D/nativeloader( 6004): Load libopenjdk.so using APEX ns com_android_art for caller /apex/com.android.art/javalib/core-oj.jar: ok
05-12 04:03:39.699 W/app_process( 6004): ClassLoaderContext shared library size mismatch. Expected=2, found=0 (PCL[]{PCL[/system/framework/android.test.base.jar*2890637452]#PCL[/system/framework/android.test.mock.jar*2961880753]} | PCL[])
05-12 04:03:39.702 W/app_process( 6004): ClassLoaderContext classpath size mismatch. expected=0, found=1 (PCL[]{PCL[/system/framework/android.test.runner.jar*1555405057]#PCL[/system/framework/android.test.base.jar*2890637452]#PCL[/system/framework/android.test.mock.jar*2961880753]} | PCL[/system/framework/android.test.runner.jar*1555405057])
05-12 04:03:39.715 I/Capacitor/Console( 5637): File:  - Line 349 - Msg: [object Object]
05-12 04:03:39.716 V/Capacitor/Plugin( 5637): To native (Capacitor plugin): callbackId: 29420203, pluginId: NativeNotification, methodName: getDeliveryHealth
05-12 04:03:39.716 V/Capacitor( 5637): callback: 29420203, pluginId: NativeNotification, methodName: getDeliveryHealth, methodData: {}
05-12 04:03:39.718 E/SemDvfsManager_JNI( 6004): SemDvfsManager: registerfunction enter
05-12 04:03:39.718 E/SemAffinityControl( 6004): SemAffinityControl: registerfunction enter
05-12 04:03:39.727 I/Capacitor/Console( 5637): File:  - Line 333 - Msg: {"notificationsEnabled":false,"postPermissionGranted":false,"batteryOptimizationsIgnored":true,"powerSaveMode":false,"backgroundRestricted":false,"fullScreenIntentAllowed":true,"exactAlarmAllowed":true,"channelsEnabled":true,"recordAudioGranted":false,"remoteListenChannelEnabled":true,"remoteListenChannelImportance":3,"remoteListenChannelBlocked":false,"ringerMode":"vibrate","dndMode":"all","dndAccess":false,"networkConnected":true,"networkValidated":true,"screenInteractive":false,"keyguardLocked":true,"screenWidthDp":384,"screenHeightDp":832,"smallestScreenWidthDp":384,"foldState":"not_foldable_or_unknown","locationServiceRunning":false,"sdkInt":36,"manufacturer":"samsung","model":"SM-A556S","ready":false}
05-12 04:03:39.727 W/Capacitor/Console( 5637): File: https://localhost/assets/index-BpJhnCdy.js - Line 65 - Msg: Capacitor plugin "BackgroundLocation" already registered. Cannot register plugins twice.
05-12 04:03:39.728 I/Capacitor/Console( 5637): File:  - Line 349 - Msg: [object Object]
05-12 04:03:39.729 D/nativeloader( 6004): Load libframework-connectivity-tiramisu-jni.so using APEX ns com_android_tethering for caller /apex/com.android.tethering/javalib/framework-connectivity-t.jar: ok
05-12 04:03:39.729 D/AndroidRuntime( 6004): Calling main entry com.android.commands.uiautomator.Launcher
05-12 04:03:39.729 V/Capacitor/Plugin( 5637): To native (Capacitor plugin): callbackId: 29420204, pluginId: BackgroundLocation, methodName: checkBackgroundLocationPermission
05-12 04:03:39.729 V/Capacitor( 5637): callback: 29420204, pluginId: BackgroundLocation, methodName: checkBackgroundLocationPermission, methodData: {}
05-12 04:03:39.732 I/AconfigPackage( 6004): com.android.nfc.flags is mapped to system
05-12 04:03:39.732 I/AconfigPackage( 6004): android.app.admin.flags is mapped to system
05-12 04:03:39.732 I/AconfigPackage( 6004): android.database.sqlite is mapped to system
05-12 04:03:39.732 I/AconfigPackage( 6004): com.android.server.power.feature.flags is mapped to system
05-12 04:03:39.732 I/AconfigPackage( 6004): com.android.media.performance.flags is mapped to system
05-12 04:03:39.732 I/AconfigPackage( 6004): android.app.contextualsearch.flags is mapped to system
05-12 04:03:39.732 I/AconfigPackage( 6004): android.app.ondeviceintelligence.flags is mapped to system
05-12 04:03:39.732 I/AconfigPackage( 6004): com.android.media.projection.flags is mapped to system
05-12 04:03:39.732 I/AconfigPackage( 6004): android.companion is mapped to system
05-12 04:03:39.732 I/AconfigPackage( 6004): android.service.controls.flags is mapped to system
05-12 04:03:39.732 I/AconfigPackage( 6004): com.android.text.flags is mapped to system
05-12 04:03:39.732 I/AconfigPackage( 6004): com.android.providers.contactkeys.flags is mapped to system
05-12 04:03:39.732 I/AconfigPackage( 6004): com.android.intentresolver is mapped to system
05-12 04:03:39.732 I/AconfigPackage( 6004): android.companion.virtualdevice.flags is mapped to system
05-12 04:03:39.732 I/AconfigPackage( 6004): android.uprobestats.flags is mapped to system
05-12 04:03:39.732 I/AconfigPackage( 6004): com.android.net.thread.platform.flags is mapped to system
05-12 04:03:39.732 I/AconfigPackage( 6004): android.view.contentprotection.flags is mapped to system
05-12 04:03:39.732 I/AconfigPackage( 6004): com.android.server.dreams is mapped to system
05-12 04:03:39.732 I/AconfigPackage( 6004): com.android.graphics.surfaceflinger.flags is mapped to system
05-12 04:03:39.732 I/AconfigPackage( 6004): com.android.hardware.input is mapped to system
05-12 04:03:39.732 I/AconfigPackage( 6004): android.sdk is mapped to system
05-12 04:03:39.732 I/AconfigPackage( 6004): com.android.input.flags is mapped to system
05-12 04:03:39.732 I/AconfigPackage( 6004): android.tracing is mapped to system
05-12 04:03:39.732 I/AconfigPackage( 6004): com.android.server.biometrics is mapped to system
05-12 04:03:39.732 I/AconfigPackage( 6004): android.view.contentcapture.flags is mapped to system
05-12 04:03:39.732 I/AconfigPackage( 6004): android.app.job is mapped to system
05-12 04:03:39.732 I/AconfigPackage( 6004): android.content.res is mapped to system
05-12 04:03:39.732 I/AconfigPackage( 6004): android.net.platform.flags is mapped to system
05-12 04:03:39.732 I/AconfigPackage( 6004): com.android.aconfig.flags is mapped to system
05-12 04:03:39.732 I/AconfigPackage( 6004): com.android.graphics.flags is mapped to system
05-12 04:03:39.732 I/AconfigPackage( 6004): android.server.app is mapped to system
05-12 04:03:39.732 I/AconfigPackage( 6004): android.speech.flags is mapped to system
05-12 04:03:39.732 I/AconfigPackage( 6004): com.android.server.stats is mapped to system
05-12 04:03:39.732 I/AconfigPackage( 6004): android.hardware.biometrics is mapped to system
05-12 04:03:39.732 I/AconfigPackage( 6004): android.car.feature is mapped to system
05-12 04:03:39.732 I/AconfigPackage( 6004): android.adpf is mapped to system
05-12 04:03:39.732 I/AconfigPackage( 6004): android.location.flags is mapped to system
05-12 04:03:39.732 I/AconfigPackage( 6004): com.android.settingslib.flags is mapped to system
05-12 04:03:39.732 I/AconfigPackage( 6004): com.android.managedprovisioning.flags is mapped to system
05-12 04:03:39.732 I/AconfigPackage( 6004): android.app.assist.flags is mapped to system
05-12 04:03:39.732 I/AconfigPackage( 6004): com.android.server.net is mapped to system
05-12 04:03:39.732 I/AconfigPackage( 6004): com.android.settingslib.widget.flags is mapped to system
05-12 04:03:39.732 I/AconfigPackage( 6004): com.android.internal.camera.flags is mapped to system
05-12 04:03:39.732 I/AconfigPackage( 6004): com.android.hardware.libsensor.flags is mapped to system
05-12 04:03:39.732 I/AconfigPackage( 6004): com.android.internal.jank is mapped to system
05-12 04:03:39.732 I/AconfigPackage( 6004): com.android.providers.settings is mapped to system
05-12 04:03:39.732 I/AconfigPackage( 6004): android.multiuser is mapped to system
05-12 04:03:39.732 I/AconfigPackage( 6004): com.android.server.power.optimization is mapped to system
05-12 04:03:39.732 I/AconfigPackage( 6004): com.android.calllogbackup is mapped to system
05-12 04:03:39.732 I/AconfigPackage( 6004): com.android.media.flags is mapped to system
05-12 04:03:39.732 I/AconfigPackage( 6004): com.android.server.flags is mapped to system
05-12 04:03:39.732 I/AconfigPackage( 6004): com.android.graphics.libvulkan.flags is mapped to system
05-12 04:03:39.732 I/AconfigPackage( 6004): android.app.appfunctions.flags is mapped to system
05-12 04:03:39.732 I/AconfigPackage( 6004): android.app.smartspace.flags is mapped to system
05-12 04:03:39.732 I/AconfigPackage( 6004): com.android.shell.flags is mapped to system
05-12 04:03:39.732 I/AconfigPackage( 6004): com.android.media.aaudio is mapped to system
05-12 04:03:39.732 I/AconfigPackage( 6004): android.hardware.radio is mapped to system
05-12 04:03:39.732 I/AconfigPackage( 6004): suspend_service.flags is mapped to system
05-12 04:03:39.733 I/AconfigPackage( 6004): android.media.midi is mapped to system
05-12 04:03:39.733 I/AconfigPackage( 6004): com.android.libcore.readonly is mapped to system
05-12 04:03:39.733 I/AconfigPackage( 6004): com.android.settingslib.widget.selectorwithwidgetpreference.flags is mapped to system
05-12 04:03:39.733 I/AconfigPackage( 6004): android.service.notification is mapped to system
05-12 04:03:39.733 I/AconfigPackage( 6004): com.android.systemui.shared is mapped to system
05-12 04:03:39.733 I/AconfigPackage( 6004): android.app.jank is mapped to system
05-12 04:03:39.733 I/AconfigPackage( 6004): android.app.wearable is mapped to system
05-12 04:03:39.733 I/AconfigPackage( 6004): com.android.media.audio is mapped to system
05-12 04:03:39.733 I/AconfigPackage( 6004): android.service.chooser is mapped to system
05-12 04:03:39.733 I/AconfigPackage( 6004): com.android.server.compat is mapped to system
05-12 04:03:39.733 I/AconfigPackage( 6004): com.android.server.alarm is mapped to system
05-12 04:03:39.733 I/AconfigPackage( 6004): com.android.apex.flags is mapped to system
05-12 04:03:39.733 I/AconfigPackage( 6004): android.service.quickaccesswallet is mapped to system
05-12 04:03:39.733 I/AconfigPackage( 6004): android.app.usage is mapped to system
05-12 04:03:39.733 I/AconfigPackage( 6004): com.android.server.accessibility is mapped to system
05-12 04:03:39.733 I/AconfigPackage( 6004): android.app.supervision.flags is mapped to system
05-12 04:03:39.733 I/AconfigPackage( 6004): com.android.server.utils is mapped to system
05-12 04:03:39.733 I/AconfigPackage( 6004): android.chre.flags is mapped to system
05-12 04:03:39.733 I/AconfigPackage( 6004): android.content.flags is mapped to system
05-12 04:03:39.733 I/AconfigPackage( 6004): android.media.codec is mapped to system
05-12 04:03:39.733 I/AconfigPackage( 6004): com.android.internal.os is mapped to system
05-12 04:03:39.733 I/AconfigPackage( 6004): com.android.nfc.nci.flags is mapped to system
05-12 04:03:39.733 I/AconfigPackage( 6004): android.app is mapped to system
05-12 04:03:39.733 I/AconfigPackage( 6004): android.security.keystore2 is mapped to system
05-12 04:03:39.733 I/AconfigPackage( 6004): com.android.tradeinmode.flags is mapped to system
05-12 04:03:39.733 I/AconfigPackage( 6004): android.hardware.flags is mapped to system
05-12 04:03:39.733 I/AconfigPackage( 6004): com.android.server.telecom.flags is mapped to system
05-12 04:03:39.733 I/AconfigPackage( 6004): com.android.settingslib.media.flags is mapped to system
05-12 04:03:39.733 I/AconfigPackage( 6004): com.android.server.policy is mapped to system
05-12 04:03:39.733 I/AconfigPackage( 6004): android.media.audiopolicy is mapped to system
05-12 04:03:39.733 I/AconfigPackage( 6004): com.android.egg.flags is mapped to system
05-12 04:03:39.733 I/AconfigPackage( 6004): com.android.internal.compat.flags is mapped to system
05-12 04:03:39.733 I/AconfigPackage( 6004): android.security is mapped to system
05-12 04:03:39.733 I/AconfigPackage( 6004): android.service.autofill is mapped to system
05-12 04:03:39.733 I/AconfigPackage( 6004): com.example.android.aconfig.demo.flags is mapped to system
05-12 04:03:39.733 I/AconfigPackage( 6004): android.view.flags is mapped to system
05-12 04:03:39.733 I/AconfigPackage( 6004): android.companion.virtual.flags is mapped to system
05-12 04:03:39.733 I/AconfigPackage( 6004): com.android.aconfig_new_storage is mapped to system
05-12 04:03:39.733 I/AconfigPackage( 6004): com.android.server.feature.flags is mapped to system
05-12 04:03:39.733 I/AconfigPackage( 6004): com.android.systemui is mapped to system
05-12 04:03:39.733 I/AconfigPackage( 6004): com.android.server.power.batterysaver is mapped to system
05-12 04:03:39.733 I/AconfigPackage( 6004): android.widget.flags is mapped to system
05-12 04:03:39.733 I/AconfigPackage( 6004): com.android.media.editing.flags is mapped to system
05-12 04:03:39.733 I/AconfigPackage( 6004): com.android.media.codec.flags is mapped to system
05-12 04:03:39.733 I/AconfigPackage( 6004): com.android.server.powerstats is mapped to system
05-12 04:03:39.733 I/AconfigPackage( 6004): com.android.graphics.egl.flags is mapped to system
05-12 04:03:39.733 I/AconfigPackage( 6004): com.android.media.audioserver is mapped to system
05-12 04:03:39.733 I/AconfigPackage( 6004): com.android.server.deviceidle is mapped to system
05-12 04:03:39.733 I/AconfigPackage( 6004): android.nfc is mapped to system
05-12 04:03:39.733 I/AconfigPackage( 6004): android.permission.flags is mapped to system
05-12 04:03:39.733 I/AconfigPackage( 6004): android.service.voice.flags is mapped to system
05-12 04:03:39.733 I/AconfigPackage( 6004): android.content.pm is mapped to system
05-12 04:03:39.733 I/AconfigPackage( 6004): com.android.server.power.hint is mapped to system
05-12 04:03:39.733 I/AconfigPackage( 6004): android.os is mapped to system
05-12 04:03:39.733 I/AconfigPackage( 6004): android.service.dreams is mapped to system
05-12 04:03:39.733 I/AconfigPackage( 6004): com.android.graphics.libgui.flags is mapped to system
05-12 04:03:39.733 I/AconfigPackage( 6004): android.hardware.usb.flags is mapped to system
05-12 04:03:39.733 I/AconfigPackage( 6004): android.provider is mapped to system
05-12 04:03:39.733 I/AconfigPackage( 6004): com.android.server.job is mapped to system
05-12 04:03:39.733 I/AconfigPackage( 6004): com.android.internal.foldables.flags is mapped to system
05-12 04:03:39.733 I/AconfigPackage( 6004): com.android.internal.telephony.flags is mapped to system
05-12 04:03:39.733 I/AconfigPackage( 6004): android.webkit is mapped to system
05-12 04:03:39.733 I/AconfigPackage( 6004): android.credentials.flags is mapped to system
05-12 04:03:39.733 I/AconfigPackage( 6004): com.android.server.display.feature.flags is mapped to system
05-12 04:03:39.733 I/AconfigPackage( 6004): com.android.server.notification is mapped to system
05-12 04:03:39.733 I/AconfigPackage( 6004): android.appwidget.flags is mapped to system
05-12 04:03:39.733 I/AconfigPackage( 6004): com.android.frameworks.sensorservice.flags is mapped to system
05-12 04:03:39.733 I/AconfigPackage( 6004): com.android.printspooler.flags is mapped to system
05-12 04:03:39.733 I/AconfigPackage( 6004): com.android.window.flags is mapped to system
05-12 04:03:39.733 I/AconfigPackage( 6004): android.adaptiveauth is mapped to system
05-12 04:03:39.733 I/AconfigPackage( 6004): android.net.wifi.flags is mapped to system
05-12 04:03:39.733 I/AconfigPackage( 6004): android.media.tv.flags is mapped to system
05-12 04:03:39.733 I/AconfigPackage( 6004): com.android.server.usb.flags is mapped to system
05-12 04:03:39.733 I/AconfigPackage( 6004): android.os.vibrator is mapped to system
05-12 04:03:39.733 I/AconfigPackage( 6004): android.hardware.devicestate.feature.flags is mapped to system
05-12 04:03:39.733 I/AconfigPackage( 6004): com.android.server.usage is mapped to system
05-12 04:03:39.733 I/AconfigPackage( 6004): android.server is mapped to system
05-12 04:03:39.733 I/AconfigPackage( 6004): com.android.wm.shell is mapped to system
05-12 04:03:39.733 I/AconfigPackage( 6004): android.view.inputmethod is mapped to system
05-12 04:03:39.733 I/AconfigPackage( 6004): com.android.graphics.hwui.flags is mapped to system
05-12 04:03:39.733 I/AconfigPackage( 6004): com.android.server.backup is mapped to system
05-12 04:03:39.733 I/AconfigPackage( 6004): com.android.internal.pm.pkg.component.flags is mapped to system
05-12 04:03:39.733 I/AconfigPackage( 6004): android.view.accessibility is mapped to system
05-12 04:03:39.733 I/AconfigPackage( 6004): android.media.audio is mapped to system
05-12 04:03:39.733 I/AconfigPackage( 6004): com.android.server.am is mapped to system
05-12 04:03:39.733 I/AconfigPackage( 6004): com.android.media.playback.flags is mapped to system
05-12 04:03:39.733 I/AconfigPackage( 6004): com.android.settings.flags is mapped to system_ext
05-12 04:03:39.733 I/AconfigPackage( 6004): com.android.launcher3 is mapped to system_ext
05-12 04:03:39.733 I/AconfigPackage( 6004): com.android.server.policy.feature.flags is mapped to system_ext
05-12 04:03:39.733 I/AconfigPackage( 6004): com.android.adservices.ondevicepersonalization.flags is mapped to com.android.ondevicepersonalization
05-12 04:03:39.734 I/AconfigPackage( 6004): com.android.ipsec.flags is mapped to com.android.ipsec
05-12 04:03:39.734 I/AconfigPackage( 6004): com.android.net.ct.flags is mapped to com.android.tethering
05-12 04:03:39.734 I/AconfigPackage( 6004): com.android.net.flags is mapped to com.android.tethering
05-12 04:03:39.734 I/AconfigPackage( 6004): android.net.vcn is mapped to com.android.tethering
05-12 04:03:39.734 I/AconfigPackage( 6004): com.android.nearby.flags is mapped to com.android.tethering
05-12 04:03:39.734 I/AconfigPackage( 6004): android.net.http is mapped to com.android.tethering
05-12 04:03:39.734 I/AconfigPackage( 6004): com.android.net.thread.flags is mapped to com.android.tethering
05-12 04:03:39.734 I/AconfigPackage( 6004): com.android.org.conscrypt.flags is mapped to com.android.conscrypt
05-12 04:03:39.734 I/AconfigPackage( 6004): android.graphics.pdf.flags is mapped to com.android.mediaprovider
05-12 04:03:39.734 I/AconfigPackage( 6004): com.android.providers.media.flags is mapped to com.android.mediaprovider
05-12 04:03:39.734 I/AconfigPackage( 6004): android.graphics.pdf.flags.readonly is mapped to com.android.mediaprovider
05-12 04:03:39.734 I/AconfigPackage( 6004): com.android.wifi.flags is mapped to com.android.wifi
05-12 04:03:39.734 I/AconfigPackage( 6004): com.android.uwb.flags is mapped to com.android.uwb
05-12 04:03:39.734 I/AconfigPackage( 6004): com.android.ranging.flags is mapped to com.android.uwb
05-12 04:03:39.735 I/AconfigPackage( 6004): com.android.healthfitness.flags is mapped to com.android.healthfitness
05-12 04:03:39.735 I/AconfigPackage( 6004): com.android.adservices.flags is mapped to com.android.adservices
05-12 04:03:39.735 I/AconfigPackage( 6004): com.android.sdksandbox.flags is mapped to com.android.adservices
05-12 04:03:39.735 I/AconfigPackage( 6004): com.android.cellbroadcastreceiver.flags is mapped to com.android.cellbroadcast
05-12 04:03:39.735 I/AconfigPackage( 6004): android.media.swcodec.flags is mapped to com.android.media.swcodec
05-12 04:03:39.735 I/AconfigPackage( 6004): com.android.rkpd.flags is mapped to com.android.rkpd
05-12 04:03:39.735 I/AconfigPackage( 6004): com.android.appsearch.flags is mapped to com.android.appsearch
05-12 04:03:39.736 I/AconfigPackage( 6004): android.provider.flags is mapped to com.android.configinfrastructure
05-12 04:03:39.736 I/AconfigPackage( 6004): com.android.server.deviceconfig is mapped to com.android.configinfrastructure
05-12 04:03:39.736 I/AconfigPackage( 6004): android.uprobestats.mainline.flags is mapped to com.android.uprobestats
05-12 04:03:39.736 I/Capacitor/Console( 5637): File:  - Line 333 - Msg: {"fineLocation":false,"backgroundLocation":false}
05-12 04:03:39.736 I/AconfigPackage( 6004): com.android.art.flags is mapped to com.android.art
05-12 04:03:39.736 I/AconfigPackage( 6004): com.android.libcore is mapped to com.android.art
05-12 04:03:39.736 I/AconfigPackage( 6004): android.os.profiling is mapped to com.android.profiling
05-12 04:03:39.736 I/AconfigPackage( 6004): com.android.media.extractor.flags is mapped to com.android.media
05-12 04:03:39.736 I/AconfigPackage( 6004): com.android.media.mainline.flags is mapped to com.android.media
05-12 04:03:39.736 I/AconfigPackage( 6004): com.android.devicelock.flags is mapped to com.android.devicelock
05-12 04:03:39.737 I/AconfigPackage( 6004): com.android.system.virtualmachine.flags is mapped to com.android.virt
05-12 04:03:39.737 I/AconfigPackage( 6004): com.android.icu is mapped to com.android.i18n
05-12 04:03:39.737 I/AconfigPackage( 6004): com.android.bluetooth.flags is mapped to com.android.bt
05-12 04:03:39.737 I/AconfigPackage( 6004): com.android.permission.flags is mapped to com.android.permission
05-12 04:03:39.737 I/AconfigPackage( 6004): com.android.os.statsd.flags is mapped to com.android.os.statsd
05-12 04:03:39.738 E/FeatureFlagsImplExport( 6004): android.os.flagging.AconfigStorageReadException: ERROR_PACKAGE_NOT_FOUND: package android.xr cannot be found on the device
05-12 04:03:39.739 D/UiAutomationConnection( 6004): Created on user UserHandle{0}
05-12 04:03:39.739 I/UiAutomation( 6004): Initialized for user 0 on display 0
05-12 04:03:39.739 W/UiAutomation( 6004): Created with deprecatead constructor, assumes DEFAULT_DISPLAY
05-12 04:03:39.742 D/AccessibilityManagerService( 1232): changeCurrentUserForTestAutomationIfNeededLocked(0): ignoring because device doesn't support visible background users
05-12 04:03:39.742 I/UiAutomationManager( 1232): Registering UiTestAutomationService (id=com.android.server.accessibility/UiAutomation, flags=0x0) when called by user 0
05-12 04:03:39.742 V/AccessibilityManagerService( 1232): onUserStateChangedLocked for userId: 0, forceUpdate: false
05-12 04:03:39.743 D/KNOX_MDM_SettingsProvider( 1232): isChangeAllowed() : name = accessibility_enabled
05-12 04:03:39.743 D/SettingsProvider( 1232): PUT_ret(/secure/accessibility_enabled), callingPackage:android
05-12 04:03:39.743 D/MagnificationConnectionManager( 1232): requestConnection :false mConnectionState : 3
05-12 04:03:39.743 W/MagnificationConnectionManager( 1232): requestConnection duplicated request: connect=false, mConnectionState=DISCONNECTED
05-12 04:03:39.744 I/SurfaceFlinger( 1004): id=5253 createSurf, flag=84004, WindowToken{1e6cf92 type=2032 android.os.Binder@994911d}#5253
05-12 04:03:39.746 I/HoneySpace.GlobalSettingDataSourceImpl( 2350): Setting accessibility_enabled changed to 1
05-12 04:03:39.748 D/BatterySaverPolicy( 1232): accessibility changed to true, updating policy.
05-12 04:03:39.750 I/SurfaceFlinger( 1004): SFWD update time=903695037435268
05-12 04:03:39.750 I/SurfaceFlinger( 1004): [WindowToken{1e6cf92 type=2032 android.os.Binder@994911d}#5253] attach to parent LayerHierarchy{RequestedLayerState{Leaf:26:31#38 parentId=37} 2 children}
05-12 04:03:39.751 V/AccessibilityManagerService( 1232): onUserStateChangedLocked for userId: 0, forceUpdate: false
05-12 04:03:39.751 D/KNOX_MDM_SettingsProvider( 1232): isChangeAllowed() : name = accessibility_enabled
05-12 04:03:39.751 D/SettingsProvider( 1232): PUT_ret(/secure/accessibility_enabled), callingPackage:android
05-12 04:03:39.752 D/MagnificationConnectionManager( 1232): requestConnection :false mConnectionState : 3
05-12 04:03:39.752 W/MagnificationConnectionManager( 1232): requestConnection duplicated request: connect=false, mConnectionState=DISCONNECTED
05-12 04:03:39.754 I/AccessibilityManagerService( 1232): semIsAccessibilityServiceEnabled()
05-12 04:03:39.754 I/AccessibilityManagerService( 1232): accessibilityService is null
05-12 04:03:39.754 I/AccessibilityManagerService( 1232): semIsAccessibilityServiceEnabled()
05-12 04:03:39.754 I/AccessibilityManagerService( 1232): accessibilityService is null
05-12 04:03:39.754 D/AS.AudioService( 1232): Accessibility volume enabled = false
05-12 04:03:39.755 W/WindowManager( 1232): Cannot find window which accessibility connection is added to
05-12 04:03:39.757 I/SafetyCenterAccessibilityListener( 4815): accessibility event occurred, safety center feature not enabled.
05-12 04:03:39.758 W/WindowManager( 1232): Cannot find window which accessibility connection is added to
05-12 04:03:39.767 I/SurfaceFlinger( 1004): RequestedLayer [WindowToken{1e6cf92 type=2032 android.os.Binder@994911d}#5253] hidden!! flag  from(1) --> to(0)
05-12 04:03:39.794 D/SLocation( 1232): WifiBssidMonitor - requestRefresh
05-12 04:03:39.795 W/SLocation( 1232): WifiBssidMonitor - connected wifi : (88:36:6c:**:**:d4/779)
05-12 04:03:39.882 I/ActivityManager( 1232): Changes in 10116 15 to 8, 0 to 128
05-12 04:03:39.902 I/SCS@AiSearch user 0( 5199): (ObserverWorker::AOSP_MP) [main] entering in startWork triggered by [content://media/external/file/52]():  
05-12 04:03:39.903 I/SCS@AiSearch user 0( 5199): (BaseCollector::AOSP_MP) [main] entering in onChange():  
05-12 04:03:39.906 I/SCS@AiSearch user 0( 5199): (BaseCollector::AOSP_MP) [AOSP_MP-0] entering in collectChanges():  
05-12 04:03:39.910 D/PackageManager( 1232): setEnabledSetting : userId = 0 packageName = com.samsung.android.scs cmp = androidx.work.impl.background.systemalarm.RescheduleReceiver newState = 1 callingPackage = com.samsung.android.scs
05-12 04:03:39.911 D/ApplicationPolicy( 1232): getApplicationStateEnabled : pkg = com.samsung.android.scs userId : 0
05-12 04:03:39.912 D/ApplicationPolicy( 1232): getApplicationComponentState : pkg = com.samsung.android.scs userId : 0
05-12 04:03:39.947 I/SCS@AiSearch user 0( 5199): (ObserverWorker::GALLERY) [main] entering in startWork triggered by [content://secmedia/video/media, content://secmedia/images/media]():  
05-12 04:03:39.948 I/SCS@AiSearch user 0( 5199): (BaseCollector::GALLERY) [main] entering in onChange():  
05-12 04:03:39.952 I/SCS@AiSearch user 0( 5199): (BaseCollector::GALLERY) [GALLERY-0] entering in collectChanges():  
05-12 04:03:39.956 I/SCS@AiSearch user 0( 5199): (BaseCollector::AOSP_MP) fetchInternal values : maxSyncId: 47 indexCount: 35 sourceCount: 35
05-12 04:03:39.966 D/PackageManager( 1232): setEnabledSetting : userId = 0 packageName = com.samsung.android.scs cmp = androidx.work.impl.background.systemalarm.RescheduleReceiver newState = 1 callingPackage = com.samsung.android.scs
05-12 04:03:39.966 D/ApplicationPolicy( 1232): getApplicationStateEnabled : pkg = com.samsung.android.scs userId : 0
05-12 04:03:39.967 D/ApplicationPolicy( 1232): getApplicationComponentState : pkg = com.samsung.android.scs userId : 0
05-12 04:03:39.969 I/ActivityManager( 1232): Changes in 10285 19 to 8, 0 to 128
05-12 04:03:39.983 I/SCS@AiSearch user 0( 5199): (BaseCollector::GALLERY) fetchInternal values : maxSyncId: 2147483663 indexCount: 13 sourceCount: 13
05-12 04:03:39.987 D/PerProcessNandswap$NandswapHandler( 1232): nandswap start for non-activity com.google.android.adservices.api(pid 4061) action:3 adj:250 type:2
05-12 04:03:39.989 I/SCS@AiSearch user 0( 5199): (IndexManager) [AOSP_MP-0] entering in addIndex():  
05-12 04:03:39.995 I/SCS@AiSearch user 0( 5199): (BaseCollector::AOSP_MP) fetch: fetching took  69 ms
05-12 04:03:39.995 I/SCS@AiSearch user 0( 5199): (BaseCollector::AOSP_MP) fetchChanges: applied 0 items
05-12 04:03:39.995 I/SCS@AiSearch user 0( 5199): (BaseCollector::AOSP_MP) Collect finished. Result: true
05-12 04:03:39.996 I/SCS@AiSearch user 0( 5199): (BaseCollector::AOSP_MP) enqueue ObserverWorker name: com.sec.android.app.myfiles, policy: APPEND_OR_REPLACE
05-12 04:03:39.996 I/ActivityManager( 1232): Changes in 10254 19 to 8, 0 to 128
05-12 04:03:40.004 W/JobServiceContext( 1232): Sending onNetworkChanged for a job that isn't started. JobStatus{c914b7e #u0a285/19 com.google.android.adservices.api/com.android.adservices.spe.AdServicesJobService u=0 s=10285 TIME=-11s833ms:+59m48s167ms NET BATNOTLOW PERIODIC PERSISTED READY}
05-12 04:03:40.004 I/WM-WorkerWrapper( 5199): Worker result SUCCESS for Work [ id=8f1e32ed-79b9-482f-895e-fe3e67963798, tags={ com.sec.android.app.myfiles, com.samsung.android.scs.ai.search.data.collector.base.ObserverWorker } ]
05-12 04:03:40.004 W/JobServiceContext( 1232): Sending onNetworkChanged for a job that isn't started. JobStatus{aff0f3d #u0a285/24 com.google.android.adservices.api/com.android.adservices.service.measurement.reporting.VerboseDebugReportingFallbackJobService u=0 s=10285 TIME=-11s817ms:+59m48s183ms NET PERIODIC PERSISTED READY}
05-12 04:03:40.004 W/JobServiceContext( 1232): Sending onNetworkChanged for a job that isn't started. JobStatus{362cfe3 #u0a285/25 com.google.android.adservices.api/com.android.adservices.service.measurement.reporting.DebugReportingFallbackJobService u=0 s=10285 TIME=-11s778ms:+59m48s222ms NET PERIODIC PERSISTED READY}
05-12 04:03:40.004 W/JobServiceContext( 1232): Sending onNetworkChanged for a job that isn't started. JobStatus{1a5c98f #u0a285/7 com.google.android.adservices.api/com.android.adservices.service.measurement.reporting.AggregateReportingJobService u=0 s=10285 TIME=-12s88ms:+59m47s912ms NET BATNOTLOW PERIODIC PERSISTED READY}
05-12 04:03:40.011 D/PerProcessNandswapNative( 1232): enable WriteBooster
05-12 04:03:40.019 D/PackageManager( 1232): setEnabledSetting : userId = 0 packageName = com.samsung.android.scs cmp = androidx.work.impl.background.systemalarm.RescheduleReceiver newState = 1 callingPackage = com.samsung.android.scs
05-12 04:03:40.020 D/ApplicationPolicy( 1232): getApplicationStateEnabled : pkg = com.samsung.android.scs userId : 0
05-12 04:03:40.021 D/ApplicationPolicy( 1232): getApplicationComponentState : pkg = com.samsung.android.scs userId : 0
05-12 04:03:40.028 I/Finsky  ( 4883): [2] SCH: job service start with id 9963.
05-12 04:03:40.029 W/JobInfo ( 5199): Requested important-while-foreground flag for job1357 is ignored and takes no effect
05-12 04:03:40.032 D/PerProcessNandswap$NandswapHandler( 1232): nandswap end for non-activity com.google.android.adservices.api(pid 4061) ret:18423377920 adj:250
05-12 04:03:40.062 I/Finsky  ( 4883): [91] SCH: Satisfied jobs for 9963 are: 12-1
05-12 04:03:40.069 I/Finsky  ( 4883): [128] SCH: Job 12-1 starting
05-12 04:03:40.076 I/Finsky  ( 4883): [2] WM::SCH: Logging work start for 12-1
05-12 04:03:40.077 I/Finsky  ( 4883): [2] [ContentSync] job started
05-12 04:03:40.078 D/MARsPolicyManager( 1232): triggerAction called!
05-12 04:03:40.078 I/NSLocationMonitor( 1232): getGPSUsingApps() called
05-12 04:03:40.080 I/NSLocationManager_FLP( 2612): getGPSUsingApps, No change
05-12 04:03:40.083 I/Finsky  ( 4883): [129] PSR: Package cache is empty, setup cache.
05-12 04:03:40.103 W/ParceledListSlice( 1232): Element #27 is 20704 bytes.
05-12 04:03:40.159 W/ParceledListSlice( 1232): Element #412 is 16384 bytes.
05-12 04:03:40.163 E/SCS@AiSearch user 0( 5199): (FsmDataManager) getAllHits: No hits
05-12 04:03:40.163 I/SCS@AiSearch user 0( 5199): (IndexManager) [GALLERY-0] entering in addIndex():  
05-12 04:03:40.167 I/SCS@AiSearch user 0( 5199): (IndexManager) [INSERT] index=[com.google.android.providers.media], size=1
05-12 04:03:40.168 I/SCS@AiSearch user 0( 5199): (IndexManager) getIndexWriter(): indexName com.google.android.providers.media
05-12 04:03:40.198 I/SCS@AiSearch user 0( 5199): (IndexManager) [INSERT] Done
05-12 04:03:40.198 I/SCS@AiSearch user 0( 5199): (IndexSearcherManager) [GALLERY-0] entering in refreshSearcherManager():  refreshSearcherManager for com.google.android.providers.media
05-12 04:03:40.199 I/SCS@AiSearch user 0( 5199): (IndexSearcherManager) remove: indexName: com.google.android.providers.media
05-12 04:03:40.200 I/SCS@AiSearch user 0( 5199): (IndexManager) getIndexWriter(): indexName com.google.android.providers.media
05-12 04:03:40.228 I/ActivityManager( 1232): Changes in 10285 8 to 10, 128 to 0
05-12 04:03:40.244 I/SCS@AiSearch user 0( 5199): (IndexSearcherManager) [GALLERY-0] leaving from refreshSearcherManager():  
05-12 04:03:40.246 I/SCS@AiSearch user 0( 5199): (IndexManager) [GALLERY-0] entering in waitUntilCommitTaskFinished (idx=com.google.android.providers.media)():  
05-12 04:03:40.246 I/SCS@AiSearch user 0( 5199): (IndexManager) [pool-17-thread-1] entering in commitIndexWriter():  
05-12 04:03:40.276 W/ParceledListSlice( 1232): Element #172 is 21516 bytes.
05-12 04:03:40.278 I/SCS@AiSearch user 0( 5199): (IndexManager) [pool-17-thread-1] leaving from commitIndexWriter():  
05-12 04:03:40.278 I/SCS@AiSearch user 0( 5199): (IndexManager) [GALLERY-0] leaving from waitUntilCommitTaskFinished (idx=com.google.android.providers.media)():  
05-12 04:03:40.278 I/SCS@AiSearch user 0( 5199): (IndexManager) addIndex(): done
05-12 04:03:40.280 W/Finsky  ( 4883): [129] SLM: no metadata property com.android.vending.derived.apk.id found for shared library com.google.android.trichromelibrary_699813533:
05-12 04:03:40.280 W/Finsky  ( 4883): [129] SLM: no metadata property com.android.vending.sdk.version.patch found for shared library com.google.android.trichromelibrary_699813533:
05-12 04:03:40.280 W/Finsky  ( 4883): [129] SLM: no metadata property com.android.vending.derived.apk.id found for shared library com.google.android.trichromelibrary_772713733:
05-12 04:03:40.281 W/Finsky  ( 4883): [129] SLM: no metadata property com.android.vending.sdk.version.patch found for shared library com.google.android.trichromelibrary_772713733:
05-12 04:03:40.283 I/SCS@AiSearch user 0( 5199): (BaseCollector::GALLERY) fetch: fetching took  314 ms
05-12 04:03:40.283 I/SCS@AiSearch user 0( 5199): (BaseCollector::GALLERY) fetchChanges: applied 1 items
05-12 04:03:40.557 D/BoundBrokerSvc(27738): onUnbind: Intent { act=com.google.android.gms.potokens.service.START dat=chimera-action:/... xflg=0x4 cmp=com.google.android.gms/.chimera.GmsApiService }
05-12 04:03:40.780 D/SemCscFeature( 6004): Encoded
05-12 04:03:40.794 W/MediaProvider( 3035): isAppCloneUserPair for user 0: false
05-12 04:03:40.804 D/SyncManager( 1232): userId - 0 auto - true
05-12 04:03:40.813 I/AccessibilityNodeInfoDumper( 6004): Skipping invisible child: android.view.accessibility.AccessibilityNodeInfo@18442; boundsInParent: Rect(0, 0 - 1080, 2340); boundsInScreen: Rect(0, 0 - 1080, 2340); boundsInWindow: Rect(0, 0 - 1080, 2340); packageName: com.android.systemui; className: android.view.View; text: null; error: null; maxTextLength: -1; stateDescription: null; contentDescription: null; tooltipText: null; containerTitle: null; viewIdResName: com.android.systemui:id/captured_blur_container; uniqueId: null; checkable: false; checked: false; focusable: false; focused: false; selected: false; clickable: false; longClickable: false; contextClickable: false; enabled: true; password: false; scrollable: false; granularScrollingSupported: false; importantForAccessibility: false; visible: false; actions: [AccessibilityAction: ACTION_SELECT - null, AccessibilityAction: ACTION_CLEAR_SELECTION - null, AccessibilityAction: ACTION_ACCESSIBILITY_FOCUS - null, AccessibilityAction: ACTION_SHOW_ON_SCREEN - null]; isTextSelectable: false
05-12 04:03:40.814 I/AccessibilityNodeInfoDumper( 6004): Skipping invisible child: android.view.accessibility.AccessibilityNodeInfo@19ac8; boundsInParent: Rect(0, 0 - 405, 68); boundsInScreen: Rect(675, 0 - 1080, 0); boundsInWindow: Rect(675, 0 - 1080, 0); packageName: com.android.systemui; className: android.widget.ImageView; text: null; error: null; maxTextLength: -1; stateDescription: null; contentDescription: null; tooltipText: null; containerTitle: null; viewIdResName: com.android.systemui:id/sec_quick_panel_affordance_glow; uniqueId: null; checkable: false; checked: false; focusable: false; focused: false; selected: false; clickable: false; longClickable: false; contextClickable: false; enabled: true; password: false; scrollable: false; granularScrollingSupported: false; importantForAccessibility: false; visible: false; actions: [AccessibilityAction: ACTION_SELECT - null, AccessibilityAction: ACTION_CLEAR_SELECTION - null, AccessibilityAction: ACTION_ACCESSIBILITY_FOCUS - null, AccessibilityAction: ACTION_SHOW_ON_SCREEN - null]; isTextSelectable: false
05-12 04:03:40.814 I/AccessibilityNodeInfoDumper( 6004): Skipping invisible child: android.view.accessibility.AccessibilityNodeInfo@f149f; boundsInParent: Rect(0, 0 - 0, 0); boundsInScreen: Rect(540, 0 - 540, 0); boundsInWindow: Rect(540, 0 - 540, 0); packageName: com.android.systemui; className: android.widget.LinearLayout; text: null; error: null; maxTextLength: -1; stateDescription: null; contentDescription: null; tooltipText: null; containerTitle: null; viewIdResName: com.samsung.android.app.aodservice:id/keyguard_aod_pin_container; uniqueId: null; checkable: false; checked: false; focusable: false; focused: false; selected: false; clickable: false; longClickable: false; contextClickable: false; enabled: true; password: false; scrollable: false; granularScrollingSupported: false; importantForAccessibility: false; visible: false; actions: [AccessibilityAction: ACTION_SELECT - null, AccessibilityAction: ACTION_CLEAR_SELECTION - null, AccessibilityAction: ACTION_ACCESSIBILITY_FOCUS - null, AccessibilityAction: ACTION_SHOW_ON_SCREEN - null]; isTextSelectable: false
05-12 04:03:40.850 I/AccessibilityNodeInfoDumper( 6004): Skipping invisible child: android.view.accessibility.AccessibilityNodeInfo@ec98b; boundsInParent: Rect(0, 0 - 1080, 0); boundsInScreen: Rect(0, 761 - 1080, 761); boundsInWindow: Rect(0, 761 - 1080, 761); packageName: com.android.systemui; className: android.widget.LinearLayout; text: null; error: null; maxTextLength: -1; stateDescription: null; contentDescription: null; tooltipText: null; containerTitle: null; viewIdResName: com.samsung.android.app.aodservice:id/keyguard_aod_ui_container; uniqueId: null; checkable: false; checked: false; focusable: false; focused: false; selected: false; clickable: false; longClickable: false; contextClickable: false; enabled: true; password: false; scrollable: false; granularScrollingSupported: false; importantForAccessibility: false; visible: false; actions: [AccessibilityAction: ACTION_SELECT - null, AccessibilityAction: ACTION_CLEAR_SELECTION - null, AccessibilityAction: ACTION_ACCESSIBILITY_FOCUS - null, AccessibilityAction: ACTION_SHOW_ON_SCREEN - null]; isTextSelectable: false
05-12 04:03:40.867 D/WM-DelayedWorkTracker( 3035): Scheduling work aded7f80-6322-4fe8-a24f-fb401ae58106
05-12 04:03:40.867 D/WM-GreedyScheduler( 3035): Starting tracking for aded7f80-6322-4fe8-a24f-fb401ae58106
05-12 04:03:40.870 D/WM-ConstraintTracker( 3035): BatteryNotLowTracker: initial state = true
05-12 04:03:40.871 D/WM-BrdcstRcvrCnstrntTrc( 3035): BatteryNotLowTracker: registering receiver
05-12 04:03:40.872 D/WM-GreedyScheduler( 3035): Constraints met: Scheduling work ID WorkGenerationalId(workSpecId=aded7f80-6322-4fe8-a24f-fb401ae58106, generation=0)
05-12 04:03:40.874 D/WM-Processor( 3035): Processor: processing WorkGenerationalId(workSpecId=aded7f80-6322-4fe8-a24f-fb401ae58106, generation=0)
05-12 04:03:40.883 D/WM-WorkerWrapper( 3035): Starting work for com.android.providers.media.photopicker.sync.ProactiveSyncWorker
05-12 04:03:40.884 I/PSyncWorker( 3035): Starting proactive picker sync from sync source: 1
05-12 04:03:40.885 I/PickerSyncTracker( 3035): Created new sync future java.util.concurrent.CompletableFuture@660294[Not completed, 1 dependents]. Future map: {aded7f80-6322-4fe8-a24f-fb401ae58106=java.util.concurrent.CompletableFuture@660294[Not completed, 1 dependents]}
05-12 04:03:40.885 D/PickerSyncController( 3035): syncAllMediaFromProvider() LOCAL, auth=com.android.providers.media.photopicker, retry=true
05-12 04:03:40.885 D/PickerSyncController( 3035): getSyncRequestParams() LOCAL, auth=com.android.providers.media.photopicker
05-12 04:03:40.891 D/PickerSyncController( 3035):    Latest ID/Gen=d42b76fb6b8ba08f:external_primary/465
05-12 04:03:40.891 D/PickerSyncController( 3035):    Cached ID/Gen=d42b76fb6b8ba08f:external_primary/440
05-12 04:03:40.892 D/PickerSyncController( 3035):    RESULT=SyncRequestParams{type=MEDIA_INCREMENTAL, gen=440, latest=Bundle[{last_media_sync_generation=465, media_collection_id=d42b76fb6b8ba08f:external_primary}], pageSize=1000}
05-12 04:03:40.892 I/PickerSyncController( 3035): Executing SyncAdd. isLocal: true. authority: com.android.providers.media.photopicker
05-12 04:03:40.892 I/AccessibilityNodeInfoDumper( 6004): Skipping invisible child: android.view.accessibility.AccessibilityNodeInfo@1cb95; boundsInParent: Rect(0, 0 - 0, 0); boundsInScreen: Rect(540, 0 - 540, 0); boundsInWindow: Rect(540, 0 - 540, 0); packageName: com.android.systemui; className: android.widget.FrameLayout; text: null; error: null; maxTextLength: -1; stateDescription: null; contentDescription: null; tooltipText: null; containerTitle: null; viewIdResName: com.android.systemui:id/qs_new_blur_view; uniqueId: null; checkable: false; checked: false; focusable: false; focused: false; selected: false; clickable: false; longClickable: false; contextClickable: false; enabled: true; password: false; scrollable: false; granularScrollingSupported: false; importantForAccessibility: false; visible: false; actions: [AccessibilityAction: ACTION_SELECT - null, AccessibilityAction: ACTION_CLEAR_SELECTION - null, AccessibilityAction: ACTION_ACCESSIBILITY_FOCUS - null, AccessibilityAction: ACTION_SHOW_ON_SCREEN - null]; isTextSelectable: false
05-12 04:03:40.892 D/PickerSyncLockManager( 3035): Trying to acquire lock com.android.providers.media.photopicker.sync.CloseableReentrantLock@e2b4254[Unlocked]. Lock Name = CLOUD_PROVIDER_LOCK. Threads that may be waiting to acquire this lock = [] with timeout.
05-12 04:03:40.892 D/CloseableReentrantLock( 3035): Successfully acquired lock com.android.providers.media.photopicker.sync.CloseableReentrantLock@e2b4254[Locked by thread pool-5-thread-8]. Lock Name = CLOUD_PROVIDER_LOCK. Threads that may be waiting to acquire this lock = []
05-12 04:03:40.892 D/CloseableReentrantLock( 3035): Successfully released lock com.android.providers.media.photopicker.sync.CloseableReentrantLock@e2b4254[Unlocked]. Lock Name = CLOUD_PROVIDER_LOCK. Threads that may be waiting to acquire this lock = []
05-12 04:03:40.892 D/ExternalDbFacade( 3035): Token received for queryMedia = null
05-12 04:03:40.896 I/AccessibilityNodeInfoDumper( 6004): Skipping invisible child: android.view.accessibility.AccessibilityNodeInfo@1bc91; boundsInParent: Rect(0, 0 - 1080, 332); boundsInScreen: Rect(0, 0 - 1080, 332); boundsInWindow: Rect(0, 0 - 1080, 332); packageName: com.android.systemui; className: android.widget.FrameLayout; text: null; error: null; maxTextLength: -1; stateDescription: null; contentDescription: null; tooltipText: null; containerTitle: null; viewIdResName: com.android.systemui:id/qs_gradation_view; uniqueId: null; checkable: false; checked: false; focusable: false; focused: false; selected: false; clickable: false; longClickable: false; contextClickable: false; enabled: true; password: false; scrollable: false; granularScrollingSupported: false; importantForAccessibility: false; visible: false; actions: [AccessibilityAction: ACTION_SELECT - null, AccessibilityAction: ACTION_CLEAR_SELECTION - null, AccessibilityAction: ACTION_ACCESSIBILITY_FOCUS - null, AccessibilityAction: ACTION_SHOW_ON_SCREEN - null]; isTextSelectable: false
05-12 04:03:40.911 I/AccessibilityNodeInfoDumper( 6004): Skipping invisible child: android.view.accessibility.AccessibilityNodeInfo@e552c; boundsInParent: Rect(0, 0 - 1080, 0); boundsInScreen: Rect(0, 0 - 1080, 0); boundsInWindow: Rect(0, 0 - 1080, 0); packageName: com.android.systemui; className: android.widget.LinearLayout; text: null; error: null; maxTextLength: -1; stateDescription: null; contentDescription: null; tooltipText: null; containerTitle: null; viewIdResName: com.android.systemui:id/keyguard_slice_view; uniqueId: null; checkable: false; checked: false; focusable: false; focused: false; selected: false; clickable: false; longClickable: false; contextClickable: false; enabled: true; password: false; scrollable: false; granularScrollingSupported: false; importantForAccessibility: false; visible: false; actions: [AccessibilityAction: ACTION_SELECT - null, AccessibilityAction: ACTION_CLEAR_SELECTION - null, AccessibilityAction: ACTION_ACCESSIBILITY_FOCUS - null, AccessibilityAction: ACTION_SHOW_ON_SCREEN - null]; isTextSelectable: false
05-12 04:03:40.912 D/PickerSyncLockManager( 3035): Trying to acquire lock com.android.providers.media.photopicker.sync.CloseableReentrantLock@e2b4254[Unlocked]. Lock Name = CLOUD_PROVIDER_LOCK. Threads that may be waiting to acquire this lock = [] with timeout.
05-12 04:03:40.912 D/CloseableReentrantLock( 3035): Successfully acquired lock com.android.providers.media.photopicker.sync.CloseableReentrantLock@e2b4254[Locked by thread pool-5-thread-8]. Lock Name = CLOUD_PROVIDER_LOCK. Threads that may be waiting to acquire this lock = []
05-12 04:03:40.912 D/PickerSyncController( 3035): Saving next page token: 1778526219000|52 for key: local_provider:media_add:resume
05-12 04:03:40.912 D/CloseableReentrantLock( 3035): Successfully released lock com.android.providers.media.photopicker.sync.CloseableReentrantLock@e2b4254[Unlocked]. Lock Name = CLOUD_PROVIDER_LOCK. Threads that may be waiting to acquire this lock = []
05-12 04:03:40.913 D/SyncManager( 1232): userId - 0 auto - true
05-12 04:03:40.913 D/PickerNotificationSender( 3035): Sending a notification for media update
05-12 04:03:40.914 D/SyncManager( 1232): userId - 0 auto - true
05-12 04:03:40.914 D/PickerNotificationSender( 3035): Sending a notification for merged album media update Videos
05-12 04:03:40.914 D/PickerNotificationSender( 3035): Sending a notification for album media update Videos
05-12 04:03:40.914 D/SyncManager( 1232): userId - 0 auto - true
05-12 04:03:40.914 D/PickerNotificationSender( 3035): Sending a notification for merged album media update Favorites
05-12 04:03:40.914 D/PickerNotificationSender( 3035): Sending a notification for album media update Favorites
05-12 04:03:40.915 D/SyncManager( 1232): userId - 0 auto - true
05-12 04:03:40.915 D/ExternalDbFacade( 3035): Token received for queryMedia = 1778526219000|52
05-12 04:03:40.919 D/PickerSyncLockManager( 3035): Trying to acquire lock com.android.providers.media.photopicker.sync.CloseableReentrantLock@e2b4254[Unlocked]. Lock Name = CLOUD_PROVIDER_LOCK. Threads that may be waiting to acquire this lock = [] with timeout.
05-12 04:03:40.919 D/CloseableReentrantLock( 3035): Successfully acquired lock com.android.providers.media.photopicker.sync.CloseableReentrantLock@e2b4254[Locked by thread pool-5-thread-8]. Lock Name = CLOUD_PROVIDER_LOCK. Threads that may be waiting to acquire this lock = []
05-12 04:03:40.919 D/PickerSyncController( 3035): Clearing next page token for key: local_provider:media_add:resume
05-12 04:03:40.919 D/CloseableReentrantLock( 3035): Successfully released lock com.android.providers.media.photopicker.sync.CloseableReentrantLock@e2b4254[Unlocked]. Lock Name = CLOUD_PROVIDER_LOCK. Threads that may be waiting to acquire this lock = []
