05-12 04:03:45.391 I/artd    (30714): GetBestInfo: odex next to the dex file (/data/app/~~als3nMvivoMxDo4WEd6ffQ==/com.google.android.apps.tachyon-evspVe6fDimFiUg38Dvb4w==/oat/arm64/base.odex) is kOatUpToDate with filter 'speed-profile' executable 'false'
05-12 04:03:45.423 I/artd    (30714): GetBestInfo: odex next to the dex file (/data/app/~~hc6sR_e_GEkP68C9nRDFGw==/us.zoom.videomeetings-JixDpfKSPsBx0Io8ayeQlw==/oat/arm64/base.odex) is kOatUpToDate with filter 'speed-profile' executable 'false'
05-12 04:03:45.458 I/artd    (30714): GetBestInfo: odex next to the dex file (/data/app/~~HsYddYTcx3XLdkLYx7PKpg==/com.magic.music.tiles.game-qfa2-jgl4BT8m_u7gjLkFg==/oat/arm64/base.odex) is kOatUpToDate with filter 'speed-profile' executable 'false'
05-12 04:03:45.460 I/artd    (30714): GetBestInfo: vdex next to the dex file (/data/user/0/com.magic.music.tiles.game/cache/oat/arm64/google_api_resources_lib.vdex) is kOatUpToDate with filter 'verify' executable 'false'
05-12 04:03:45.461 I/artd    (30714): GetBestInfo: vdex next to the dex file (/data/user/0/com.magic.music.tiles.game/cache/oat/arm64/app_resources_lib.vdex) is kOatUpToDate with filter 'verify' executable 'false'
05-12 04:03:45.462 I/artd    (30714): GetBestInfo: vdex next to the dex file (/data/user/0/com.magic.music.tiles.game/app_pccache/5/A4A3883B62E64477497A21E502C207B1868F77D8/oat/arm64/pcam.vdex) is kOatUpToDate with filter 'verify' executable 'false'
05-12 04:03:45.471 I/artd    (30714): GetBestInfo: odex next to the dex file (/data/app/~~3N5oU5cs7x1i6HyYLy3tww==/com.google.android.apps.photosgo-_bvbFsnRY4Y2EnWeFot3BQ==/oat/arm64/base.odex) is kOatUpToDate with filter 'speed-profile' executable 'false'
05-12 04:03:45.501 I/artd    (30714): GetBestInfo: odex next to the dex file (/data/app/~~A8MH4L4VIkNE0HsSXIIkxQ==/com.nhnent.payapp-yB74vfPZGF5pyZLxVDglkQ==/oat/arm64/base.odex) is kOatUpToDate with filter 'speed-profile' executable 'false'
05-12 04:03:45.522 I/artd    (30714): GetBestInfo: odex next to the dex file (/data/app/~~PV16gZ3CKrgZf3c_GRHrgA==/com.shilladutyfree-tsQtbbJgJKGbcBKzqMV3fA==/oat/arm64/base.odex) is kOatUpToDate with filter 'speed-profile' executable 'false'
05-12 04:03:45.532 I/artd    (30714): GetBestInfo: odex next to the dex file (/data/app/~~gY7DcHVhv7uDEOjNTlKuhg==/com.google.android.apps.kids.familylinkhelper-e0EijppkYlYrcQ90q0xxdA==/oat/arm64/base.odex) is kOatUpToDate with filter 'speed-profile' executable 'false'
05-12 04:03:45.558 I/artd    (30714): GetBestInfo: odex next to the dex file (/data/app/~~U6bYi065M55CvAHO-rUVpQ==/com.wjthinkbig.lingocity.store-3FM0PBWQm-enrBytaYLd4Q==/oat/arm64/base.odex) is kOatUpToDate with filter 'speed-profile' executable 'false'
05-12 04:03:45.582 I/artd    (30714): GetBestInfo: odex next to the dex file (/data/app/~~bMAsjm4RQLHnygtkFWFgDg==/com.locnall.KimGiSa-3TBroqYL7dCaYf2nOdm73g==/oat/arm64/base.odex) is kOatUpToDate with filter 'speed-profile' executable 'false'
05-12 04:03:45.598 I/artd    (30714): GetBestInfo: odex next to the dex file (/data/app/~~D275ZDx7oWAK3X-uVeZKgQ==/com.motorola.aiservices-dummZqmu4GuMTNG6f-n_tw==/oat/arm64/base.odex) is kOatUpToDate with filter 'speed-profile' executable 'false'
05-12 04:03:45.599 I/artd    (30714): GetBestInfo: dm (/data/app/~~D275ZDx7oWAK3X-uVeZKgQ==/com.motorola.aiservices-dummZqmu4GuMTNG6f-n_tw==/split_adaptivebrightness.dm) is kOatUpToDate with filter 'verify' executable 'false'
05-12 04:03:45.601 I/artd    (30714): GetBestInfo: dm (/data/app/~~D275ZDx7oWAK3X-uVeZKgQ==/com.motorola.aiservices-dummZqmu4GuMTNG6f-n_tw==/split_adaptiveicons.dm) is kOatUpToDate with filter 'verify' executable 'false'
05-12 04:03:45.603 I/artd    (30714): GetBestInfo: dm (/data/app/~~D275ZDx7oWAK3X-uVeZKgQ==/com.motorola.aiservices-dummZqmu4GuMTNG6f-n_tw==/split_aicropping.dm) is kOatUpToDate with filter 'verify' executable 'false'
05-12 04:03:45.605 I/artd    (30714): GetBestInfo: dm (/data/app/~~D275ZDx7oWAK3X-uVeZKgQ==/com.motorola.aiservices-dummZqmu4GuMTNG6f-n_tw==/split_aisepia.dm) is kOatUpToDate with filter 'verify' executable 'false'
05-12 04:03:45.607 I/artd    (30714): GetBestInfo: dm (/data/app/~~D275ZDx7oWAK3X-uVeZKgQ==/com.motorola.aiservices-dummZqmu4GuMTNG6f-n_tw==/split_aizoom.dm) is kOatUpToDate with filter 'verify' executable 'false'
05-12 04:03:45.609 I/artd    (30714): GetBestInfo: dm (/data/app/~~D275ZDx7oWAK3X-uVeZKgQ==/com.motorola.aiservices-dummZqmu4GuMTNG6f-n_tw==/split_appusage.dm) is kOatUpToDate with filter 'verify' executable 'false'
05-12 04:03:45.612 I/artd    (30714): GetBestInfo: dm (/data/app/~~D275ZDx7oWAK3X-uVeZKgQ==/com.motorola.aiservices-dummZqmu4GuMTNG6f-n_tw==/split_bwart.dm) is kOatUpToDate with filter 'verify' executable 'false'
05-12 04:03:45.614 I/artd    (30714): GetBestInfo: dm (/data/app/~~D275ZDx7oWAK3X-uVeZKgQ==/com.motorola.aiservices-dummZqmu4GuMTNG6f-n_tw==/split_bwregular.dm) is kOatUpToDate with filter 'verify' executable 'false'
05-12 04:03:45.617 I/artd    (30714): GetBestInfo: dm (/data/app/~~D275ZDx7oWAK3X-uVeZKgQ==/com.motorola.aiservices-dummZqmu4GuMTNG6f-n_tw==/split_cartoongan.dm) is kOatUpToDate with filter 'verify' executable 'false'
05-12 04:03:45.620 I/artd    (30714): GetBestInfo: dm (/data/app/~~D275ZDx7oWAK3X-uVeZKgQ==/com.motorola.aiservices-dummZqmu4GuMTNG6f-n_tw==/split_contentobfuscation.dm) is kOatUpToDate with filter 'verify' executable 'false'
05-12 04:03:45.623 I/artd    (30714): GetBestInfo: dm (/data/app/~~D275ZDx7oWAK3X-uVeZKgQ==/com.motorola.aiservices-dummZqmu4GuMTNG6f-n_tw==/split_fashionstyletransfer.dm) is kOatUpToDate with filter 'verify' executable 'false'
05-12 04:03:45.626 I/artd    (30714): GetBestInfo: dm (/data/app/~~D275ZDx7oWAK3X-uVeZKgQ==/com.motorola.aiservices-dummZqmu4GuMTNG6f-n_tw==/split_imagequality.dm) is kOatUpToDate with filter 'verify' executable 'false'
05-12 04:03:45.630 I/artd    (30714): GetBestInfo: dm (/data/app/~~D275ZDx7oWAK3X-uVeZKgQ==/com.motorola.aiservices-dummZqmu4GuMTNG6f-n_tw==/split_keyextraction.dm) is kOatUpToDate with filter 'verify' executable 'false'
05-12 04:03:45.633 I/artd    (30714): GetBestInfo: dm (/data/app/~~D275ZDx7oWAK3X-uVeZKgQ==/com.motorola.aiservices-dummZqmu4GuMTNG6f-n_tw==/split_languageidentifier.dm) is kOatUpToDate with filter 'verify' executable 'false'
05-12 04:03:45.637 I/artd    (30714): GetBestInfo: dm (/data/app/~~D275ZDx7oWAK3X-uVeZKgQ==/com.motorola.aiservices-dummZqmu4GuMTNG6f-n_tw==/split_malwaredetection.dm) is kOatUpToDate with filter 'verify' executable 'false'
05-12 04:03:45.640 I/artd    (30714): GetBestInfo: dm (/data/app/~~D275ZDx7oWAK3X-uVeZKgQ==/com.motorola.aiservices-dummZqmu4GuMTNG6f-n_tw==/split_onnx.dm) is kOatUpToDate with filter 'verify' executable 'false'
05-12 04:03:45.644 I/artd    (30714): GetBestInfo: dm (/data/app/~~D275ZDx7oWAK3X-uVeZKgQ==/com.motorola.aiservices-dummZqmu4GuMTNG6f-n_tw==/split_optimizedcharging.dm) is kOatUpToDate with filter 'verify' executable 'false'
05-12 04:03:45.648 I/artd    (30714): GetBestInfo: dm (/data/app/~~D275ZDx7oWAK3X-uVeZKgQ==/com.motorola.aiservices-dummZqmu4GuMTNG6f-n_tw==/split_peoplenatureclassifier.dm) is kOatUpToDate with filter 'verify' executable 'false'
05-12 04:03:45.653 I/artd    (30714): GetBestInfo: dm (/data/app/~~D275ZDx7oWAK3X-uVeZKgQ==/com.motorola.aiservices-dummZqmu4GuMTNG6f-n_tw==/split_phishing.dm) is kOatUpToDate with filter 'verify' executable 'false'
05-12 04:03:45.657 I/artd    (30714): GetBestInfo: dm (/data/app/~~D275ZDx7oWAK3X-uVeZKgQ==/com.motorola.aiservices-dummZqmu4GuMTNG6f-n_tw==/split_styletransfer.dm) is kOatUpToDate with filter 'verify' executable 'false'
05-12 04:03:45.662 I/artd    (30714): GetBestInfo: dm (/data/app/~~D275ZDx7oWAK3X-uVeZKgQ==/com.motorola.aiservices-dummZqmu4GuMTNG6f-n_tw==/split_whisper.dm) is kOatUpToDate with filter 'verify' executable 'false'
05-12 04:03:45.843 I/artd    (30714): GetBestInfo: odex next to the dex file (/data/app/~~9V97Qx-MaozZn5xSbTUv0w==/com.kakaobank.channel-j3lwVUUSJRElTTX8sKqvfA==/oat/arm64/base.odex) is kOatUpToDate with filter 'speed-profile' executable 'false'
05-12 04:03:45.847 W/Finsky  ( 6985): [2] STU: Failed to get storage stats for package 'com.google.android.neuralnetworks' (1601: Error getting stats: android.content.pm.PackageManager.NameNotFoundException)
05-12 04:03:45.850 W/Finsky  ( 6985): [2] STU: Failed to get storage stats for package 'com.google.android.ipsec' (1601: Error getting stats: android.content.pm.PackageManager.NameNotFoundException)
05-12 04:03:45.859 I/artd    (30714): GetBestInfo: odex next to the dex file (/data/app/~~XLnEbW5nb-PR0TYv5KwG6A==/com.motorola.help-80mc2_iIHuqKb21l8V_4gQ==/oat/arm64/base.odex) is kOatUpToDate with filter 'speed-profile' executable 'false'
05-12 04:03:45.870 I/artd    (30714): GetBestInfo: odex next to the dex file (/data/app/~~iHABOIT4VUSeOkQvrtN1qg==/com.kbstar.kbbank-BnpCzkZVb5s8IfVjeBJ20w==/oat/arm64/base.odex) is kOatUpToDate with filter 'speed-profile' executable 'false'
05-12 04:03:45.879 I/artd    (30714): GetBestInfo: odex next to the dex file (/data/app/~~UezG9uDHkWMvq5zHQ7Zekw==/com.google.android.as.oss-ZKVVzSVwSUhFml2hiK1F9g==/oat/arm64/base.odex) is kOatUpToDate with filter 'speed-profile' executable 'false'
05-12 04:03:45.890 W/Finsky  ( 6985): [2] STU: Failed to get storage stats for package 'com.google.android.ondevicepersonalization' (1601: Error getting stats: android.content.pm.PackageManager.NameNotFoundException)
05-12 04:03:45.901 I/artd    (30714): GetBestInfo: odex next to the dex file (/data/app/~~rgn4KED6XxFKZjEX7-CFlw==/kr.co.burgerkinghybrid-o4YYE_ggyyszugp5TeuH8Q==/oat/arm64/base.odex) is kOatUpToDate with filter 'speed-profile' executable 'false'
05-12 04:03:45.910 W/Finsky  ( 6985): [2] STU: Failed to get storage stats for package 'com.google.android.healthfitness' (1601: Error getting stats: android.content.pm.PackageManager.NameNotFoundException)
05-12 04:03:45.923 I/artd    (30714): GetBestInfo: vdex next to the dex file (/data/app/~~ZZs-AEJueQ5lhKd2qErxpg==/com.facebook.appmanager-aimFrRJB1e2GahBn-GIW-g==/oat/arm64/base.vdex) is kOatUpToDate with filter 'verify' executable 'false'
05-12 04:03:45.961 I/artd    (30714): GetBestInfo: odex next to the dex file (/data/app/~~29t_o6cabUOc-oIw3iP13Q==/com.sampleapp--1F_nmXnfduQbugm_TYG7Q==/oat/arm64/base.odex) is kOatUpToDate with filter 'speed-profile' executable 'false'
05-12 04:03:45.964 I/artd    (30714): GetBestInfo: dm (/data/app/~~29t_o6cabUOc-oIw3iP13Q==/com.sampleapp--1F_nmXnfduQbugm_TYG7Q==/split_baemincall.dm) is kOatUpToDate with filter 'verify' executable 'false'
05-12 04:03:46.016 I/artd    (30714): GetBestInfo: odex next to the dex file (/data/app/~~cSI6YIOmEiT4e6jeAG7HWQ==/com.wooricard.wpay-dwCthNU365WWVMYPNTIfRQ==/oat/arm64/base.odex) is kOatUpToDate with filter 'speed-profile' executable 'false'
05-12 04:03:46.043 I/artd    (30714): GetBestInfo: odex next to the dex file (/data/app/~~81bK0_g81iS-P8GfQ9-iQQ==/com.mcdonalds.mobileapp-ZIJJmA0YD4EOZ1c6rlagHQ==/oat/arm64/base.odex) is kOatUpToDate with filter 'speed-profile' executable 'false'
05-12 04:03:46.056 I/artd    (30714): GetBestInfo: odex next to the dex file (/data/app/~~WPnem-Qa-tVZR3tln2ptZQ==/com.ferrero.applaydufriendsgp-dkewydoCM6TukLgI5-P_VA==/oat/arm64/base.odex) is kOatUpToDate with filter 'speed-profile' executable 'false'
05-12 04:03:46.061 W/Finsky  ( 6985): [2] STU: Failed to get storage stats for package 'com.android.uwb' (1601: Error getting stats: android.content.pm.PackageManager.NameNotFoundException)
05-12 04:03:46.062 W/Finsky  ( 6985): [2] STU: Failed to get storage stats for package 'com.google.android.extservices' (1601: Error getting stats: android.content.pm.PackageManager.NameNotFoundException)
05-12 04:03:46.073 I/artd    (30714): GetBestInfo: odex next to the dex file (/data/app/~~Xwn5i8UZfv8XHZl2qbat7g==/com.google.android.apps.kids.familylink-hquCa1NojbbjxNYqUKVdTQ==/oat/arm64/base.odex) is kOatUpToDate with filter 'speed-profile' executable 'false'
05-12 04:03:46.092 I/artd    (30714): GetBestInfo: odex next to the dex file (/data/app/~~X65seTrThihBWjHUiFI-fg==/com.F1.ShinSG-dTIxW1l4r3XKscVqFTlnzw==/oat/arm64/base.odex) is kOatUpToDate with filter 'speed-profile' executable 'false'
05-12 04:03:46.103 I/artd    (30714): GetBestInfo: odex next to the dex file (/data/app/~~x9HLlNC4RzXDAeRG_kEooA==/com.motorola.motcameradesktop-4UG6RxHBSjLZhqKIDrA6ag==/oat/arm64/base.odex) is kOatUpToDate with filter 'speed-profile' executable 'false'
05-12 04:03:46.113 I/artd    (30714): GetBestInfo: odex next to the dex file (/data/app/~~8ybJoFp0SCe7QlUyzykmww==/com.android.vending-qTJU_-ueQ6UHgeoXlZSynA==/oat/arm64/base.odex) is kOatUpToDate with filter 'speed-profile' executable 'false'
05-12 04:03:46.115 I/artd    (30714): GetBestInfo: vdex next to the dex file (/data/user/0/com.android.vending/app_dg_cache/87E7746227FF4E457A2EB56043B95E41006DE49F/oat/arm64/the.vdex) is kOatUpToDate with filter 'verify' executable 'false'
05-12 04:03:46.116 I/artd    (30714): GetBestInfo: vdex next to the dex file (/data/user/0/com.android.vending/app_dg_cache/A8F89F306FD1BA172E06F6F2B9F79826D0309BB6/oat/arm64/the.vdex) is kOatUpToDate with filter 'verify' executable 'false'
05-12 04:03:46.119 I/artd    (30714): GetBestInfo: odex next to the dex file (/data/user/0/com.android.vending/app_dg_cache/21A90BF1C1C388089206DCE215FB60D7882BFA18/oat/arm64/the.odex) is kOatUpToDate with filter 'verify' executable 'false'
05-12 04:03:46.138 I/artd    (30714): GetBestInfo: odex next to the dex file (/data/app/~~pJ4cgvLqdLu9upEU2ZE0kg==/com.TouchEn.mVaccine.webs-8uG84rmhhfwFRVZX23K1MQ==/oat/arm64/base.odex) is kOatUpToDate with filter 'speed-profile' executable 'false'
05-12 04:03:46.169 I/artd    (30714): GetBestInfo: odex next to the dex file (/data/app/~~HC_hUOX-7vM9ZCiSVICjEg==/com.google.android.apps.nbu.files-uOHzGJodFrgUpFerR0EeSQ==/oat/arm64/base.odex) is kOatUpToDate with filter 'speed-profile' executable 'false'
05-12 04:03:46.203 I/artd    (30714): GetBestInfo: odex next to the dex file (/data/app/~~5Clsj_K_t7aDlrsJeoReaQ==/com.towneers.www-WvfGDqr5zUYhsP58nIu5Cw==/oat/arm64/base.odex) is kOatUpToDate with filter 'speed-profile' executable 'false'
05-12 04:03:46.227 I/artd    (30714): GetBestInfo: odex next to the dex file (/data/app/~~UguTCZenakTaFlugVKADlQ==/com.cassette.aquapark-o6FsrLn9Nf6fXifr92AWew==/oat/arm64/base.odex) is kOatUpToDate with filter 'speed-profile' executable 'false'
05-12 04:03:46.228 I/artd    (30714): GetBestInfo: vdex next to the dex file (/data/user/0/com.cassette.aquapark/app_pccache/5/A4A3883B62E64477497A21E502C207B1868F77D8/oat/arm64/pcam.vdex) is kOatUpToDate with filter 'verify' executable 'false'
05-12 04:03:46.229 I/artd    (30714): GetBestInfo: vdex next to the dex file (/data/user/0/com.cassette.aquapark/cache/oat/arm64/google_api_resources_lib.vdex) is kOatUpToDate with filter 'verify' executable 'false'
05-12 04:03:46.230 I/artd    (30714): GetBestInfo: vdex next to the dex file (/data/user/0/com.cassette.aquapark/app_pccache/5/591C52BA23C4E0E4C6EB8A94DE92F532A215A628/oat/arm64/pcam.vdex) is kOatUpToDate with filter 'verify' executable 'false'
05-12 04:03:46.231 I/artd    (30714): GetBestInfo: vdex next to the dex file (/data/user/0/com.cassette.aquapark/cache/oat/arm64/app_resources_lib.vdex) is kOatUpToDate with filter 'verify' executable 'false'
05-12 04:03:46.272 I/artd    (30714): GetBestInfo: odex next to the dex file (/data/app/~~7Q_XKBlepm7eWGTlPJzFwQ==/com.kakaopay.app-mvmfu2EDmWVXTwEt-OfXXQ==/oat/arm64/base.odex) is kOatUpToDate with filter 'speed-profile' executable 'false'
05-12 04:03:46.290 I/artd    (30714): GetBestInfo: odex next to the dex file (/data/app/~~lNOekAK2stZSX7gPFy1T6w==/com.google.android.apps.chromecast.app-GvLwcgaYadwbi4TnEcKRmw==/oat/arm64/base.odex) is kOatUpToDate with filter 'speed-profile' executable 'false'
05-12 04:03:46.312 I/artd    (30714): GetBestInfo: odex next to the dex file (/data/app/~~ewWIqJrV1IVm7cvRxmoKTw==/com.google.android.youtube-FLDrQpyE8SvI_tkDVFlIdQ==/oat/arm64/base.odex) is kOatUpToDate with filter 'speed-profile' executable 'false'
05-12 04:03:46.315 I/artd    (30714): GetBestInfo: vdex next to the dex file (/data/user/0/com.google.android.youtube/app_pccache2/5/31A608BBC774481EC4B6A2274A0729389E78E19D/oat/arm64/pcam.vdex) is kOatUpToDate with filter 'verify' executable 'false'
05-12 04:03:46.318 I/artd    (30714): GetBestInfo: vdex next to the dex file (/data/user/0/com.google.android.youtube/app_pccache/5/092940B270D6635C3081F004DD99A26CC95EADE3/oat/arm64/pcam.vdex) is kOatUpToDate with filter 'verify' executable 'false'
05-12 04:03:46.321 I/artd    (30714): GetBestInfo: vdex next to the dex file (/data/user/0/com.google.android.youtube/app_pccache/5/1CEDD60EE1DEB4A5D57108096C421D8F03173B2C/oat/arm64/pcam.vdex) is kOatUpToDate with filter 'verify' executable 'false'
05-12 04:03:46.324 I/artd    (30714): GetBestInfo: vdex next to the dex file (/data/user/0/com.google.android.youtube/app_pccache2/5/570F2F567A7BD29610D50DF58B388F1BEB118159/oat/arm64/pcam.vdex) is kOatUpToDate with filter 'verify' executable 'false'
05-12 04:03:46.334 I/artd    (30714): GetBestInfo: odex next to the dex file (/data/app/~~pQfs9CG-olzElotNOM8czQ==/com.dti.motorola-0lu7vrvjkL13QJs9BR-9Uw==/oat/arm64/base.odex) is kOatUpToDate with filter 'speed-profile' executable 'false'
05-12 04:03:46.335 I/artd    (30714): GetBestInfo: odex next to the dex file (/data/app/~~pQfs9CG-olzElotNOM8czQ==/com.dti.motorola-0lu7vrvjkL13QJs9BR-9Uw==/oat/arm64/split_attribution.odex) is kOatUpToDate with filter 'speed-profile' executable 'false'
05-12 04:03:46.337 I/artd    (30714): GetBestInfo: odex next to the dex file (/data/app/~~pQfs9CG-olzElotNOM8czQ==/com.dti.motorola-0lu7vrvjkL13QJs9BR-9Uw==/oat/arm64/split_contentMedia.odex) is kOatUpToDate with filter 'speed-profile' executable 'false'
05-12 04:03:46.338 I/artd    (30714): GetBestInfo: odex next to the dex file (/data/app/~~pQfs9CG-olzElotNOM8czQ==/com.dti.motorola-0lu7vrvjkL13QJs9BR-9Uw==/oat/arm64/split_dynamicInstalls.odex) is kOatUpToDate with filter 'speed-profile' executable 'false'
05-12 04:03:46.340 I/artd    (30714): GetBestInfo: odex next to the dex file (/data/app/~~pQfs9CG-olzElotNOM8czQ==/com.dti.motorola-0lu7vrvjkL13QJs9BR-9Uw==/oat/arm64/split_igniteCompat.odex) is kOatUpToDate with filter 'speed-profile' executable 'false'
05-12 04:03:46.342 I/artd    (30714): GetBestInfo: odex next to the dex file (/data/app/~~pQfs9CG-olzElotNOM8czQ==/com.dti.motorola-0lu7vrvjkL13QJs9BR-9Uw==/oat/arm64/split_motorola.odex) is kOatUpToDate with filter 'speed-profile' executable 'false'
05-12 04:03:46.344 I/artd    (30714): GetBestInfo: odex next to the dex file (/data/app/~~pQfs9CG-olzElotNOM8czQ==/com.dti.motorola-0lu7vrvjkL13QJs9BR-9Uw==/oat/arm64/split_notification.odex) is kOatUpToDate with filter 'speed-profile' executable 'false'
05-12 04:03:46.347 I/artd    (30714): GetBestInfo: odex next to the dex file (/data/app/~~pQfs9CG-olzElotNOM8czQ==/com.dti.motorola-0lu7vrvjkL13QJs9BR-9Uw==/oat/arm64/split_packageUsageStats.odex) is kOatUpToDate with filter 'speed-profile' executable 'false'
05-12 04:03:46.349 I/artd    (30714): GetBestInfo: odex next to the dex file (/data/app/~~pQfs9CG-olzElotNOM8czQ==/com.dti.motorola-0lu7vrvjkL13QJs9BR-9Uw==/oat/arm64/split_serviceLayer.odex) is kOatUpToDate with filter 'speed-profile' executable 'false'
05-12 04:03:46.352 I/artd    (30714): GetBestInfo: odex next to the dex file (/data/app/~~pQfs9CG-olzElotNOM8czQ==/com.dti.motorola-0lu7vrvjkL13QJs9BR-9Uw==/oat/arm64/split_singleTap.odex) is kOatUpToDate with filter 'speed-profile' executable 'false'
05-12 04:03:46.355 I/artd    (30714): GetBestInfo: vdex next to the dex file (/data/app/~~pQfs9CG-olzElotNOM8czQ==/com.dti.motorola-0lu7vrvjkL13QJs9BR-9Uw==/oat/arm64/split_ui.vdex) is kOatUpToDate with filter 'verify' executable 'false'
05-12 04:03:46.358 I/artd    (30714): GetBestInfo: vdex next to the dex file (/data/app/~~pQfs9CG-olzElotNOM8czQ==/com.dti.motorola-0lu7vrvjkL13QJs9BR-9Uw==/oat/arm64/split_webview.vdex) is kOatUpToDate with filter 'verify' executable 'false'
05-12 04:03:46.361 I/artd    (30714): GetBestInfo: odex next to the dex file (/data/app/~~pQfs9CG-olzElotNOM8czQ==/com.dti.motorola-0lu7vrvjkL13QJs9BR-9Uw==/oat/arm64/split_wizard.odex) is kOatUpToDate with filter 'speed-profile' executable 'false'
05-12 04:03:46.409 W/Finsky  ( 6985): [2] STU: Failed to get storage stats for package 'com.google.android.os.statsd' (1601: Error getting stats: android.content.pm.PackageManager.NameNotFoundException)
05-12 04:03:46.441 I/artd    (30714): GetBestInfo: odex next to the dex file (/data/app/~~11Knoe9A5uKUpayY9GM0LQ==/kr.co.samsungcard.mpocket-H349ifQmfBnFOZk8goZNrg==/oat/arm64/base.odex) is kOatUpToDate with filter 'speed-profile' executable 'false'
05-12 04:03:46.465 I/artd    (30714): GetBestInfo: odex next to the dex file (/data/app/~~IDSx2Z4Bx22rX48ddksebA==/com.vaultmicro.kidsnote-nfoUhILc3zzlG6knVc5LhA==/oat/arm64/base.odex) is kOatUpToDate with filter 'speed-profile' executable 'false'
05-12 04:03:46.474 I/artd    (30714): GetBestInfo: odex next to the dex file (/data/app/~~ox9uTMchYgvqrl9uW9tiUw==/com.lguplus.tsmproxy-2upQ4hppxZxDlH41k5M3ww==/oat/arm64/base.odex) is kOatUpToDate with filter 'speed-profile' executable 'false'
05-12 04:03:46.479 I/artd    (30714): GetBestInfo: odex next to the dex file (/data/app/~~kH2cIolNIhsJ_VSZvOcXFA==/com.motorola.installer-FZKVsWjjzjD-BKWRnI_tKQ==/oat/arm64/base.odex) is kOatUpToDate with filter 'speed-profile' executable 'false'
05-12 04:03:46.491 I/artd    (30714): GetBestInfo: odex next to the dex file (/data/app/~~F6d8_IkrIDGwi7K7i6k1qg==/com.hanwha.lifeplus.tribes.app-FcBnIw6Ty_8NFH3MtGbfGA==/oat/arm64/base.odex) is kOatUpToDate with filter 'speed-profile' executable 'false'
05-12 04:03:46.505 I/artd    (30714): GetBestInfo: odex next to the dex file (/data/app/~~1kaWf33BVwbX8m4zbQI7kQ==/com.motorola.livewallpaper3-EqrlmWcfnXpucNJQsNoVSA==/oat/arm64/base.odex) is kOatUpToDate with filter 'speed-profile' executable 'false'
05-12 04:03:46.508 I/artd    (30714): GetBestInfo: /data/app/~~-EVqqn49eBRFmce67nM9hQ==/com.hyeni.calendar-Cb23-yojh3BQZFnNIWRMVw==/base.apk has no usable artifacts
05-12 04:03:46.511 W/Finsky  ( 6985): [2] STU: Failed to get storage stats for package 'com.android.rkpd' (1601: Error getting stats: android.content.pm.PackageManager.NameNotFoundException)
05-12 04:03:46.528 I/artd    (30714): GetBestInfo: odex next to the dex file (/data/app/~~8_hleA8cEz_QxxeWYxi2xw==/io.voodoo.paper2-6AGWZp3Xlc6G7kky55-lhA==/oat/arm64/base.odex) is kOatUpToDate with filter 'speed-profile' executable 'false'
05-12 04:03:46.530 I/artd    (30714): GetBestInfo: vdex next to the dex file (/data/user/0/io.voodoo.paper2/app_pccache/5/A4A3883B62E64477497A21E502C207B1868F77D8/oat/arm64/pcam.vdex) is kOatUpToDate with filter 'verify' executable 'false'
05-12 04:03:46.530 I/artd    (30714): GetBestInfo: odex next to the dex file (/data/user/0/io.voodoo.paper2/cache/oat/arm64/google_api_resources_lib.odex) is kOatUpToDate with filter 'verify' executable 'false'
05-12 04:03:46.531 I/artd    (30714): GetBestInfo: vdex next to the dex file (/data/user/0/io.voodoo.paper2/app_pccache/5/591C52BA23C4E0E4C6EB8A94DE92F532A215A628/oat/arm64/pcam.vdex) is kOatUpToDate with filter 'verify' executable 'false'
05-12 04:03:46.532 I/artd    (30714): GetBestInfo: odex next to the dex file (/data/user/0/io.voodoo.paper2/cache/oat/arm64/app_resources_lib.odex) is kOatUpToDate with filter 'verify' executable 'false'
05-12 04:03:46.546 I/artd    (30714): GetBestInfo: odex next to the dex file (/data/app/~~szIkYcy2JjmkzosEe-6czw==/com.auctionmsg.app-xfhMbtRQNZs27ihBUtcaWQ==/oat/arm64/base.odex) is kOatUpToDate with filter 'speed-profile' executable 'false'
05-12 04:03:46.555 W/Finsky  ( 6985): [2] STU: Failed to get storage stats for package 'com.google.android.scheduling' (1601: Error getting stats: android.content.pm.PackageManager.NameNotFoundException)
05-12 04:03:46.573 I/artd    (30714): GetBestInfo: odex next to the dex file (/data/app/~~u15nXJ3O8jUZktum218BdA==/com.google.android.gm-Awza6CaH59h1PfYgB8nIdA==/oat/arm64/base.odex) is kOatUpToDate with filter 'speed-profile' executable 'false'
05-12 04:03:46.591 I/artd    (30714): GetBestInfo: odex next to the dex file (/data/app/~~xOacVOD2mmNlJZhRa7zF1A==/com.kakao.talk-SBZgknUAHLC-bKIep8shpw==/oat/arm64/base.odex) is kOatUpToDate with filter 'speed-profile' executable 'false'
05-12 04:03:46.597 I/artd    (30714): GetBestInfo: dm (/data/app/~~xOacVOD2mmNlJZhRa7zF1A==/com.kakao.talk-SBZgknUAHLC-bKIep8shpw==/split_vox_vfx.dm) is kOatUpToDate with filter 'verify' executable 'false'
05-12 04:03:46.620 I/artd    (30714): GetBestInfo: odex next to the dex file (/data/app/~~RXm3IrZkMY1lBh3AVnWTBA==/com.google.android.inputmethod.latin-1fqYWcOf1BLCr584pP2qyQ==/oat/arm64/base.odex) is kOatUpToDate with filter 'speed-profile' executable 'false'
05-12 04:03:46.621 I/android.hardware.thermal@2.0-service.qti-v2( 3383): Sensor Name:skin1 temp: 27.438. prev severity:0. cur severity:0 New severity:0
05-12 04:03:46.632 I/artd    (30714): GetBestInfo: odex next to the dex file (/data/app/~~vdHs6pU2fV5YFzQThOyITw==/com.google.android.calendar-WqGQl2hqHL5DBnNpX1iiag==/oat/arm64/base.odex) is kOatUpToDate with filter 'speed-profile' executable 'false'
05-12 04:03:46.651 I/Finsky  ( 6985): [2] App states replicator found 163 unowned apps
05-12 04:03:47.978 I/Finsky  ( 6985): [212] Completed 1 account content syncs with 1 successful.
05-12 04:03:47.979 I/Finsky  ( 6985): [2] [ContentSync] Installation state replication succeeded.
05-12 04:03:47.979 I/Finsky  ( 6985): [2] SCH: jobFinished: 12-1. TimeElapsed: 7276ms.
05-12 04:03:47.980 I/Finsky  ( 6985): [2] WM::SCH: Logging work end for 12-1
05-12 04:03:47.990 I/Finsky  ( 6985): [59] SCH: Scheduling phonesky job Id: 1-1337, CT: 1778515042000, Constraints: [{ L: 42841426, D: 86041426, C: CHARGING_NONE, I: IDLE_NONE, N: NET_ANY, B: BATTERY_ANY }]
05-12 04:03:47.990 I/Finsky  ( 6985): [59] SCH: Scheduling phonesky job Id: 34-2382, CT: 1778474365353, Constraints: [{ L: 604800000, D: 2447032061, C: CHARGING_NONE, I: IDLE_NONE, N: NET_ANY, B: BATTERY_ANY }]
05-12 04:03:47.990 I/Finsky  ( 6985): [59] SCH: Scheduling phonesky job Id: 34-2386, CT: 1778474365353, Constraints: [{ L: 604800000, D: 2526478776, C: CHARGING_NONE, I: IDLE_NONE, N: NET_ANY, B: BATTERY_ANY }]
05-12 04:03:47.991 I/Finsky  ( 6985): [59] SCH: Scheduling phonesky job Id: 34-2389, CT: 1778491621192, Constraints: [{ L: 79199715, D: 1375199715, C: CHARGING_NONE, I: IDLE_NONE, N: NET_ANY, B: BATTERY_ANY }]
05-12 04:03:47.991 I/Finsky  ( 6985): [59] SCH: Scheduling phonesky job Id: 34-2390, CT: 1778491621803, Constraints: [{ L: 604800000, D: 2591999472, C: CHARGING_NONE, I: IDLE_NONE, N: NET_ANY, B: BATTERY_ANY }]
05-12 04:03:47.994 I/Finsky  ( 6985): [57] SCH: Scheduling 1 system job(s)
05-12 04:03:47.995 I/Finsky  ( 6985): [57] SCH: Scheduling system job Id: 9560, L: 31655432, D: 74855432, C: false, I: false, N: 1
05-12 04:03:48.002 I/Finsky  ( 6985): [211] SCH: job service finished with id 9552.
05-12 04:03:48.003 D/PowerManagerService( 2878): handleSandman ignore 1
05-12 04:03:48.013 W/JobScheduler.JobStatus( 2878): Exempted app com.dti.motorola considered buggy
05-12 04:03:49.936 D/PowerManagerService( 2878): handleSandman ignore 1
05-12 04:03:49.939 D/PowerUI ( 3765): can't show warning due to - plugged: true status unknown: false
05-12 04:03:49.940 V/UiModeManager( 2878): updateLocked: null action, mDockState=0, category=null
05-12 04:03:49.940 D/UiModeManager( 2878): updateConfigurationLocked: mDockState=0; mCarMode=false; mNightMode=com.android.server.UiModeManagerService$1@56aa2d4; mNightModeCustomType=-1; uiMode=17
05-12 04:03:50.195 D/BoundBrokerSvc( 4848): onUnbind: Intent { act=com.google.android.gms.people.contactssync.service.START dat=chimera-action:/... cmp=com.google.android.gms/.chimera.GmsBoundBrokerService }
05-12 04:03:51.154 D/BoundBrokerSvc( 4147): onUnbind: Intent { act=com.google.android.gms.libs.gmscorelogger.service.START dat=chimera-action:/... cmp=com.google.android.gms/.chimera.PersistentDirectBootAwareApiService }
05-12 04:03:51.621 I/android.hardware.thermal@2.0-service.qti-v2( 3383): Sensor Name:skin1 temp: 27.461. prev severity:0. cur severity:0 New severity:0
05-12 04:03:52.961 D/FileUtils( 2878): Rounded bytes from 7638405120 to 8000000000
05-12 04:03:52.975 W/brella.TrainingJob(22054): Training ended with error (hasRetryWindow=true). 
05-12 04:03:52.984 D/PowerManagerService( 2878): nativeReleaseSuspendBlocker name:PowerManagerService.WakeLocks duration ms: 1
05-12 04:03:52.984 D/PowerManagerService( 2878): handleSandman ignore 1
05-12 04:03:52.986 W/JobScheduler( 2878): Job didn't exist in JobStore: e2ae4f4 #u0a294/466175624 com.google.android.contacts/com.google.android.gms.learning.internal.training.InAppJobService
05-12 04:03:54.421 D/ActivityManager( 2878): freezing 30724 com.android.keychain, reason = oom_cached
05-12 04:03:54.425 D/ActivityManager( 2878): freezing 20982 com.android.settings, reason = oom_cached
05-12 04:03:55.022 D/ActivityManager( 2878): freezing 7052 com.dti.motorola, reason = oom_cached
05-12 04:03:55.027 D/InetDiagMessage( 2878): Destroyed 0 sockets, proto=IPPROTO_TCP, family=AF_INET, states=14
05-12 04:03:55.028 D/InetDiagMessage( 2878): Destroyed 0 sockets, proto=IPPROTO_TCP, family=AF_INET6, states=14
05-12 04:03:55.028 D/InetDiagMessage( 2878): Destroyed live tcp sockets for uids={10560} in 3ms
05-12 04:03:56.622 I/android.hardware.thermal@2.0-service.qti-v2( 3383): Sensor Name:skin1 temp: 27.442. prev severity:0. cur severity:0 New severity:0
05-12 04:03:58.001 D/InetDiagMessage( 2878): Destroyed 0 sockets, proto=IPPROTO_TCP, family=AF_INET, states=14
05-12 04:03:58.005 D/InetDiagMessage( 2878): Destroyed 0 sockets, proto=IPPROTO_TCP, family=AF_INET6, states=14
05-12 04:03:58.005 D/InetDiagMessage( 2878): Destroyed live tcp sockets for uids={10294} in 7ms
05-12 04:03:58.008 D/InetDiagMessage( 2878): Destroyed 0 sockets, proto=IPPROTO_TCP, family=AF_INET, states=14
05-12 04:03:58.012 D/InetDiagMessage( 2878): Destroyed 0 sockets, proto=IPPROTO_TCP, family=AF_INET6, states=14
05-12 04:03:58.012 D/InetDiagMessage( 2878): Destroyed live tcp sockets for uids={20294} in 6ms
05-12 04:03:58.810 D/PowerManagerService( 2878): nativeAcquireSuspendBlocker name:PowerManagerService.WakeLocks duration ms: 2
05-12 04:03:58.811 D/PowerManagerService( 2878): handleSandman ignore 1
05-12 04:03:58.828 D/PowerManagerService( 2878): handleSandman ignore 1
05-12 04:03:58.835 D/PowerManagerService( 2878): handleSandman ignore 1
05-12 04:03:58.841 I/NetworkScheduler.Stats( 4147): (REDACTED) Task %s/%s started execution. cause:%s exec_start_elapsed_seconds: %s
05-12 04:03:58.843 D/PowerManagerService( 2878): nativeReleaseSuspendBlocker name:PowerManagerService.WakeLocks duration ms: 1
05-12 04:03:58.843 D/PowerManagerService( 2878): handleSandman ignore 1
05-12 04:03:58.845 D/PowerManagerService( 2878): nativeAcquireSuspendBlocker name:PowerManagerService.WakeLocks duration ms: 1
05-12 04:03:58.846 D/PowerManagerService( 2878): handleSandman ignore 1
05-12 04:03:58.846 I/NetworkScheduler.Stats( 4147): (REDACTED) Task %s/%s finished executing. cause:%s result: %s elapsed_millis: %s uptime_millis: %s exec_start_elapsed_seconds: %s
05-12 04:03:58.854 D/PowerManagerService( 2878): nativeReleaseSuspendBlocker name:PowerManagerService.WakeLocks duration ms: 0
05-12 04:03:58.854 D/PowerManagerService( 2878): handleSandman ignore 1
05-12 04:04:01.621 I/android.hardware.thermal@2.0-service.qti-v2( 3383): Sensor Name:skin1 temp: 27.392. prev severity:0. cur severity:0 New severity:0
05-12 04:04:02.988 D/ActivityManager( 2878): freezing 22141 com.google.android.contacts:learning_bg, reason = oom_cached
05-12 04:04:02.991 D/ActivityManager( 2878): freezing 22054 com.google.android.contacts, reason = oom_cached
05-12 04:04:03.108 D/InetDiagMessage( 2878): Destroyed 0 sockets, proto=IPPROTO_TCP, family=AF_INET, states=14
05-12 04:04:03.109 D/InetDiagMessage( 2878): Destroyed 0 sockets, proto=IPPROTO_TCP, family=AF_INET6, states=14
05-12 04:04:03.109 D/InetDiagMessage( 2878): Destroyed live tcp sockets for uids={10294} in 3ms
05-12 04:04:06.623 I/android.hardware.thermal@2.0-service.qti-v2( 3383): Sensor Name:skin1 temp: 27.336. prev severity:0. cur severity:0 New severity:0
05-12 04:04:06.967 D/IpClient/wlan0( 3793): interfaceLinkStateChanged: ifindex 27 up
05-12 04:04:08.850 I/GmscoreIpa( 4848): Starting mediastore instant index [CONTEXT service_id=255 ]
05-12 04:04:11.622 I/android.hardware.thermal@2.0-service.qti-v2( 3383): Sensor Name:skin1 temp: 27.317. prev severity:0. cur severity:0 New severity:0
05-12 04:04:16.623 I/android.hardware.thermal@2.0-service.qti-v2( 3383): Sensor Name:skin1 temp: 27.25. prev severity:0. cur severity:0 New severity:0
05-12 04:04:21.622 I/android.hardware.thermal@2.0-service.qti-v2( 3383): Sensor Name:skin1 temp: 27.21. prev severity:0. cur severity:0 New severity:0
05-12 04:04:25.915 D/ActivityManager( 2878): freezing 4848 com.google.android.gms, reason = oom_cached
05-12 04:04:26.621 I/android.hardware.thermal@2.0-service.qti-v2( 3383): Sensor Name:skin1 temp: 27.162. prev severity:0. cur severity:0 New severity:0
05-12 04:04:31.623 I/android.hardware.thermal@2.0-service.qti-v2( 3383): Sensor Name:skin1 temp: 27.155. prev severity:0. cur severity:0 New severity:0
05-12 04:04:36.623 I/android.hardware.thermal@2.0-service.qti-v2( 3383): Sensor Name:skin1 temp: 27.124. prev severity:0. cur severity:0 New severity:0
05-12 04:04:41.374 D/PowerManagerService( 2878): handleSandman ignore 1
05-12 04:04:41.375 V/UiModeManager( 2878): updateLocked: null action, mDockState=0, category=null
05-12 04:04:41.375 D/UiModeManager( 2878): updateConfigurationLocked: mDockState=0; mCarMode=false; mNightMode=com.android.server.UiModeManagerService$1@56aa2d4; mNightModeCustomType=-1; uiMode=17
05-12 04:04:41.378 D/PowerUI ( 3765): can't show warning due to - plugged: true status unknown: false
05-12 04:04:41.624 I/android.hardware.thermal@2.0-service.qti-v2( 3383): Sensor Name:skin1 temp: 27.104. prev severity:0. cur severity:0 New severity:0
05-12 04:04:45.030 W/JobScheduler.JobStatus( 2878): Exempted app com.dti.motorola considered buggy
05-12 04:04:45.030 W/JobScheduler.JobStatus( 2878): Exempted app com.dti.motorola considered buggy
05-12 04:04:46.623 I/android.hardware.thermal@2.0-service.qti-v2( 3383): Sensor Name:skin1 temp: 27.064. prev severity:0. cur severity:0 New severity:0
05-12 04:04:47.199 I/vendor.rmt_storage( 1909): rmt_storage_connect_cb: clnt_h=0x14 conn_h=0xb400007459670550
05-12 04:04:47.199 I/vendor.rmt_storage( 1909): rmt_storage_rw_iovec_cb: /boot/modem_fs1: req_h=0x14 msg_id=3: R/W request received (wr_count 14)
05-12 04:04:47.199 I/vendor.rmt_storage( 1909): Write iovec request (req_h 0x14 wr_count 14) received for /boot/modem_fs1
05-12 04:04:47.199 I/vendor.rmt_storage( 1909): rw_iovec client->path = /boot/modem_fs1
05-12 04:04:47.199 I/vendor.rmt_storage( 1909): wakelock acquired: 1, error no: 11
05-12 04:04:47.200 I/vendor.rmt_storage( 1909): rmt_storage_client_thread: /boot/modem_fs1: Unblock worker thread (th_id: 496491936992)
05-12 04:04:47.200 I/vendor.rmt_storage( 1909): Calling Write [offset=0, size=2621440, req_h 0x14, wr_count 14] for /boot/modem_fs1!
05-12 04:04:47.282 I/vendor.rmt_storage( 1909): Done Write (bytes = 2621440, req_h 0x14, wr_count 14) for /boot/modem_fs1!
05-12 04:04:47.282 I/vendor.rmt_storage( 1909): rmt_storage_client_thread: /boot/modem_fs1: req_h=0x14 msg_id=3: Bytes written = 2621440, wr_count 14
05-12 04:04:47.283 I/vendor.rmt_storage( 1909): rmt_storage_client_thread: /boot/modem_fs1: req_h=0x14 msg_id=3: Send response: res=0 err=0, wr_count 14
05-12 04:04:47.283 I/vendor.rmt_storage( 1909): rmt_storage_client_thread: /boot/modem_fs1: About to block rmt_storage client thread (th_id: 496491936992) wakelock released: 1, error no: 0
05-12 04:04:47.283 I/vendor.rmt_storage( 1909): 
05-12 04:04:47.284 E/minksocket( 1675): MinkIPC_QRTR_Service: client with node 0 port ca went down
05-12 04:04:47.284 I/vendor.rmt_storage( 1909): rmt_storage_disconnect_cb: clnt_h=0x14 conn_h=0xb400007459670550
05-12 04:04:51.622 I/android.hardware.thermal@2.0-service.qti-v2( 3383): Sensor Name:skin1 temp: 27.049. prev severity:0. cur severity:0 New severity:0
05-12 04:04:56.622 I/android.hardware.thermal@2.0-service.qti-v2( 3383): Sensor Name:skin1 temp: 27.016. prev severity:0. cur severity:0 New severity:0
05-12 04:05:01.622 I/android.hardware.thermal@2.0-service.qti-v2( 3383): Sensor Name:skin1 temp: 26.996. prev severity:0. cur severity:0 New severity:0
05-12 04:05:06.622 I/android.hardware.thermal@2.0-service.qti-v2( 3383): Sensor Name:skin1 temp: 26.963. prev severity:0. cur severity:0 New severity:0
05-12 04:05:11.623 I/android.hardware.thermal@2.0-service.qti-v2( 3383): Sensor Name:skin1 temp: 26.951. prev severity:0. cur severity:0 New severity:0
05-12 04:05:16.624 I/android.hardware.thermal@2.0-service.qti-v2( 3383): Sensor Name:skin1 temp: 26.935. prev severity:0. cur severity:0 New severity:0
05-12 04:05:21.622 I/android.hardware.thermal@2.0-service.qti-v2( 3383): Sensor Name:skin1 temp: 26.91. prev severity:0. cur severity:0 New severity:0
05-12 04:05:26.622 I/android.hardware.thermal@2.0-service.qti-v2( 3383): Sensor Name:skin1 temp: 26.908. prev severity:0. cur severity:0 New severity:0
05-12 04:05:31.623 I/android.hardware.thermal@2.0-service.qti-v2( 3383): Sensor Name:skin1 temp: 26.889. prev severity:0. cur severity:0 New severity:0
05-12 04:05:36.622 I/android.hardware.thermal@2.0-service.qti-v2( 3383): Sensor Name:skin1 temp: 26.878. prev severity:0. cur severity:0 New severity:0
05-12 04:05:40.243 V/PowerManager( 2878): wakeUp time=19594825 reason=WAKE_REASON_WAKE_KEY details=android.policy:KEY by (android) callers=com.android.server.policy.WindowWakeUpPolicy.wakeUp:249 com.android.server.policy.WindowWakeUpPolicy.wakeUpFromKey:129 com.android.server.policy.PhoneWindowManager.wakeUpFromWakeKey:7734 
05-12 04:05:40.243 I/PowerGroup( 2878): Waking up power group from Dozing (groupId=0, uid=1000, reason=WAKE_REASON_WAKE_KEY, details=android.policy:KEY)...
05-12 04:05:40.245 I/PowerManagerService( 2878): Waking up from Dozing (uid=1000, reason=WAKE_REASON_WAKE_KEY, details=android.policy:KEY)...
05-12 04:05:40.246 I/WindowManager( 2878): Started waking up... (groupId=0 why=ON_BECAUSE_OF_USER) pmWakeReason=WAKE_REASON_WAKE_KEY
05-12 04:05:40.247 I/WindowManager( 2878): awakenDreams callers=com.android.server.policy.PhoneWindowManager.startedWakingUp:7593 com.android.server.power.Notifier.lambda$handleEarlyInteractiveChange$0:603 com.android.server.power.Notifier.$r8$lambda$JPimfzsYkXWexBDnIhDxNZnALw4:0 com.android.server.power.Notifier$$ExternalSyntheticLambda8.run:0 android.os.Handler.handleCallback:1001 
05-12 04:05:40.247 I/DreamManagerService( 2878): awaken by com.android.settings callingUid=1000 callingPid=2878
05-12 04:05:40.247 V/PowerManager( 2878): userActivity when=19594830 event=0 flags=0 displayId=0 by (android) callers=android.os.PowerManager.userActivity:1487 com.android.server.dreams.DreamManagerService.requestAwakenInternal:496 com.android.server.dreams.DreamManagerService.-$$Nest$mrequestAwakenInternal:0 
05-12 04:05:40.248 D/PowerManagerService( 2878): nativeAcquireSuspendBlocker name:PowerManagerService.Broadcasts duration ms: 1
05-12 04:05:40.250 I/WindowManager( 2878): Display 0 turning on...
05-12 04:05:40.252 D/ActivityManager( 2878): unfreezing ProcessRecord{b88696a 21236:com.motorola.ccc.ota/u0a327}, reason = shouldNotFreeze_service_3: ProcessRecord{5bbe5e6 3765:com.android.systemui/u0a380}, adj = 0, adjType = exec-service, adjSource = null
05-12 04:05:40.253 D/ActivityManager( 2878): sync unfroze 21236 com.motorola.ccc.ota for 9
05-12 04:05:40.253 D/PowerManagerService( 2878): nativeSetAutoSuspend enable:false duration ms: 4
05-12 04:05:40.254 D/PowerManagerService( 2878): nativeAcquireSuspendBlocker name:PowerManagerService.Display duration ms: 1
05-12 04:05:40.254 D/PowerManagerService( 2878): nativeSetPowerMode ret:true mode:7 enabled:true duration ms: 0
05-12 04:05:40.254 W/BoostOptController( 2878): not supported hint: 118
05-12 04:05:40.254 I/QTI PowerHAL( 1706): Power setMode: 7 to: 1
05-12 04:05:40.255 I/DreamManagerService( 2878): Gently waking up from dream.
05-12 04:05:40.255 I/QTI PowerHAL( 1706): Got set_interactive hint
05-12 04:05:40.255 I/DreamManagerService( 2878): stopDreamLocked. callers=com.android.server.dreams.DreamManagerService.stopDreamInternal:542 com.android.server.dreams.DreamManagerService.requestAwakenInternal:497 com.android.server.dreams.DreamManagerService.-$$Nest$mrequestAwakenInternal:0 com.android.server.dreams.DreamManagerService$BinderService.awaken:1072 com.android.server.policy.PhoneWindowManager.awakenDreams:4323 
05-12 04:05:40.257 D/WindowManager( 2878): isKeyguardAuthState = YES.
05-12 04:05:40.257 I/MR2ServiceImpl( 2878): Updating composite discovery preference | preference: RouteDiscoveryRequest{ preferredFeatures={}, activeScan=false }, active routers: []
05-12 04:05:40.257 I/DisplayBrightnessStrategySelector( 2878): Changing the DisplayBrightnessStrategy from ScreenOffBrightnessStrategy to InvalidBrightnessStrategy for display 0
05-12 04:05:40.257 W/AlarmManager( 2878): Unrecognized alarm listener com.android.server.display.AutomaticBrightnessController$AlarmListenerImpl@e91f9ad
05-12 04:05:40.258 I/QTI PowerHAL( 1706): Got set_interactive hint on= 1, count= 9
05-12 04:05:40.258 D/PanelsService( 2878): onAwakeStateChanged.. isAwake=true
05-12 04:05:40.258 D/TouchHwService( 2878): onAwakeStateChanged.. isAwake=true
05-12 04:05:40.258 D/ActivityThread(21236): Package [com.hyeni.calendar] reported as REPLACED, but missing application info. Assuming REMOVED.
05-12 04:05:40.260 D/TouchHwService( 2878): enablePocketModeIfNeeded.. mSensorPocketMode=false mIsAwake=true mIsKeyguardShowing=true isDeviceStateClosed=false --> listen=false enable=false callers=com.motorola.server.display.TouchHwService.$r8$lambda$od32DiRXsAwLMSDDWJjFEYNdOyQ:0 com.motorola.server.display.TouchHwService$$ExternalSyntheticLambda3.run:0 android.os.Handler.handleCallback:1001 
05-12 04:05:40.260 V/DisplayPowerController2[0]( 2878): Brightness [0.4886786] reason changing to: 'manual', previous reason: 'screen_off'.
05-12 04:05:40.260 I/ActivityManager( 2878): Killing 27601:com.google.android.setupwizard/u0a370 (adj 999, setSvc -10000): empty #31
05-12 04:05:40.260 I/motorola.hardware.display.touch@1.3-service( 1738): Setting pocket_mode  to 32
05-12 04:05:40.260 I/DisplayPowerController2[0]( 2878): 05-12 04:05:40.260 - BrightnessEvent: disp=0, physDisp=local:4630947043778501762, displayState=ON, displayPolicy=BRIGHT, brt=0.4886786, initBrt=0.0, rcmdBrt=NaN, preBrt=NaN, lux=0.0, preLux=0.0, brtNits=157.1032, hdrNits=NaN, initNits=3.1465538, preNits=NaN, rcmdNits=NaN, hdrBrightness=NaN, brt(%)=57%, brtInt=125, hbmPolicy=normal, hbmMax=0.85440856, hbmMode=off, rbcStrength=25, thrmMax=1.0, powerFactor=1.0, wasShortTermModelActive=false, flags=, reason=manual, autoBrightness=false, strategy=InvalidBrightnessStrategy, autoBrightnessMode=default
05-12 04:05:40.261 D/PowerManagerService( 2878): nativeSetPowerMode ret:false mode:9 enabled:false duration ms: 0
05-12 04:05:40.261 D/TouchHwService( 2878): setDisplayState: mScreenOff=false
05-12 04:05:40.261 D/LocalDisplayAdapter( 2878): setDisplayPowerMode mode=2 for display=android.os.BinderProxy@ceeded5
05-12 04:05:40.261 D/ActivityThread(21236): Package [com.hyeni.calendar] reported as REPLACED, but missing application info. Assuming REMOVED.
05-12 04:05:40.261 D/KeyguardViewMediator( 3765): KeyguardViewMediator queue processing message: NOTIFY_STARTED_WAKING_UP
05-12 04:05:40.262 D/TouchHwService( 2878): setPocketModeHal done mode=32 result=0
05-12 04:05:40.262 I/DisplayDeviceRepository( 2878): Display device changed state: "기본으로 제공되는 화면", ON
05-12 04:05:40.263 D/BrightnessThermalClamper( 2878): Thermal status observer already started
05-12 04:05:40.263 I/InputManager-JNI( 2878): Viewport [0] to add: local:4630947043778501762, isActive: true
05-12 04:05:40.263 I/InputManager-JNI( 2878): Viewport [1] to add: local:4630947043778501763, isActive: false
05-12 04:05:40.264 D/WindowManager( 2878): mKeyguardDelegate.ShowListener.onDrawn.
05-12 04:05:40.264 D/SurfaceFlinger( 1908): Setting power mode 2 on display 4630947043778501762
05-12 04:05:40.264 D/CLI/Transition( 2878): displaygroup 0, state ON, pendingdisplaygroup -1
05-12 04:05:40.265 I/DisplayDevice( 2878): [0] Layerstack set to 0 for local:4630947043778501762 mDisplayToken=android.os.BinderProxy@ceeded5 t=Transaction{mNativeObject=-5476376634082713520, mHashCode=0}
05-12 04:05:40.265 W/WindowManager( 2878): Setting mKeyguardDrawComplete
05-12 04:05:40.268 D/MCLOG   (10388): [BrightnessTrigger] onDisplayChanged displayId = 0
05-12 04:05:40.268 I/InputReader( 2878): Reconfiguring input devices, changes=DISPLAY_INFO
05-12 04:05:40.268 I/InputReader( 2878): Device reconfigured: id=7, name='goodix_ts', size 1080x2640, orientation Rotation0, mode DIRECT, display id 0
05-12 04:05:40.269 E/KernelCpuUidUserSysTimeReader( 2878): Negative user/sys time delta for UID=10370
05-12 04:05:40.269 E/KernelCpuUidUserSysTimeReader( 2878): Prev times: u=362361 s=225365 Curr times: u=237992 s=150245
05-12 04:05:40.269 D/PanelsService( 2878): updateDefaultDisplayState: mScreenState=ON
05-12 04:05:40.269 I/InputReader( 2878): Disabling fts_ts (device 5) because the associated viewport is not active
05-12 04:05:40.270 D/AHAL: AudioDevice( 1685): SetParameters: 1564: enter: screen_state=on
05-12 04:05:40.270 D/AHAL: AudioVoice( 1685): VoiceSetParameters: 87: Enter params: screen_state=on
05-12 04:05:40.270 D/AHAL: AudioVoice( 1685): VoiceSetParameters: 360: Exit ret: 0
05-12 04:05:40.270 D/AHAL: FM( 1685): fm_set_parameters: 262: Enter
05-12 04:05:40.270 D/AHAL: FM( 1685): fm_set_parameters: 320: exit
05-12 04:05:40.270 D/AHAL: AudioDevice( 1685): SetParameters: 1625:  - screen = on
05-12 04:05:40.270 W/ServiceManagerCppClient( 2878): Failed to get isDeclared for com.motorola.hardware.display.panel.IDisplayPanel/default: Status(-1, EX_SECURITY): 'SELinux denied.'
05-12 04:05:40.270 D/DisplayPanelService( 2878): Setting panel dc mode: 0
05-12 04:05:40.271 I/ActivityManager( 2878): Killing 27614:com.google.ar.core/u0a283 (adj 999, setSvc -10000): empty #31
05-12 04:05:40.271 I/SDM     ( 1822): DisplayBase::SetDisplayState: Set state = 1, display 57-0, teardown = 0
05-12 04:05:40.271 I/DisplayPanel( 1734): setDcMode: DC mode = OFF
05-12 04:05:40.271 D/DisplayPanel( 1734): setParam: Success set DC to 0 for Primary display
05-12 04:05:40.271 I/SDM     ( 1822): HWDeviceDRM::NullCommit: Null commit succeeded crtc=160
05-12 04:05:40.272 D/MCLOG   (10388): [BrightnessManager] displayId = 0 brightness = 0.4886786 nit = 157.1032 level = br2
05-12 04:05:40.273 I/PAL: ResourceManager( 1685): setParameter: 8311: Screen State:1
05-12 04:05:40.273 D/AHAL: AudioDevice( 1685): SetParameters: 2361: exit: screen_state=on
05-12 04:05:40.258 D/ForegroundUtils( 6501): Foreground UID status: 10199, false; 10348, false; 10380, true; 10399, false; 10523, false; 
05-12 04:05:40.274 I/BrightnessSynchronizer( 2878): New Update: {[33] 0.4886786(f), mUpdatedTypes=0, mConfirmedTypes=0, mTimeUpdated=0, mState=2}
05-12 04:05:40.276 D/TouchHwService( 2878): updateDefaultDisplayState: mScreenOn=true
05-12 04:05:40.276 D/TouchHwService( 2878): enablePocketModeIfNeeded.. mSensorPocketMode=false mIsAwake=true mIsKeyguardShowing=true isDeviceStateClosed=false --> listen=false enable=false callers=com.motorola.server.display.TouchHwService.$r8$lambda$od32DiRXsAwLMSDDWJjFEYNdOyQ:0 com.motorola.server.display.TouchHwService$$ExternalSyntheticLambda3.run:0 android.os.Handler.handleCallback:1001 
05-12 04:05:40.276 I/motorola.hardware.display.touch@1.3-service( 1738): Setting pocket_mode  to 32
05-12 04:05:40.276 D/TouchHwService( 2878): setPocketModeHal done mode=32 result=0
05-12 04:05:40.277 I/NearbyDiscovery( 4147): (REDACTED) FastPairDisplayObserver: %s -> %s
05-12 04:05:40.278 I/NearbyDiscovery( 4147): (REDACTED) PureOffloadFastPairScanner: eventType=%s, isInternalReq=%s, isScanning=%s, isScanningAllowed=%s
05-12 04:05:40.279 V/PowerManager( 2878): wakeUp time=19594825 reason=WAKE_REASON_WAKE_KEY details=android.policy:KEY by (android) callers=com.android.server.policy.WindowWakeUpPolicy.wakeUp:249 com.android.server.policy.WindowWakeUpPolicy.wakeUpFromKey:129 com.android.server.policy.PhoneWindowManager.wakeUpFromWakeKey:7734 
05-12 04:05:40.280 V/DreamService[DozeService]( 3765): wakeUp(): fromSystem=true, mWaking=false, mFinished=false callers=android.service.dreams.DreamService.-$$Nest$mwakeUp:0 android.service.dreams.DreamService$DreamServiceWrapper.lambda$wakeUp$1:1794 android.service.dreams.DreamService$DreamServiceWrapper.$r8$lambda$SFP-NasoKFNaaOvKHyJqrl_aPt8:0 android.service.dreams.DreamService$DreamServiceWrapper$$ExternalSyntheticLambda3.run:0 android.os.Handler.handleCallback:1001 
05-12 04:05:40.280 V/DreamService[DozeService]( 3765): finish(): mFinished=false activity=null callers=android.service.dreams.DreamService.onWakeUp:1197 android.service.dreams.DreamService.wakeUp:1360 android.service.dreams.DreamService.-$$Nest$mwakeUp:0 android.service.dreams.DreamService$DreamServiceWrapper.lambda$wakeUp$1:1794 android.service.dreams.DreamService$DreamServiceWrapper.$r8$lambda$SFP-NasoKFNaaOvKHyJqrl_aPt8:0 
05-12 04:05:40.281 I/DreamManagerService( 2878): finishSelf by com.android.systemui callingUid=10380 callingPid=3765
05-12 04:05:40.281 D/DreamManagerService( 2878): Dream finished: android.os.Binder@8a2f946, immediate=true
05-12 04:05:40.281 I/DreamManagerService( 2878): Leaving dreamland.
