05-12 04:03:24.980 D/BoundBrokerSvc( 4848): Loading bound service for intent: Intent { act=com.google.android.gms.safebrowsing.SafeBrowsingService.START dat=chimera-action:/... cmp=com.google.android.gms/.chimera.GmsBoundBrokerService }
05-12 04:03:24.980 D/PowerManagerService( 2878): handleSandman ignore 1
05-12 04:03:24.982 E/libc    (31029): SetHeapTaggingLevel: re-enabling tagging after it was disabled is not supported
05-12 04:03:24.983 I/FrewleTileCacheManagerV( 4147): (REDACTED) Fetched %d AP models from cache
05-12 04:03:24.987 D/PowerManagerService( 2878): handleSandman ignore 1
05-12 04:03:24.988 D/WifiStaIfaceHidlImpl( 2878): getCachedScanData is not implemented by HIDL
05-12 04:03:24.991 I/ocessService0:0(31029): Using CollectorTypeCMC GC.
05-12 04:03:24.992 D/PowerManagerService( 2878): handleSandman ignore 1
05-12 04:03:24.993 D/PowerManagerService( 2878): handleSandman ignore 1
05-12 04:03:24.994 I/FusedLocation( 4147): (REDACTED) location delivery to %s blocked - too close
05-12 04:03:24.994 I/FusedLocation( 4147): (REDACTED) location delivery to %s blocked - too close
05-12 04:03:24.994 I/FusedLocation( 4147): (REDACTED) location delivery to %s blocked - too fast
05-12 04:03:24.996 D/nativeloader(31029): Load libframework-connectivity-tiramisu-jni.so using APEX ns com_android_tethering for caller /apex/com.android.tethering/javalib/framework-connectivity-t.jar: ok
05-12 04:03:24.996 D/PowerManagerService( 2878): handleSandman ignore 1
05-12 04:03:24.997 D/PowerManagerService( 2878): handleSandman ignore 1
05-12 04:03:24.998 D/PowerManagerService( 2878): handleSandman ignore 1
05-12 04:03:24.998 D/PowerManagerService( 2878): handleSandman ignore 1
05-12 04:03:24.998 D/PowerManagerService( 2878): handleSandman ignore 1
05-12 04:03:24.999 D/PowerManagerService( 2878): handleSandman ignore 1
05-12 04:03:25.000 D/PowerManagerService( 2878): handleSandman ignore 1
05-12 04:03:25.001 D/PowerManagerService( 2878): handleSandman ignore 1
05-12 04:03:25.001 D/ConnectivityService( 2878): requestNetwork for uid/pid:10523/30964 activeRequest: null callbackRequest: 575 [NetworkRequest [ REQUEST id=576, [ Capabilities: INTERNET&NOT_RESTRICTED&TRUSTED&NOT_VCN_MANAGED&NOT_BANDWIDTH_CONSTRAINED Uid: 10523 RequestorUid: 10523 RequestorPkg: com.hyeni.calendar UnderlyingNetworks: Null] ]] callback flags: 0 order: 2147483647 isUidTracked: false declaredMethods: AVAIL|LOST|NC|LP
05-12 04:03:25.003 W/ContextImpl( 2878): Calling a method in the system process without a qualified user: android.app.ContextImpl.sendBroadcast:1273 com.android.server.location.provider.LocationProviderManager$LocationRegistration$1.test:1075 com.android.server.location.provider.LocationProviderManager$LocationRegistration$1.test:1019 android.location.LocationResult.filter:253 com.android.server.location.provider.LocationProviderManager$LocationRegistration.acceptLocationChange:1018 
05-12 04:03:25.004 D/ForegroundUtils( 6501): Foreground UID status: 10199, false; 10348, false; 10380, false; 10523, true; 
05-12 04:03:25.005 W/ContextImpl( 2878): Calling a method in the system process without a qualified user: android.app.ContextImpl.sendBroadcast:1273 com.android.server.location.provider.LocationProviderManager$LocationRegistration$1.test:1075 com.android.server.location.provider.LocationProviderManager$LocationRegistration$1.test:1019 android.location.LocationResult.filter:253 com.android.server.location.provider.LocationProviderManager$LocationRegistration.acceptLocationChange:1018 
05-12 04:03:25.005 D/WifiNetworkFactory( 2878): got request NetworkRequest [ REQUEST id=576, [ Capabilities: INTERNET&NOT_RESTRICTED&TRUSTED&NOT_VCN_MANAGED&NOT_BANDWIDTH_CONSTRAINED Uid: 10523 RequestorUid: 10523 RequestorPkg: com.hyeni.calendar UnderlyingNetworks: Null] ]
05-12 04:03:25.005 D/UntrustedWifiNetworkFactory( 2878): got request NetworkRequest [ REQUEST id=576, [ Capabilities: INTERNET&NOT_RESTRICTED&TRUSTED&NOT_VCN_MANAGED&NOT_BANDWIDTH_CONSTRAINED Uid: 10523 RequestorUid: 10523 RequestorPkg: com.hyeni.calendar UnderlyingNetworks: Null] ]
05-12 04:03:25.005 D/OemPaidWifiNetworkFactory( 2878): got request NetworkRequest [ REQUEST id=576, [ Capabilities: INTERNET&NOT_RESTRICTED&TRUSTED&NOT_VCN_MANAGED&NOT_BANDWIDTH_CONSTRAINED Uid: 10523 RequestorUid: 10523 RequestorPkg: com.hyeni.calendar UnderlyingNetworks: Null] ]
05-12 04:03:25.005 D/MultiInternetWifiNetworkFactory( 2878): got request NetworkRequest [ REQUEST id=576, [ Capabilities: INTERNET&NOT_RESTRICTED&TRUSTED&NOT_VCN_MANAGED&NOT_BANDWIDTH_CONSTRAINED Uid: 10523 RequestorUid: 10523 RequestorPkg: com.hyeni.calendar UnderlyingNetworks: Null] ]
05-12 04:03:25.006 D/ConnectivityService( 2878): NetReassign [576 : null → 103] [c 0] [a 1] [i 3]
05-12 04:03:25.006 W/ContextImpl( 2878): Calling a method in the system process without a qualified user: android.app.ContextImpl.sendBroadcast:1273 com.android.server.location.provider.LocationProviderManager$LocationRegistration$1.test:1075 com.android.server.location.provider.LocationProviderManager$LocationRegistration$1.test:1019 android.location.LocationResult.filter:253 com.android.server.location.provider.LocationProviderManager$LocationRegistration.acceptLocationChange:1018 
05-12 04:03:25.007 D/PowerManagerService( 2878): handleSandman ignore 1
05-12 04:03:25.008 D/PowerManagerService( 2878): handleSandman ignore 1
05-12 04:03:25.008 W/ContextImpl( 2878): Calling a method in the system process without a qualified user: android.app.ContextImpl.sendBroadcast:1273 com.android.server.location.provider.LocationProviderManager$LocationRegistration$1.test:1075 com.android.server.location.provider.LocationProviderManager$LocationRegistration$1.test:1019 android.location.LocationResult.filter:253 com.android.server.location.provider.LocationProviderManager$LocationRegistration.acceptLocationChange:1018 
05-12 04:03:25.008 D/PowerManagerService( 2878): handleSandman ignore 1
05-12 04:03:25.009 D/PowerManagerService( 2878): handleSandman ignore 1
05-12 04:03:25.009 D/ApplicationLoaders(31029): Returning zygote-cached class loader: /system/framework/android.test.base.jar
05-12 04:03:25.009 D/ApplicationLoaders(31029): Returning zygote-cached class loader: /system_ext/framework/androidx.window.extensions.jar
05-12 04:03:25.009 D/PowerManagerService( 2878): handleSandman ignore 1
05-12 04:03:25.011 D/ConnectivityService( 2878): NetReassign [no changes] [c 0] [a 1] [i 3]
05-12 04:03:25.012 I/cr_WebViewApkApp(31029): version=147.0.7727.138 (772713803) minSdkVersion=29 processName=com.google.android.webview:sandboxed_process0:org.chromium.content.app.SandboxedProcessService0:0 splits=<none>
05-12 04:03:25.013 I/Typeface(31029): updateThemeFont new=Exo2-Regular;old=sans-serif;new=Exo2-Stacked;old=
05-12 04:03:25.013 I/ActivityManager( 2878): Flag disabled. Ignoring finishAttachApplication from uid: 99015. pid: 31029
05-12 04:03:25.013 I/cr_ChildProcessService(31029): Creating new ChildProcessService pid=31029
05-12 04:03:25.020 D/Capacitor(30964): Starting BridgeActivity
05-12 04:03:25.030 D/Capacitor(30964): Registering plugin instance: CapacitorCookies
05-12 04:03:25.033 D/Capacitor(30964): Registering plugin instance: WebView
05-12 04:03:25.034 D/Capacitor(30964): Registering plugin instance: CapacitorHttp
05-12 04:03:25.035 D/Capacitor(30964): Registering plugin instance: SystemBars
05-12 04:03:25.037 D/Capacitor(30964): Registering plugin instance: BackgroundLocation
05-12 04:03:25.038 D/Capacitor(30964): Registering plugin instance: SpeechRecognition
05-12 04:03:25.039 D/Capacitor(30964): Registering plugin instance: NativeNotification
05-12 04:03:25.045 D/Capacitor(30964): Registering plugin instance: AmbientListen
05-12 04:03:25.046 D/Capacitor(30964): Registering plugin instance: KakaoMapLauncher
05-12 04:03:25.046 D/Capacitor(30964): Registering plugin instance: CameraPermission
05-12 04:03:25.047 D/Capacitor(30964): Registering plugin instance: App
05-12 04:03:25.048 D/Capacitor(30964): Registering plugin instance: Browser
05-12 04:03:25.050 D/Capacitor(30964): Registering plugin instance: NoCodes
05-12 04:03:25.051 D/Capacitor(30964): Registering plugin instance: Qonversion
05-12 04:03:25.066 E/AbstractLogEventBuilder( 6985): The provided ProductIdOrigin 3 is not one of the process-level expected values: 1 or 2
05-12 04:03:25.067 W/Capacitor(30964): Unable to read file at path public/plugins
05-12 04:03:25.070 D/Capacitor(30964): Loading app at https://localhost
05-12 04:03:25.077 W/cr_media(30964): BLUETOOTH_CONNECT permission is missing.
05-12 04:03:25.078 W/cr_media(30964): getBluetoothAdapter() requires BLUETOOTH permission
05-12 04:03:25.078 W/cr_media(30964): registerBluetoothIntentsIfNeeded: Requires BLUETOOTH permission
05-12 04:03:25.081 W/AidlConversionCppNdk( 1893): legacy2aidl_audio_channel_mask_t_AudioChannelLayout: no AudioChannelLayout found for legacy output audio_channel_mask_t value 0x10
05-12 04:03:25.081 W/AidlConversionCppNdk(30964): aidl2legacy_AudioChannelLayout_audio_channel_mask_t: no legacy output audio_channel_mask_t found for AudioChannelLayout{layoutMask: 16}
05-12 04:03:25.084 I/cr_LibraryLoader(31029): Successfully loaded native library
05-12 04:03:25.084 D/Capacitor(30964): Handling local request: https://localhost/
05-12 04:03:25.084 D/vulkan  (30964): searching for layers in '/data/app/~~-EVqqn49eBRFmce67nM9hQ==/com.hyeni.calendar-Cb23-yojh3BQZFnNIWRMVw==/lib/arm64'
05-12 04:03:25.084 D/vulkan  (30964): searching for layers in '/data/app/~~-EVqqn49eBRFmce67nM9hQ==/com.hyeni.calendar-Cb23-yojh3BQZFnNIWRMVw==/base.apk!/lib/arm64-v8a'
05-12 04:03:25.085 I/cr_CachingUmaRecorder(31029): Flushed 2 samples from 2 histograms, 0 samples were dropped.
05-12 04:03:25.086 W/chromium(31029): [WARNING:content/app/android/content_main_android.cc:82] android_setCpu already initialized
05-12 04:03:25.087 W/ActivityTaskManager( 2878): Background activity start for com.hyeni.calendar allowed because SYSTEM_ALERT_WINDOW permission is granted.
05-12 04:03:25.087 D/ActivityTaskManager( 2878): getPreferredLaunchDisplay userset_displayid false user set display id 0, current focus display 0
05-12 04:03:25.087 I/SettingsAccessControlPolicy( 2878): isDeviceSettingsChangeDisabled: value -> false
05-12 04:03:25.088 W/OptProp ( 2878): Cannot read opt property android.window.PROPERTY_COMPAT_ALLOW_ORIENTATION_OVERRIDE
05-12 04:03:25.091 I/AdrenoVK-0(30964): ===== BEGIN DUMP OF OVERRIDDEN SETTINGS =====
05-12 04:03:25.091 I/AdrenoVK-0(30964): ===== END DUMP OF OVERRIDDEN SETTINGS =====
05-12 04:03:25.092 D/ActivityTaskManager( 2878): getPreferredLaunchDisplay userset_displayid false user set display id 0, current focus display 0
05-12 04:03:25.092 D/ActivityTaskManager( 2878): getPreferredLaunchDisplay userset_displayid false user set display id 0, current focus display 0
05-12 04:03:25.092 D/ActivityTaskManager( 2878): getPreferredLaunchDisplay userset_displayid false user set display id 0, current focus display 0
05-12 04:03:25.092 D/ActivityTaskManager( 2878): getPreferredLaunchDisplay userset_displayid false user set display id 0, current focus display 0
05-12 04:03:25.093 D/ActivityTaskManager( 2878): getPreferredLaunchDisplay userset_displayid false user set display id 0, current focus display 0
05-12 04:03:25.093 D/ActivityTaskManager( 2878): getPreferredLaunchDisplay userset_displayid false user set display id 0, current focus display 0
05-12 04:03:25.093 W/OptProp ( 2878): Cannot read opt property android.window.PROPERTY_COMPAT_ALLOW_MIN_ASPECT_RATIO_OVERRIDE
05-12 04:03:25.093 W/OptProp ( 2878): Cannot read opt property android.window.PROPERTY_COMPAT_ALLOW_RESIZEABLE_ACTIVITY_OVERRIDES
05-12 04:03:25.094 I/AdrenoVK-0(30964): QUALCOMM build          : 0c393b63cf, I94e2bd5684
05-12 04:03:25.094 I/AdrenoVK-0(30964): Build Date              : 05/02/25
05-12 04:03:25.094 I/AdrenoVK-0(30964): Shader Compiler Version : EV031.36.08.33
05-12 04:03:25.094 I/AdrenoVK-0(30964): Local Branch            : 
05-12 04:03:25.094 I/AdrenoVK-0(30964): Remote Branch           : refs/tags/AU_LINUX_ANDROID_LA.VENDOR.1.0.R1.11.00.00.816.269
05-12 04:03:25.094 I/AdrenoVK-0(30964): Remote Branch           : NONE
05-12 04:03:25.094 I/AdrenoVK-0(30964): Reconstruct Branch      : NOTHING
05-12 04:03:25.094 I/AdrenoVK-0(30964): Build Config            : S P 12.1.1 AArch64
05-12 04:03:25.094 I/AdrenoVK-0(30964): Driver Path             : /vendor/lib64/hw/vulkan.adreno.so
05-12 04:03:25.094 I/AdrenoVK-0(30964): Driver Version          : 0615.98
05-12 04:03:25.094 I/AdrenoVK-0(30964): PFP                     : 0x01730181
05-12 04:03:25.094 I/AdrenoVK-0(30964): ME                      : 0x00000000
05-12 04:03:25.094 I/AdrenoVK-0(30964): Application Name    : 
05-12 04:03:25.094 I/AdrenoVK-0(30964): Application Version : 0x00000001
05-12 04:03:25.094 I/AdrenoVK-0(30964): Engine Name         : 
05-12 04:03:25.094 I/AdrenoVK-0(30964): Engine Version      : 0x00000001
05-12 04:03:25.094 I/AdrenoVK-0(30964): Api Version         : 0x00403000
05-12 04:03:25.094 I/AdrenoGLES-0(30964): QUALCOMM build                   : 0c393b63cf, I94e2bd5684
05-12 04:03:25.094 I/AdrenoGLES-0(30964): Build Date                       : 05/02/25
05-12 04:03:25.094 I/AdrenoGLES-0(30964): OpenGL ES Shader Compiler Version: EV031.36.08.33
05-12 04:03:25.094 I/AdrenoGLES-0(30964): Local Branch                     : 
05-12 04:03:25.094 I/AdrenoGLES-0(30964): Remote Branch                    : refs/tags/AU_LINUX_ANDROID_LA.VENDOR.1.0.R1.11.00.00.816.269
05-12 04:03:25.094 I/AdrenoGLES-0(30964): Remote Branch                    : NONE
05-12 04:03:25.094 I/AdrenoGLES-0(30964): Reconstruct Branch               : NOTHING
05-12 04:03:25.094 I/AdrenoGLES-0(30964): Build Config                     : S P 12.1.1 AArch64
05-12 04:03:25.094 I/AdrenoGLES-0(30964): Driver Path                      : /vendor/lib64/egl/libGLESv2_adreno.so
05-12 04:03:25.094 I/AdrenoGLES-0(30964): Driver Version                   : 0615.98
05-12 04:03:25.096 D/ActivityTaskManager( 2878): Temporarily retain top process state for launching app
05-12 04:03:25.096 D/PowerManagerService( 2878): nativeSetPowerMode ret:false mode:5 enabled:true duration ms: 0
05-12 04:03:25.097 I/ActivityTaskManager( 2878): START u0 {act=android.content.pm.action.REQUEST_PERMISSIONS pkg=com.google.android.permissioncontroller cmp=com.google.android.permissioncontroller/com.android.permissioncontroller.permission.ui.GrantPermissionsActivity (has extras)} with LAUNCH_MULTIPLE from uid 10523 (startActivityAsUser) (BAL_ALLOW_SAW_PERMISSION) result code=0
05-12 04:03:25.098 I/AdrenoGLES-0(30964): PFP: 0x01730181, ME: 0x00000000
05-12 04:03:25.101 D/Capacitor(30964): App started
05-12 04:03:25.102 W/WindowOnBackDispatcher(30964): OnBackInvokedCallback is not enabled for the application.
05-12 04:03:25.102 W/WindowOnBackDispatcher(30964): Set 'android:enableOnBackInvokedCallback="true"' in the application manifest.
05-12 04:03:25.103 D/Capacitor/AppPlugin(30964): Firing change: true
05-12 04:03:25.103 V/Capacitor/AppPlugin(30964): Notifying listeners for event appStateChange
05-12 04:03:25.103 D/Capacitor/AppPlugin(30964): No listeners found for event appStateChange
05-12 04:03:25.104 W/CustomTabsClient(30964): Unable to find any Custom Tabs packages, you may need to add a <queries> element to your manifest. See the docs for CustomTabsClient#getPackageName.
05-12 04:03:25.105 W/ActivityManager( 2878): Unable to start service Intent { act=android.support.customtabs.action.CustomTabsService pkg=com.android.chrome } U=0: not found
05-12 04:03:25.105 V/Capacitor/BrowserPlugin(30964): Notifying listeners for event browserFinished
05-12 04:03:25.105 D/Capacitor/BrowserPlugin(30964): No listeners found for event browserFinished
05-12 04:03:25.106 E/Capacitor/BrowserPlugin(30964): Error binding to custom tabs service
05-12 04:03:25.106 D/Capacitor(30964): App resumed
05-12 04:03:25.106 W/chromium(31029): [WARNING:content/child/runtime_features.cc:537] Fenced frames cannot be enabled in this configuration. Use --enable-features=FencedFrames instead.
05-12 04:03:25.106 W/chromium(31029): [WARNING:content/child/runtime_features.cc:562] Topics cannot be enabled in this configuration. Use --enable-features=BrowsingTopics in addition.
05-12 04:03:25.106 W/chromium(31029): [WARNING:content/child/runtime_features.cc:583] SharedStorage cannot be enabled in this configuration. Use --enable-features=SharedStorageAPI in addition.
05-12 04:03:25.113 E/WindowManager( 2878): Dream packageName does not match active dream. Package com.hyeni.calendar does not match ComponentInfo{com.android.systemui/com.android.systemui.doze.DozeService}
05-12 04:03:25.114 I/FontLog ( 4147): (REDACTED) Received query %s, URI %s
05-12 04:03:25.114 I/FontLog ( 4147): (REDACTED) Query [%s] resolved to %s
05-12 04:03:25.114 I/FontLog ( 4147): (REDACTED) Font PFD returned from cache for %s
05-12 04:03:25.114 I/FontLog ( 4147): (REDACTED) Fetch %s end status %s
05-12 04:03:25.115 I/FontLog ( 4147): (REDACTED) Pulling font file for id = %d, cache size = %d
05-12 04:03:25.117 I/FontLog ( 4147): (REDACTED) Received query %s, URI %s
05-12 04:03:25.117 I/FontLog ( 4147): (REDACTED) Query [%s] resolved to %s
05-12 04:03:25.118 I/FontLog ( 4147): (REDACTED) Fetch %s end status %s
05-12 04:03:25.118 I/FontLog ( 4147): (REDACTED) Pulling font file for id = %d, cache size = %d
05-12 04:03:25.120 I/FontLog ( 4147): (REDACTED) Received query %s, URI %s
05-12 04:03:25.120 I/FontLog ( 4147): (REDACTED) Query [%s] resolved to %s
05-12 04:03:25.120 I/FontLog ( 4147): (REDACTED) Font PFD returned from cache for %s
05-12 04:03:25.120 I/FontLog ( 4147): (REDACTED) Fetch %s end status %s
05-12 04:03:25.121 I/FontLog ( 4147): (REDACTED) Pulling font file for id = %d, cache size = %d
05-12 04:03:25.127 I/CameraManagerGlobal(30964): Connecting to camera service
05-12 04:03:25.128 I/FontLog ( 4147): (REDACTED) Received query %s, URI %s
05-12 04:03:25.128 I/FontLog ( 4147): (REDACTED) Query [%s] resolved to %s
05-12 04:03:25.129 I/FontLog ( 4147): (REDACTED) Font PFD returned from cache for %s
05-12 04:03:25.129 I/FontLog ( 4147): (REDACTED) Fetch %s end status %s
05-12 04:03:25.130 V/Capacitor/AppPlugin(30964): Notifying listeners for event pause
05-12 04:03:25.130 D/Capacitor/AppPlugin(30964): No listeners found for event pause
05-12 04:03:25.130 W/ActivityManager( 2878): Unbind failed: could not find connection for android.os.BinderProxy@c62368b
05-12 04:03:25.130 D/Capacitor(30964): App paused
05-12 04:03:25.131 I/ActivityTaskManager( 2878): The Process com.google.android.permissioncontroller Already Exists in BG. So sending its PID: 4181
05-12 04:03:25.131 W/MotoBatteryCareService( 2878): uid: 10399 pkgName:com.google.android.permissioncontroller come to foreground
05-12 04:03:25.132 W/ANDR-PERF-LM( 1836): MetaMeter: handlePrimaryAsync() 118: AdaptLaunch MetaMeter. No MeterMgr Available to handle this Primary Async. !!!!
05-12 04:03:25.132 W/ANDR-PERF-LM( 1836): MetaMeter: handlePrimaryAsync() 118: AdaptLaunch MetaMeter. No MeterMgr Available to handle this Primary Async. !!!!
05-12 04:03:25.132 D/ActivityTrigger( 2878): ActivityTrigger activityPauseTrigger 
05-12 04:03:25.133 I/FontLog ( 4147): (REDACTED) Pulling font file for id = %d, cache size = %d
05-12 04:03:25.134 D/ForegroundUtils( 6501): Foreground UID status: 10199, false; 10348, false; 10380, false; 10399, true; 10523, true; 
05-12 04:03:25.137 W/JobScheduler.JobStatus( 2878): Exempted app com.dti.motorola considered buggy
05-12 04:03:25.139 I/FontLog ( 4147): (REDACTED) Received query %s, URI %s
05-12 04:03:25.139 I/FontLog ( 4147): (REDACTED) Query [%s] resolved to %s
05-12 04:03:25.142 I/FontLog ( 4147): (REDACTED) Font PFD returned from cache for %s
05-12 04:03:25.142 I/FontLog ( 4147): (REDACTED) Fetch %s end status %s
05-12 04:03:25.142 W/JobScheduler.JobStatus( 2878): Exempted app com.dti.motorola considered buggy
05-12 04:03:25.143 I/FontLog ( 4147): (REDACTED) Pulling font file for id = %d, cache size = %d
05-12 04:03:25.150 D/CoreBackPreview( 2878): Window{398fa50 u0 com.hyeni.calendar/com.hyeni.calendar.MainActivity}: Setting back callback OnBackInvokedCallbackInfo{mCallback=android.window.IOnBackInvokedCallback$Stub$Proxy@33bb067, mPriority=0, mIsAnimationCallback=false}
05-12 04:03:25.160 W/libc    (30964): Access denied finding property "vendor.display.enable_optimal_refresh_rate"
05-12 04:03:25.160 W/libc    (30964): Access denied finding property "vendor.gpp.create_frc_extension"
05-12 04:03:25.160 W/ServiceManagerCppClient( 1908): Permission failure: android.permission.ACCESS_SURFACE_FLINGER from uid=10523 pid=0
05-12 04:03:25.160 D/PermissionCache( 1908): checking android.permission.ACCESS_SURFACE_FLINGER for uid=10523 => denied (451 us)
05-12 04:03:25.154 W/.hyeni.calendar(30964): type=1400 audit(0.0:8113): avc:  denied  { read } for  name="u:object_r:vendor_display_prop:s0" dev="tmpfs" ino=455 scontext=u:r:untrusted_app:s0:c11,c258,c512,c768 tcontext=u:object_r:vendor_display_prop:s0 tclass=file permissive=0 app=com.hyeni.calendar
05-12 04:03:25.160 W/ServiceManagerCppClient( 1908): Permission failure: android.permission.ROTATE_SURFACE_FLINGER from uid=10523 pid=0
05-12 04:03:25.160 D/PermissionCache( 1908): checking android.permission.ROTATE_SURFACE_FLINGER for uid=10523 => denied (171 us)
05-12 04:03:25.160 W/ServiceManagerCppClient( 1908): Permission failure: android.permission.INTERNAL_SYSTEM_WINDOW from uid=10523 pid=0
05-12 04:03:25.160 W/ServiceManagerCppClient( 1908): Permission failure: android.permission.ROTATE_SURFACE_FLINGER from uid=10523 pid=30964
05-12 04:03:25.160 D/PermissionCache( 1908): checking android.permission.INTERNAL_SYSTEM_WINDOW for uid=10523 => denied (216 us)
05-12 04:03:25.160 D/PermissionCache( 1908): checking android.permission.ROTATE_SURFACE_FLINGER for uid=10523 => denied (329 us)
05-12 04:03:25.174 D/Capacitor(30964): Handling local request: https://localhost/assets/index-BpJhnCdy.js
05-12 04:03:25.175 I/HWUI    (30964): setGrContext nullptr-->validptr
05-12 04:03:25.177 D/Capacitor(30964): Handling local request: https://localhost/assets/index-yB_OunHn.css
05-12 04:03:25.241 E/MotoSxfService( 2878): ModeUsage or ActivityState is null.
05-12 04:03:25.242 W/ServiceManagerCppClient( 2878): Permission failure: android.permission.ACCESS_SURFACE_FLINGER from uid=10523 pid=0
05-12 04:03:25.242 D/PermissionCache( 2878): checking android.permission.ACCESS_SURFACE_FLINGER for uid=10523 => denied (550 us)
05-12 04:03:25.243 W/ServiceManagerCppClient( 2878): Permission failure: android.permission.ROTATE_SURFACE_FLINGER from uid=10523 pid=0
05-12 04:03:25.243 D/PermissionCache( 2878): checking android.permission.ROTATE_SURFACE_FLINGER for uid=10523 => denied (390 us)
05-12 04:03:25.243 W/ServiceManagerCppClient( 2878): Permission failure: android.permission.INTERNAL_SYSTEM_WINDOW from uid=10523 pid=0
05-12 04:03:25.243 D/PermissionCache( 2878): checking android.permission.INTERNAL_SYSTEM_WINDOW for uid=10523 => denied (147 us)
05-12 04:03:25.248 W/LOTTIE  ( 4181): Animation contains merge paths. Merge paths are only supported on KitKat+ and must be manually enabled by calling enableMergePathsForKitKatAndAbove().
05-12 04:03:25.254 W/LOTTIE  ( 4181): Animation contains merge paths but they are disabled.
05-12 04:03:25.261 W/VideoCapabilities(30964): Unsupported mime image/vnd.android.heic
05-12 04:03:25.261 W/VideoCapabilities(30964): Unsupported mime image/vnd.android.heic
05-12 04:03:25.278 W/ActivityTaskManager( 2878): Request to remove task ignored for non-existent task 531
05-12 04:03:25.281 E/SafeInvoker( 2878): Service invocation returned exception
05-12 04:03:25.281 E/SafeInvoker( 2878): android.content.pm.PackageManager$NameNotFoundException: com.motorola.securevault
05-12 04:03:25.281 E/SafeInvoker( 2878): 	at android.app.ApplicationPackageManager.getApplicationInfoAsUser(ApplicationPackageManager.java:528)
05-12 04:03:25.281 E/SafeInvoker( 2878): 	at android.app.ApplicationPackageManager.getApplicationInfo(ApplicationPackageManager.java:511)
05-12 04:03:25.281 E/SafeInvoker( 2878): 	at android.app.ApplicationPackageManager.getApplicationInfo(ApplicationPackageManager.java:505)
05-12 04:03:25.281 E/SafeInvoker( 2878): 	at android.app.ApplicationPackageManager.getResourcesForApplication(ApplicationPackageManager.java:2134)
05-12 04:03:25.281 E/SafeInvoker( 2878): 	at com.motorola.server.security.securevault.utils.Utils.getApplicationResourceIdentifier(Utils.java:82)
05-12 04:03:25.281 E/SafeInvoker( 2878): 	at com.motorola.server.security.securevault.utils.Utils.getVaultProfileFilterList(Utils.java:132)
05-12 04:03:25.281 E/SafeInvoker( 2878): 	at com.motorola.server.security.securevault.UserFilteringPolicy.lambda$shouldExcludeVaultProfile$0(UserFilteringPolicy.java:22)
05-12 04:03:25.281 E/SafeInvoker( 2878): 	at com.motorola.server.security.securevault.UserFilteringPolicy.$r8$lambda$jR7E2mX-Lw2CinGTcPdwj0zFoNY(UserFilteringPolicy.java:0)
05-12 04:03:25.281 E/SafeInvoker( 2878): 	at com.motorola.server.security.securevault.UserFilteringPolicy$$ExternalSyntheticLambda0.call(R8$$SyntheticClass:0)
05-12 04:03:25.281 E/SafeInvoker( 2878): 	at com.motorola.server.security.securevault.invoker.SafeInvoker.invokeWithClearCallingReturnable(SafeInvoker.java:65)
05-12 04:03:25.281 E/SafeInvoker( 2878): 	at com.motorola.server.security.securevault.invoker.SafeInvoker.invokeWithClearCallingWithBooleanReturn(SafeInvoker.java:99)
05-12 04:03:25.281 E/SafeInvoker( 2878): 	at com.motorola.server.security.securevault.UserFilteringPolicy.shouldExcludeVaultProfile(UserFilteringPolicy.java:19)
05-12 04:03:25.281 E/SafeInvoker( 2878): 	at com.motorola.server.security.securevault.SecureVault.shouldExcludeVaultProfile(SecureVault.java:378)
05-12 04:03:25.281 E/SafeInvoker( 2878): 	at com.motorola.server.security.MotoSecurityManagerService$1.shouldExcludeVaultProfile(MotoSecurityManagerService.java:449)
05-12 04:03:25.281 E/SafeInvoker( 2878): 	at com.motorola.internal.security.MotoSecurityManager.shouldExcludeVaultProfile(MotoSecurityManager.java:735)
05-12 04:03:25.281 E/SafeInvoker( 2878): 	at com.motorola.internal.security.MotoSecurityUtils.shouldExcludeVaultProfile(MotoSecurityUtils.java:240)
05-12 04:03:25.281 E/SafeInvoker( 2878): 	at com.android.server.pm.UserManagerService.getProfileIds(UserManagerService.java:1534)
05-12 04:03:25.281 E/SafeInvoker( 2878): 	at com.android.server.pm.UserManagerService.getProfileIds(UserManagerService.java:1517)
05-12 04:03:25.281 E/SafeInvoker( 2878): 	at com.android.server.wm.ActivityTaskManagerService.getTasks(ActivityTaskManagerService.java:2699)
05-12 04:03:25.281 E/SafeInvoker( 2878): 	at android.app.IActivityTaskManager$Stub.onTransact(IActivityTaskManager.java:1380)
05-12 04:03:25.281 E/SafeInvoker( 2878): 	at com.android.server.wm.ActivityTaskManagerService.onTransact(ActivityTaskManagerService.java:6149)
05-12 04:03:25.281 E/SafeInvoker( 2878): 	at android.os.Binder.execTransactInternal(Binder.java:1515)
05-12 04:03:25.281 E/SafeInvoker( 2878): 	at android.os.Binder.execTransact(Binder.java:1453)
05-12 04:03:25.285 E/SafeInvoker( 2878): Service invocation returned exception
05-12 04:03:25.285 E/SafeInvoker( 2878): android.content.pm.PackageManager$NameNotFoundException: com.motorola.securevault
05-12 04:03:25.285 E/SafeInvoker( 2878): 	at android.app.ApplicationPackageManager.getApplicationInfoAsUser(ApplicationPackageManager.java:528)
05-12 04:03:25.285 E/SafeInvoker( 2878): 	at android.app.ApplicationPackageManager.getApplicationInfo(ApplicationPackageManager.java:511)
05-12 04:03:25.285 E/SafeInvoker( 2878): 	at android.app.ApplicationPackageManager.getApplicationInfo(ApplicationPackageManager.java:505)
05-12 04:03:25.285 E/SafeInvoker( 2878): 	at android.app.ApplicationPackageManager.getResourcesForApplication(ApplicationPackageManager.java:2134)
05-12 04:03:25.285 E/SafeInvoker( 2878): 	at com.motorola.server.security.securevault.utils.Utils.getApplicationResourceIdentifier(Utils.java:82)
05-12 04:03:25.285 E/SafeInvoker( 2878): 	at com.motorola.server.security.securevault.utils.Utils.getVaultProfileFilterList(Utils.java:132)
05-12 04:03:25.285 E/SafeInvoker( 2878): 	at com.motorola.server.security.securevault.UserFilteringPolicy.lambda$shouldExcludeVaultProfile$0(UserFilteringPolicy.java:22)
05-12 04:03:25.285 E/SafeInvoker( 2878): 	at com.motorola.server.security.securevault.UserFilteringPolicy.$r8$lambda$jR7E2mX-Lw2CinGTcPdwj0zFoNY(UserFilteringPolicy.java:0)
05-12 04:03:25.285 E/SafeInvoker( 2878): 	at com.motorola.server.security.securevault.UserFilteringPolicy$$ExternalSyntheticLambda0.call(R8$$SyntheticClass:0)
05-12 04:03:25.285 E/SafeInvoker( 2878): 	at com.motorola.server.security.securevault.invoker.SafeInvoker.invokeWithClearCallingReturnable(SafeInvoker.java:65)
05-12 04:03:25.285 E/SafeInvoker( 2878): 	at com.motorola.server.security.securevault.invoker.SafeInvoker.invokeWithClearCallingWithBooleanReturn(SafeInvoker.java:99)
05-12 04:03:25.285 E/SafeInvoker( 2878): 	at com.motorola.server.security.securevault.UserFilteringPolicy.shouldExcludeVaultProfile(UserFilteringPolicy.java:19)
05-12 04:03:25.285 E/SafeInvoker( 2878): 	at com.motorola.server.security.securevault.SecureVault.shouldExcludeVaultProfile(SecureVault.java:378)
05-12 04:03:25.285 E/SafeInvoker( 2878): 	at com.motorola.server.security.MotoSecurityManagerService$1.shouldExcludeVaultProfile(MotoSecurityManagerService.java:449)
05-12 04:03:25.285 E/SafeInvoker( 2878): 	at com.motorola.internal.security.MotoSecurityManager.shouldExcludeVaultProfile(MotoSecurityManager.java:735)
05-12 04:03:25.285 E/SafeInvoker( 2878): 	at com.motorola.internal.security.MotoSecurityUtils.shouldExcludeVaultProfile(MotoSecurityUtils.java:240)
05-12 04:03:25.285 E/SafeInvoker( 2878): 	at com.android.server.pm.UserManagerService.getProfileIds(UserManagerService.java:1534)
05-12 04:03:25.285 E/SafeInvoker( 2878): 	at com.android.server.pm.UserManagerService.getProfileIds(UserManagerService.java:1517)
05-12 04:03:25.285 E/SafeInvoker( 2878): 	at com.android.server.wm.RecentTasks.getProfileIds(RecentTasks.java:955)
05-12 04:03:25.285 E/SafeInvoker( 2878): 	at com.android.server.wm.RecentTasks.getRecentTasksImpl(RecentTasks.java:987)
05-12 04:03:25.285 E/SafeInvoker( 2878): 	at com.android.server.wm.RecentTasks.getRecentTasks(RecentTasks.java:977)
05-12 04:03:25.285 E/SafeInvoker( 2878): 	at com.android.server.wm.ActivityTaskManagerService.getRecentTasks(ActivityTaskManagerService.java:2796)
05-12 04:03:25.285 E/SafeInvoker( 2878): 	at android.app.IActivityTaskManager$Stub.onTransact(IActivityTaskManager.java:1411)
05-12 04:03:25.285 E/SafeInvoker( 2878): 	at com.android.server.wm.ActivityTaskManagerService.onTransact(ActivityTaskManagerService.java:6149)
05-12 04:03:25.285 E/SafeInvoker( 2878): 	at android.os.Binder.execTransactInternal(Binder.java:1515)
05-12 04:03:25.285 E/SafeInvoker( 2878): 	at android.os.Binder.execTransact(Binder.java:1453)
05-12 04:03:25.287 E/SafeInvoker( 2878): Service invocation returned exception
05-12 04:03:25.287 E/SafeInvoker( 2878): android.content.pm.PackageManager$NameNotFoundException: com.motorola.securevault
05-12 04:03:25.287 E/SafeInvoker( 2878): 	at android.app.ApplicationPackageManager.getApplicationInfoAsUser(ApplicationPackageManager.java:528)
05-12 04:03:25.287 E/SafeInvoker( 2878): 	at android.app.ApplicationPackageManager.getApplicationInfo(ApplicationPackageManager.java:511)
05-12 04:03:25.287 E/SafeInvoker( 2878): 	at android.app.ApplicationPackageManager.getApplicationInfo(ApplicationPackageManager.java:505)
05-12 04:03:25.287 E/SafeInvoker( 2878): 	at android.app.ApplicationPackageManager.getResourcesForApplication(ApplicationPackageManager.java:2134)
05-12 04:03:25.287 E/SafeInvoker( 2878): 	at com.motorola.server.security.securevault.utils.Utils.getApplicationResourceIdentifier(Utils.java:82)
05-12 04:03:25.287 E/SafeInvoker( 2878): 	at com.motorola.server.security.securevault.utils.Utils.getVaultProfileFilterList(Utils.java:132)
05-12 04:03:25.287 E/SafeInvoker( 2878): 	at com.motorola.server.security.securevault.UserFilteringPolicy.lambda$shouldExcludeVaultProfile$0(UserFilteringPolicy.java:22)
05-12 04:03:25.287 E/SafeInvoker( 2878): 	at com.motorola.server.security.securevault.UserFilteringPolicy.$r8$lambda$jR7E2mX-Lw2CinGTcPdwj0zFoNY(UserFilteringPolicy.java:0)
05-12 04:03:25.287 E/SafeInvoker( 2878): 	at com.motorola.server.security.securevault.UserFilteringPolicy$$ExternalSyntheticLambda0.call(R8$$SyntheticClass:0)
05-12 04:03:25.287 E/SafeInvoker( 2878): 	at com.motorola.server.security.securevault.invoker.SafeInvoker.invokeWithClearCallingReturnable(SafeInvoker.java:65)
05-12 04:03:25.287 E/SafeInvoker( 2878): 	at com.motorola.server.security.securevault.invoker.SafeInvoker.invokeWithClearCallingWithBooleanReturn(SafeInvoker.java:99)
05-12 04:03:25.287 E/SafeInvoker( 2878): 	at com.motorola.server.security.securevault.UserFilteringPolicy.shouldExcludeVaultProfile(UserFilteringPolicy.java:19)
05-12 04:03:25.287 E/SafeInvoker( 2878): 	at com.motorola.server.security.securevault.SecureVault.shouldExcludeVaultProfile(SecureVault.java:378)
05-12 04:03:25.287 E/SafeInvoker( 2878): 	at com.motorola.server.security.MotoSecurityManagerService$1.shouldExcludeVaultProfile(MotoSecurityManagerService.java:449)
05-12 04:03:25.287 E/SafeInvoker( 2878): 	at com.motorola.internal.security.MotoSecurityManager.shouldExcludeVaultProfile(MotoSecurityManager.java:735)
05-12 04:03:25.287 E/SafeInvoker( 2878): 	at com.motorola.internal.security.MotoSecurityUtils.shouldExcludeVaultProfile(MotoSecurityUtils.java:240)
05-12 04:03:25.287 E/SafeInvoker( 2878): 	at com.android.server.pm.UserManagerService.getProfileIds(UserManagerService.java:1534)
05-12 04:03:25.287 E/SafeInvoker( 2878): 	at com.android.server.pm.UserManagerService.getProfileIds(UserManagerService.java:1517)
05-12 04:03:25.287 E/SafeInvoker( 2878): 	at com.android.server.wm.RecentTasks.getProfileIds(RecentTasks.java:955)
05-12 04:03:25.287 E/SafeInvoker( 2878): 	at com.android.server.wm.RecentTasks.getRecentTasksImpl(RecentTasks.java:987)
05-12 04:03:25.287 E/SafeInvoker( 2878): 	at com.android.server.wm.RecentTasks.getRecentTasks(RecentTasks.java:977)
05-12 04:03:25.287 E/SafeInvoker( 2878): 	at com.android.server.wm.ActivityTaskManagerService.getRecentTasks(ActivityTaskManagerService.java:2796)
05-12 04:03:25.287 E/SafeInvoker( 2878): 	at android.app.IActivityTaskManager$Stub.onTransact(IActivityTaskManager.java:1411)
05-12 04:03:25.287 E/SafeInvoker( 2878): 	at com.android.server.wm.ActivityTaskManagerService.onTransact(ActivityTaskManagerService.java:6149)
05-12 04:03:25.287 E/SafeInvoker( 2878): 	at android.os.Binder.execTransactInternal(Binder.java:1515)
05-12 04:03:25.287 E/SafeInvoker( 2878): 	at android.os.Binder.execTransact(Binder.java:1453)
05-12 04:03:25.306 D/CoreBackPreview( 2878): Window{f4c77ba u0 com.google.android.permissioncontroller/com.android.permissioncontroller.permission.ui.GrantPermissionsActivity}: Setting back callback OnBackInvokedCallbackInfo{mCallback=android.window.IOnBackInvokedCallback$Stub$Proxy@4498099, mPriority=0, mIsAnimationCallback=false}
05-12 04:03:25.310 V/WindowManager( 2878): Sent Transition (#25) createdAt=05-12 04:03:24.527 via request=TransitionRequestInfo { type = OPEN, triggerTask = TaskInfo{userId=0 taskId=535 displayId=0 isRunning=true baseIntent=Intent { act=android.intent.action.MAIN cat=[android.intent.category.LAUNCHER] flg=0x10200000 cmp=com.hyeni.calendar/.MainActivity } baseActivity=ComponentInfo{com.hyeni.calendar/com.hyeni.calendar.MainActivity} topActivity=ComponentInfo{com.hyeni.calendar/com.hyeni.calendar.MainActivity} origActivity=null realActivity=ComponentInfo{com.hyeni.calendar/com.hyeni.calendar.MainActivity} numActivities=1 lastActiveTime=24925754 supportsMultiWindow=true supportsGlobalFreeform=true resizeMode=1 isResizeable=true isAppLocked=false isShowDecorCaptionWindowRequest=false canKillAndRestart=true minWidth=-1 minHeight=-1 defaultMinSize=200 token=WCT{RemoteToken{7d08f5e Task{e9c7e6e #535 type=standard A=10523:com.hyeni.calendar}}} topActivityType=1 pictureInPictureParams=null shouldDockBigOverlays=false launchIntoPipHostTaskId=-1 lastParentTaskIdBeforePip=-1 displayCutoutSafeInsets=Rect(0, 108 - 0, 0) topActivityInfo=ActivityInfo{2fdf3f com.hyeni.calendar.MainActivity} launchCookies=[] positionInParent=Point(0, 0) parentTaskId=-1 isFocused=false isVisible=false isVisibleRequested=false isSleeping=true locusId=null displayAreaFeatureId=1 isTopActivityTransparent=false appCompatTaskInfo=AppCompatTaskInfo { topActivityInSizeCompat=false topActivityEligibleForLetterboxEducation= falseisLetterboxEducationEnabled= false isLetterboxDoubleTapEnabled= false topActivityEligibleForUserAspectRatioButton= false topActivityBoundsLetterboxed= false isFromLetterboxDoubleTap= false topActivityLetterboxVerticalPosition= -1 topActivityLetterboxHorizontalPosition= -1 topActivityLetterboxWidth=1080 topActivityLetterboxHeight=2640 isUserFullscreenOverrideEnabled=false isSystemFullscreenOverrideEnabled=false cameraCompatTaskInfo=CameraCompatTaskInfo { cameraCompatControlState=hidden freeformCameraCompatMode=inactive}}}, pipTask = null, remoteTransition = null, displayChange = null, flags = 0, debugId = 25 }
05-12 04:03:25.310 V/WindowManagerShell( 3765): onTransitionReady(transaction=12360915879434)
05-12 04:03:25.310 V/WindowManagerShell( 3765): onTransitionReady (#25) android.os.BinderProxy@3b43f90: {id=25 t=OPEN f=0x40 trk=0 r=[] c=[]}
05-12 04:03:25.311 V/WindowManager( 2878):     startWCT=WindowContainerTransaction { changes = {} hops = [] errorCallbackToken=null taskFragmentOrganizer=null }
05-12 04:03:25.311 V/WindowManagerShell( 3765): No transition roots in (#25) android.os.BinderProxy@3b43f90@0 so abort
05-12 04:03:25.311 V/WindowManager( 2878):     info={id=25 t=OPEN f=0x40 trk=0 r=[] c=[]}
05-12 04:03:25.313 V/WindowManagerShell( 3765): Transition animation finished (aborted=true), notifying core (#25) android.os.BinderProxy@3b43f90@0
05-12 04:03:25.313 D/ForegroundUtils( 6501): Foreground UID status: 10199, false; 10348, false; 10380, true; 10399, true; 10523, true; 
05-12 04:03:25.314 W/UserManagerService( 2878): Requested status bar icon for non-badged user 0
05-12 04:03:25.314 D/PowerManagerService( 2878): nativeSetPowerMode ret:false mode:5 enabled:false duration ms: 0
05-12 04:03:25.315 V/WindowManagerShell( 3765): Track 0 became idle
05-12 04:03:25.315 V/WindowManagerShell( 3765): All active transition animations finished
05-12 04:03:25.315 I/MR2ServiceImpl( 2878): Updating composite discovery preference | preference: RouteDiscoveryRequest{ preferredFeatures={}, activeScan=false }, active routers: []
05-12 04:03:25.316 V/WindowManager( 2878): Finish Transition (#25): created at 05-12 04:03:24.527 collect-started=0.079ms request-sent=8.726ms started=13.887ms ready=605.785ms sent=782.394ms finished=787.798ms
05-12 04:03:25.316 W/UserManagerService( 2878): Requested status bar icon for non-badged user 0
05-12 04:03:25.317 D/ForegroundUtils( 6501): Foreground UID status: 10199, false; 10348, false; 10380, false; 10399, true; 10523, true; 
05-12 04:03:25.318 W/libc    ( 4181): Access denied finding property "vendor.display.enable_optimal_refresh_rate"
05-12 04:03:25.318 W/libc    ( 4181): Access denied finding property "vendor.gpp.create_frc_extension"
05-12 04:03:25.314 W/ssioncontroller( 4181): type=1400 audit(0.0:8114): avc:  denied  { read } for  name="u:object_r:vendor_display_prop:s0" dev="tmpfs" ino=455 scontext=u:r:permissioncontroller_app:s0:c143,c257,c512,c768 tcontext=u:object_r:vendor_display_prop:s0 tclass=file permissive=0 app=com.google.android.permissioncontroller
05-12 04:03:25.318 W/ServiceManagerCppClient( 1908): Permission failure: android.permission.ACCESS_SURFACE_FLINGER from uid=10399 pid=0
05-12 04:03:25.318 D/PermissionCache( 1908): checking android.permission.ACCESS_SURFACE_FLINGER for uid=10399 => denied (345 us)
05-12 04:03:25.319 D/ForegroundUtils( 6501): Foreground UID status: 10199, false; 10348, false; 10380, false; 10399, true; 10523, false; 
05-12 04:03:25.319 W/ServiceManagerCppClient( 1908): Permission failure: android.permission.ACCESS_SURFACE_FLINGER from uid=10399 pid=4181
05-12 04:03:25.319 D/PermissionCache( 1908): checking android.permission.ACCESS_SURFACE_FLINGER for uid=10399 => denied (787 us)
05-12 04:03:25.319 D/ForegroundUtils( 6501): Foreground UID status: 10199, false; 10348, false; 10380, false; 10399, false; 10523, false; 
05-12 04:03:25.319 W/ServiceManagerCppClient( 1908): Permission failure: android.permission.ROTATE_SURFACE_FLINGER from uid=10399 pid=0
05-12 04:03:25.319 D/PermissionCache( 1908): checking android.permission.ROTATE_SURFACE_FLINGER for uid=10399 => denied (949 us)
05-12 04:03:25.319 W/ServiceManagerCppClient( 1908): Permission failure: android.permission.INTERNAL_SYSTEM_WINDOW from uid=10399 pid=0
05-12 04:03:25.319 D/PermissionCache( 1908): checking android.permission.INTERNAL_SYSTEM_WINDOW for uid=10399 => denied (160 us)
05-12 04:03:25.320 I/MR2ServiceImpl( 2878): Updating composite discovery preference | preference: RouteDiscoveryRequest{ preferredFeatures={}, activeScan=false }, active routers: []
05-12 04:03:25.320 W/JobScheduler.JobStatus( 2878): Exempted app com.dti.motorola considered buggy
05-12 04:03:25.322 W/ServiceManagerCppClient( 1908): Permission failure: android.permission.ROTATE_SURFACE_FLINGER from uid=10399 pid=4181
05-12 04:03:25.322 D/PermissionCache( 1908): checking android.permission.ROTATE_SURFACE_FLINGER for uid=10399 => denied (2999 us)
05-12 04:03:25.323 W/UserManagerService( 2878): Requested status bar icon for non-badged user 0
05-12 04:03:25.323 W/JobScheduler.JobStatus( 2878): Exempted app com.dti.motorola considered buggy
05-12 04:03:25.324 I/AdrenoGLES-0( 4181): QUALCOMM build                   : 0c393b63cf, I94e2bd5684
05-12 04:03:25.324 I/AdrenoGLES-0( 4181): Build Date                       : 05/02/25
05-12 04:03:25.324 I/AdrenoGLES-0( 4181): OpenGL ES Shader Compiler Version: EV031.36.08.33
05-12 04:03:25.324 I/AdrenoGLES-0( 4181): Local Branch                     : 
05-12 04:03:25.324 I/AdrenoGLES-0( 4181): Remote Branch                    : refs/tags/AU_LINUX_ANDROID_LA.VENDOR.1.0.R1.11.00.00.816.269
05-12 04:03:25.324 I/AdrenoGLES-0( 4181): Remote Branch                    : NONE
05-12 04:03:25.324 I/AdrenoGLES-0( 4181): Reconstruct Branch               : NOTHING
05-12 04:03:25.324 I/AdrenoGLES-0( 4181): Build Config                     : S P 12.1.1 AArch64
05-12 04:03:25.324 I/AdrenoGLES-0( 4181): Driver Path                      : /vendor/lib64/egl/libGLESv2_adreno.so
05-12 04:03:25.324 I/AdrenoGLES-0( 4181): Driver Version                   : 0615.98
05-12 04:03:25.332 I/AdrenoGLES-0( 4181): PFP: 0x01730181, ME: 0x00000000
05-12 04:03:25.334 I/.hyeni.calendar(30964): Compiler allocated 5189KB to compile void android.view.ViewRootImpl.performTraversals()
05-12 04:03:25.337 D/Capacitor/AppPlugin(30964): Firing change: false
05-12 04:03:25.337 V/Capacitor/AppPlugin(30964): Notifying listeners for event appStateChange
05-12 04:03:25.338 D/Capacitor/AppPlugin(30964): No listeners found for event appStateChange
05-12 04:03:25.338 W/Adreno-AppProfiles( 4181): Could not find QSPM HAL service. Skipping adreno profile processing.
05-12 04:03:25.338 D/Capacitor(30964): App stopped
05-12 04:03:25.339 D/Capacitor(30964): Saving instance state!
05-12 04:03:25.359 I/HWUI    ( 4181): setGrContext nullptr-->validptr
05-12 04:03:25.360 D/Surface (30964): Surface::disconnect
05-12 04:03:25.360 D/BufferQueueProducer(30964): [com.hyeni.calendar/com.hyeni.calendar.MainActivity#323(BLAST Consumer)pid:30964](id:78f400000000,api:1,p:30964,c:30964) disconnect: api 1
05-12 04:03:25.368 W/ServiceManagerCppClient( 2878): Permission failure: android.permission.ACCESS_SURFACE_FLINGER from uid=10399 pid=0
05-12 04:03:25.368 D/PermissionCache( 2878): checking android.permission.ACCESS_SURFACE_FLINGER for uid=10399 => denied (150 us)
05-12 04:03:25.368 W/ServiceManagerCppClient( 2878): Permission failure: android.permission.ROTATE_SURFACE_FLINGER from uid=10399 pid=0
05-12 04:03:25.368 D/PermissionCache( 2878): checking android.permission.ROTATE_SURFACE_FLINGER for uid=10399 => denied (70 us)
05-12 04:03:25.368 W/ServiceManagerCppClient( 2878): Permission failure: android.permission.INTERNAL_SYSTEM_WINDOW from uid=10399 pid=0
05-12 04:03:25.368 D/PermissionCache( 2878): checking android.permission.INTERNAL_SYSTEM_WINDOW for uid=10399 => denied (61 us)
05-12 04:03:25.374 D/Surface ( 4181): Surface::disconnect
05-12 04:03:25.374 D/BufferQueueProducer( 4181): [com.google.android.permissioncontroller/com.android.permissioncontroller.permission.ui.GrantPermissionsActivity#325(BLAST Consumer)pid:4181](id:105500000000,api:1,p:4181,c:4181) disconnect: api 1
05-12 04:03:25.376 I/ActivityTaskManager( 2878): Displayed com.google.android.permissioncontroller/com.android.permissioncontroller.permission.ui.GrantPermissionsActivity for user 0: +847ms
05-12 04:03:25.382 W/MotoBatteryCareService( 2878): uid: 10399 pkgName:com.google.android.permissioncontroller come to foreground
05-12 04:03:25.408 D/Capacitor(30964): Handling local request: https://localhost/assets/wink-star-Cz6eFUfX.webp
05-12 04:03:25.409 D/Capacitor(30964): Handling local request: https://localhost/assets/calendar-check-5zZ0XQQv.webp
05-12 04:03:25.410 D/Capacitor(30964): Handling local request: https://localhost/assets/heart-D_rW6xiR.webp
05-12 04:03:25.414 D/Capacitor(30964): Handling local request: https://localhost/assets/pin-DKPNiecP.webp
05-12 04:03:25.416 D/Capacitor(30964): Handling local request: https://localhost/assets/bell-DQy5TvPD.webp
05-12 04:03:25.418 D/Capacitor(30964): Handling local request: https://localhost/assets/wave-Blu8zcB0.webp
05-12 04:03:25.419 D/Capacitor(30964): Handling local request: https://localhost/assets/shield-BiPIS7w6.webp
05-12 04:03:25.419 D/Capacitor(30964): Handling local request: https://localhost/fonts/PretendardVariable.woff2
05-12 04:03:25.558 E/ANDR-PERF-LM( 1836): VmRssMeter:: start() 358: Could not find pid, can not collect vmrss data
05-12 04:03:25.558 E/ANDR-PERF-LM( 1836): VmRssMeter:: start() 358: Could not find pid, can not collect vmrss data
05-12 04:03:25.558 E/ANDR-PERF-LM( 1836): AdaptiveLaunch: writeToDataBase() 64: Meter aborted or could not get meter data for this run
05-12 04:03:25.591 D/Capacitor(30964): Handling local request: https://localhost/assets/index-BT_TKXwi.js
05-12 04:03:25.593 I/Capacitor/Console(30964): File:  - Line 349 - Msg: [object Object]
05-12 04:03:25.601 V/Capacitor/Plugin(30964): To native (Capacitor plugin): callbackId: 111398286, pluginId: NativeNotification, methodName: getDeliveryHealth
05-12 04:03:25.601 V/Capacitor(30964): callback: 111398286, pluginId: NativeNotification, methodName: getDeliveryHealth, methodData: {}
05-12 04:03:25.620 D/Capacitor(30964): Handling local request: https://localhost/assets/index-GsqZUEhg.js
05-12 04:03:25.625 I/Capacitor/Console(30964): File:  - Line 349 - Msg: [object Object]
05-12 04:03:25.626 I/Capacitor/Console(30964): File:  - Line 349 - Msg: [object Object]
05-12 04:03:25.626 D/Capacitor(30964): Handling local request: https://localhost/icon-192.png
05-12 04:03:25.627 V/Capacitor/Plugin(30964): To native (Capacitor plugin): callbackId: 111398287, pluginId: App, methodName: addListener
05-12 04:03:25.627 V/Capacitor(30964): callback: 111398287, pluginId: App, methodName: addListener, methodData: {"eventName":"backButton"}
05-12 04:03:25.628 V/Capacitor/Plugin(30964): To native (Capacitor plugin): callbackId: 111398288, pluginId: App, methodName: getLaunchUrl
05-12 04:03:25.628 V/Capacitor(30964): callback: 111398288, pluginId: App, methodName: getLaunchUrl, methodData: {}
05-12 04:03:25.640 I/FontLog ( 4147): (REDACTED) Received query %s, URI %s
05-12 04:03:25.640 I/FontLog ( 4147): (REDACTED) Query [%s] resolved to %s
05-12 04:03:25.641 I/FontLog ( 4147): (REDACTED) Fetch %s end status %s
05-12 04:03:25.643 I/FontLog ( 4147): (REDACTED) Pulling font file for id = %d, cache size = %d
05-12 04:03:25.644 I/Capacitor/Console(30964): File:  - Line 333 - Msg: {"notificationsEnabled":false,"postPermissionGranted":false,"batteryOptimizationsIgnored":true,"powerSaveMode":false,"backgroundRestricted":false,"fullScreenIntentAllowed":true,"exactAlarmAllowed":true,"channelsEnabled":true,"recordAudioGranted":false,"remoteListenChannelEnabled":true,"remoteListenChannelImportance":3,"remoteListenChannelBlocked":false,"ringerMode":"silent","dndMode":"priority","dndAccess":false,"networkConnected":true,"networkValidated":true,"screenInteractive":false,"keyguardLocked":true,"screenWidthDp":411,"screenHeightDp":1006,"smallestScreenWidthDp":411,"foldState":"not_foldable_or_unknown","locationServiceRunning":false,"sdkInt":35,"manufacturer":"motorola","model":"motorola razr 40 ultra","ready":false}
05-12 04:03:25.645 I/Capacitor/Console(30964): File:  - Line 349 - Msg: [object Object]
05-12 04:03:25.647 V/Capacitor/Plugin(30964): To native (Capacitor plugin): callbackId: 111398289, pluginId: BackgroundLocation, methodName: checkBackgroundLocationPermission
05-12 04:03:25.647 D/Capacitor(30964): Handling local request: https://localhost/assets/phone-B2tmM6ZO.webp
05-12 04:03:25.647 V/Capacitor(30964): callback: 111398289, pluginId: BackgroundLocation, methodName: checkBackgroundLocationPermission, methodData: {}
05-12 04:03:25.652 I/Capacitor/Console(30964): File:  - Line 333 - Msg: undefined
05-12 04:03:25.653 I/Capacitor/Console(30964): File:  - Line 349 - Msg: [object Object]
05-12 04:03:25.654 V/Capacitor/Plugin(30964): To native (Capacitor plugin): callbackId: 111398290, pluginId: App, methodName: addListener
05-12 04:03:25.654 V/Capacitor(30964): callback: 111398290, pluginId: App, methodName: addListener, methodData: {"eventName":"appUrlOpen"}
