05-12 04:03:42.808 I/artd    (30714): GetBestInfo: odex next to the dex file (/data/app/~~5vLHEkZaTOJR48WNXGRskQ==/com.google.android.apps.messaging-W5ydCfR6dMUZWOgq1H0Ynw==/oat/arm64/base.odex) is kOatUpToDate with filter 'speed-profile' executable 'false'
05-12 04:03:42.810 I/artd    (30714): GetBestInfo: vdex next to the dex file (/data/user/0/com.google.android.apps.messaging/app_dg_cache/A8F89F306FD1BA172E06F6F2B9F79826D0309BB6/oat/arm64/the.vdex) is kOatUpToDate with filter 'verify' executable 'false'
05-12 04:03:42.812 I/artd    (30714): GetBestInfo: vdex next to the dex file (/data/user/0/com.google.android.apps.messaging/app_dg_cache/21A90BF1C1C388089206DCE215FB60D7882BFA18/oat/arm64/the.vdex) is kOatUpToDate with filter 'verify' executable 'false'
05-12 04:03:42.813 I/artd    (30714): GetBestInfo: vdex next to the dex file (/data/user/0/com.google.android.apps.messaging/app_dg_cache/87E7746227FF4E457A2EB56043B95E41006DE49F/oat/arm64/the.vdex) is kOatUpToDate with filter 'verify' executable 'false'
05-12 04:03:42.825 I/artd    (30714): GetBestInfo: odex next to the dex file (/data/app/~~QkxM5nLxD4lC8w9ruUbV9Q==/com.google.android.googlequicksearchbox-PedtIpeDndu6IitSVDWbNg==/oat/arm64/base.odex) is kOatUpToDate with filter 'speed-profile' executable 'false'
05-12 04:03:42.836 I/artd    (30714): GetBestInfo: odex next to the dex file (/data/app/~~F3CyUTehRhrIFjLVRt4o4Q==/io.supercent.linkedcubic-wYsEYWRQnOROvyEMp_p3UA==/oat/arm64/base.odex) is kOatUpToDate with filter 'speed-profile' executable 'false'
05-12 04:03:42.841 I/artd    (30714): GetBestInfo: odex next to the dex file (/data/user/0/io.supercent.linkedcubic/app_pccache/5/A6422CD2CF82BB9C0EAF521C1BF6CC70ABCF649F/oat/arm64/pcam.odex) is kOatUpToDate with filter 'verify' executable 'false'
05-12 04:03:42.845 I/artd    (30714): GetBestInfo: vdex next to the dex file (/data/user/0/io.supercent.linkedcubic/cache/oat/arm64/google_api_resources_lib.vdex) is kOatUpToDate with filter 'verify' executable 'false'
05-12 04:03:42.850 I/artd    (30714): GetBestInfo: vdex next to the dex file (/data/user/0/io.supercent.linkedcubic/cache/oat/arm64/remote_config_resources_lib.vdex) is kOatUpToDate with filter 'verify' executable 'false'
05-12 04:03:42.854 I/artd    (30714): GetBestInfo: vdex next to the dex file (/data/user/0/io.supercent.linkedcubic/app_pccache/5/F2FF627D940052495BF0C0AF15E5A0B2723F5469/oat/arm64/pcam.vdex) is kOatUpToDate with filter 'verify' executable 'false'
05-12 04:03:42.858 I/artd    (30714): GetBestInfo: vdex next to the dex file (/data/user/0/io.supercent.linkedcubic/cache/oat/arm64/app_resources_lib.vdex) is kOatUpToDate with filter 'verify' executable 'false'
05-12 04:03:42.866 W/Finsky  ( 6985): [2] STU: Failed to get storage stats for package 'com.android.vndk.v31' (1601: Error getting stats: android.content.pm.PackageManager.NameNotFoundException)
05-12 04:03:42.868 W/Finsky  ( 6985): [2] STU: Failed to get storage stats for package 'com.android.vndk.v30' (1601: Error getting stats: android.content.pm.PackageManager.NameNotFoundException)
05-12 04:03:42.870 W/Finsky  ( 6985): [2] STU: Failed to get storage stats for package 'com.android.vndk.v33' (1601: Error getting stats: android.content.pm.PackageManager.NameNotFoundException)
05-12 04:03:42.871 W/Finsky  ( 6985): [2] STU: Failed to get storage stats for package 'com.android.vndk.v32' (1601: Error getting stats: android.content.pm.PackageManager.NameNotFoundException)
05-12 04:03:42.871 W/Finsky  ( 6985): [2] STU: Failed to get storage stats for package 'com.android.vndk.v34' (1601: Error getting stats: android.content.pm.PackageManager.NameNotFoundException)
05-12 04:03:42.891 I/artd    (30714): GetBestInfo: odex next to the dex file (/data/app/~~1FFvxVdMH3RBpeyX11pclw==/com.wooribank.smart.npib-eOrwx0LlPylVYjzt-4KsLA==/oat/arm64/base.odex) is kOatUpToDate with filter 'speed-profile' executable 'false'
05-12 04:03:42.905 I/artd    (30714): GetBestInfo: odex next to the dex file (/data/app/~~HKd7YMgpZZa8qDDuHj5Tsg==/kr.go.safepeople-sscXrfNkEsA3pe-I3zsg8A==/oat/arm64/base.odex) is kOatUpToDate with filter 'speed-profile' executable 'false'
05-12 04:03:42.930 I/artd    (30714): GetBestInfo: odex next to the dex file (/data/app/~~nXNIHT9a1YNMjm3KyERegw==/eu.darken.sdmse-l0sdn9FlE3882JBxUj-deg==/oat/arm64/base.odex) is kOatUpToDate with filter 'speed-profile' executable 'false'
05-12 04:03:42.946 I/artd    (30714): GetBestInfo: odex next to the dex file (/data/app/~~w76c6s5wfN8Db7WiFoUmWQ==/com.motorola.securevault-_x8WdjcuVn4wYLwaDirhUw==/oat/arm64/base.odex) is kOatUpToDate with filter 'speed-profile' executable 'false'
05-12 04:03:42.962 I/artd    (30714): GetBestInfo: odex in dalvik-cache (/data/dalvik-cache/arm64/data@app@~~SRxUavOic1LlvbNjczWZ_g==@com.nflystudio.InfiniteStaircase-fU69UBE1Ls54QXQbAUV3Yw==@base.apk@classes.dex) is kOatUpToDate with filter 'speed-profile' executable 'false'
05-12 04:03:42.965 I/artd    (30714): GetBestInfo: odex next to the dex file (/data/user/0/com.nflystudio.InfiniteStaircase/cache/oat/arm64/auth_resources_lib.odex) is kOatUpToDate with filter 'speed-profile' executable 'false'
05-12 04:03:42.966 I/artd    (30714): GetBestInfo: vdex next to the dex file (/data/user/0/com.nflystudio.InfiniteStaircase/app_pccache/5/591C52BA23C4E0E4C6EB8A94DE92F532A215A628/oat/arm64/pcam.vdex) is kOatUpToDate with filter 'verify' executable 'false'
05-12 04:03:42.969 I/artd    (30714): GetBestInfo: odex next to the dex file (/data/user/0/com.nflystudio.InfiniteStaircase/cache/oat/arm64/firestore_resources_lib.odex) is kOatUpToDate with filter 'speed-profile' executable 'false'
05-12 04:03:42.970 I/artd    (30714): GetBestInfo: vdex next to the dex file (/data/user/0/com.nflystudio.InfiniteStaircase/cache/oat/arm64/app_resources_lib.vdex) is kOatUpToDate with filter 'verify' executable 'false'
05-12 04:03:42.972 I/artd    (30714): GetBestInfo: vdex next to the dex file (/data/user/0/com.nflystudio.InfiniteStaircase/cache/oat/arm64/google_api_resources_lib.vdex) is kOatUpToDate with filter 'verify' executable 'false'
05-12 04:03:42.974 I/artd    (30714): GetBestInfo: odex next to the dex file (/data/user/0/com.nflystudio.InfiniteStaircase/app_pccache/5/A4A3883B62E64477497A21E502C207B1868F77D8/oat/arm64/pcam.odex) is kOatUpToDate with filter 'speed-profile' executable 'false'
05-12 04:03:42.976 I/artd    (30714): GetBestInfo: vdex next to the dex file (/data/user/0/com.nflystudio.InfiniteStaircase/cache/oat/arm64/remote_config_resources_lib.vdex) is kOatUpToDate with filter 'verify' executable 'false'
05-12 04:03:43.001 I/artd    (30714): GetBestInfo: odex next to the dex file (/data/app/~~TlOahwk2e_upGvfworDdZw==/com.JindoBlu.TwoPlayerGamesChallenge-D9YNJWNSrZ0pnAWIBVQ9kQ==/oat/arm64/base.odex) is kOatUpToDate with filter 'speed-profile' executable 'false'
05-12 04:03:43.003 I/artd    (30714): GetBestInfo: vdex next to the dex file (/data/user/0/com.JindoBlu.TwoPlayerGamesChallenge/app_pccache/5/A4A3883B62E64477497A21E502C207B1868F77D8/oat/arm64/pcam.vdex) is kOatUpToDate with filter 'verify' executable 'false'
05-12 04:03:43.005 I/artd    (30714): GetBestInfo: vdex next to the dex file (/data/user/0/com.JindoBlu.TwoPlayerGamesChallenge/cache/oat/arm64/google_api_resources_lib.vdex) is kOatUpToDate with filter 'verify' executable 'false'
05-12 04:03:43.006 I/artd    (30714): GetBestInfo: vdex next to the dex file (/data/user/0/com.JindoBlu.TwoPlayerGamesChallenge/app_pccache/5/32C64336DAAB52DE09299639A297EE1CAEE76804/oat/arm64/pcam.vdex) is kOatUpToDate with filter 'verify' executable 'false'
05-12 04:03:43.008 I/artd    (30714): GetBestInfo: vdex next to the dex file (/data/user/0/com.JindoBlu.TwoPlayerGamesChallenge/cache/oat/arm64/app_resources_lib.vdex) is kOatUpToDate with filter 'verify' executable 'false'
05-12 04:03:43.010 I/artd    (30714): GetBestInfo: vdex next to the dex file (/data/user/0/com.JindoBlu.TwoPlayerGamesChallenge/cache/oat/arm64/remote_config_resources_lib.vdex) is kOatUpToDate with filter 'verify' executable 'false'
05-12 04:03:43.030 I/artd    (30714): GetBestInfo: odex next to the dex file (/data/app/~~z5YzsuHHITUpiv6OcXybXA==/com.google.android.documentsui-ukS_LGmhki1PtxvnUG3Tow==/oat/arm64/base.odex) is kOatUpToDate with filter 'speed-profile' executable 'false'
05-12 04:03:43.067 I/artd    (30714): GetBestInfo: odex next to the dex file (/data/app/~~5Pug1TnLtSeb_s94T2gEQw==/jp.naver.line.android-Ckf_EIUf8GMBlRIoILrYxA==/oat/arm64/base.odex) is kOatUpToDate with filter 'speed-profile' executable 'false'
05-12 04:03:43.068 I/artd    (30714): GetBestInfo: vdex next to the dex file (/data/user/0/jp.naver.line.android/app_pccache/5/1CEDD60EE1DEB4A5D57108096C421D8F03173B2C/oat/arm64/pcam.vdex) is kOatUpToDate with filter 'verify' executable 'false'
05-12 04:03:43.069 I/artd    (30714): GetBestInfo: vdex next to the dex file (/data/user/0/jp.naver.line.android/app_pccache/5/570F2F567A7BD29610D50DF58B388F1BEB118159/oat/arm64/pcam.vdex) is kOatUpToDate with filter 'verify' executable 'false'
05-12 04:03:43.098 I/artd    (30714): GetBestInfo: odex next to the dex file (/data/app/~~dvFfjgD0ahU540we4r2jGw==/com.google.android.calculator-U_OtIaQIfctA94_Zo90O_Q==/oat/arm64/base.odex) is kOatUpToDate with filter 'speed-profile' executable 'false'
05-12 04:03:43.106 I/artd    (30714): GetBestInfo: odex next to the dex file (/data/app/~~JfjGjKdF3foTpcKYd24CEQ==/com.google.android.contactkeys-uVS_TRrYJP_c-bzvpsT5zg==/oat/arm64/base.odex) is kOatUpToDate with filter 'speed-profile' executable 'false'
05-12 04:03:43.126 I/artd    (30714): GetBestInfo: odex next to the dex file (/data/app/~~5UxHokff-4mzAoNiPLmj-g==/kr.or.catholic.goodnews-XXvHDnBldW0BYz0jkdyH9A==/oat/arm64/base.odex) is kOatUpToDate with filter 'speed-profile' executable 'false'
05-12 04:03:43.148 I/artd    (30714): GetBestInfo: odex next to the dex file (/data/app/~~Gsl4zBZMrWck_Cw-dcfk4Q==/com.microsoft.appmanager-io_c1CLXE1W5DFlELgHaNg==/oat/arm64/base.odex) is kOatUpToDate with filter 'speed-profile' executable 'false'
05-12 04:03:43.157 W/Finsky  ( 6985): [2] STU: Failed to get storage stats for package 'com.google.android.sdkext' (1601: Error getting stats: android.content.pm.PackageManager.NameNotFoundException)
05-12 04:03:43.178 I/artd    (30714): GetBestInfo: odex next to the dex file (/data/app/~~5o5aP41XIh8dp3o0jyZpug==/com.mwm.piano-GNbOU9swzzk_4qJItt7r_w==/oat/arm64/base.odex) is kOatUpToDate with filter 'speed-profile' executable 'false'
05-12 04:03:43.180 I/artd    (30714): GetBestInfo: vdex next to the dex file (/data/user/0/com.mwm.piano/cache/oat/arm64/google_api_resources_lib.vdex) is kOatUpToDate with filter 'verify' executable 'false'
05-12 04:03:43.181 I/artd    (30714): GetBestInfo: vdex next to the dex file (/data/user/0/com.mwm.piano/cache/oat/arm64/app_resources_lib.vdex) is kOatUpToDate with filter 'verify' executable 'false'
05-12 04:03:43.183 I/artd    (30714): GetBestInfo: vdex next to the dex file (/data/user/0/com.mwm.piano/app_pccache/5/A4A3883B62E64477497A21E502C207B1868F77D8/oat/arm64/pcam.vdex) is kOatUpToDate with filter 'verify' executable 'false'
05-12 04:03:43.203 I/artd    (30714): GetBestInfo: odex next to the dex file (/data/app/~~bMkZuaNHehvgewr17TbvgQ==/kgcbrand.com.kgcdelivery_android-JLIF3qI9UeDf3RC5pZhL5A==/oat/arm64/base.odex) is kOatUpToDate with filter 'speed-profile' executable 'false'
05-12 04:03:43.256 I/artd    (30714): GetBestInfo: odex next to the dex file (/data/app/~~2IlC2muPny3DP71ddlwr4g==/com.instagram.android-uW557B2GuUZyc0aev2NxPA==/oat/arm64/base.odex) is kOatUpToDate with filter 'speed-profile' executable 'false'
05-12 04:03:43.288 I/artd    (30714): GetBestInfo: odex next to the dex file (/data/app/~~0fdLM2v7YQoGLyFEo5tbVw==/org.findmykids.app-iarMzcxZ9ZwizMfjp8dzjA==/oat/arm64/base.odex) is kOatUpToDate with filter 'speed-profile' executable 'false'
05-12 04:03:43.309 I/artd    (30714): GetBestInfo: odex next to the dex file (/data/app/~~cp9xoDARdEyYPcksEuDXVQ==/kr.go.nts.android-3iM_iaA01St5FEUBKvlxfQ==/oat/arm64/base.odex) is kOatUpToDate with filter 'speed-profile' executable 'false'
05-12 04:03:43.321 I/artd    (30714): GetBestInfo: odex next to the dex file (/data/app/~~A3GdPpAGWwChpfRx7xjjlA==/com.motorola.securityhub-sxWW6vCv32M-SyXpgMYdUQ==/oat/arm64/base.odex) is kOatUpToDate with filter 'speed-profile' executable 'false'
05-12 04:03:43.327 W/Finsky  ( 6985): [2] STU: Failed to get storage stats for package 'com.google.android.adservices' (1601: Error getting stats: android.content.pm.PackageManager.NameNotFoundException)
05-12 04:03:43.330 I/artd    (30714): GetBestInfo: odex next to the dex file (/data/app/~~e-aO2AUYbDIBuSyfSN6nYQ==/com.motorola.ccc.notification-wOr-9CJectVaJyvaloTKAA==/oat/arm64/base.odex) is kOatUpToDate with filter 'speed-profile' executable 'false'
05-12 04:03:43.335 W/Finsky  ( 6985): [2] STU: Failed to get storage stats for package 'com.google.android.tethering' (1601: Error getting stats: android.content.pm.PackageManager.NameNotFoundException)
05-12 04:03:43.350 I/artd    (30714): GetBestInfo: odex next to the dex file (/data/app/~~HPGP3nSkyCjnQQuomTepRQ==/com.sec.android.easyMover-YCeRRZVSnSHLvYLoNlvu1g==/oat/arm64/base.odex) is kOatUpToDate with filter 'speed-profile' executable 'false'
05-12 04:03:43.362 I/artd    (30714): GetBestInfo: odex next to the dex file (/data/app/~~zmXmurg8l0f6kRWNj7lhOQ==/com.google.android.captiveportallogin-epiKNPsCRI9u8zwYMk2YlQ==/oat/arm64/base.odex) is kOatUpToDate with filter 'speed-profile' executable 'false'
05-12 04:03:43.377 I/artd    (30714): GetBestInfo: odex next to the dex file (/data/app/~~8a3CD_rrP5ntKq6fC5IUGg==/kr.co.ceragem.membership-SP3_06i7QuhQZt_VSKIT_w==/oat/arm64/base.odex) is kOatUpToDate with filter 'speed-profile' executable 'false'
05-12 04:03:43.395 I/artd    (30714): GetBestInfo: odex next to the dex file (/data/app/~~oLyvimJm_tWQIOeWuPZVzg==/com.android.chrome-sKHygpO6zj8-60KjeXzjFQ==/oat/arm64/base.odex) is kOatUpToDate with filter 'speed-profile' executable 'false'
05-12 04:03:43.397 I/artd    (30714): GetBestInfo: dm (/data/app/~~oLyvimJm_tWQIOeWuPZVzg==/com.android.chrome-sKHygpO6zj8-60KjeXzjFQ==/split_chrome.dm) is kOatUpToDate with filter 'verify' executable 'false'
05-12 04:03:43.399 I/artd    (30714): GetBestInfo: dm (/data/app/~~oLyvimJm_tWQIOeWuPZVzg==/com.android.chrome-sKHygpO6zj8-60KjeXzjFQ==/split_dev_ui.dm) is kOatUpToDate with filter 'verify' executable 'false'
05-12 04:03:43.401 I/artd    (30714): GetBestInfo: dm (/data/app/~~oLyvimJm_tWQIOeWuPZVzg==/com.android.chrome-sKHygpO6zj8-60KjeXzjFQ==/split_on_demand.dm) is kOatUpToDate with filter 'verify' executable 'false'
05-12 04:03:43.403 I/artd    (30714): GetBestInfo: dm (/data/app/~~oLyvimJm_tWQIOeWuPZVzg==/com.android.chrome-sKHygpO6zj8-60KjeXzjFQ==/split_stack_unwinder.dm) is kOatUpToDate with filter 'verify' executable 'false'
05-12 04:03:43.405 I/artd    (30714): GetBestInfo: dm (/data/app/~~oLyvimJm_tWQIOeWuPZVzg==/com.android.chrome-sKHygpO6zj8-60KjeXzjFQ==/split_test_dummy.dm) is kOatUpToDate with filter 'verify' executable 'false'
05-12 04:03:43.488 I/artd    (30714): GetBestInfo: vdex next to the dex file (/data/app/~~GokssQUs2kXQ7GFOrAaC9Q==/com.facebook.services-Fwo4xvUs9wLwscU9SLBdiQ==/oat/arm64/base.vdex) is kOatUpToDate with filter 'verify' executable 'false'
05-12 04:03:43.507 W/Finsky  ( 6985): [2] STU: Failed to get storage stats for package 'com.android.runtime' (1601: Error getting stats: android.content.pm.PackageManager.NameNotFoundException)
05-12 04:03:43.510 I/artd    (30714): GetBestInfo: odex next to the dex file (/data/app/~~3Fl9B0Hox5T8Kn8EgxgkuA==/com.google.android.gms.supervision-gKVZkAp3wAiiIsumBeWtGg==/oat/arm64/base.odex) is kOatUpToDate with filter 'speed-profile' executable 'false'
05-12 04:03:43.525 I/artd    (30714): GetBestInfo: odex next to the dex file (/data/app/~~tH_cRu2q5ATYl4aZRnr5bw==/com.google.android.apps.subscriptions.red-IQ5xPXPETtSDgtn5ndJe2A==/oat/arm64/base.odex) is kOatUpToDate with filter 'speed-profile' executable 'false'
05-12 04:03:43.555 I/artd    (30714): GetBestInfo: odex next to the dex file (/data/app/~~L7F1NlI9EStT_QOUrJVRvQ==/com.translater.language.translator.voice.photo-JgHmJmxVNV-mX7cbdosauQ==/oat/arm64/base.odex) is kOatUpToDate with filter 'speed-profile' executable 'false'
05-12 04:03:43.565 I/artd    (30714): GetBestInfo: odex next to the dex file (/data/app/~~jhEYM7dO70IG8GhnAU34Sw==/com.google.android.contacts-7cYzN4yKt8PVB8IvYw5Q9g==/oat/arm64/base.odex) is kOatUpToDate with filter 'speed-profile' executable 'false'
05-12 04:03:43.589 I/artd    (30714): GetBestInfo: odex next to the dex file (/data/app/~~l_fQQixHHVsdm0v7LcWoFQ==/com.hanwha.insurance.sfa.applicant-EdE8YbejGbLhZgnUPZF-aA==/oat/arm64/base.odex) is kOatUpToDate with filter 'speed-profile' executable 'false'
05-12 04:03:43.603 W/Finsky  ( 6985): [2] STU: Failed to get storage stats for package 'com.google.android.cellbroadcast' (1601: Error getting stats: android.content.pm.PackageManager.NameNotFoundException)
05-12 04:03:43.620 I/artd    (30714): GetBestInfo: odex next to the dex file (/data/app/~~Mnni5V6WoVgeq08OJfgRfA==/translate.all.language.translator.cameratranslator-CE_J4GlrQtczCF1yXSvlMg==/oat/arm64/base.odex) is kOatUpToDate with filter 'speed-profile' executable 'false'
05-12 04:03:43.647 I/artd    (30714): GetBestInfo: odex next to the dex file (/data/app/~~mGXT9zfQOilxlkFGXoXN2Q==/com.dicedpixel.foodrun-N89oObA8ka9ewpxyEAPU8Q==/oat/arm64/base.odex) is kOatUpToDate with filter 'speed-profile' executable 'false'
05-12 04:03:43.650 I/artd    (30714): GetBestInfo: odex next to the dex file (/data/user/0/com.dicedpixel.foodrun/app_pccache/5/A4A3883B62E64477497A21E502C207B1868F77D8/oat/arm64/pcam.odex) is kOatUpToDate with filter 'speed-profile' executable 'false'
05-12 04:03:43.653 I/artd    (30714): GetBestInfo: odex next to the dex file (/data/user/0/com.dicedpixel.foodrun/app_pccache/5/591C52BA23C4E0E4C6EB8A94DE92F532A215A628/oat/arm64/pcam.odex) is kOatUpToDate with filter 'speed-profile' executable 'false'
05-12 04:03:43.695 I/artd    (30714): GetBestInfo: odex next to the dex file (/data/app/~~wZzPPelXUdFh6mt5fc6dmQ==/com.wooricard.smartapp-fhlhq4_eZe1xJ6ohTOoLlQ==/oat/arm64/base.odex) is kOatUpToDate with filter 'speed-profile' executable 'false'
05-12 04:03:43.719 I/artd    (30714): GetBestInfo: odex next to the dex file (/data/app/~~Jya6Quh_BsEuj8AC_8F5eQ==/com.google.android.accessibility.switchaccess-Z7rW-CZFUFrNOcTeo0HeHQ==/oat/arm64/base.odex) is kOatUpToDate with filter 'speed-profile' executable 'false'
05-12 04:03:43.741 I/artd    (30714): GetBestInfo: odex next to the dex file (/data/app/~~0HWFnNH8nd59HfiMci1UKg==/kr.co.emart.emartmall-Rik2yGN4VfA22AgN3vpugA==/oat/arm64/base.odex) is kOatUpToDate with filter 'speed-profile' executable 'false'
05-12 04:03:43.766 I/artd    (30714): GetBestInfo: odex next to the dex file (/data/app/~~EHDkYqSQFlBfuz6yO-X07A==/kr.co.elandmall.elandmall-Wyspk2GlcU6GJFAsIwVyxg==/oat/arm64/base.odex) is kOatUpToDate with filter 'speed-profile' executable 'false'
05-12 04:03:43.777 I/artd    (30714): GetBestInfo: odex next to the dex file (/data/app/~~GJtY1gUMu93dbqr-uxlkHQ==/com.google.android.apps.carrier.carrierwifi-f-_5eOatA624TISjZez9zg==/oat/arm64/base.odex) is kOatUpToDate with filter 'speed-profile' executable 'false'
05-12 04:03:43.784 I/artd    (30714): GetBestInfo: odex next to the dex file (/data/app/~~mnY4W4veqNEc4f9GMk7RxA==/com.google.android.apps.wellbeing-4A9NjoMm1qKL_twH2dRThw==/oat/arm64/base.odex) is kOatUpToDate with filter 'speed-profile' executable 'false'
05-12 04:03:43.808 I/artd    (30714): GetBestInfo: odex next to the dex file (/data/app/~~l5v_sg6TzWv2WS8DR5ddhA==/ai.face.future.futureme-Ob4Vk9v-Bg5YFKTcyAchaQ==/oat/arm64/base.odex) is kOatUpToDate with filter 'speed-profile' executable 'false'
05-12 04:03:43.834 I/artd    (30714): GetBestInfo: odex next to the dex file (/data/app/~~jSWbgNBjRyBSXGSBBphkww==/com.banana.cat.hidenseek-vFgI_JHBq_lmi0aPGUB7KA==/oat/arm64/base.odex) is kOatUpToDate with filter 'speed-profile' executable 'false'
05-12 04:03:43.836 I/artd    (30714): GetBestInfo: vdex next to the dex file (/data/user/0/com.banana.cat.hidenseek/cache/oat/arm64/google_api_resources_lib.vdex) is kOatUpToDate with filter 'verify' executable 'false'
05-12 04:03:43.836 I/artd    (30714): GetBestInfo: vdex next to the dex file (/data/user/0/com.banana.cat.hidenseek/cache/oat/arm64/remote_config_resources_lib.vdex) is kOatUpToDate with filter 'verify' executable 'false'
05-12 04:03:43.837 I/artd    (30714): GetBestInfo: vdex next to the dex file (/data/user/0/com.banana.cat.hidenseek/cache/oat/arm64/app_resources_lib.vdex) is kOatUpToDate with filter 'verify' executable 'false'
05-12 04:03:43.839 I/artd    (30714): GetBestInfo: vdex next to the dex file (/data/user/0/com.banana.cat.hidenseek/app_pccache/5/A4A3883B62E64477497A21E502C207B1868F77D8/oat/arm64/pcam.vdex) is kOatUpToDate with filter 'verify' executable 'false'
05-12 04:03:43.851 I/artd    (30714): GetBestInfo: odex next to the dex file (/data/app/~~7AFZU96HwNQp1Hy3b7zAUA==/com.motorola.om-hwIQO3sDEFe2QRpIFz2dDw==/oat/arm64/base.odex) is kOatUpToDate with filter 'speed-profile' executable 'false'
05-12 04:03:43.857 I/artd    (30714): GetBestInfo: odex next to the dex file (/data/app/~~bUspFDpE1GEv43B1eOhIBA==/com.google.android.apps.restore-DNK9zMhxeEz6PufF5OnvqA==/oat/arm64/base.odex) is kOatUpToDate with filter 'speed-profile' executable 'false'
05-12 04:03:43.871 I/artd    (30714): GetBestInfo: odex next to the dex file (/data/app/~~XS4orlsl9iYsMgVsfwq_2g==/com.naver.smartplace-hpGZuFc1o2c8aVNEA1loTA==/oat/arm64/base.odex) is kOatUpToDate with filter 'speed-profile' executable 'false'
05-12 04:03:43.901 I/artd    (30714): GetBestInfo: odex next to the dex file (/data/app/~~8GqZd08gCS7ow_ATYCyRDw==/com.ice.ball.snow.race-sRcqcOho2slXU325yMcykg==/oat/arm64/base.odex) is kOatUpToDate with filter 'speed-profile' executable 'false'
05-12 04:03:43.902 I/artd    (30714): GetBestInfo: vdex next to the dex file (/data/user/0/com.ice.ball.snow.race/app_pccache/5/A4A3883B62E64477497A21E502C207B1868F77D8/oat/arm64/pcam.vdex) is kOatUpToDate with filter 'verify' executable 'false'
05-12 04:03:43.903 I/artd    (30714): GetBestInfo: vdex next to the dex file (/data/user/0/com.ice.ball.snow.race/cache/oat/arm64/google_api_resources_lib.vdex) is kOatUpToDate with filter 'verify' executable 'false'
05-12 04:03:43.904 I/artd    (30714): GetBestInfo: vdex next to the dex file (/data/user/0/com.ice.ball.snow.race/cache/oat/arm64/remote_config_resources_lib.vdex) is kOatUpToDate with filter 'verify' executable 'false'
05-12 04:03:43.904 I/artd    (30714): GetBestInfo: vdex next to the dex file (/data/user/0/com.ice.ball.snow.race/cache/oat/arm64/app_resources_lib.vdex) is kOatUpToDate with filter 'verify' executable 'false'
05-12 04:03:43.992 I/artd    (30714): GetBestInfo: odex next to the dex file (/data/app/~~p6lfDJi3w3TiHhdu_cyTrw==/com.hanwha.hima-4ku-7t8KABN1dQnVKwj_cQ==/oat/arm64/base.odex) is kOatUpToDate with filter 'speed-profile' executable 'false'
05-12 04:03:43.998 W/Finsky  ( 6985): [2] STU: Failed to get storage stats for package 'com.motorola.enterprise' (1601: Error getting stats: android.content.pm.PackageManager.NameNotFoundException)
05-12 04:03:44.011 I/artd    (30714): GetBestInfo: odex next to the dex file (/data/app/~~A0yMNJypQqUd_qaAllXOoA==/com.motorola.genie-AXOjo2OAwbS_NHepuHcyRg==/oat/arm64/base.odex) is kOatUpToDate with filter 'speed-profile' executable 'false'
05-12 04:03:44.034 I/artd    (30714): GetBestInfo: odex next to the dex file (/data/app/~~Rt-rS3ZQafa-vVUHQ3QiXw==/com.google.android.apps.photos-Qg3vFOJuGjyV7KGe2ryDRA==/oat/arm64/base.odex) is kOatUpToDate with filter 'speed-profile' executable 'false'
05-12 04:03:44.056 I/artd    (30714): GetBestInfo: odex next to the dex file (/data/app/~~1VRKzxyT0_8dXkgIBOdA1g==/com.samsung.android.oneconnect-JMiIMTnTrGPi6QFSnsMFeQ==/oat/arm64/base.odex) is kOatUpToDate with filter 'speed-profile' executable 'false'
05-12 04:03:44.068 I/artd    (30714): GetBestInfo: odex next to the dex file (/data/app/~~3DBjZ9Ce3WL4HY9OAwQ6VQ==/com.aura.oobe.motorola-I4Lvb4QEycrEIOhyrR1wbQ==/oat/arm64/base.odex) is kOatUpToDate with filter 'speed-profile' executable 'false'
05-12 04:03:44.077 I/artd    (30714): GetBestInfo: odex next to the dex file (/data/app/~~Hj7cpkbFmf5vyiLkuVXZmw==/com.genigames.prison.escape.jailbreak.adventure-vuUvRM8VcCnZrYDemHjkCg==/oat/arm64/base.odex) is kOatUpToDate with filter 'speed-profile' executable 'false'
05-12 04:03:44.078 I/artd    (30714): GetBestInfo: vdex next to the dex file (/data/user/0/com.genigames.prison.escape.jailbreak.adventure/app_pccache/5/A4A3883B62E64477497A21E502C207B1868F77D8/oat/arm64/pcam.vdex) is kOatUpToDate with filter 'verify' executable 'false'
05-12 04:03:44.079 I/artd    (30714): GetBestInfo: vdex next to the dex file (/data/user/0/com.genigames.prison.escape.jailbreak.adventure/app_pccache/5/EEE20DEE2B9E8FD13D3BD7940C93E19263473270/oat/arm64/pcam.vdex) is kOatUpToDate with filter 'verify' executable 'false'
05-12 04:03:44.080 I/artd    (30714): GetBestInfo: vdex next to the dex file (/data/user/0/com.genigames.prison.escape.jailbreak.adventure/cache/oat/arm64/app_resources_lib.vdex) is kOatUpToDate with filter 'verify' executable 'false'
05-12 04:03:44.081 I/artd    (30714): GetBestInfo: vdex next to the dex file (/data/user/0/com.genigames.prison.escape.jailbreak.adventure/cache/oat/arm64/google_api_resources_lib.vdex) is kOatUpToDate with filter 'verify' executable 'false'
05-12 04:03:44.096 I/artd    (30714): GetBestInfo: odex next to the dex file (/data/app/~~esg0bDa2ruEBdLGNJ-dMBg==/com.sec.spp.push-txbbCp-I7DYyuhpWvX07SA==/oat/arm64/base.odex) is kOatUpToDate with filter 'speed-profile' executable 'false'
05-12 04:03:44.107 I/artd    (30714): GetBestInfo: odex next to the dex file (/data/app/~~OEyx1_fd1d3OFrG5C0Gj9g==/com.google.android.ims-znapJE0GAzgeXTPy7K7d-g==/oat/arm64/base.odex) is kOatUpToDate with filter 'speed-profile' executable 'false'
05-12 04:03:44.111 W/Finsky  ( 6985): [2] STU: Failed to get storage stats for package 'com.google.android.tzdata6' (1601: Error getting stats: android.content.pm.PackageManager.NameNotFoundException)
05-12 04:03:44.124 I/artd    (30714): GetBestInfo: odex next to the dex file (/data/app/~~0gkiDLzrcIdHg6fADlemAw==/com.hanwhalife.hiw-tR6VxQAf84gyh7Q0YtyT7Q==/oat/arm64/base.odex) is kOatUpToDate with filter 'speed-profile' executable 'false'
05-12 04:03:44.131 W/Finsky  ( 6985): [2] STU: Failed to get storage stats for package 'com.google.android.permission' (1601: Error getting stats: android.content.pm.PackageManager.NameNotFoundException)
05-12 04:03:44.145 I/artd    (30714): GetBestInfo: odex next to the dex file (/data/app/~~I5bEg1-YarZCzoljWTVr7A==/com.starbucks.co-TjfCjryWRqi9c9EGM9OduQ==/oat/arm64/base.odex) is kOatUpToDate with filter 'speed-profile' executable 'false'
05-12 04:03:44.178 I/artd    (30714): GetBestInfo: odex next to the dex file (/data/app/~~7oxxVYhTTkCK69Ab2NiryQ==/com.coupang.mobile-4P7x3f8ijg0K-B7QnqdPbw==/oat/arm64/base.odex) is kOatUpToDate with filter 'speed-profile' executable 'false'
05-12 04:03:44.186 I/artd    (30714): GetBestInfo: vdex next to the dex file (/data/app/~~wjpPsW1zjjbet2a7W5Ym3w==/com.facebook.system-L8bR-vHWD7sAJPHGYa9FaA==/oat/arm64/base.vdex) is kOatUpToDate with filter 'verify' executable 'false'
05-12 04:03:44.233 I/artd    (30714): GetBestInfo: odex next to the dex file (/data/app/~~WsxMJmN8bcA2W_4AHyjILg==/com.facebook.katana-AcXEI2__-W1Y46REHm_ZPg==/oat/arm64/base.odex) is kOatUpToDate with filter 'speed-profile' executable 'false'
05-12 04:03:44.248 I/artd    (30714): GetBestInfo: odex next to the dex file (/data/app/~~AiL5aaKOnKS8aFdYNOM_ZQ==/com.pub.fm-8-LjYFjbQlUaEfX44Ipgug==/oat/arm64/base.odex) is kOatUpToDate with filter 'speed-profile' executable 'false'
05-12 04:03:44.259 I/artd    (30714): GetBestInfo: odex next to the dex file (/data/app/~~MBQCfdKS1sVeJyKsdUt2MQ==/eduland.myapplication-lixiO_4ggSDkjv97Yb6BVA==/oat/arm64/base.odex) is kOatUpToDate with filter 'speed-profile' executable 'false'
05-12 04:03:44.278 I/artd    (30714): GetBestInfo: odex next to the dex file (/data/app/~~6uvgCo3ruWU0CnN2agsz2w==/com.ewut.allealimi-pAwFK2OrHKeos8xFShQo1g==/oat/arm64/base.odex) is kOatUpToDate with filter 'speed-profile' executable 'false'
05-12 04:03:44.312 I/artd    (30714): GetBestInfo: odex next to the dex file (/data/app/~~ahDme9pzoCpailh5pjgVow==/com.airbnb.android-S3tfg9U3mu5bLDJt56Ghsg==/oat/arm64/base.odex) is kOatUpToDate with filter 'speed-profile' executable 'false'
05-12 04:03:44.329 I/artd    (30714): GetBestInfo: odex next to the dex file (/data/app/~~kcX96qkEQRBOEyS2E1WwHw==/com.homeplus.myhomeplus-IuWiYgv8P_hlkLMenR5Brw==/oat/arm64/base.odex) is kOatUpToDate with filter 'speed-profile' executable 'false'
05-12 04:03:44.340 I/artd    (30714): GetBestInfo: odex next to the dex file (/data/app/~~0oRhTvLchsS7t1NBUHofBw==/com.appg.ebridge-ECRzWleksyTzcAWEBnzDLw==/oat/arm64/base.odex) is kOatUpToDate with filter 'speed-profile' executable 'false'
05-12 04:03:44.359 I/artd    (30714): GetBestInfo: odex next to the dex file (/data/app/~~9yRFU2e8BeBLYyjGyz4Agg==/com.tourvis.app-t4P9zB_QV7o4IX9zW4eNJg==/oat/arm64/base.odex) is kOatUpToDate with filter 'speed-profile' executable 'false'
05-12 04:03:44.394 I/artd    (30714): GetBestInfo: odex next to the dex file (/data/app/~~D2EHo2QKxRqz7NRXCivjeQ==/kvp.jjy.MispAndroid320-b4DV7SApgfbBoFprhsZgsA==/oat/arm64/base.odex) is kOatUpToDate with filter 'speed-profile' executable 'false'
05-12 04:03:44.419 I/Capacitor/Console(30964): File:  - Line 349 - Msg: [object Object]
05-12 04:03:44.421 V/Capacitor/Plugin(30964): To native (Capacitor plugin): callbackId: 111398308, pluginId: NativeNotification, methodName: getDeliveryHealth
05-12 04:03:44.421 V/Capacitor(30964): callback: 111398308, pluginId: NativeNotification, methodName: getDeliveryHealth, methodData: {}
05-12 04:03:44.430 I/artd    (30714): GetBestInfo: odex next to the dex file (/data/app/~~OZ4MvE-Q3olgitplepSxdQ==/com.sec.android.app.shealth-EheWmer40b_2cYHCr2W7HQ==/oat/arm64/base.odex) is kOatUpToDate with filter 'speed-profile' executable 'false'
05-12 04:03:44.433 I/Capacitor/Console(30964): File:  - Line 333 - Msg: {"notificationsEnabled":false,"postPermissionGranted":false,"batteryOptimizationsIgnored":true,"powerSaveMode":false,"backgroundRestricted":false,"fullScreenIntentAllowed":true,"exactAlarmAllowed":true,"channelsEnabled":true,"recordAudioGranted":false,"remoteListenChannelEnabled":true,"remoteListenChannelImportance":3,"remoteListenChannelBlocked":false,"ringerMode":"silent","dndMode":"priority","dndAccess":false,"networkConnected":true,"networkValidated":true,"screenInteractive":false,"keyguardLocked":true,"screenWidthDp":411,"screenHeightDp":1006,"smallestScreenWidthDp":411,"foldState":"not_foldable_or_unknown","locationServiceRunning":false,"sdkInt":35,"manufacturer":"motorola","model":"motorola razr 40 ultra","ready":false}
05-12 04:03:44.433 W/Capacitor/Console(30964): File: https://localhost/assets/index-BpJhnCdy.js - Line 65 - Msg: Capacitor plugin "BackgroundLocation" already registered. Cannot register plugins twice.
05-12 04:03:44.434 I/Capacitor/Console(30964): File:  - Line 349 - Msg: [object Object]
05-12 04:03:44.435 V/Capacitor/Plugin(30964): To native (Capacitor plugin): callbackId: 111398309, pluginId: BackgroundLocation, methodName: checkBackgroundLocationPermission
05-12 04:03:44.435 V/Capacitor(30964): callback: 111398309, pluginId: BackgroundLocation, methodName: checkBackgroundLocationPermission, methodData: {}
05-12 04:03:44.437 I/Capacitor/Console(30964): File:  - Line 333 - Msg: {"fineLocation":false,"backgroundLocation":false}
05-12 04:03:44.439 W/Finsky  ( 6985): [2] STU: Failed to get storage stats for package 'com.google.android.wifi' (1601: Error getting stats: android.content.pm.PackageManager.NameNotFoundException)
05-12 04:03:44.458 I/artd    (30714): GetBestInfo: odex next to the dex file (/data/app/~~v01aesUmzkCDomasTsWL7A==/kr.co.hanamembers.hmscustomer-nfW0xJ6RMB0UEBaxXHDcIg==/oat/arm64/base.odex) is kOatUpToDate with filter 'speed-profile' executable 'false'
05-12 04:03:44.460 I/artd    (30714): GetBestInfo: vdex next to the dex file (/data/user/0/kr.co.hanamembers.hmscustomer/app_pccache/5/570F2F567A7BD29610D50DF58B388F1BEB118159/oat/arm64/pcam.vdex) is kOatUpToDate with filter 'verify' executable 'false'
05-12 04:03:44.461 I/artd    (30714): GetBestInfo: vdex next to the dex file (/data/user/0/kr.co.hanamembers.hmscustomer/app_pccache/5/31A608BBC774481EC4B6A2274A0729389E78E19D/oat/arm64/pcam.vdex) is kOatUpToDate with filter 'verify' executable 'false'
05-12 04:03:44.485 I/artd    (30714): GetBestInfo: odex next to the dex file (/data/app/~~u6ogdE40F1Kru9LkOv_JDg==/com.caketower.building.jump.capybara-zxwWcI9LfulB0gOu2DIf5g==/oat/arm64/base.odex) is kOatUpToDate with filter 'speed-profile' executable 'false'
05-12 04:03:44.487 I/artd    (30714): GetBestInfo: vdex next to the dex file (/data/user/0/com.caketower.building.jump.capybara/app_pccache/5/591C52BA23C4E0E4C6EB8A94DE92F532A215A628/oat/arm64/pcam.vdex) is kOatUpToDate with filter 'verify' executable 'false'
05-12 04:03:44.488 I/artd    (30714): GetBestInfo: vdex next to the dex file (/data/user/0/com.caketower.building.jump.capybara/cache/oat/arm64/app_resources_lib.vdex) is kOatUpToDate with filter 'verify' executable 'false'
05-12 04:03:44.490 I/artd    (30714): GetBestInfo: vdex next to the dex file (/data/user/0/com.caketower.building.jump.capybara/cache/oat/arm64/google_api_resources_lib.vdex) is kOatUpToDate with filter 'verify' executable 'false'
05-12 04:03:44.491 I/artd    (30714): GetBestInfo: vdex next to the dex file (/data/user/0/com.caketower.building.jump.capybara/cache/oat/arm64/remote_config_resources_lib.vdex) is kOatUpToDate with filter 'verify' executable 'false'
05-12 04:03:44.493 I/artd    (30714): GetBestInfo: vdex next to the dex file (/data/user/0/com.caketower.building.jump.capybara/app_pccache/5/A4A3883B62E64477497A21E502C207B1868F77D8/oat/arm64/pcam.vdex) is kOatUpToDate with filter 'verify' executable 'false'
05-12 04:03:44.495 I/artd    (30714): GetBestInfo: vdex next to the dex file (/data/user/0/com.caketower.building.jump.capybara/cache/oat/arm64/auth_resources_lib.vdex) is kOatUpToDate with filter 'verify' executable 'false'
05-12 04:03:44.524 I/artd    (30714): GetBestInfo: odex next to the dex file (/data/app/~~6IM3ZzXwnysu7DYm6qrFGA==/com.linkedin.android-kRqfcbq_pKBxl8iecDhY0A==/oat/arm64/base.odex) is kOatUpToDate with filter 'speed-profile' executable 'false'
05-12 04:03:44.552 I/artd    (30714): GetBestInfo: odex next to the dex file (/data/app/~~YCxTk6_XwKq-EVVidYjFaw==/com.socialapps.homeplus-E4GEJB7a3PsKYJr1LrptCQ==/oat/arm64/base.odex) is kOatUpToDate with filter 'speed-profile' executable 'false'
05-12 04:03:44.569 D/ActivityManager( 2878): freezing 30964 com.hyeni.calendar, reason = oom_cached
05-12 04:03:44.575 D/ActivityManager( 2878): freezing 31029 com.google.android.webview:sandboxed_process0:org.chromium.content.app.SandboxedProcessService0:0, reason = oom_cached
05-12 04:03:44.579 D/InetDiagMessage( 2878): Destroyed 1 sockets, proto=IPPROTO_TCP, family=AF_INET, states=14
05-12 04:03:44.581 D/InetDiagMessage( 2878): Destroyed 1 sockets, proto=IPPROTO_TCP, family=AF_INET6, states=14
05-12 04:03:44.581 D/InetDiagMessage( 2878): Destroyed live tcp sockets for uids={10523} in 3ms
05-12 04:03:44.585 I/artd    (30714): GetBestInfo: odex next to the dex file (/data/app/~~ZrmYz21bMGKDinkBDDLbqA==/com.baedalyakgook_user-VXlCgfuGB_K4H9lfzI1wCw==/oat/arm64/base.odex) is kOatUpToDate with filter 'speed-profile' executable 'false'
05-12 04:03:44.596 I/artd    (30714): GetBestInfo: odex next to the dex file (/data/app/~~qKLRWTlRaj_KQqJkfu0xyA==/net.nshc.droidx3-dCJpV8n_LWa57SPh3hPn5g==/oat/arm64/base.odex) is kOatUpToDate with filter 'speed-profile' executable 'false'
05-12 04:03:44.604 I/artd    (30714): GetBestInfo: odex next to the dex file (/data/app/~~UnGSMSKnkm5IwI2EfGNv2g==/com.samsung.wearable.fit3plugin-W5yFyAF4gl9z9E24chTOFg==/oat/arm64/base.odex) is kOatUpToDate with filter 'speed-profile' executable 'false'
05-12 04:03:44.609 I/artd    (30714): GetBestInfo: odex next to the dex file (/data/app/~~ie5_MzqtSCB8uN7J7Ykgew==/filemanager.files.fileexplorer-75l98ltOIw47bdW-3pXU2Q==/oat/arm64/base.odex) is kOatUpToDate with filter 'speed-profile' executable 'false'
05-12 04:03:44.625 I/artd    (30714): GetBestInfo: odex next to the dex file (/data/app/~~kwKrSc6K-jyALq7n1aLE8g==/com.emart.today-chO_8P2dAMlfSBQ9dQsVyQ==/oat/arm64/base.odex) is kOatUpToDate with filter 'speed-profile' executable 'false'
05-12 04:03:44.659 I/artd    (30714): GetBestInfo: odex next to the dex file (/data/app/~~t92OV5zPQ5ndP7yKbU-9YA==/com.truefriend.neosmartarenewal-Q_lBZ4Q4UgDDnHjkyBA_Cw==/oat/arm64/base.odex) is kOatUpToDate with filter 'speed-profile' executable 'false'
05-12 04:03:44.668 I/artd    (30714): GetBestInfo: odex next to the dex file (/data/app/~~cOWuiJiJ7Zl8tvnMiR1wzA==/com.google.android.apps.adm-lq2FyllYhVFZPT90nfLzXw==/oat/arm64/base.odex) is kOatUpToDate with filter 'speed-profile' executable 'false'
05-12 04:03:44.762 W/Finsky  ( 6985): [2] STU: Failed to get storage stats for package 'com.google.android.media.swcodec' (1601: Error getting stats: android.content.pm.PackageManager.NameNotFoundException)
05-12 04:03:44.773 I/artd    (30714): GetBestInfo: odex next to the dex file (/data/app/~~guqVkvudGRdnIRNgrdUIBg==/com.lotteworld.android.adventure-HFVVJYI-vhGXZKpJ3XF36A==/oat/arm64/base.odex) is kOatUpToDate with filter 'speed-profile' executable 'false'
05-12 04:03:44.793 I/artd    (30714): GetBestInfo: odex next to the dex file (/data/app/~~fS1cVJPrYXPgiJveCxGtkg==/com.smilelab.drugs-V5oKkZ1A8IMC-8t32hki1g==/oat/arm64/base.odex) is kOatUpToDate with filter 'speed-profile' executable 'false'
05-12 04:03:44.808 I/artd    (30714): GetBestInfo: odex next to the dex file (/data/app/~~mbh0vseNbKuPqGWbF2Hzfg==/com.google.android.projection.gearhead-puJ0csPHKO4boZbnafGH4A==/oat/arm64/base.odex) is kOatUpToDate with filter 'speed-profile' executable 'false'
05-12 04:03:44.809 I/artd    (30714): GetBestInfo: vdex next to the dex file (/data/user/0/com.google.android.projection.gearhead/app_impl/oat/arm64/sdk_impl.vdex) is kOatUpToDate with filter 'verify' executable 'false'
05-12 04:03:44.817 W/Finsky  ( 6985): [2] STU: Failed to get storage stats for package 'com.android.profiling' (1601: Error getting stats: android.content.pm.PackageManager.NameNotFoundException)
05-12 04:03:44.830 I/artd    (30714): GetBestInfo: odex next to the dex file (/data/app/~~yWqmwMMp8MarzqSegoiMqA==/com.nhn.android.naverdic-Yj0r-f9iCteZYHRHCN6tbA==/oat/arm64/base.odex) is kOatUpToDate with filter 'speed-profile' executable 'false'
05-12 04:03:44.834 I/artd    (30714): GetBestInfo: odex next to the dex file (/data/app/~~t1k6rXDlGtmRpJwKCM_4Zw==/app.diy.wallpaper.collage.craft.photocollage.collagemaker.wallpaper3d.parallax-YffuR1F0fzxag_lgpYKiSg==/oat/arm64/base.odex) is kOatUpToDate with filter 'speed-profile' executable 'false'
05-12 04:03:44.835 I/artd    (30714): GetBestInfo: odex next to the dex file (/data/user/0/app.diy.wallpaper.collage.craft.photocollage.collagemaker.wallpaper3d.parallax/app_pccache/5/F2FF627D940052495BF0C0AF15E5A0B2723F5469/oat/arm64/pcam.odex) is kOatUpToDate with filter 'speed-profile' executable 'false'
05-12 04:03:44.836 I/artd    (30714): GetBestInfo: vdex next to the dex file (/data/user/0/app.diy.wallpaper.collage.craft.photocollage.collagemaker.wallpaper3d.parallax/app_pccache/5/EEE20DEE2B9E8FD13D3BD7940C93E19263473270/oat/arm64/pcam.vdex) is kOatUpToDate with filter 'verify' executable 'false'
05-12 04:03:45.016 I/artd    (30714): GetBestInfo: odex next to the dex file (/data/app/~~T1RVtun7C-b4SjuyPQEUtg==/com.shcard.smartpay-OXkzeWOy9HfiVSg2xZKBgg==/oat/arm64/base.odex) is kOatUpToDate with filter 'speed-profile' executable 'false'
05-12 04:03:45.038 I/artd    (30714): GetBestInfo: odex next to the dex file (/data/app/~~CPUWuEe8L_ChFr6Rna7RSg==/com.kwalee.transformhunt-5QJEulh6mOKX2dk29C815g==/oat/arm64/base.odex) is kOatUpToDate with filter 'speed-profile' executable 'false'
05-12 04:03:45.040 I/artd    (30714): GetBestInfo: vdex next to the dex file (/data/user/0/com.kwalee.transformhunt/cache/oat/arm64/google_api_resources_lib.vdex) is kOatUpToDate with filter 'verify' executable 'false'
05-12 04:03:45.041 I/artd    (30714): GetBestInfo: vdex next to the dex file (/data/user/0/com.kwalee.transformhunt/cache/oat/arm64/app_resources_lib.vdex) is kOatUpToDate with filter 'verify' executable 'false'
05-12 04:03:45.042 I/artd    (30714): GetBestInfo: vdex next to the dex file (/data/user/0/com.kwalee.transformhunt/app_pccache/5/591C52BA23C4E0E4C6EB8A94DE92F532A215A628/oat/arm64/pcam.vdex) is kOatUpToDate with filter 'verify' executable 'false'
05-12 04:03:45.043 I/artd    (30714): GetBestInfo: vdex next to the dex file (/data/user/0/com.kwalee.transformhunt/cache/oat/arm64/remote_config_resources_lib.vdex) is kOatUpToDate with filter 'verify' executable 'false'
05-12 04:03:45.056 I/artd    (30714): GetBestInfo: odex next to the dex file (/data/app/~~5V_plPLDIsb-n1SmwCUyKA==/com.google.ambient.streaming-gNDKogveioKxIIVAuNjozw==/oat/arm64/base.odex) is kOatUpToDate with filter 'speed-profile' executable 'false'
05-12 04:03:45.068 I/artd    (30714): GetBestInfo: odex next to the dex file (/data/app/~~w53mdV28TmoWzTxdR1KgEg==/com.google.android.apps.docs.editors.sheets-O3axmPU8ghmknkMf83erTg==/oat/arm64/base.odex) is kOatUpToDate with filter 'speed-profile' executable 'false'
05-12 04:03:45.070 D/InetDiagMessage( 2878): Destroyed 0 sockets, proto=IPPROTO_TCP, family=AF_INET, states=14
05-12 04:03:45.071 D/InetDiagMessage( 2878): Destroyed 0 sockets, proto=IPPROTO_TCP, family=AF_INET6, states=14
05-12 04:03:45.071 D/InetDiagMessage( 2878): Destroyed live tcp sockets for uids={99015} in 2ms
05-12 04:03:45.081 I/artd    (30714): GetBestInfo: odex next to the dex file (/data/app/~~WOuG6zUmsrW6x5M9N8xyFA==/jp.cocone.livly-8Ihm6xoLM1IXLpqz_2cx3g==/oat/arm64/base.odex) is kOatUpToDate with filter 'speed-profile' executable 'false'
05-12 04:03:45.082 I/artd    (30714): GetBestInfo: vdex next to the dex file (/data/user/0/jp.cocone.livly/cache/oat/arm64/app_resources_lib.vdex) is kOatUpToDate with filter 'verify' executable 'false'
05-12 04:03:45.083 I/artd    (30714): GetBestInfo: vdex next to the dex file (/data/user/0/jp.cocone.livly/cache/oat/arm64/google_api_resources_lib.vdex) is kOatUpToDate with filter 'verify' executable 'false'
05-12 04:03:45.095 I/artd    (30714): GetBestInfo: odex next to the dex file (/data/app/~~fv6d4-_HFRC6uLp8Bhefxg==/com.google.android.apps.podcasts-_EMeii2_giU7QAS4U24ZJA==/oat/arm64/base.odex) is kOatUpToDate with filter 'speed-profile' executable 'false'
05-12 04:03:45.107 I/artd    (30714): GetBestInfo: odex next to the dex file (/data/app/~~lE623peU1lMaOvMxct2NqQ==/com.motorola.audiorecorder-WG3Ap4Iby9HZtNCQK53wfQ==/oat/arm64/base.odex) is kOatUpToDate with filter 'speed-profile' executable 'false'
05-12 04:03:45.110 I/artd    (30714): GetBestInfo: odex next to the dex file (/data/app/~~inxw-a5VRm-ZquChPZnB6w==/com.adguard.android.contentblocker-vmY15pWNirWUHRccLNLAOg==/oat/arm64/base.odex) is kOatUpToDate with filter 'speed-profile' executable 'false'
05-12 04:03:45.137 I/artd    (30714): GetBestInfo: odex next to the dex file (/data/app/~~KAv2xPo2PdFQ-c8tSyBP1A==/com.robtopx.geometryjumplite-Nv0bYQIqaffVC-kUMmBq4g==/oat/arm64/base.odex) is kOatUpToDate with filter 'speed-profile' executable 'false'
05-12 04:03:45.139 I/artd    (30714): GetBestInfo: vdex next to the dex file (/data/user/0/com.robtopx.geometryjumplite/app_pccache/5/591C52BA23C4E0E4C6EB8A94DE92F532A215A628/oat/arm64/pcam.vdex) is kOatUpToDate with filter 'verify' executable 'false'
05-12 04:03:45.140 I/artd    (30714): GetBestInfo: odex next to the dex file (/data/user/0/com.robtopx.geometryjumplite/app_pccache/5/A4A3883B62E64477497A21E502C207B1868F77D8/oat/arm64/pcam.odex) is kOatUpToDate with filter 'speed-profile' executable 'false'
05-12 04:03:45.153 I/artd    (30714): GetBestInfo: odex next to the dex file (/data/app/~~Enl7UPChZoSQgdprgHlcvQ==/com.motorola.moto-XS9e9QkvJeu9QB7Q1CnUFQ==/oat/arm64/base.odex) is kOatUpToDate with filter 'speed-profile' executable 'false'
05-12 04:03:45.166 I/artd    (30714): GetBestInfo: odex next to the dex file (/data/app/~~oaI_CMHuphAN1GRgr8wnhA==/com.ahnlab.v3mobileplus-sBCLLld_K-ADSX9_TE3oUw==/oat/arm64/base.odex) is kOatUpToDate with filter 'speed-profile' executable 'false'
05-12 04:03:45.188 I/artd    (30714): GetBestInfo: odex next to the dex file (/data/app/~~vObJerdMXZpvIVDYZSUQBw==/com.hanaskcard.paycla-D0Z1uGExYK-1DO_oRe_ECA==/oat/arm64/base.odex) is kOatUpToDate with filter 'speed-profile' executable 'false'
05-12 04:03:45.202 I/artd    (30714): GetBestInfo: odex next to the dex file (/data/app/~~Uk4e3kt-2LYVReqR5yVguQ==/kr.or.nps.smart-F-5hsocYRw50F0smRsVMkg==/oat/arm64/base.odex) is kOatUpToDate with filter 'speed-profile' executable 'false'
05-12 04:03:45.214 I/artd    (30714): GetBestInfo: odex next to the dex file (/data/app/~~Qcx0QgWsJhZ4_8ccWziAxw==/org.koboc.collect.android-jlLMY0uEBr_7i-xFa7a8rA==/oat/arm64/base.odex) is kOatUpToDate with filter 'speed-profile' executable 'false'
05-12 04:03:45.237 I/artd    (30714): GetBestInfo: odex next to the dex file (/data/app/~~hm8RwkcTH6pJ5GBEvwSn8A==/com.rainist.banksalad2-l32D-JZ9WGj03ANFVeUCRg==/oat/arm64/base.odex) is kOatUpToDate with filter 'speed-profile' executable 'false'
05-12 04:03:45.243 W/Finsky  ( 6985): [2] STU: Failed to get storage stats for package 'com.google.android.adbd' (1601: Error getting stats: android.content.pm.PackageManager.NameNotFoundException)
05-12 04:03:45.249 I/artd    (30714): GetBestInfo: odex next to the dex file (/data/app/~~-csQrivQNAJBFwNyhAzx-w==/com.samsung.android.service.health-_CqiXOvk1epp_qvTu-DRYw==/oat/arm64/base.odex) is kOatUpToDate with filter 'speed-profile' executable 'false'
05-12 04:03:45.253 I/artd    (30714): GetBestInfo: odex next to the dex file (/data/app/~~gbu0lG4RveJimabRNzXq6A==/com.google.android.deskclock-d4SaO9ly1OpT540SdbSLeQ==/oat/arm64/base.odex) is kOatUpToDate with filter 'speed-profile' executable 'false'
05-12 04:03:45.259 I/artd    (30714): GetBestInfo: odex next to the dex file (/data/app/~~tXwe7IEAfqxOwMjIN-8L_A==/com.dsi.ant.plugins.antplus-QEPCnZNwH3QrkJ3pGNaSTA==/oat/arm64/base.odex) is kOatUpToDate with filter 'speed-profile' executable 'false'
05-12 04:03:45.276 I/artd    (30714): GetBestInfo: odex next to the dex file (/data/app/~~laMSHqke1eIlE4SHTXzxSw==/com.mind.quiz.brain.out-Rl7d8JVR3GQBotZY3HvN5g==/oat/arm64/base.odex) is kOatUpToDate with filter 'speed-profile' executable 'false'
05-12 04:03:45.278 I/artd    (30714): GetBestInfo: vdex next to the dex file (/data/user/0/com.mind.quiz.brain.out/app_pccache/5/EEE20DEE2B9E8FD13D3BD7940C93E19263473270/oat/arm64/pcam.vdex) is kOatUpToDate with filter 'verify' executable 'false'
05-12 04:03:45.278 I/artd    (30714): GetBestInfo: vdex next to the dex file (/data/user/0/com.mind.quiz.brain.out/app_pccache/5/A4A3883B62E64477497A21E502C207B1868F77D8/oat/arm64/pcam.vdex) is kOatUpToDate with filter 'verify' executable 'false'
05-12 04:03:45.299 I/artd    (30714): GetBestInfo: odex next to the dex file (/data/app/~~6dG1oaEXnMHJJwG9zQUpDw==/gov.gyeonggi.ggcard-TiDdInth5HyTpJJVCRjRCA==/oat/arm64/base.odex) is kOatUpToDate with filter 'speed-profile' executable 'false'
05-12 04:03:45.313 I/artd    (30714): GetBestInfo: odex next to the dex file (/data/app/~~ZR4ftzjJDaVYbCsAlzXGDw==/com.themekit.lite.widgets.themes-ha8h9QNp_RNfEchPpQHIIw==/oat/arm64/base.odex) is kOatUpToDate with filter 'speed-profile' executable 'false'
05-12 04:03:45.315 I/artd    (30714): GetBestInfo: odex next to the dex file (/data/user/0/com.themekit.lite.widgets.themes/app_pccache/5/A6422CD2CF82BB9C0EAF521C1BF6CC70ABCF649F/oat/arm64/pcam.odex) is kOatUpToDate with filter 'verify' executable 'false'
05-12 04:03:45.317 I/artd    (30714): GetBestInfo: vdex next to the dex file (/data/user/0/com.themekit.lite.widgets.themes/app_pccache/5/F2FF627D940052495BF0C0AF15E5A0B2723F5469/oat/arm64/pcam.vdex) is kOatUpToDate with filter 'verify' executable 'false'
05-12 04:03:45.327 W/Finsky  ( 6985): [2] STU: Failed to get storage stats for package 'com.android.i18n' (1601: Error getting stats: android.content.pm.PackageManager.NameNotFoundException)
05-12 04:03:45.334 I/artd    (30714): GetBestInfo: odex next to the dex file (/data/app/~~oVWFGCZj1wyq4VJjrlInjg==/com.pizzahut.android-yLjByRKMcQWfv-hW6cqltQ==/oat/arm64/base.odex) is kOatUpToDate with filter 'speed-profile' executable 'false'
05-12 04:03:45.341 I/artd    (30714): GetBestInfo: odex next to the dex file (/data/app/~~4MSYmu_QCOHow9iDESXgpQ==/com.google.android.apps.safetyhub-uW58L3yFjhn8XP4qrMPAtw==/oat/arm64/base.odex) is kOatUpToDate with filter 'speed-profile' executable 'false'
05-12 04:03:45.353 I/artd    (30714): GetBestInfo: odex next to the dex file (/data/app/~~Po3Klb0v_ZlDVmwjT3JkYA==/com.ebcard.bustago-BmUkDkw9Rlj-8ww15wb0Cg==/oat/arm64/base.odex) is kOatUpToDate with filter 'speed-profile' executable 'false'
05-12 04:03:45.360 W/Finsky  ( 6985): [2] STU: Failed to get storage stats for package 'com.google.android.conscrypt' (1601: Error getting stats: android.content.pm.PackageManager.NameNotFoundException)
05-12 04:03:45.374 I/artd    (30714): GetBestInfo: odex next to the dex file (/data/app/~~4LzfRW9Ljet_3_lVAwVokw==/kr.or.nhic-rs5oaurhN1r1nBTsTX10MA==/oat/arm64/base.odex) is kOatUpToDate with filter 'speed-profile' executable 'false'
