05-12 04:03:24.813 I/SecKeyguardClockPositionAlgorithm( 1899): prepareClockContainerHeightChanging:
05-12 04:03:24.815 I/d.app.dressroom( 5514): Using CollectorTypeCMC GC.
05-12 04:03:24.815 I/SecKeyguardClockPositionAlgorithm( 1899): prepareClockContainerHeightChanging:
05-12 04:03:24.817 D/ForegroundServiceMgr( 1232): op [android:monitor_location_high_power] access time
05-12 04:03:24.818 D/ForegroundServiceMgr( 1232): op [android:monitor_location] access time
05-12 04:03:24.818 D/ForegroundServiceMgr( 1232): op [android:get_usage_stats] access time
05-12 04:03:24.818 E/d.app.dressroom( 5514): Not starting debugger since process cannot load the jdwp agent.
05-12 04:03:24.818 D/ForegroundServiceMgr( 1232): op [android:read_clipboard] access time
05-12 04:03:24.818 D/ForegroundServiceMgr( 1232): op [android:start_foreground] access time
05-12 04:03:24.818 D/ForegroundServiceMgr( 1232): op [android:turn_screen_on] access time
05-12 04:03:24.818 D/ForegroundServiceMgr( 1232): op [android:gps] access time
05-12 04:03:24.818 D/ForegroundServiceMgr( 1232): op [android:system_alert_window] access time
05-12 04:03:24.818 D/ForegroundServiceMgr( 1232): op [android:record_audio] access time
05-12 04:03:24.818 D/ForegroundServiceMgr( 1232): access at 1778434440000, 2026/05/11 02:34
05-12 04:03:24.818 D/ForegroundServiceMgr( 1232): op [android:fine_location] access time
05-12 04:03:24.819 D/ForegroundServiceMgr( 1232): access at 1778526180000, 2026/05/12 04:03
05-12 04:03:24.819 D/ForegroundServiceMgr( 1232): op [android:wake_lock] access time
05-12 04:03:24.819 D/ForegroundServiceMgr( 1232): op [android:use_full_screen_intent] access time
05-12 04:03:24.819 D/ForegroundServiceMgr( 1232): op [android:access_restricted_settings] access time
05-12 04:03:24.819 W/Settings( 5496): Setting remove_animations has moved from android.provider.Settings.System to android.provider.Settings.Global, returning read-only value.
05-12 04:03:24.828 I/AODSettingsHelper( 5496): readSettingsDB() COMPLETED elapsed= 54
05-12 04:03:24.864 I/DRoom|WallpaperApplication( 5514): attachBaseContext start
05-12 04:03:24.869 I/AODSettingsHelper( 5496): registerSettingsObserver() COMPLETED elapsed= 41
05-12 04:03:24.872 W/WallpaperResourcesInfo( 5514): parseCmfInfo: empty cmf detected. wp item index=0
05-12 04:03:24.872 W/WallpaperResourcesInfo( 5514): parseCmfInfo: empty cmf detected. wp item index=1
05-12 04:03:24.872 W/WallpaperResourcesInfo( 5514): parseCmfInfo: empty cmf detected. wp item index=2
05-12 04:03:24.872 W/WallpaperResourcesInfo( 5514): parseCmfInfo: empty cmf detected. wp item index=3
05-12 04:03:24.872 W/WallpaperResourcesInfo( 5514): parseCmfInfo: empty cmf detected. wp item index=4
05-12 04:03:24.872 W/WallpaperResourcesInfo( 5514): parseCmfInfo: empty cmf detected. wp item index=5
05-12 04:03:24.872 W/WallpaperResourcesInfo( 5514): parseCmfInfo: empty cmf detected. wp item index=6
05-12 04:03:24.872 W/WallpaperResourcesInfo( 5514): parseCmfInfo: empty cmf detected. wp item index=7
05-12 04:03:24.872 W/WallpaperResourcesInfo( 5514): parseCmfInfo: empty cmf detected. wp item index=8
05-12 04:03:24.872 W/WallpaperResourcesInfo( 5514): parseCmfInfo: empty cmf detected. wp item index=9
05-12 04:03:24.872 W/WallpaperResourcesInfo( 5514): parseCmfInfo: empty cmf detected. wp item index=10
05-12 04:03:24.872 W/WallpaperResourcesInfo( 5514): parseCmfInfo: empty cmf detected. wp item index=11
05-12 04:03:24.872 W/WallpaperResourcesInfo( 5514): parseCmfInfo: empty cmf detected. wp item index=12
05-12 04:03:24.872 W/WallpaperResourcesInfo( 5514): parseCmfInfo: empty cmf detected. wp item index=13
05-12 04:03:24.872 W/WallpaperResourcesInfo( 5514): parseCmfInfo: empty cmf detected. wp item index=14
05-12 04:03:24.872 W/WallpaperResourcesInfo( 5514): init: failed to get app context. context=android.app.ContextImpl@353bd43(com.samsung.android.app.dressroom), resPkgContext=android.app.ContextImpl@3242fc0
05-12 04:03:24.873 W/WallpaperResourcesInfo( 5514): init: mContext=android.app.ContextImpl@9ed2c3e
05-12 04:03:24.886 D/BackgroundInstallControlService( 1232): Package event received: 0
05-12 04:03:24.887 I/DRoom|DeviceUtils( 5514): checkIssueTracker: no UT device
05-12 04:03:24.887 I/DRoom|DeviceUtils( 5514): checkSecLogLevel: false
05-12 04:03:24.887 I/DRoom|DeviceUtils( 5514): checkDebuggable: false
05-12 04:03:24.887 I/DRoom|WallpaperApplication( 5514): attachBaseContext end
05-12 04:03:24.895 I/DRoom|DressRoomProvider( 5514): onCreate
05-12 04:03:24.903 I/DRoom|DressRoomGtsProvider( 5514): onCreate
05-12 04:03:24.904 I/GTS_CELL( 5514):  version 1.2.28
05-12 04:03:24.906 I/DRoom|WallpaperApplication( 5514): WallpaperApp onCreate Start
05-12 04:03:24.906 W/DRoom|DRoomUiThreadMonitor( 5514): UiThreadMonitor is disabled
05-12 04:03:24.907 I/SamsungAnalytics605079( 5514): Tracker start:6.05.079
05-12 04:03:24.909 I/DIAGMON_SDK[605079]( 5514): DiagMonAgent type: 2
05-12 04:03:24.910 I/DIAGMON_SDK[605079][4I4-399-485249] ( 5514): generated SR object
05-12 04:03:24.911 I/DRoom|SALogging( 5514): initStatus
05-12 04:03:24.913 D/NetdEventListenerService( 1232): DNS Requested by 124, 10255(com.google.android.gms), SUCCESS, 9ms
05-12 04:03:24.914 E/ashmem  ( 5514): Pinning is deprecated since Android Q. Please use trim or other methods.
05-12 04:03:24.915 I/DRoom|291042|GenerativeDataMigrator( 5514): migration() : no migration needed
05-12 04:03:24.915 I/[RoutineSdk3.0-3.1.4]: RoutineSdkImpl( 5514): setHandler - actionHandler initialized
05-12 04:03:24.915 I/DRoom|291042|ProfileStackDataSource( 5514): Check and migrate stack data source if necessary.
05-12 04:03:24.915 I/DRoom|291042|WallpaperApplication( 5514): WallpaperApp onCreate End
05-12 04:03:24.915 I/DRoom|291042|ProfileStackDataSource( 5514): oldVersion = 1, cur version = 1
05-12 04:03:24.916 I/DRoom|291042|ProfileKeyDataSource( 5514): Do migrate for home action.
05-12 04:03:24.916 I/DRoom|291042|ProfileKeyDataSource( 5514): Do migrate for lock action.
05-12 04:03:24.919 I/SamsungAnalytics605079( 5514): register setting status
05-12 04:03:24.921 D/AndroidRuntime( 5455): >>>>>> START com.android.internal.os.RuntimeInit uid 2000 <<<<<<
05-12 04:03:24.929 I/AndroidRuntime( 5455): Using default boot image
05-12 04:03:24.929 I/AndroidRuntime( 5455): Leaving lock profiling enabled
05-12 04:03:24.934 D/Zygote  (  893): Forked child process 5538
05-12 04:03:24.934 I/ActivityManager( 1232): Start proc 5538:com.samsung.android.bixby.agent/u0a62 for broadcast {com.samsung.android.bixby.agent/com.samsung.android.bixby.agent.common.dataclear.BixbyServiceDataClearReceiver}
05-12 04:03:24.934 I/ActivityManager( 1232): ProcessObserver broadcast disabled
05-12 04:03:24.935 I/DRoom|291042|DressRoomReceiver( 5514): handleActions, action: android.intent.action.PACKAGE_DATA_CLEARED
05-12 04:03:24.936 I/app_process( 5455): Using CollectorTypeCMC GC.
05-12 04:03:24.945 I/oid.bixby.agent( 5538): Using CollectorTypeCMC GC.
05-12 04:03:24.948 E/oid.bixby.agent( 5538): Not starting debugger since process cannot load the jdwp agent.
05-12 04:03:25.027 D/KNOX_MDM_SettingsProvider( 1232): isChangeAllowed() : name = enabled_notification_listeners
05-12 04:03:25.034 D/nativeloader( 5455): InitDefaultPublicLibraries for_preload=1: libandroid.so:libaaudio.so:libamidi.so:libbinder_ndk.so:libc.so:libcamera2ndk.so:libdl.so:libEGL.so:libGLESv1_CM.so:libGLESv2.so:libGLESv3.so:libicu.so:libicui18n.so:libicuuc.so:libjnigraphics.so:liblog.so:libmediandk.so:libm.so:libnativehelper.so:libnativewindow.so:libOpenMAXAL.so:libOpenSLES.so:libRS.so:libstdc++.so:libsync.so:libvulkan.so:libwebviewchromium_plat_support.so:libz.so
05-12 04:03:25.039 D/MARsPolicyManager( 1232): triggerAction called!
05-12 04:03:25.040 I/NSLocationMonitor( 1232): getGPSUsingApps() called
05-12 04:03:25.040 I/NSLocationManager_FLP( 2612): getGPSUsingApps, No change
05-12 04:03:25.041 I/FirebaseApp( 5538): Device unlocked: initializing all Firebase APIs for app [DEFAULT]
05-12 04:03:25.053 E/ashmem  ( 5538): Pinning is deprecated since Android Q. Please use trim or other methods.
05-12 04:03:25.054 I/FirebaseInitProvider( 5538): FirebaseApp initialization successful
05-12 04:03:25.064 I/BCL@ExternalAppHandler( 5538): (AttachmentProvider) AttachmentProvider()
05-12 04:03:25.067 I/BCL@Common( 5538): (CommonContextHolder) setContext() : com.samsung.android.bixby.agent.app.BixbyApplication@55a7d28
05-12 04:03:25.070 I/BCL@Common( 5538): (SdkInitializerDelegator) initialize()
05-12 04:03:25.070 I/BCL@BixbyApp( 5538): (SdkInitializer) initialize()
05-12 04:03:25.077 D/nativeloader( 5455): Load libicu_jni.so using APEX ns com_android_art for caller /apex/com.android.art/javalib/core-oj.jar: ok
05-12 04:03:25.078 D/app_process( 5455): u_setTimeZoneFilesDirectory("/apex/com.android.tzdata/etc/tz/versioned/9/icu") succeeded. 
05-12 04:03:25.078 D/app_process( 5455): I18n APEX ICU file found: /apex/com.android.i18n/etc/icu/icudt76l.dat
05-12 04:03:25.080 D/nativeloader( 5455): Load libjavacore.so using APEX ns com_android_art for caller /apex/com.android.art/javalib/core-oj.jar: ok
05-12 04:03:25.082 D/nativeloader( 5455): Load libopenjdk.so using APEX ns com_android_art for caller /apex/com.android.art/javalib/core-oj.jar: ok
05-12 04:03:25.085 I/BCL@BixbyApp( 5538): (SdkInitializer) Sdk initialized!
05-12 04:03:25.087 I/BCL@CoreSvc( 5538): (McfStateProvider) onCreate()
05-12 04:03:25.088 I/BCL@CoreSvc( 5538): (PerformUtteranceManager) onCreate()
05-12 04:03:25.089 I/CapsuleProvider_1.0.20( 5538): onCreate
05-12 04:03:25.093 D/NetdEventListenerService( 1232): DNS Requested by 124, 10062(com.samsung.android.bixby.agent), SUCCESS, 3ms
05-12 04:03:25.105 I/BCL@Common( 5538): /PERF/BixbyApplication onCreate() start
05-12 04:03:25.107 I/BCL@Common( 5538): /PERF/BixbyApplication onCreate() after super
05-12 04:03:25.107 I/BCL@Common( 5538): (CommonContextHolder) setContext() : com.samsung.android.bixby.agent.app.BixbyApplication@55a7d28
05-12 04:03:25.108 I/SA_SDK-1.5.25( 5538): [Util] SA does exist
05-12 04:03:25.108 I/SA_SDK-1.5.25( 5538): [Util] SA version = 1540102100
05-12 04:03:25.108 I/SA_SDK-1.5.25( 5538): [Util] iot SA version
05-12 04:03:25.108 I/SA_SDK-1.5.25( 5538): [Util] isIotSaAppInstalled ? true
05-12 04:03:25.108 I/BCL@BixbyApp( 5538): (SdkInitializer) initialize()
05-12 04:03:25.109 I/engmode_java_manager( 5538): em library is enabled, will use library
05-12 04:03:25.109 I/BCL@Vendor( 5538): (SecPropertyService) isSemAvailable: true
05-12 04:03:25.110 I/BCL@Vendor( 5538): (SecPropertyService) isSemAvailable: true
05-12 04:03:25.110 I/BCL@MainUi( 5538): (MobileDisplay) getApplicationContext
05-12 04:03:25.110 I/engmode_java_manager( 5538): com.samsung.android.bixby.agent(10062, 0) connects to EngineeringModeNative
05-12 04:03:25.110 I/engmode_java_manager( 5538): getStatus() is called.
05-12 04:03:25.111 I/engmode_java_manager( 5538): com.samsung.android.bixby.agent(10062, 0) call em(15)
05-12 04:03:25.111 I/engmode_jni( 5538): EM version = 30.2.06
05-12 04:03:25.115 I/engmode_client_list( 5538): EM_version = 30
05-12 04:03:25.117 I/engmode_client_aidl( 5538): com.samsung.android.bixby.agent. com.samsung.android.bixby.agent. 10062. 0
05-12 04:03:25.117 E/SemDvfsManager_JNI( 5455): SemDvfsManager: registerfunction enter
05-12 04:03:25.118 E/SemAffinityControl( 5455): SemAffinityControl: registerfunction enter
05-12 04:03:25.118 I/engmode_client_aidl( 5538): process is com.samsung.android.bixby.agent
05-12 04:03:25.118 I/engmode_client_aidl( 5538): com.samsung.android.bixby.agent called getstatus (0xf)
05-12 04:03:25.118 I/engmode_client_list( 5538): checkClient: [ProcessName = com.samsung.android.bixby.agent]
05-12 04:03:25.118 I/engmode_client_list( 5538): Signature check completed
05-12 04:03:25.118 I/engmode_client_aidl( 5538): Caller check succes
05-12 04:03:25.118 I/engmode_aidl_service(  680): Connect to service
05-12 04:03:25.118 I/engmode_binder_client(  680): engmode client create
05-12 04:03:25.118 I/engmode_binder_client(  680): EM version = 30.5.17
05-12 04:03:25.118 I/engmode_binder_client(  680): engmodeclient.get_server 0xb4000070f27cb860
05-12 04:03:25.119 I/engmode_binder_client(  680): get service done
05-12 04:03:25.119 I/engmode_binder_server(  881): EngineeringMode version = 30.5.17,(680/1000)
05-12 04:03:25.119 I/engmode_binder_server(  881): (680/1000) got mutex
05-12 04:03:25.119 I/engmode_binder_server(  881): acquire_wake_lock : wakelock-emservice
05-12 04:03:25.119 I/engmode_binder_server(  881): onTransact called with 0x00000001
05-12 04:03:25.120 I/engmode_steady(  881): read from steady(11264)
05-12 04:03:25.120 I/engmode_world(  881): Read esi
05-12 04:03:25.121 I/engmode_steady(  881): read from steady(69632)
05-12 04:03:25.121 I/engmode_world(  881): Read token
05-12 04:03:25.121 E/engmode_world(  881): Unknown token(00/00/00)
05-12 04:03:25.121 I/engmode_binder_server(  881): onTransact(0x00000001) ret 0xd0060012
05-12 04:03:25.122 E/engmode_aidl_service(  680): error to server(0xd0060012)
05-12 04:03:25.122 I/engmode_binder_client(  680): engmode client destructor
05-12 04:03:25.123 I/RequestManager_FLP( 2612): onOpChanged, op=0 / packageName=com.android.chrome
05-12 04:03:25.126 I/BCL@MainUi( 5538): (AbstractProxyReflection) com.samsung.android.app.usage.IUsageStatsWatcher$Stub Create proxy instance for concrete class : 
05-12 04:03:25.131 D/nativeloader( 5455): Load libframework-connectivity-tiramisu-jni.so using APEX ns com_android_tethering for caller /apex/com.android.tethering/javalib/framework-connectivity-t.jar: ok
05-12 04:03:25.131 I/BCL@MainUi( 5538): (CoverWindowController) CoverWindowController created.
05-12 04:03:25.131 D/AndroidRuntime( 5455): Calling main entry com.android.commands.monkey.Monkey
05-12 04:03:25.132 I/CapsuleProvider_1.0.20( 5538): releasing initialize wait lock.
05-12 04:03:25.132 E/BCL@CoreSvc( 5538): (EmClassHelper) Failed to instantiate EmActionHandler : java.lang.ClassNotFoundException: com.samsung.android.bixby.agent2.cphandler.EmActionHandler
05-12 04:03:25.133 E/BCL@Vendor( 5538): (SecConfigurationService) Null SemDesktopModeManager
05-12 04:03:25.133 I/BCL@Common( 5538): (BixbyApplications) initializeDelayed
05-12 04:03:25.134 D/nativeloader( 5455): Load /system/lib64/libmonkey_jni.so using ns default for caller /system/framework/monkey.jar in same partition (is_bridged=0): ok
05-12 04:03:25.135 I/BCL@CoreSvc( 5538): (CoreServiceComponentEnabler) handle() + 
05-12 04:03:25.135 W/Monkey  ( 5455): args: [-p, com.hyeni.calendar, -c, android.intent.category.LAUNCHER, 1]
05-12 04:03:25.135 I/BCL@CoreSvc( 5538): (CoreServiceComponentEnabler) updateComponent() : class com.samsung.android.bixby.receiver.HeadSetReceiver | 1
05-12 04:03:25.135 D/PackageManager( 1232): setEnabledSetting : userId = 0 packageName = com.samsung.android.bixby.agent cmp = com.samsung.android.bixby.receiver.HeadSetReceiver newState = 1 callingPackage = com.samsung.android.bixby.agent
05-12 04:03:25.136 D/ApplicationPolicy( 1232): getApplicationStateEnabled : pkg = com.samsung.android.bixby.agent userId : 0
05-12 04:03:25.136 D/ApplicationPolicy( 1232): getApplicationComponentState : pkg = com.samsung.android.bixby.agent userId : 0
05-12 04:03:25.136 I/BCL@Common( 5538): (CommonUtils) isProcessName, processName: com.samsung.android.bixby.agent
05-12 04:03:25.137 I/BCL@CoreSvc( 5538): (SqeAutoTestUtils) isSqeTestEnabled: false
05-12 04:03:25.137 I/BCL@CoreSvc( 5538): (CoreServiceComponentEnabler) updateComponent() : class com.samsung.android.bixby.agent.receivers.SqeAutoTestReceiver | 2
05-12 04:03:25.137 D/PackageManager( 1232): setEnabledSetting : userId = 0 packageName = com.samsung.android.bixby.agent cmp = com.samsung.android.bixby.agent.receivers.SqeAutoTestReceiver newState = 2 callingPackage = com.samsung.android.bixby.agent
05-12 04:03:25.138 I/BCL@CoreSvc( 5538): (CoreServiceComponentEnabler) updateComponent() : class com.samsung.android.bixby.receiver.token.BootCompleteReceiver | 2
05-12 04:03:25.138 D/PackageManager( 1232): setEnabledSetting : userId = 0 packageName = com.samsung.android.bixby.agent cmp = com.samsung.android.bixby.receiver.token.BootCompleteReceiver newState = 2 callingPackage = com.samsung.android.bixby.agent
05-12 04:03:25.138 I/AconfigPackage( 5455): com.android.nfc.flags is mapped to system
05-12 04:03:25.138 I/AconfigPackage( 5455): android.app.admin.flags is mapped to system
05-12 04:03:25.138 I/AconfigPackage( 5455): android.database.sqlite is mapped to system
05-12 04:03:25.138 I/AconfigPackage( 5455): com.android.server.power.feature.flags is mapped to system
05-12 04:03:25.138 I/AconfigPackage( 5455): com.android.media.performance.flags is mapped to system
05-12 04:03:25.138 I/AconfigPackage( 5455): android.app.contextualsearch.flags is mapped to system
05-12 04:03:25.138 I/AconfigPackage( 5455): android.app.ondeviceintelligence.flags is mapped to system
05-12 04:03:25.138 I/AconfigPackage( 5455): com.android.media.projection.flags is mapped to system
05-12 04:03:25.138 I/AconfigPackage( 5455): android.companion is mapped to system
05-12 04:03:25.138 I/AconfigPackage( 5455): android.service.controls.flags is mapped to system
05-12 04:03:25.138 I/AconfigPackage( 5455): com.android.text.flags is mapped to system
05-12 04:03:25.138 I/AconfigPackage( 5455): com.android.providers.contactkeys.flags is mapped to system
05-12 04:03:25.138 I/AconfigPackage( 5455): com.android.intentresolver is mapped to system
05-12 04:03:25.138 I/AconfigPackage( 5455): android.companion.virtualdevice.flags is mapped to system
05-12 04:03:25.138 I/AconfigPackage( 5455): android.uprobestats.flags is mapped to system
05-12 04:03:25.138 I/AconfigPackage( 5455): com.android.net.thread.platform.flags is mapped to system
05-12 04:03:25.138 I/AconfigPackage( 5455): android.view.contentprotection.flags is mapped to system
05-12 04:03:25.138 I/AconfigPackage( 5455): com.android.server.dreams is mapped to system
05-12 04:03:25.138 I/AconfigPackage( 5455): com.android.graphics.surfaceflinger.flags is mapped to system
05-12 04:03:25.138 I/AconfigPackage( 5455): com.android.hardware.input is mapped to system
05-12 04:03:25.138 I/AconfigPackage( 5455): android.sdk is mapped to system
05-12 04:03:25.138 I/AconfigPackage( 5455): com.android.input.flags is mapped to system
05-12 04:03:25.138 I/AconfigPackage( 5455): android.tracing is mapped to system
05-12 04:03:25.138 I/AconfigPackage( 5455): com.android.server.biometrics is mapped to system
05-12 04:03:25.138 I/AconfigPackage( 5455): android.view.contentcapture.flags is mapped to system
05-12 04:03:25.138 I/AconfigPackage( 5455): android.app.job is mapped to system
05-12 04:03:25.138 I/AconfigPackage( 5455): android.content.res is mapped to system
05-12 04:03:25.138 I/AconfigPackage( 5455): android.net.platform.flags is mapped to system
05-12 04:03:25.138 I/AconfigPackage( 5455): com.android.aconfig.flags is mapped to system
05-12 04:03:25.138 I/AconfigPackage( 5455): com.android.graphics.flags is mapped to system
05-12 04:03:25.138 I/AconfigPackage( 5455): android.server.app is mapped to system
05-12 04:03:25.138 I/AconfigPackage( 5455): android.speech.flags is mapped to system
05-12 04:03:25.138 I/AconfigPackage( 5455): com.android.server.stats is mapped to system
05-12 04:03:25.138 I/AconfigPackage( 5455): android.hardware.biometrics is mapped to system
05-12 04:03:25.138 I/AconfigPackage( 5455): android.car.feature is mapped to system
05-12 04:03:25.138 I/AconfigPackage( 5455): android.adpf is mapped to system
05-12 04:03:25.138 I/AconfigPackage( 5455): android.location.flags is mapped to system
05-12 04:03:25.138 I/AconfigPackage( 5455): com.android.settingslib.flags is mapped to system
05-12 04:03:25.138 I/AconfigPackage( 5455): com.android.managedprovisioning.flags is mapped to system
05-12 04:03:25.138 I/AconfigPackage( 5455): android.app.assist.flags is mapped to system
05-12 04:03:25.138 I/AconfigPackage( 5455): com.android.server.net is mapped to system
05-12 04:03:25.138 I/AconfigPackage( 5455): com.android.settingslib.widget.flags is mapped to system
05-12 04:03:25.138 I/AconfigPackage( 5455): com.android.internal.camera.flags is mapped to system
05-12 04:03:25.138 I/AconfigPackage( 5455): com.android.hardware.libsensor.flags is mapped to system
05-12 04:03:25.138 I/AconfigPackage( 5455): com.android.internal.jank is mapped to system
05-12 04:03:25.138 I/AconfigPackage( 5455): com.android.providers.settings is mapped to system
05-12 04:03:25.138 I/AconfigPackage( 5455): android.multiuser is mapped to system
05-12 04:03:25.138 I/AconfigPackage( 5455): com.android.server.power.optimization is mapped to system
05-12 04:03:25.138 I/AconfigPackage( 5455): com.android.calllogbackup is mapped to system
05-12 04:03:25.138 I/AconfigPackage( 5455): com.android.media.flags is mapped to system
05-12 04:03:25.138 I/AconfigPackage( 5455): com.android.server.flags is mapped to system
05-12 04:03:25.138 I/AconfigPackage( 5455): com.android.graphics.libvulkan.flags is mapped to system
05-12 04:03:25.138 I/AconfigPackage( 5455): android.app.appfunctions.flags is mapped to system
05-12 04:03:25.138 I/AconfigPackage( 5455): android.app.smartspace.flags is mapped to system
05-12 04:03:25.138 I/AconfigPackage( 5455): com.android.shell.flags is mapped to system
05-12 04:03:25.138 I/AconfigPackage( 5455): com.android.media.aaudio is mapped to system
05-12 04:03:25.138 I/AconfigPackage( 5455): android.hardware.radio is mapped to system
05-12 04:03:25.138 I/AconfigPackage( 5455): suspend_service.flags is mapped to system
05-12 04:03:25.138 I/AconfigPackage( 5455): android.media.midi is mapped to system
05-12 04:03:25.138 I/AconfigPackage( 5455): com.android.libcore.readonly is mapped to system
05-12 04:03:25.138 I/AconfigPackage( 5455): com.android.settingslib.widget.selectorwithwidgetpreference.flags is mapped to system
05-12 04:03:25.138 I/AconfigPackage( 5455): android.service.notification is mapped to system
05-12 04:03:25.138 I/AconfigPackage( 5455): com.android.systemui.shared is mapped to system
05-12 04:03:25.138 I/AconfigPackage( 5455): android.app.jank is mapped to system
05-12 04:03:25.138 I/AconfigPackage( 5455): android.app.wearable is mapped to system
05-12 04:03:25.138 I/AconfigPackage( 5455): com.android.media.audio is mapped to system
05-12 04:03:25.138 I/AconfigPackage( 5455): android.service.chooser is mapped to system
05-12 04:03:25.138 I/AconfigPackage( 5455): com.android.server.compat is mapped to system
05-12 04:03:25.138 I/AconfigPackage( 5455): com.android.server.alarm is mapped to system
05-12 04:03:25.138 I/AconfigPackage( 5455): com.android.apex.flags is mapped to system
05-12 04:03:25.138 I/AconfigPackage( 5455): android.service.quickaccesswallet is mapped to system
05-12 04:03:25.138 I/AconfigPackage( 5455): android.app.usage is mapped to system
05-12 04:03:25.138 I/AconfigPackage( 5455): com.android.server.accessibility is mapped to system
05-12 04:03:25.138 I/AconfigPackage( 5455): android.app.supervision.flags is mapped to system
05-12 04:03:25.138 I/AconfigPackage( 5455): com.android.server.utils is mapped to system
05-12 04:03:25.138 I/AconfigPackage( 5455): android.chre.flags is mapped to system
05-12 04:03:25.138 I/AconfigPackage( 5455): android.content.flags is mapped to system
05-12 04:03:25.138 I/AconfigPackage( 5455): android.media.codec is mapped to system
05-12 04:03:25.138 I/AconfigPackage( 5455): com.android.internal.os is mapped to system
05-12 04:03:25.138 I/AconfigPackage( 5455): com.android.nfc.nci.flags is mapped to system
05-12 04:03:25.138 I/AconfigPackage( 5455): android.app is mapped to system
05-12 04:03:25.138 I/AconfigPackage( 5455): android.security.keystore2 is mapped to system
05-12 04:03:25.138 I/AconfigPackage( 5455): com.android.tradeinmode.flags is mapped to system
05-12 04:03:25.138 I/AconfigPackage( 5455): android.hardware.flags is mapped to system
05-12 04:03:25.138 I/AconfigPackage( 5455): com.android.server.telecom.flags is mapped to system
05-12 04:03:25.138 I/AconfigPackage( 5455): com.android.settingslib.media.flags is mapped to system
05-12 04:03:25.138 I/AconfigPackage( 5455): com.android.server.policy is mapped to system
05-12 04:03:25.138 I/AconfigPackage( 5455): android.media.audiopolicy is mapped to system
05-12 04:03:25.138 I/AconfigPackage( 5455): com.android.egg.flags is mapped to system
05-12 04:03:25.138 I/AconfigPackage( 5455): com.android.internal.compat.flags is mapped to system
05-12 04:03:25.138 I/AconfigPackage( 5455): android.security is mapped to system
05-12 04:03:25.138 I/AconfigPackage( 5455): android.service.autofill is mapped to system
05-12 04:03:25.138 I/AconfigPackage( 5455): com.example.android.aconfig.demo.flags is mapped to system
05-12 04:03:25.138 I/AconfigPackage( 5455): android.view.flags is mapped to system
05-12 04:03:25.138 I/AconfigPackage( 5455): android.companion.virtual.flags is mapped to system
05-12 04:03:25.138 I/AconfigPackage( 5455): com.android.aconfig_new_storage is mapped to system
05-12 04:03:25.138 I/AconfigPackage( 5455): com.android.server.feature.flags is mapped to system
05-12 04:03:25.138 I/AconfigPackage( 5455): com.android.systemui is mapped to system
05-12 04:03:25.138 I/AconfigPackage( 5455): com.android.server.power.batterysaver is mapped to system
05-12 04:03:25.138 I/AconfigPackage( 5455): android.widget.flags is mapped to system
05-12 04:03:25.138 I/AconfigPackage( 5455): com.android.media.editing.flags is mapped to system
05-12 04:03:25.138 I/AconfigPackage( 5455): com.android.media.codec.flags is mapped to system
05-12 04:03:25.138 I/AconfigPackage( 5455): com.android.server.powerstats is mapped to system
05-12 04:03:25.138 I/AconfigPackage( 5455): com.android.graphics.egl.flags is mapped to system
05-12 04:03:25.138 I/AconfigPackage( 5455): com.android.media.audioserver is mapped to system
05-12 04:03:25.138 I/AconfigPackage( 5455): com.android.server.deviceidle is mapped to system
05-12 04:03:25.138 I/AconfigPackage( 5455): android.nfc is mapped to system
05-12 04:03:25.138 I/AconfigPackage( 5455): android.permission.flags is mapped to system
05-12 04:03:25.138 I/AconfigPackage( 5455): android.service.voice.flags is mapped to system
05-12 04:03:25.138 I/AconfigPackage( 5455): android.content.pm is mapped to system
05-12 04:03:25.138 I/AconfigPackage( 5455): com.android.server.power.hint is mapped to system
05-12 04:03:25.138 I/AconfigPackage( 5455): android.os is mapped to system
05-12 04:03:25.138 I/AconfigPackage( 5455): android.service.dreams is mapped to system
05-12 04:03:25.138 I/AconfigPackage( 5455): com.android.graphics.libgui.flags is mapped to system
05-12 04:03:25.138 I/AconfigPackage( 5455): android.hardware.usb.flags is mapped to system
05-12 04:03:25.138 I/AconfigPackage( 5455): android.provider is mapped to system
05-12 04:03:25.138 I/AconfigPackage( 5455): com.android.server.job is mapped to system
05-12 04:03:25.138 I/AconfigPackage( 5455): com.android.internal.foldables.flags is mapped to system
05-12 04:03:25.138 I/AconfigPackage( 5455): com.android.internal.telephony.flags is mapped to system
05-12 04:03:25.138 I/AconfigPackage( 5455): android.webkit is mapped to system
05-12 04:03:25.138 I/AconfigPackage( 5455): android.credentials.flags is mapped to system
05-12 04:03:25.138 I/AconfigPackage( 5455): com.android.server.display.feature.flags is mapped to system
05-12 04:03:25.138 I/AconfigPackage( 5455): com.android.server.notification is mapped to system
05-12 04:03:25.138 I/AconfigPackage( 5455): android.appwidget.flags is mapped to system
05-12 04:03:25.138 I/AconfigPackage( 5455): com.android.frameworks.sensorservice.flags is mapped to system
05-12 04:03:25.138 I/AconfigPackage( 5455): com.android.printspooler.flags is mapped to system
05-12 04:03:25.138 I/AconfigPackage( 5455): com.android.window.flags is mapped to system
05-12 04:03:25.138 I/AconfigPackage( 5455): android.adaptiveauth is mapped to system
05-12 04:03:25.138 I/AconfigPackage( 5455): android.net.wifi.flags is mapped to system
05-12 04:03:25.138 I/AconfigPackage( 5455): android.media.tv.flags is mapped to system
05-12 04:03:25.138 I/AconfigPackage( 5455): com.android.server.usb.flags is mapped to system
05-12 04:03:25.138 I/AconfigPackage( 5455): android.os.vibrator is mapped to system
05-12 04:03:25.138 I/AconfigPackage( 5455): android.hardware.devicestate.feature.flags is mapped to system
05-12 04:03:25.138 I/AconfigPackage( 5455): com.android.server.usage is mapped to system
05-12 04:03:25.138 I/AconfigPackage( 5455): android.server is mapped to system
05-12 04:03:25.138 I/AconfigPackage( 5455): com.android.wm.shell is mapped to system
05-12 04:03:25.138 I/AconfigPackage( 5455): android.view.inputmethod is mapped to system
05-12 04:03:25.138 I/AconfigPackage( 5455): com.android.graphics.hwui.flags is mapped to system
05-12 04:03:25.138 I/AconfigPackage( 5455): com.android.server.backup is mapped to system
05-12 04:03:25.138 I/AconfigPackage( 5455): com.android.internal.pm.pkg.component.flags is mapped to system
05-12 04:03:25.138 I/AconfigPackage( 5455): android.view.accessibility is mapped to system
05-12 04:03:25.138 I/AconfigPackage( 5455): android.media.audio is mapped to system
05-12 04:03:25.138 I/AconfigPackage( 5455): com.android.server.am is mapped to system
05-12 04:03:25.138 I/AconfigPackage( 5455): com.android.media.playback.flags is mapped to system
05-12 04:03:25.139 I/BCL@CoreSvc( 5538): (CoreServiceComponentEnabler) updateComponent() : class com.samsung.android.bixby.receiver.token.LazyBootCompleteReceiver | 1
05-12 04:03:25.139 D/PackageManager( 1232): setEnabledSetting : userId = 0 packageName = com.samsung.android.bixby.agent cmp = com.samsung.android.bixby.receiver.token.LazyBootCompleteReceiver newState = 1 callingPackage = com.samsung.android.bixby.agent
05-12 04:03:25.139 D/ApplicationPolicy( 1232): getApplicationStateEnabled : pkg = com.samsung.android.bixby.agent userId : 0
05-12 04:03:25.139 D/ApplicationPolicy( 1232): getApplicationComponentState : pkg = com.samsung.android.bixby.agent userId : 0
05-12 04:03:25.139 I/AconfigPackage( 5455): com.android.settings.flags is mapped to system_ext
05-12 04:03:25.139 I/AconfigPackage( 5455): com.android.launcher3 is mapped to system_ext
05-12 04:03:25.139 I/AconfigPackage( 5455): com.android.server.policy.feature.flags is mapped to system_ext
05-12 04:03:25.139 E/BCL@CoreSvc( 5538): (EmClassHelper) Failed to get ActorNormalAccessibilityService class
05-12 04:03:25.141 I/AconfigPackage( 5455): com.android.adservices.ondevicepersonalization.flags is mapped to com.android.ondevicepersonalization
05-12 04:03:25.142 I/AconfigPackage( 5455): com.android.ipsec.flags is mapped to com.android.ipsec
05-12 04:03:25.142 I/AconfigPackage( 5455): com.android.net.ct.flags is mapped to com.android.tethering
05-12 04:03:25.142 I/AconfigPackage( 5455): com.android.net.flags is mapped to com.android.tethering
05-12 04:03:25.142 I/AconfigPackage( 5455): android.net.vcn is mapped to com.android.tethering
05-12 04:03:25.142 I/AconfigPackage( 5455): com.android.nearby.flags is mapped to com.android.tethering
05-12 04:03:25.142 I/AconfigPackage( 5455): android.net.http is mapped to com.android.tethering
05-12 04:03:25.142 I/AconfigPackage( 5455): com.android.net.thread.flags is mapped to com.android.tethering
05-12 04:03:25.143 I/AconfigPackage( 5455): com.android.org.conscrypt.flags is mapped to com.android.conscrypt
05-12 04:03:25.144 I/AconfigPackage( 5455): android.graphics.pdf.flags is mapped to com.android.mediaprovider
05-12 04:03:25.144 I/AconfigPackage( 5455): com.android.providers.media.flags is mapped to com.android.mediaprovider
05-12 04:03:25.144 I/AconfigPackage( 5455): android.graphics.pdf.flags.readonly is mapped to com.android.mediaprovider
05-12 04:03:25.144 I/AconfigPackage( 5455): com.android.wifi.flags is mapped to com.android.wifi
05-12 04:03:25.145 I/AconfigPackage( 5455): com.android.uwb.flags is mapped to com.android.uwb
05-12 04:03:25.145 I/AconfigPackage( 5455): com.android.ranging.flags is mapped to com.android.uwb
05-12 04:03:25.146 I/AconfigPackage( 5455): com.android.healthfitness.flags is mapped to com.android.healthfitness
05-12 04:03:25.146 W/keymint_tee(  679): [WRN]begin req PARAMS: A32, BM32, PD1, 
05-12 04:03:25.147 I/AconfigPackage( 5455): com.android.adservices.flags is mapped to com.android.adservices
05-12 04:03:25.147 I/AconfigPackage( 5455): com.android.sdksandbox.flags is mapped to com.android.adservices
05-12 04:03:25.147 I/AconfigPackage( 5455): com.android.cellbroadcastreceiver.flags is mapped to com.android.cellbroadcast
05-12 04:03:25.148 I/AconfigPackage( 5455): android.media.swcodec.flags is mapped to com.android.media.swcodec
05-12 04:03:25.149 I/AconfigPackage( 5455): com.android.rkpd.flags is mapped to com.android.rkpd
05-12 04:03:25.149 D/android.hardware.security.keymint-service(  679): begin: ret 0
05-12 04:03:25.149 I/keystore2(  677): system/security/keystore2/src/security_level.rs:466 - In create_operation. Success to create IKeystoreOperation. 10062, None
05-12 04:03:25.150 I/AconfigPackage( 5455): com.android.appsearch.flags is mapped to com.android.appsearch
05-12 04:03:25.150 I/AconfigPackage( 5455): android.provider.flags is mapped to com.android.configinfrastructure
05-12 04:03:25.151 I/AconfigPackage( 5455): com.android.server.deviceconfig is mapped to com.android.configinfrastructure
05-12 04:03:25.151 D/android.hardware.security.keymint-service(  679): update: ret 0
05-12 04:03:25.151 I/AconfigPackage( 5455): android.uprobestats.mainline.flags is mapped to com.android.uprobestats
05-12 04:03:25.152 D/android.hardware.security.keymint-service(  679): finish: ret 0
05-12 04:03:25.154 W/keymint_tee(  679): [WRN]begin req PARAMS: A32, BM32, PD1, 
05-12 04:03:25.154 I/AconfigPackage( 5455): com.android.art.flags is mapped to com.android.art
05-12 04:03:25.154 I/AconfigPackage( 5455): com.android.libcore is mapped to com.android.art
05-12 04:03:25.158 I/AconfigPackage( 5455): android.os.profiling is mapped to com.android.profiling
05-12 04:03:25.158 D/android.hardware.security.keymint-service(  679): begin: ret 0
05-12 04:03:25.158 I/AconfigPackage( 5455): com.android.media.extractor.flags is mapped to com.android.media
05-12 04:03:25.159 I/AconfigPackage( 5455): com.android.media.mainline.flags is mapped to com.android.media
05-12 04:03:25.159 I/keystore2(  677): system/security/keystore2/src/security_level.rs:466 - In create_operation. Success to create IKeystoreOperation. 10062, None
05-12 04:03:25.160 I/AconfigPackage( 5455): com.android.devicelock.flags is mapped to com.android.devicelock
05-12 04:03:25.162 I/AconfigPackage( 5455): com.android.system.virtualmachine.flags is mapped to com.android.virt
05-12 04:03:25.162 D/android.hardware.security.keymint-service(  679): update: ret 0
05-12 04:03:25.162 I/AconfigPackage( 5455): com.android.icu is mapped to com.android.i18n
05-12 04:03:25.163 I/AconfigPackage( 5455): com.android.bluetooth.flags is mapped to com.android.bt
05-12 04:03:25.164 I/AconfigPackage( 5455): com.android.permission.flags is mapped to com.android.permission
05-12 04:03:25.165 I/AconfigPackage( 5455): com.android.os.statsd.flags is mapped to com.android.os.statsd
05-12 04:03:25.165 D/android.hardware.security.keymint-service(  679): finish: ret 0
05-12 04:03:25.165 E/FeatureFlagsImplExport( 5455): android.os.flagging.AconfigStorageReadException: ERROR_PACKAGE_NOT_FOUND: package android.xr cannot be found on the device
05-12 04:03:25.165 W/keymint_tee(  679): [WRN]begin req PARAMS: A32, BM32, PD1, 
05-12 04:03:25.167 I/BCL@OnboardingSdk( 5538): (DeviceRegistrationUseCase) isDeviceUpdated(), recordedLanguage : ko-KR, currentLanguage : ko-KR, recordedCountryCode : KR, currentCountryCode : KR
05-12 04:03:25.168 I/BCL@BixbyApp( 5538): (BixbyApplications) succeeded to register user device
05-12 04:03:25.170 D/android.hardware.security.keymint-service(  679): begin: ret 0
05-12 04:03:25.170 I/keystore2(  677): system/security/keystore2/src/security_level.rs:466 - In create_operation. Success to create IKeystoreOperation. 10062, None
05-12 04:03:25.170 D/SemCscFeature( 5455): Encoded
05-12 04:03:25.171 D/android.hardware.security.keymint-service(  679): update: ret 0
05-12 04:03:25.172 D/android.hardware.security.keymint-service(  679): finish: ret 0
05-12 04:03:25.172 I/BCL@CoreSvc( 5538): (CoreServiceComponentEnabler) isProvisionNeeded = true
05-12 04:03:25.172 I/BCL@CoreSvc( 5538): (CoreServiceComponentEnabler) updateComponent() : class com.samsung.android.bixby.WinkService | 2
05-12 04:03:25.172 D/PackageManager( 1232): setEnabledSetting : userId = 0 packageName = com.samsung.android.bixby.agent cmp = com.samsung.android.bixby.WinkService newState = 2 callingPackage = com.samsung.android.bixby.agent
05-12 04:03:25.173 I/BCL@Vendor( 5538): (SecPropertyService) isSemAvailable: true
05-12 04:03:25.173 I/BCL@CoreSvc( 5538): (CoreServiceComponentEnabler) updateComponent() : class com.samsung.android.bixby.receiver.OnDexReceiver | 2
05-12 04:03:25.173 D/PackageManager( 1232): setEnabledSetting : userId = 0 packageName = com.samsung.android.bixby.agent cmp = com.samsung.android.bixby.receiver.OnDexReceiver newState = 2 callingPackage = com.samsung.android.bixby.agent
05-12 04:03:25.173 I/BCL@Common( 5538): (CallUiUtils) changeCallComponent
05-12 04:03:25.173 I/BCL@CoreSvc( 5538): (CoreServiceComponentEnabler) handle() - 
05-12 04:03:25.173 I/BCL@Common( 5538): (VolumeChangeReceiver) initialize() +
05-12 04:03:25.174 I/BCL@Common( 5538): (CommonUtils) isProcessName, processName: com.samsung.android.bixby.agent
05-12 04:03:25.176 I/BCL@Common( 5538): (VolumeChangeReceiver) initialize() -
05-12 04:03:25.176 I/BCL@Common( 5538): (BixbyApplications) registerDexModeReceiver()
05-12 04:03:25.177 I/BCL@Vendor( 5538): (SecPropertyService) isSemAvailable: true
05-12 04:03:25.177 I/BCL@Common( 5538): (BixbyApplications) registerParentalCareContentObserver()
05-12 04:03:25.177 I/BCL@BixbyApp( 5538): (BixbyApplications) register display listener
05-12 04:03:25.178 I/BCL@Common( 5538): /PERF/BixbyApplication onCreate() end
05-12 04:03:25.179 I/ActivityManager( 1232): Changes in 10062 19 to 11, 0 to 128
05-12 04:03:25.181 I/BCL@Common( 5538): (VolumeChangeReceiver) bixby volume changed - stream type : 11 | volume : 7
05-12 04:03:25.181 W/Monkey  ( 5455):  arg: "-p"
05-12 04:03:25.182 W/Monkey  ( 5455):  arg: "com.hyeni.calendar"
05-12 04:03:25.182 W/Monkey  ( 5455):  arg: "-c"
05-12 04:03:25.182 W/Monkey  ( 5455):  arg: "android.intent.category.LAUNCHER"
05-12 04:03:25.182 W/Monkey  ( 5455):  arg: "1"
05-12 04:03:25.182 D/BackgroundInstallControlService( 1232): Package event received: 0
05-12 04:03:25.182 W/Monkey  ( 5455): data="com.hyeni.calendar"
05-12 04:03:25.182 W/Monkey  ( 5455): data="android.intent.category.LAUNCHER"
05-12 04:03:25.186 I/ActivityManager( 1232): com.samsung.android.bixby.wakeup is exempt from freezer by list
05-12 04:03:25.188 I/ActivityManager( 1232): Changes in 10062 11 to 19, 128 to 0
05-12 04:03:25.188 D/EventHub( 1232): No input device configuration file found for device 'Monkey touch'.
05-12 04:03:25.190 D/Zygote  (  893): Forked child process 5598
05-12 04:03:25.191 I/ActivityManager( 1232): Start proc 5598:com.osp.app.signin/u0a115 for content provider {com.osp.app.signin/com.samsung.android.samsungaccount.utils.accounts.AccountManagerProvider}
05-12 04:03:25.191 I/ActivityManager( 1232): ProcessObserver broadcast disabled
05-12 04:03:25.192 I/EventHub( 1232): usingClockIoctl=true
05-12 04:03:25.192 I/EventHub( 1232): New device: id=34, fd=1170, path='/dev/input/event8', name='Monkey touch', classes=TOUCH | TOUCH_MT, bus=6, vid:pid=18d1:0001, configuration='', keyLayout='', keyCharacterMap='', builtinKeyboard=false, 
05-12 04:03:25.201 D/Zygote  (  893): Forked child process 5599
05-12 04:03:25.203 I/ActivityManager( 1232): Start proc 5599:com.samsung.android.bixby.wakeup/1000 for broadcast {com.samsung.android.bixby.wakeup/com.samsung.android.voicewakeup.agenthelper.BixbyEventReceiver}
05-12 04:03:25.203 I/ActivityManager( 1232): ProcessObserver broadcast disabled
05-12 04:03:25.205 I/.osp.app.signin( 5598): Using CollectorTypeCMC GC.
05-12 04:03:25.207 I/InputReader( 1232): Device reconfigured: id=32, name='Monkey touch', size 1080x2340, orientation Rotation0, mode DIRECT, display id 0
05-12 04:03:25.208 E/.osp.app.signin( 5598): Not starting debugger since process cannot load the jdwp agent.
05-12 04:03:25.208 I/InputReader( 1232): Device added: id=32, eventHubId=34, name='Monkey touch', descriptor='e1fe28b90f915c7d1febbd52c1ef84b3c4cbed9f',sources=TOUCHSCREEN
05-12 04:03:25.211 D/nativeloader( 5598): Load libframework-connectivity-tiramisu-jni.so using APEX ns com_android_tethering for caller /apex/com.android.tethering/javalib/framework-connectivity-t.jar: ok
05-12 04:03:25.213 D/ActivityThread( 5598): setConscryptValidator
05-12 04:03:25.214 D/ActivityThread( 5598): setConscryptValidator - put
05-12 04:03:25.224 D/ApplicationLoaders( 5598): Returning zygote-cached class loader: /system/framework/org.apache.http.legacy.jar
05-12 04:03:25.225 I/id.bixby.wakeup( 5599): Using CollectorTypeCMC GC.
05-12 04:03:25.226 D/nativeloader( 5598): Configuring clns-shared-9 for other apk /system/framework/samsungkeystoreutils.jar. target_sdk_version=36, uses_libraries=ALL, library_path=/system/priv-app/SamsungAccount/lib/arm64:/system/priv-app/SamsungAccount/SamsungAccount.apk!/lib/arm64-v8a:/system/lib64:/system/system_ext/lib64, permitted_path=/data:/mnt/expand:/data/user/0/com.osp.app.signin:/system/priv-app/SamsungAccount:/system/lib64:/system/system_ext/lib64
05-12 04:03:25.226 D/nativeloader( 5598): Extending system_exposed_libraries: libhumantracking.arcsoft.so:libPortraitDistortionCorrection.arcsoft.so:libPortraitDistortionCorrectionCali.arcsoft.so:libface_landmark.arcsoft.so:libFacialStickerEngine.arcsoft.so:libveengine.arcsoft.so:libimage_enhancement.arcsoft.so:liblow_light_hdr.arcsoft.so:libhigh_dynamic_range.arcsoft.so:libFacialAttributeDetection.arcsoft.so:libobjectcapture_jni.arcsoft.so:libobjectcapture.arcsoft.so:libaudiomirroring_jni.audiomirroring.samsung.so:libBeauty_v4.camera.samsung.so:libexifa.camera.samsung.so:libjpega.camera.samsung.so:libOpenCv.camera.samsung.so:libC2paDps.camera.samsung.so:libImageScreener.camera.samsung.so:libMyFilter.camera.samsung.so:libtensorflowLite.myfilter.camera.samsung.so:libtflite2.myfilters.camera.samsung.so:libtensorflowlite_inference_api.myfilter.camera.samsung.so:libHIDTSnapJNI.camera.samsung.so:libSmartScan.camera.samsung.so:libRectify.camera.samsung.so:libDocRectifyWrapper.camera.samsung.so:libstartrail.camera.samsung.so:libUltraWideDistortionCorrectio
05-12 04:03:25.227 D/ApplicationLoaders( 5598): Returning zygote-cached class loader: /system_ext/framework/androidx.window.extensions.jar
05-12 04:03:25.227 D/ApplicationLoaders( 5598): Returning zygote-cached class loader: /system_ext/framework/androidx.window.sidecar.jar
05-12 04:03:25.228 W/ActivityManager( 1232): registerReceiverWithFeature: no app for null
05-12 04:03:25.228 E/id.bixby.wakeup( 5599): Not starting debugger since process cannot load the jdwp agent.
05-12 04:03:25.237 D/CompatChangeReporter( 1232): Compat change id reported: 151861875; UID 1000; state: ENABLED
05-12 04:03:25.237 D/nativeloader( 5598): Configuring clns-shared-10 for other apk /system/priv-app/SamsungAccount/SamsungAccount.apk. target_sdk_version=36, uses_libraries=, library_path=/system/priv-app/SamsungAccount/lib/arm64:/system/priv-app/SamsungAccount/SamsungAccount.apk!/lib/arm64-v8a:/system/lib64:/system/system_ext/lib64, permitted_path=/data:/mnt/expand:/data/user/0/com.osp.app.signin:/system/priv-app/SamsungAccount:/system/lib64:/system/system_ext/lib64
05-12 04:03:25.238 D/ActivityTaskManager( 1232): startActivityAsUser: callingPid=5455, callingUid=2000, caller=com.android.server.am.ActivityManagerService.startActivityAsUserWithFeature:27 android.app.IActivityManager$Stub.onTransact$startActivityAsUserWithFeature$:13109 android.app.IActivityManager$Stub.onTransact:4305 com.android.server.am.ActivityManagerService.onTransact:425 android.os.Binder.execTransactInternal:1457 android.os.Binder.execTransact:1401 <bottom of call stack> 
05-12 04:03:25.238 I/Pageboost( 1232): onAppLaunch : com.hyeni.calendar
05-12 04:03:25.239 W/ActivityTaskManager( 1232): callingPackage for (uid=2000, pid=5455) has no WPC
05-12 04:03:25.239 I/Pageboost( 1232): Record App IO : com.hyeni.calendar pid 4971
05-12 04:03:25.239 D/ActivityTaskManager( 1232): DesktopModeLaunchParamsModifier: task=null activity=null task null, skipping
05-12 04:03:25.239 D/ActivityTaskManager( 1232): TaskLaunchParamsModifier:task=null activity=null display-area-from-current-params=null display-area-from-default-fallback=DefaultTaskDisplayArea_d0@213203392 display-id=0 task-display-area-windowing-mode=1 suggested-display-area=DefaultTaskDisplayArea_d0@213203392
05-12 04:03:25.239 W/System.err( 1232): java.io.FileNotFoundException: /proc/4971/io_record_control: open failed: ENOENT (No such file or directory)
05-12 04:03:25.239 W/System.err( 1232): 	at libcore.io.IoBridge.open(IoBridge.java:574)
05-12 04:03:25.240 W/System.err( 1232): 	at java.io.FileOutputStream.<init>(FileOutputStream.java:259)
05-12 04:03:25.240 W/System.err( 1232): 	at java.io.FileOutputStream.<init>(FileOutputStream.java:208)
05-12 04:03:25.240 W/System.err( 1232): 	at java.io.FileWriter.<init>(FileWriter.java:96)
05-12 04:03:25.240 W/System.err( 1232): 	at com.android.server.am.Pageboost$IoRecord.write(qb/108067228 be9c9d633626068ab6074b53223268459f37a9444617eb3d90f6c0e448c6ee8c:8)
05-12 04:03:25.240 W/System.err( 1232): 	at com.android.server.am.Pageboost$PageboostAppCapture.capture(qb/108067228 be9c9d633626068ab6074b53223268459f37a9444617eb3d90f6c0e448c6ee8c:80)
05-12 04:03:25.240 W/System.err( 1232): 	at com.android.server.am.Pageboost$PageboostHandler.handleMessage(qb/108067228 be9c9d633626068ab6074b53223268459f37a9444617eb3d90f6c0e448c6ee8c:384)
05-12 04:03:25.240 W/System.err( 1232): 	at android.os.Handler.dispatchMessage(Handler.java:110)
05-12 04:03:25.240 W/System.err( 1232): 	at android.os.Looper.loopOnce(Looper.java:273)
05-12 04:03:25.240 W/System.err( 1232): 	at android.os.Looper.loop(Looper.java:363)
05-12 04:03:25.240 W/System.err( 1232): 	at android.os.HandlerThread.run(HandlerThread.java:85)
05-12 04:03:25.240 W/System.err( 1232): 	at com.android.server.ServiceThread.run(ServiceThread.java:49)
05-12 04:03:25.240 W/System.err( 1232): Caused by: android.system.ErrnoException: open failed: ENOENT (No such file or directory)
05-12 04:03:25.240 W/System.err( 1232): 	at libcore.io.Linux.open(Native Method)
05-12 04:03:25.240 W/System.err( 1232): 	at libcore.io.ForwardingOs.open(ForwardingOs.java:568)
05-12 04:03:25.240 W/System.err( 1232): 	at libcore.io.BlockGuardOs.open(BlockGuardOs.java:274)
05-12 04:03:25.240 W/System.err( 1232): 	at libcore.io.IoBridge.open(IoBridge.java:560)
05-12 04:03:25.240 W/System.err( 1232): 	... 11 more
05-12 04:03:25.242 I/HoneySpace.InputDeviceSourceRepositoryImpl( 2350): onInputDeviceAdded 32
05-12 04:03:25.242 I/HoneySpace.InputDeviceSourceRepositoryImpl( 2350): onInputDeviceAdded 32
05-12 04:03:25.242 I/HoneySpace.InputDeviceSourceRepositoryImpl( 2350): onInputDeviceAdded 32
05-12 04:03:25.242 I/HBD     (12566): b onInputDeviceAdded :: currentPhysicalKeyboardStatus : false 
05-12 04:03:25.242 W/OptProp ( 1232): Cannot read opt property android.window.PROPERTY_COMPAT_ALLOW_RESIZEABLE_ACTIVITY_OVERRIDES
05-12 04:03:25.242 W/OptProp ( 1232): Cannot read opt property android.window.PROPERTY_COMPAT_ALLOW_MIN_ASPECT_RATIO_OVERRIDE
05-12 04:03:25.243 I/HBD     (12566): b isPhysicalKeyboard() isPhysicalKeyboard false: deviceId=32, isVirtual=false, keyboardType=0, isKeyboardTypedMouse=false 
05-12 04:03:25.243 D/WindowManager( 1232): Transition is created, t=TransitionRecord{b3a85fc id=-1 type=OPEN flags=0x0}, caller=com.android.server.wm.Transition.<init>:182 com.android.server.wm.TransitionController.createAndStartCollecting:106 com.android.server.wm.ActivityStarter.executeRequest:3515 com.android.server.wm.ActivityStarter.execute:1752 com.android.server.wm.ActivityTaskManagerService.startActivityAsUser:95 
05-12 04:03:25.243 D/BLASTSyncEngine( 1232): SyncGroup is created, id=600, name=Transition-OPEN, caller=com.android.server.wm.BLASTSyncEngine$SyncGroup.<init>:52 com.android.server.wm.TransitionController.moveToCollecting:79 com.android.server.wm.TransitionController.createAndStartCollecting:109 com.android.server.wm.ActivityStarter.executeRequest:3515 com.android.server.wm.ActivityStarter.execute:1752 com.android.server.wm.ActivityTaskManagerService.startActivityAsUser:95 com.android.server.am.ActivityManagerService.startActivityAsUserWithFeature:27 
05-12 04:03:25.244 W/BLASTSyncEngine( 1232): setSyncMethod, id=600, method=0, caller=com.android.server.wm.TransitionController.moveToCollecting:91 com.android.server.wm.TransitionController.createAndStartCollecting:109 com.android.server.wm.ActivityStarter.executeRequest:3515 
05-12 04:03:25.244 V/WindowManager( 1232): Start collecting in Transition: TransitionRecord{b3a85fc id=600 type=OPEN flags=0x0}, caller=com.android.server.wm.TransitionController.createAndStartCollecting:109 com.android.server.wm.ActivityStarter.executeRequest:3515 com.android.server.wm.ActivityStarter.execute:1752 com.android.server.wm.ActivityTaskManagerService.startActivityAsUser:95 com.android.server.am.ActivityManagerService.startActivityAsUserWithFeature:27 
