05-12 04:03:26.339 I/InsetsController( 4815): onStateChanged: host=com.google.android.permissioncontroller/com.android.permissioncontroller.permission.ui.GrantPermissionsActivity, from=android.view.ViewRootImpl.onInsetsStateChanged:3026, state=InsetsState: {mDisplayFrame=Rect(0, 0 - 1080, 2340), mDisplayCutout=DisplayCutout{insets=Rect(0, 89 - 0, 0) waterfall=Insets{left=0, top=0, right=0, bottom=0} boundingRect={Bounds=[Rect(0, 0 - 0, 0), Rect(507, 0 - 573, 89), Rect(0, 0 - 0, 0), Rect(0, 0 - 0, 0)]} cutoutPathParserInfo={CutoutPathParserInfo{displayWidth=1080 displayHeight=2340 physicalDisplayWidth=1080 physicalDisplayHeight=2340 density={2.8125} cutoutSpec={M 0,0 M 0,8.177777777777778 a 11.73333333333333,11.73333333333333 0 1,0 0,23.46666666666667 a 11.73333333333333,11.73333333333333 0 1,0 0,-23.46666666666667 Z @dp} rotation={0} scale={1.0} physicalPixelDisplaySizeRatio={1.0}}} sideOverrides={}}, mRoundedCorners=RoundedCorners{[RoundedCorner{position=TopLeft, radius=118, center=Point(118, 118)}, RoundedCorner{position=TopRight, radius=118, center=Point(962, 118)}, RoundedCorner{position=BottomRight, radius=118, center=Point(962, 2222)}, RoundedCorner{position=BottomLeft, radius=118, center=Point(118, 2222)}]}  mRoundedCornerFrame=Rect(0, 0 - 1080, 2340), mPrivacyIndicatorBounds=PrivacyIndicatorBounds {static bounds=Rect(956, 0 - 1080, 89) rotation=0}, mDisplayShape=DisplayShape{ spec=-311912193 displayWidth=1080 displayHeight=2340 physicalPixelDisplaySizeRatio=1.0 rotation=0 offsetX=0 offsetY=0 scale=1.0}, mSources= { InsetsSource: {3 mType=ime mFrame=[0,0][0,0] mVisible=false mFlags= mSideHint=NONE mBoundingRects=null}, InsetsSource: {27 mType=displayCutout mFrame=[0,0][1080,89] mVisible=true mFlags= mSideHint=TOP mBoundingRects=null}, InsetsSource: {6f720001 mType=navigationBars mFrame=[0,2205][1080,2340] mVisible=false mFlags= mSideHint=BOTTOM mBoundingRects=null}, InsetsSource: {6f720004 mType=systemGestures mFrame=[0,0][0,0] mVisible=true mFlags= mSideHint=NONE mBoundingRects=null}, InsetsSource: {6f720005 mType=mandatorySystemGestures mFrame=[0,2205][1080,2340] mVisible=true mFlags= mSideHint=BOTTOM mBoundingRects=null}, InsetsSource: {6f720006 mType=tappableElement mFrame=[0,2205][1080,2340] mVisible=true mFlags= mSideHint=BOTTOM mBoundingRects=null}, InsetsSource: {6f720024 mType=systemGestures mFrame=[0,0][0,0] mVisible=true mFlags= mSideHint=NONE mBoundingRects=null}, InsetsSource: {77cf0000 mType=statusBars mFrame=[0,0][1080,89] mVisible=true mFlags= mSideHint=TOP mBoundingRects=null}, InsetsSource: {77cf0005 mType=mandatorySystemGestures mFrame=[0,0][1080,123] mVisible=true mFlags= mSideHint=TOP mBoundingRects=null}, InsetsSource: {77cf0006 mType=tappableElement mFrame=[0,0][1080,89] mVisible=true mFlags= mSideHint=TOP mBoundingRects=null} }
05-12 04:03:26.339 I/VRI[GrantPermissionsActivity]@a2beb71( 4815): synced displayState. AttachInfo displayState=1
05-12 04:03:26.339 I/VRI[GrantPermissionsActivity]@a2beb71( 4815): setView = com.android.internal.policy.DecorView@fc2cdad IsHRR=false mFlingFrameRateChange=0 TM=true
05-12 04:03:26.339 I/hwservicemanager(  611): getTransport: Cannot find entry android.hardware.graphics.allocator@4.0::IAllocator/default in either framework or device VINTF manifest.
05-12 04:03:26.340 I/IDS_TAG ( 4815): Starting IDS observe window
05-12 04:03:26.340 I/IDS_TAG ( 4815): Getting Shared Preference for com.android.permissioncontroller.PermissionControllerApplication@205bf50 uid = 10292
05-12 04:03:26.341 I/IDS_TAG ( 4815): App com.android.permissioncontroller.PermissionControllerApplication@205bf50 has not finished training
05-12 04:03:26.342 I/HYPER-HAL(  935): [RequestManager.cpp]acquire(): Acquired ID : 4458650  [940 / 2045]    HINT :      list : [TID_LOW_LATENCY / 1] [TID / 5903] [TID / 5904] [TID / 4815] [TID / 5888] 
05-12 04:03:26.344 D/SGM:FgCheckThread( 1232): notePauseComponent(), received pkgName: com.google.android.permissioncontroller, userId: 0
05-12 04:03:26.344 D/HWUI    ( 4815): HWUI - treat SMPTE_170M as sRGB
05-12 04:03:26.344 I/CocktailBarManagerServiceContainer( 1232): handleMessage: entry what = 6
05-12 04:03:26.344 I/IDS_TAG ( 4815): Closing IDS observe window
05-12 04:03:26.344 I/IDS_TAG ( 4815): Getting Shared Preference for com.android.permissioncontroller.PermissionControllerApplication@205bf50 uid = 10292
05-12 04:03:26.344 I/IDS_TAG ( 4815): IDS count updated to 9 for com.android.permissioncontroller.PermissionControllerApplication@205bf50
05-12 04:03:26.345 D/CoreBackPreview( 1232): Window{67fe9ac u0 com.google.android.permissioncontroller/com.android.permissioncontroller.permission.ui.GrantPermissionsActivity}: Setting back callback OnBackInvokedCallbackInfo{mCallback=android.window.IOnBackInvokedCallback$Stub$Proxy@8829f2d, mPriority=-1, mIsAnimationCallback=false, mOverrideBehavior=0}
05-12 04:03:26.345 D/BackgroundInstallControlService( 1232): Package event received: 0
05-12 04:03:26.345 I/WindowManager( 1232): Relayout Window{67fe9ac u0 com.google.android.permissioncontroller/com.android.permissioncontroller.permission.ui.GrantPermissionsActivity}: viewVisibility=0 req=1068x90 ty=1 d0
05-12 04:03:26.345 I/SurfaceFlinger( 1004): id=5252 createSurf, flag=44004, com.google.android.permissioncontroller/com.android.permissioncontroller.permission.ui.GrantPermissionsActivity$_4815#5252
05-12 04:03:26.346 D/WindowManager( 1232): makeSurface duration=0 name=com.google.android.permissioncontroller/com.android.permissioncontroller.permission.ui.GrantPermissionsActivity$_4815
05-12 04:03:26.346 D/SurfaceComposerClient( 1232): setCornerRadius ## 67fe9ac com.google.android.permissioncontroller/com.android.permissioncontroller.permission.ui.GrantPermissionsActivity#5251 cornerRadius=0.000000
05-12 04:03:26.346 D/BLASTSyncEngine( 1232): SyncGroup 600:  Unfinished container: ActivityRecord{85052521 u0 com.google.android.permissioncontroller/com.android.permissioncontroller.permission.ui.GrantPermissionsActivity t116} mSyncState=2
05-12 04:03:26.347 V/WindowManager( 1232): SyncGroup 600: Finished!
05-12 04:03:26.347 D/ChangeTransitionController( 1232): onTransactionReady: TransitionRecord{b3a85fc id=600 type=OPEN flags=0x0 c=[
05-12 04:03:26.347 D/ChangeTransitionController( 1232):    ChangeInfo{5ebac62 container=ActivityRecord{85052521 u0 com.google.android.permissioncontroller/com.android.permissioncontroller.permission.ui.GrantPermissionsActivity t116} flags=0x0}
05-12 04:03:26.347 D/ChangeTransitionController( 1232):    ChangeInfo{16eb4e7 container=ActivityRecord{161875077 u0 com.hyeni.calendar/.MainActivity t116} flags=0x0}
05-12 04:03:26.347 D/ChangeTransitionController( 1232):    ChangeInfo{8eb9894 container=DefaultTaskDisplayArea_d0@213203392 flags=0x0}
05-12 04:03:26.347 D/ChangeTransitionController( 1232):    ChangeInfo{b453f3d container=Task{dd5f30b #116 type=standard A=10340:com.hyeni.calendar} flags=0x0}
05-12 04:03:26.347 D/ChangeTransitionController( 1232):    ChangeInfo{beeb332 container=Display{#0 state=OFF size=1080x2340 ROTATION_0} flags=0x0}
05-12 04:03:26.347 D/ChangeTransitionController( 1232): ]
05-12 04:03:26.347 D/ChangeTransitionController( 1232): }
05-12 04:03:26.347 V/WindowManager( 1232): Start calculating TransitionInfo based on participants: {ActivityRecord{85052521 u0 com.google.android.permissioncontroller/com.android.permissioncontroller.permission.ui.GrantPermissionsActivity t116}, ActivityRecord{161875077 u0 com.hyeni.calendar/.MainActivity t116}, Task{dd5f30b #116 type=standard A=10340:com.hyeni.calendar}}
05-12 04:03:26.347 V/WindowManager( 1232):   Final targets: []
05-12 04:03:26.348 V/WindowManager( 1232): Calling onTransitionReady: {id=600 t=OPEN f=0x40 trk=0 r=[] c=[]}
05-12 04:03:26.348 D/PowerManagerService( 1232): [api] setPowerBoost(L) boost:0, durationMs:0, caller (uid: 1000 pid: 1232) <- m() in com.android.server.display.DisplayManagerService$BinderService$$ExternalSyntheticOutline0:1
05-12 04:03:26.349 I/WindowManager( 1232): Relayout hash=67fe9ac, pid=4815, syncId=-1: mAttrs={(0,0)(wrapxwrap) gr=BOTTOM CENTER sim={state=always_hidden adjust=nothing forwardNavigation} ty=BASE_APPLICATION fmt=TRANSLUCENT wanim=0x1030309 surfaceInsets=Rect(6, 6 - 6, 6)
05-12 04:03:26.349 I/WindowManager( 1232):   fl=1800002
05-12 04:03:26.349 I/WindowManager( 1232):   pfl=40080880
05-12 04:03:26.349 I/WindowManager( 1232):   apr=10
05-12 04:03:26.349 I/WindowManager( 1232):   bhv=1
05-12 04:03:26.349 I/WindowManager( 1232):   fitTypes=207
05-12 04:03:26.349 I/WindowManager( 1232):   frameRateBoostOnTouch=true
05-12 04:03:26.349 I/WindowManager( 1232):   dvrrWindowFrameRateHint=true
05-12 04:03:26.349 I/WindowManager( 1232):  dimAmount=0.0 naviIconColor=0
05-12 04:03:26.349 I/WindowManager( 1232):   sfl=100000}
05-12 04:03:26.349 V/WindowManagerShell( 1899): onTransitionReady(transaction=5291399870071)
05-12 04:03:26.349 V/WindowManagerShell( 1899): onTransitionReady (#600) android.os.BinderProxy@82cb348: {id=600 t=OPEN f=0x40 trk=0 r=[] c=[]}
05-12 04:03:26.349 V/ShellDesktopMode( 1899): DesktopModeLogger: taskInfo map after processing changes 0
05-12 04:03:26.349 V/WindowManagerShell( 1899): No transition roots in (#600) android.os.BinderProxy@82cb348@0 so abort
05-12 04:03:26.349 V/WindowManager( 1232): Sent Transition (#600) createdAt=05-12 04:03:25.243 via request=TransitionRequestInfo { type = OPEN, triggerTask = TaskInfo{userId=0 taskId=116 effectiveUid=10340 displayId=0 isRunning=true baseIntent=Intent { act=android.intent.action.MAIN cat=[android.intent.category.LAUNCHER] flg=0x10200000 cmp=com.hyeni.calendar/.MainActivity } baseActivity=ComponentInfo{com.hyeni.calendar/com.hyeni.calendar.MainActivity} topActivity=ComponentInfo{com.hyeni.calendar/com.hyeni.calendar.MainActivity} origActivity=null realActivity=ComponentInfo{com.hyeni.calendar/com.hyeni.calendar.MainActivity} numActivities=1 lastActiveTime=1556698484 supportsMultiWindow=true resizeMode=1 isResizeable=true minWidth=-1 minHeight=-1 maxWidth=-1 maxHeight=-1 defaultMinSize=220 desktopDefaultMinSize=304 token=WCT{RemoteToken{9aa71f3 Task{dd5f30b #116 type=standard A=10340:com.hyeni.calendar}}} topActivityType=1 pictureInPictureParams=null shouldDockBigOverlays=false launchIntoPipHostTaskId=-1 lastParentTaskIdBeforePip=-1 displayCutoutSafeInsets=Rect(0, 89 - 0, 0) topActivityInfo=ActivityInfo{13cbeb0 com.hyeni.calendar.MainActivity} launchCookies=[] positionInParent=Point(0, 0) parentTaskId=-1 isFocused=false isVisible=false isVisibleRequested=false isTopActivityNoDisplay=false isSleeping=true locusId=null displayAreaFeatureId=1 isTopActivityTransparent=false isActivityStackTransparent=false lastNonFullscreenBounds=Rect(81, 562 - 999, 1732) capturedLink=null capturedLinkTimestamp=0 requestedVisibleTypes=-9 topActivityRequestOpenInBrowserEducationTimestamp=0 appCompatTaskInfo=AppCompatTaskInfo { topActivityInSizeCompat=false eligibleForLetterboxEducation= false isLetterboxEducationEnabled= false isLetterboxDoubleTapEnabled= false eligibleForUserAspectRatioButton= false topActivityBoundsLetterboxed= false isFromLetterboxDoubleTap= false topActivityLetterboxVerticalPosition= -1 topActivityLetterboxHorizontalPosition= -1 topActivityLetterboxWidth=-1 topActivityLetterboxHeight=-1 topActivityAppBounds=Rect(0, 0 - 1080, 2340) isUserFullscreenOverrideEnabled=false isSystemFullscreenOverrideEnabled=false hasMinAspectRatioOverride=false topActivityLetterboxBounds=null cameraCompatTaskInfo=CameraCompatTaskInfo { freeformCameraCompatMode=inactive} topActivityBounds=null topActivityInDisplayCompat=false singleTapFromLetterbox=false} topActivityMainWindowFrame=null originallySupportedMultiWindow=true hasWallpaper=false rootAffinity=10340:com.hyeni.calendar isTopTaskInStage=false CoverLauncherWidgetTask=false LaunchedFromAppsCoverLauncherTask=false LaunchedFromMultistarCoverLauncherTask=false isAllowedSeamlessRotation=false isTopTransparentActivity=false isAliasManaged=false hasConfigChanged=false snappingGuideBounds=null isAiKeyRemoveAppTask=false lastDesktopWindowingBounds=null lastExternalDesktopWindowingBounds=null safeCutoutInsets=null}, pipChange = null, remoteTransition = null, displayChange = null, flags = 0, debugId = 600 }
05-12 04:03:26.349 V/WindowManager( 1232):     startWCT=WindowContainerTransaction { changes= {} hops= [] errorCallbackToken=null taskFragmentOrganizer=null }
05-12 04:03:26.349 V/WindowManager( 1232):     info={id=600 t=OPEN f=0x40 trk=0 r=[] c=[]}
05-12 04:03:26.349 I/SurfaceControlRegistry( 1899): apply, t=StartTransaction_SyncId<600>, caller=android.view.SurfaceControl$Transaction.apply:3459 android.view.SurfaceControl$Transaction.apply:3447 android.view.SurfaceControl$Transaction.apply:3397 com.android.wm.shell.transition.Transitions.processReadyQueue:196 com.android.wm.shell.transition.Transitions.onAbort:85 com.android.wm.shell.transition.Transitions.dispatchReady:326 
05-12 04:03:26.350 I/BLASTBufferQueue_Java( 4815): new BLASTBufferQueue, mName= VRI[GrantPermissionsActivity]@a2beb71 mNativeObject= 0xb4000074fb4996c0 caller= android.view.ViewRootImpl.updateBlastSurfaceIfNeeded:3585 android.view.ViewRootImpl.relayoutWindow:11685 android.view.ViewRootImpl.performTraversals:4804 android.view.ViewRootImpl.doTraversal:3924 android.view.ViewRootImpl$TraversalRunnable.run:12903 android.view.Choreographer$CallbackRecord.run:1901 android.view.Choreographer$CallbackRecord.run:1910 android.view.Choreographer.doCallbacks:1367 android.view.Choreographer.doFrame:1292 android.view.Choreographer$FrameDisplayEventReceiver.run:1870 
05-12 04:03:26.350 I/BLASTBufferQueue_Java( 4815): update, w= 1080 h= 102 mName = VRI[GrantPermissionsActivity]@a2beb71 mNativeObject= 0xb4000074fb4996c0 sc.mNativeObject= 0xb40000759b42c210 format= -3 caller= android.view.ViewRootImpl.updateBlastSurfaceIfNeeded:3590 android.view.ViewRootImpl.relayoutWindow:11685 android.view.ViewRootImpl.performTraversals:4804 android.view.ViewRootImpl.doTraversal:3924 android.view.ViewRootImpl$TraversalRunnable.run:12903 android.view.Choreographer$CallbackRecord.run:1901 
05-12 04:03:26.350 V/WindowManagerShell( 1899): Transition animation finished (aborted=true), notifying core (#600) android.os.BinderProxy@82cb348@0
05-12 04:03:26.350 I/SurfaceControlRegistry( 1899): apply, t=FinishTransaction_SyncId<600>, caller=android.view.SurfaceControl$Transaction.apply:3459 android.view.SurfaceControl$Transaction.apply:3447 android.view.SurfaceControl$Transaction.apply:3397 com.android.wm.shell.transition.Transitions.onFinish:315 com.android.wm.shell.transition.Transitions.processReadyQueue:201 com.android.wm.shell.transition.Transitions.onAbort:85 
05-12 04:03:26.351 I/VRI[GrantPermissionsActivity]@a2beb71( 4815): Relayout returned: old=(0,89,1080,2340) new=(6,2250,1074,2340) relayoutAsync=false req=(1068,90)0 dur=4 res=0x3 s={true 0xb40000744b451720} ch=true seqId=0
05-12 04:03:26.351 I/CameraService( 1096): onUidStateChanged: uid=10055, procState is changed. (5 -> 1)
05-12 04:03:26.351 V/WindowManager( 1232): Finish Transition: TransitionRecord{b3a85fc id=600 type=OPEN flags=0x40 c=[
05-12 04:03:26.351 V/WindowManager( 1232):    ChangeInfo{5ebac62 container=ActivityRecord{85052521 u0 com.google.android.permissioncontroller/com.android.permissioncontroller.permission.ui.GrantPermissionsActivity t116} flags=0x0}
05-12 04:03:26.351 V/WindowManager( 1232):    ChangeInfo{16eb4e7 container=ActivityRecord{161875077 u0 com.hyeni.calendar/.MainActivity t116} flags=0x0}
05-12 04:03:26.351 V/WindowManager( 1232):    ChangeInfo{8eb9894 container=DefaultTaskDisplayArea_d0@213203392 flags=0x0}
05-12 04:03:26.351 V/WindowManager( 1232):    ChangeInfo{b453f3d container=Task{dd5f30b #116 type=standard A=10340:com.hyeni.calendar} flags=0x0}
05-12 04:03:26.351 V/WindowManager( 1232):    ChangeInfo{beeb332 container=Display{#0 state=OFF size=1080x2340 ROTATION_0} flags=0x0}
05-12 04:03:26.351 V/WindowManager( 1232): ]
05-12 04:03:26.351 V/WindowManager( 1232): }, caller=com.android.server.wm.WindowOrganizerController.finishTransitionInner:31 com.android.server.wm.WindowOrganizerController.finishAllTransitions:60 android.window.IWindowOrganizerController$Stub.onTransact:283 
05-12 04:03:26.351 D/VRI[GrantPermissionsActivity]@a2beb71( 4815): mThreadedRenderer.initialize() mSurface={isValid=true 0xb40000744b451720} hwInitialized=true
05-12 04:03:26.351 D/VRI[GrantPermissionsActivity]@a2beb71( 4815): reportNextDraw android.view.ViewRootImpl.performTraversals:5443 android.view.ViewRootImpl.doTraversal:3924 android.view.ViewRootImpl$TraversalRunnable.run:12903 android.view.Choreographer$CallbackRecord.run:1901 android.view.Choreographer$CallbackRecord.run:1910 
05-12 04:03:26.352 D/VRI[GrantPermissionsActivity]@a2beb71( 4815): Setup new sync=wmsSync-VRI[GrantPermissionsActivity]@a2beb71#0
05-12 04:03:26.352 I/VRI[GrantPermissionsActivity]@a2beb71( 4815): Creating new active sync group VRI[GrantPermissionsActivity]@a2beb71#1
05-12 04:03:26.352 D/ChangeTransitionController( 1232): onTransitionFinished: TransitionRecord{b3a85fc id=600 type=OPEN flags=0x40 c=[
05-12 04:03:26.352 D/ChangeTransitionController( 1232):    ChangeInfo{5ebac62 container=ActivityRecord{85052521 u0 com.google.android.permissioncontroller/com.android.permissioncontroller.permission.ui.GrantPermissionsActivity t116} flags=0x0}
05-12 04:03:26.352 D/ChangeTransitionController( 1232):    ChangeInfo{16eb4e7 container=ActivityRecord{161875077 u0 com.hyeni.calendar/.MainActivity t116} flags=0x0}
05-12 04:03:26.352 D/ChangeTransitionController( 1232):    ChangeInfo{8eb9894 container=DefaultTaskDisplayArea_d0@213203392 flags=0x0}
05-12 04:03:26.352 D/ChangeTransitionController( 1232):    ChangeInfo{b453f3d container=Task{dd5f30b #116 type=standard A=10340:com.hyeni.calendar} flags=0x0}
05-12 04:03:26.352 D/ChangeTransitionController( 1232):    ChangeInfo{beeb332 container=Display{#0 state=OFF size=1080x2340 ROTATION_0} flags=0x0}
05-12 04:03:26.352 D/ChangeTransitionController( 1232): ]
05-12 04:03:26.352 D/ChangeTransitionController( 1232): }
05-12 04:03:26.352 V/WindowManagerShell( 1899): Track 0 became idle
05-12 04:03:26.352 V/WindowManagerShell( 1899): All active transition animations finished
05-12 04:03:26.353 I/SurfaceFlinger( 1004): RequestedLayer [67fe9ac com.google.android.permissio[...]ion.ui.GrantPermissionsActivity#5251] hidden!! flag  from(1) --> to(0)
05-12 04:03:26.353 I/SurfaceFlinger( 1004): RequestedLayer [95394dd com.hyeni.calendar/com.hyeni.calendar.MainActivity#5249] hidden!! flag  from(1) --> to(0)
05-12 04:03:26.353 I/SurfaceFlinger( 1004): [Display 0 name="기본으로 제공되는 화면"#49] setFrameRateCategory: Default
05-12 04:03:26.353 I/SurfaceFlinger( 1004): [67fe9ac com.google.android.permissioncontroller/com.android.permissioncontroller.permission.ui.GrantPermissionsActivity#5251] attach to parent LayerHierarchy{RequestedLayerState{ActivityRecord{85052521 u0 com.google.android.permissioncontroller/com.android.permissioncontroller.permission.ui.GrantPermissionsActivity t116}#5248 parentId=5246 z=1} 1 children}
05-12 04:03:26.353 I/SurfaceFlinger( 1004): [com.google.android.permissioncontroller/com.android.permissioncontroller.permission.ui.GrantPermissionsActivity$_4815#5252] attach to parent LayerHierarchy{RequestedLayerState{67fe9ac com.google.android.permissioncontroller/com.android.permissioncontroller.permission.ui.GrantPermissionsActivity#5251 parentId=5248} 1 children}
05-12 04:03:26.355 I/MR2ServiceImpl( 1232): Updating composite discovery preference | preference: RouteDiscoveryRequest{ preferredFeatures={}, activeScan=false }, active routers: []
05-12 04:03:26.355 V/WindowManager( 1232): Finish Transition (#600): created at 05-12 04:03:25.243 collect-started=0.278ms request-sent=9.753ms started=29.985ms ready=937.015ms sent=1104.43ms commit=6.826ms finished=1107.788ms
05-12 04:03:26.356 D/VRI[GrantPermissionsActivity]@a2beb71( 4815): registerCallbacksForSync syncBuffer=false
05-12 04:03:26.357 D/VRI[GrantPermissionsActivity]@a2beb71( 4815): Received frameDrawingCallback syncResult=0 frameNum=1.
05-12 04:03:26.357 I/VRI[GrantPermissionsActivity]@a2beb71( 4815): mWNT: t=0xb40000747b45c790 mBlastBufferQueue=0xb4000074fb4996c0 fn= 1 HdrRenderState mRenderHdrSdrRatio=1.0 caller= android.view.ViewRootImpl$12.onFrameDraw:15441 android.view.ThreadedRenderer$1.onFrameDraw:718 <bottom of call stack> 
05-12 04:03:26.357 I/VRI[GrantPermissionsActivity]@a2beb71( 4815): Setting up sync and frameCommitCallback
05-12 04:03:26.358 I/BLASTBufferQueue( 4815): [VRI[GrantPermissionsActivity]@a2beb71#0](f:0,a:0,s:0) onFrameAvailable the first frame is available
05-12 04:03:26.358 I/CameraService( 1096): onUidStateChanged: uid=10055, procState is changed. (1 -> 5)
05-12 04:03:26.359 I/VRI[GrantPermissionsActivity]@a2beb71( 4815): Received frameCommittedCallback lastAttemptedDrawFrameNum=1 didProduceBuffer=true
05-12 04:03:26.359 I/HoneySpace.RecentTasks( 2350): onRunningTaskAppeared
05-12 04:03:26.359 D/HWUI    ( 4815): CFMS:: SetUp Pid : 4815    Tid : 5888
05-12 04:03:26.359 I/HoneySpace.RecentTasks( 2350): onRecentTasksChanged
05-12 04:03:26.359 I/SurfaceFlinger( 1004): [com.google.android.permissioncontroller/com.android.permissioncontroller.permission.ui.GrantPermissionsActivity$_4815#5252] setTransactionState with the first frame. bufferData(ID: 20680267530243, frameNumber: 1)
05-12 04:03:26.359 D/VRI[GrantPermissionsActivity]@a2beb71( 4815): reportDrawFinished seqId=0
05-12 04:03:26.361 W/WindowOnBackDispatcher( 5637): sendCancelIfRunning: isInProgress=false callback=androidx.activity.OnBackPressedDispatcher$Api34Impl$createOnBackAnimationCallback$1@2b33d4b
05-12 04:03:26.362 I/MR2ServiceImpl( 1232): Updating composite discovery preference | preference: RouteDiscoveryRequest{ preferredFeatures={}, activeScan=false }, active routers: []
05-12 04:03:26.362 I/VRI[MainActivity]@7b38c55( 5637): stopped(true) old = false
05-12 04:03:26.362 D/VRI[MainActivity]@7b38c55( 5637): WindowStopped on com.hyeni.calendar/com.hyeni.calendar.MainActivity set to true
05-12 04:03:26.362 D/HWUI    ( 5637): CacheManager::trimMemory(20)
05-12 04:03:26.364 D/WindowManager( 1232): finishDrawingWindow: Window{67fe9ac u0 com.google.android.permissioncontroller/com.android.permissioncontroller.permission.ui.GrantPermissionsActivity} mDrawState=DRAW_PENDING seqId=0
05-12 04:03:26.364 I/DisplayDeviceRepository( 1232): Display device changed render timings: "기본으로 제공되는 화면", renderFrameRate=60.000004, presentationDeadlineNanos=17666667, appVsyncOffsetNanos=16666667, frameRateOverrides=[{uid=10055 frameRateHz=30.000002}]
05-12 04:03:26.365 D/Capacitor/AppPlugin( 5637): Firing change: false
05-12 04:03:26.365 V/Capacitor/AppPlugin( 5637): Notifying listeners for event appStateChange
05-12 04:03:26.365 D/Capacitor/AppPlugin( 5637): No listeners found for event appStateChange
05-12 04:03:26.365 D/Capacitor( 5637): App stopped
05-12 04:03:26.365 I/ActivityManager( 1232): Changes in 99111 3 to 15, 184 to 128
05-12 04:03:26.365 I/ActivityManager( 1232): Changes in 10340 2 to 15, 255 to 128
05-12 04:03:26.366 I/ActivityManager( 1232): Changes in 10292 2 to 12, 255 to 128
05-12 04:03:26.366 D/Capacitor( 5637): Saving instance state!
05-12 04:03:26.366 D/CoreBackPreview( 1232): Window{95394dd u0 com.hyeni.calendar/com.hyeni.calendar.MainActivity}: Setting back callback OnBackInvokedCallbackInfo{mCallback=android.window.IOnBackInvokedCallback$Stub$Proxy@ef03a4f, mPriority=-1, mIsAnimationCallback=false, mOverrideBehavior=0}
05-12 04:03:26.367 D/VRI[GrantPermissionsActivity]@a2beb71( 4815): Not drawing due to screen off
05-12 04:03:26.367 D/HWUI    ( 4815): CacheManager::trimMemory(20)
05-12 04:03:26.367 I/CameraService( 1096): onUidStateChanged: uid=10340, procState is changed. (2 -> 15)
05-12 04:03:26.369 I/VRI[GrantPermissionsActivity]@a2beb71( 4815): stopped(true) old = false
05-12 04:03:26.369 D/VRI[GrantPermissionsActivity]@a2beb71( 4815): WindowStopped on com.google.android.permissioncontroller/com.android.permissioncontroller.permission.ui.GrantPermissionsActivity set to true
05-12 04:03:26.370 D/HWUI    ( 4815): CacheManager::trimMemory(20)
05-12 04:03:26.370 D/DisplayLifecycle( 1899): updateDisplay id = 0
05-12 04:03:26.370 D/[secipm]( 1232): mSecIpmManager report to nap
05-12 04:03:26.370 I/PkgPredictorService-SecIpmManagerServiceImpl( 1232): reportToNAP uid:10292 com.google.android.permissioncontroller/com.android.permissioncontroller.permission.ui.GrantPermissionsActivity thisTime:1127
05-12 04:03:26.370 D/PkgPredictorService-SecIpmManagerServiceImpl( 1232): reportToNAP: mHeavyLaunchCounter is false
05-12 04:03:26.371 D/PkgPredictorService-SecIpmManagerServiceImpl( 1232): ACTION_FOREGROUND_FINISH_EVENT sCurForegroundApp :com.google.android.permissioncontroller
05-12 04:03:26.371 I/AODTriggers( 1899): onAODEventDispatched = 4 / eventData = aod.e0@e7ad8de
05-12 04:03:26.371 I/AOD_LIVE_CLOCK@LiveClockController( 1899): updateDisplayState: DISPLAY_STATE_OFF
05-12 04:03:26.371 D/WifiDisplayAdapter( 1232): isFitToActiveDisplayLocked : false
05-12 04:03:26.371 I/ActivityTaskManager( 1232): Displayed com.google.android.permissioncontroller/com.android.permissioncontroller.permission.ui.GrantPermissionsActivity for user 0: +1s127ms
05-12 04:03:26.371 I/Pageboost( 1232): Launch time gathered : pid 4815 com.google.android.permissioncontroller 1127
05-12 04:03:26.371 D/HintManagerService( 1232): Sent cleanup message for uid 10340
05-12 04:03:26.371 D/HintManagerService( 1232): Sent cleanup message for uid 10292
05-12 04:03:26.372 E/pageboostd( 2795): Received HALT command code 2
05-12 04:03:26.372 I/HYPER-HAL(  935): [RequestManager.cpp]acquire(): Acquired ID : 4452679  [940 / 2043]    HINT :      list : [TID_LOW_LATENCY / 0] [TID / 5874] [TID / 5875] [TID / 5637] [TID / 5763] 
05-12 04:03:26.372 I/HYPER-HAL(  935): [RequestManager.cpp]acquire(): Acquired ID : 4458650  [940 / 2045]    HINT :      list : [TID_LOW_LATENCY / 0] [TID / 5903] [TID / 5904] [TID / 4815] [TID / 5888] 
05-12 04:03:26.374 D/StackScroller( 1899): onDisplayChanged for predraw skip to 1
05-12 04:03:26.393 D/HWUI    ( 4815): CacheManager::trimMemory(20)
05-12 04:03:26.395 I/WindowManager( 1232): Relayout Window{67fe9ac u0 com.google.android.permissioncontroller/com.android.permissioncontroller.permission.ui.GrantPermissionsActivity}: viewVisibility=4 req=1068x90 ty=1 d0
05-12 04:03:26.396 I/WindowManager( 1232): Relayout hash=67fe9ac, pid=4815, syncId=-1: mAttrs={(0,0)(wrapxwrap) gr=BOTTOM CENTER sim={state=always_hidden adjust=nothing forwardNavigation} ty=BASE_APPLICATION fmt=TRANSLUCENT wanim=0x1030309 surfaceInsets=Rect(6, 6 - 6, 6)
05-12 04:03:26.396 I/WindowManager( 1232):   fl=1800002
05-12 04:03:26.396 I/WindowManager( 1232):   pfl=40080880
05-12 04:03:26.396 I/WindowManager( 1232):   apr=10
05-12 04:03:26.396 I/WindowManager( 1232):   bhv=1
05-12 04:03:26.396 I/WindowManager( 1232):   fitTypes=207
05-12 04:03:26.396 I/WindowManager( 1232):   frameRateBoostOnTouch=true
05-12 04:03:26.396 I/WindowManager( 1232):   dvrrWindowFrameRateHint=true
05-12 04:03:26.396 I/WindowManager( 1232):  dimAmount=0.0 naviIconColor=0
05-12 04:03:26.396 I/WindowManager( 1232):   sfl=100000}
05-12 04:03:26.397 I/VRI[GrantPermissionsActivity]@a2beb71( 4815): Relayout returned: old=(6,2250,1074,2340) new=(6,2250,1074,2340) relayoutAsync=false req=(1068,90)4 dur=2 res=0x2 s={false 0x0} ch=false seqId=0
05-12 04:03:26.397 D/VRI[GrantPermissionsActivity]@a2beb71( 4815): Not drawing due to not visible. Reason=View.INVISIBLE
05-12 04:03:26.398 V/WindowManager( 1232): Setting visibility of Window{67fe9ac u0 com.google.android.permissioncontroller/com.android.permissioncontroller.permission.ui.GrantPermissionsActivity}: false, caller=com.android.server.wm.WindowContainer.sendAppVisibilityToClients:19 com.android.server.wm.WindowToken.setClientVisible:48 com.android.server.wm.ActivityRecord.activityStopped:189 com.android.server.wm.ActivityClientController.activityStopped:97 android.app.IActivityClientController$Stub.onTransact:740 
05-12 04:03:26.398 D/SGM:FgCheckThread( 1232): getForegroundApp(), foregroundPkgName=com.hyeni.calendar
05-12 04:03:26.398 E/WindowManager( 1232): win=Window{67fe9ac u0 com.google.android.permissioncontroller/com.android.permissioncontroller.permission.ui.GrantPermissionsActivity} destroySurfaces: appStopped=true cleanupOnResume=false win.mWindowRemovalAllowed=false win.mRemoveOnExit=false win.mViewVisibility=4 caller=com.android.server.wm.ActivityRecord.destroySurfaces:25 com.android.server.wm.ActivityRecord.activityStopped:192 com.android.server.wm.ActivityClientController.activityStopped:97 android.app.IActivityClientController$Stub.onTransact:740 com.android.server.wm.ActivityClientController.onTransact:1 android.os.Binder.execTransactInternal:1462 android.os.Binder.execTransact:1401 
05-12 04:03:26.398 I/VRI[GrantPermissionsActivity]@a2beb71( 4815): handleAppVisibility mAppVisible = true visible = false
05-12 04:03:26.398 D/SGM:FgCheckThread( 1232): pkgName: com.google.android.permissioncontroller is not in foreground
05-12 04:03:26.398 D/SGM:FgCheckThread( 1232): noteStopComponent(), received pkgName: com.google.android.permissioncontroller, focusedPkgName: com.hyeni.calendar, userId: 0
05-12 04:03:26.398 D/BackgroundInstallControlService( 1232): Package event received: 0
05-12 04:03:26.400 I/SurfaceFlinger( 1004): [LayerHierarchy{RequestedLayerState{com.google.android.permissioncontroller/com.android.permissioncontroller.permission.ui.GrantPermissionsActivity$_4815#5252} no children}] reparent to OffscreenRoot
05-12 04:03:26.400 I/SurfaceFlinger( 1004): [LayerHierarchy{RequestedLayerState{com.google.android.permissioncontroller/com.android.permissioncontroller.permission.ui.GrantPermissionsActivity$_4815#5252} no children}] RelativeParent to null
05-12 04:03:26.407 D/HWUI    ( 5637): CacheManager::trimMemory(20)
05-12 04:03:26.411 W/VideoCapabilities( 5637): Unrecognized profile/level 32768/256 for video/mp4v-es
05-12 04:03:26.411 I/WindowManager( 1232): Relayout Window{95394dd u0 com.hyeni.calendar/com.hyeni.calendar.MainActivity}: viewVisibility=4 req=1080x2340 ty=1 d0
05-12 04:03:26.412 I/WindowManager( 1232): Relayout hash=95394dd, pid=5637, syncId=-1: mAttrs={(0,0)(fillxfill) sim={adjust=pan forwardNavigation} layoutInDisplayCutoutMode=always ty=BASE_APPLICATION wanim=0x1030317
05-12 04:03:26.412 I/WindowManager( 1232):   fl=81810100
05-12 04:03:26.412 I/WindowManager( 1232):   pfl=100088c0
05-12 04:03:26.412 I/WindowManager( 1232):   vsysui=2010
05-12 04:03:26.412 I/WindowManager( 1232):   apr=218
05-12 04:03:26.412 I/WindowManager( 1232):   bhv=1
05-12 04:03:26.412 I/WindowManager( 1232):   fitSides=0
05-12 04:03:26.412 I/WindowManager( 1232):   frameRateBoostOnTouch=true
05-12 04:03:26.412 I/WindowManager( 1232):   dvrrWindowFrameRateHint=true naviIconColor=0
05-12 04:03:26.412 I/WindowManager( 1232):   sfl=100000}
05-12 04:03:26.417 I/VRI[MainActivity]@7b38c55( 5637): Relayout returned: old=(0,0,1080,2340) new=(0,0,1080,2340) relayoutAsync=false req=(1080,2340)4 dur=6 res=0x2 s={false 0x0} ch=false seqId=0
05-12 04:03:26.417 D/VRI[MainActivity]@7b38c55( 5637): Not drawing due to not visible. Reason=View.INVISIBLE
05-12 04:03:26.418 I/SurfaceFlinger( 1004): id=5252 Removed com.google.android.permissioncontroller/com.android.permissioncontroller.permission.ui.GrantPermissionsActivity$_4815#5252 (135)
05-12 04:03:26.418 V/MdnieScenarioControlService( 1232): mAclOffEnabled : false
05-12 04:03:26.420 D/HWUI    ( 5637): CacheManager::trimMemory(20)
05-12 04:03:26.431 V/WindowManager( 1232): Setting visibility of Window{95394dd u0 com.hyeni.calendar/com.hyeni.calendar.MainActivity}: false, caller=com.android.server.wm.WindowContainer.sendAppVisibilityToClients:19 com.android.server.wm.WindowToken.setClientVisible:48 com.android.server.wm.ActivityRecord.activityStopped:189 com.android.server.wm.ActivityClientController.activityStopped:97 android.app.IActivityClientController$Stub.onTransact:740 
05-12 04:03:26.431 D/SGM:FgCheckThread( 1232): getForegroundApp(), foregroundPkgName=com.hyeni.calendar
05-12 04:03:26.432 E/WindowManager( 1232): win=Window{95394dd u0 com.hyeni.calendar/com.hyeni.calendar.MainActivity} destroySurfaces: appStopped=true cleanupOnResume=false win.mWindowRemovalAllowed=false win.mRemoveOnExit=false win.mViewVisibility=4 caller=com.android.server.wm.ActivityRecord.destroySurfaces:25 com.android.server.wm.ActivityRecord.activityStopped:192 com.android.server.wm.ActivityClientController.activityStopped:97 android.app.IActivityClientController$Stub.onTransact:740 com.android.server.wm.ActivityClientController.onTransact:1 android.os.Binder.execTransactInternal:1462 android.os.Binder.execTransact:1401 
05-12 04:03:26.432 D/SGM:FgCheckThread( 1232): pkgName: com.hyeni.calendar is not in foreground
05-12 04:03:26.432 D/BackgroundInstallControlService( 1232): Package event received: 0
05-12 04:03:26.433 I/VRI[MainActivity]@7b38c55( 5637): handleAppVisibility mAppVisible = true visible = false
05-12 04:03:26.434 I/SurfaceFlinger( 1004): destroyed com.google.android.permissioncontroller/com.android.permissioncontroller.permission.ui.GrantPermissionsActivity$_4815#5252
05-12 04:03:26.434 I/SurfaceFlinger( 1004): [LayerHierarchy{RequestedLayerState{com.hyeni.calendar/com.hyeni.calendar.MainActivity$_5637#5250} no children}] reparent to OffscreenRoot
05-12 04:03:26.434 I/SurfaceFlinger( 1004): [LayerHierarchy{RequestedLayerState{com.hyeni.calendar/com.hyeni.calendar.MainActivity$_5637#5250} no children}] RelativeParent to null
05-12 04:03:26.434 I/Layer   ( 1004): id=5252 Destroyed com.google.android.permissioncontroller/com.android.permissioncontroller.permission.ui.GrantPermissionsActivity$_4815#5252
05-12 04:03:26.434 I/SurfaceFlinger( 1004): id=5250 Removed com.hyeni.calendar/com.hyeni.calendar.MainActivity$_5637#5250 (134)
05-12 04:03:26.435 D/PkgPredictorService-SecIpmManagerServiceImpl( 1232): bg information pid:5637 uid:10340 pkgName:com.hyeni.calendar
05-12 04:03:26.436 D/SGM:GameManager( 1232): identifyForegroundApp. com.hyeni.calendar, mCurrentUserId: 0, callerUserId: 0
05-12 04:03:26.436 D/SGM:SemGameManager( 1232): isForegroundGame(), ret=false
05-12 04:03:26.436 D/SGM:GameManager( 1232): identifyForegroundApp. com.hyeni.calendar, mCurrentUserId: 0, callerUserId: 0
05-12 04:03:26.436 D/SGM:SemGameManager( 1232): isForegroundGame(), ret=false
05-12 04:03:26.437 D/BBA2    ( 5637): setIsFg isFg = false; delayValue 3999ms
05-12 04:03:26.437 I/CameraService( 1096): onUidStateChanged: uid=10340, procState is changed. (15 -> 16)
05-12 04:03:26.437 I/SAMSUNGWALLET( 8990): [Hint_ProcessStatusChange] fg Change, pid : 5637 , isNotify : true , isForeground : false , fg list : [4815]
05-12 04:03:26.439 I/HoneySpace.LauncherProvider( 2350): call - com.samsung.android.spay, get_rotation_state, null
05-12 04:03:26.439 I/HoneySpace.ExternalMethodItem( 2350): updateRefsItemsByEntryPoints. HoneySpaceInfo(name=OneUI, displayId=0)
05-12 04:03:26.440 I/SAMSUNGWALLET( 8990): [Hint_IntroHintService] mIsLauncherPortraitOnlyMode: true, mIsUserLock: true
05-12 04:03:26.440 I/SAMSUNGWALLET( 8990): [Hint_IntroHintService] Hint Status - already invisible, skip hide : [4000003] - Disable on keyguard
05-12 04:03:26.450 I/SurfaceFlinger( 1004): destroyed com.hyeni.calendar/com.hyeni.calendar.MainActivity$_5637#5250
05-12 04:03:26.451 I/Layer   ( 1004): id=5250 Destroyed com.hyeni.calendar/com.hyeni.calendar.MainActivity$_5637#5250
05-12 04:03:26.542 W/.hyeni.calendar( 5637): Long monitor contention with owner ThreadPoolForeg (5813) at java.lang.Object libcore.content.type.MimeMap$MemoizingSupplier.get()(MimeMap.java:475) waiters=0 in java.lang.Object libcore.content.type.MimeMap$MemoizingSupplier.get() for 258ms
05-12 04:03:26.557 I/HYPER-HAL(  935): [RequestManager.cpp]releaseLocked(): Released ID : 779392
05-12 04:03:26.567 D/MdnieScenarioControlService( 1232):  packageName : com.google.android.permissioncontroller    className : com.android.permissioncontroller.permission.ui.GrantPermissionsActivity
05-12 04:03:26.568 V/MdnieScenarioControlService( 1232): setUIMode from UI function(3)
05-12 04:03:26.599 D/BoundBrokerSvc(27703): onUnbind: Intent { act=com.google.android.gms.common.telemetry.service.START dat=chimera-action:/... xflg=0x4 cmp=com.google.android.gms/.chimera.PersistentApiService }
05-12 04:03:26.670 V/MdnieScenarioControlService( 1232): mAclOffEnabled : false
05-12 04:03:26.686 I/FontLog (27703): (REDACTED) Received query %s, URI %s
05-12 04:03:26.686 I/FontLog (27703): (REDACTED) Query [%s] resolved to %s
05-12 04:03:26.689 I/FontLog (27703): (REDACTED) Fetch %s end status %s
05-12 04:03:26.695 I/FontLog (27703): (REDACTED) Pulling font file for id = %d, cache size = %d
05-12 04:03:26.708 I/FontLog (27703): (REDACTED) Pulling font file for id = %d, cache size = %d
05-12 04:03:26.856 I/Finsky  ( 4883): [2] setup::RES: shouldRecoverRestoredPackages: versionCodeSystem 84571730
05-12 04:03:26.863 I/Finsky  ( 4883): [2] Detected restoreservicev2://recovery not needed, will not run
05-12 04:03:26.905 I/Finsky  ( 4883): [89] registerListener
05-12 04:03:26.906 I/Finsky  ( 4883): [89] DSC: reviveDownloads()
05-12 04:03:26.908 I/Finsky  ( 4883): [89] Initialized AssetModuleDownloader.
05-12 04:03:26.911 I/Finsky:background( 4931): [86] DS: reviveDownloads()
05-12 04:03:27.014 D/Capacitor( 5637): Handling local request: https://localhost/assets/wink-star-Cz6eFUfX.webp
05-12 04:03:27.015 D/Capacitor( 5637): Handling local request: https://localhost/assets/calendar-check-5zZ0XQQv.webp
05-12 04:03:27.021 D/Capacitor( 5637): Handling local request: https://localhost/assets/heart-D_rW6xiR.webp
05-12 04:03:27.053 D/HWUI    ( 5637): CacheManager::trimMemory(20)
05-12 04:03:27.065 I/WindowManager( 1232): Relayout Window{95394dd u0 com.hyeni.calendar/com.hyeni.calendar.MainActivity}: viewVisibility=8 req=1080x2340 ty=1 d0
05-12 04:03:27.069 I/WindowManager( 1232): Relayout hash=95394dd, pid=5637, syncId=-1: mAttrs={(0,0)(fillxfill) sim={adjust=pan forwardNavigation} layoutInDisplayCutoutMode=always ty=BASE_APPLICATION wanim=0x1030317
05-12 04:03:27.069 I/WindowManager( 1232):   fl=81810100
05-12 04:03:27.069 I/WindowManager( 1232):   pfl=100088c0
05-12 04:03:27.069 I/WindowManager( 1232):   vsysui=2010
05-12 04:03:27.069 I/WindowManager( 1232):   apr=218
05-12 04:03:27.069 I/WindowManager( 1232):   bhv=1
05-12 04:03:27.069 I/WindowManager( 1232):   fitSides=0
05-12 04:03:27.069 I/WindowManager( 1232):   frameRateBoostOnTouch=true
05-12 04:03:27.069 I/WindowManager( 1232):   dvrrWindowFrameRateHint=true naviIconColor=0
05-12 04:03:27.069 I/WindowManager( 1232):   sfl=100000}
05-12 04:03:27.077 D/SubscreenNotificationListCoordinator( 1899): onAfterRenderList() isSubScreen = false, pluginLockMode = 0, doNotShowOnCover = false
05-12 04:03:27.078 I/LockscreenNotificationIconsOnlyController( 1899): onNotificationInfoUpdated 4
05-12 04:03:27.080 I/AODNotificationManager( 1899): updateNotification() 
05-12 04:03:27.083 D/PluginAODManager( 1899): onNotificationInfoUpdated() 4
05-12 04:03:27.083 D/PluginAODManager( 1899): onNotificationInfoUpdated() -1|android|32|null|1000
05-12 04:03:27.083 D/PluginAODManager( 1899): onNotificationInfoUpdated() 0|com.sec.android.daemonapp|5|null|10221
05-12 04:03:27.083 D/PluginAODManager( 1899): onNotificationInfoUpdated() 0|com.samsung.android.app.smartcapture|5755|null|10225
05-12 04:03:27.083 D/PluginAODManager( 1899): onNotificationInfoUpdated() 0|com.samsung.android.forest|104|null|1000
05-12 04:03:27.083 I/AODNotificationManager( 1899): updateVisibleNotifications: 4
05-12 04:03:27.098 I/VRI[MainActivity]@7b38c55( 5637): Relayout returned: old=(0,0,1080,2340) new=(0,0,1080,2340) relayoutAsync=false req=(1080,2340)8 dur=14 res=0x0 s={false 0x0} ch=false seqId=0
05-12 04:03:27.109 I/SecKeyguardClockPositionAlgorithm( 1899): prepareClockContainerHeightChanging:
05-12 04:03:27.112 I/SecKeyguardClockPositionAlgorithm( 1899): prepareClockContainerHeightChanging:
05-12 04:03:27.165 D/Capacitor( 5637): Handling local request: https://localhost/fonts/PretendardVariable.woff2
05-12 04:03:27.172 D/Capacitor( 5637): Handling local request: https://localhost/assets/wave-Blu8zcB0.webp
05-12 04:03:27.178 D/Capacitor( 5637): Handling local request: https://localhost/assets/pin-DKPNiecP.webp
05-12 04:03:27.183 I/RequestManager_FLP( 2612): onOpChanged, op=0 / packageName=com.android.chrome
05-12 04:03:27.223 I/Capacitor/Console( 5637): File:  - Line 349 - Msg: [object Object]
05-12 04:03:27.235 I/HoneySpace.EdgePanel.EdgeVisibilityRepository( 2350): getComputedTrayVisible : keyguardState = 3
05-12 04:03:27.235 I/HoneySpace.EdgePanel.EdgeVisibilityRepository( 2350): updateTrayVisible: State = 0x3, visible = false, current containerState = 4, specificMode = 0
05-12 04:03:27.235 I/HoneySpace.EdgePanel.DumpHelper( 2350): Tray State
05-12 04:03:27.236 I/HoneySpace.EdgePanel.EdgeVisibilityRepository( 2350): Same container state 4
05-12 04:03:27.236 V/Capacitor/Plugin( 5637): To native (Capacitor plugin): callbackId: 29420187, pluginId: NativeNotification, methodName: getDeliveryHealth
05-12 04:03:27.237 V/Capacitor( 5637): callback: 29420187, pluginId: NativeNotification, methodName: getDeliveryHealth, methodData: {}
05-12 04:03:27.249 D/io_stats(  659): !@   8,0 r 3164848 101219344 w 2811921 73219692 d 736088 156713472 f 435119 342307 iot 3819012 0 th 0 0 0 pt 0 inp 0 0 903682.536
05-12 04:03:27.279 I/SemWifiServiceDetector( 1232): Service det. resumed: T / T / 14387
05-12 04:03:27.279 D/Capacitor( 5637): Handling local request: https://localhost/assets/shield-BiPIS7w6.webp
05-12 04:03:27.292 D/Capacitor( 5637): Handling local request: https://localhost/assets/bell-DQy5TvPD.webp
05-12 04:03:27.316 D/Capacitor( 5637): Handling local request: https://localhost/assets/index-BT_TKXwi.js
05-12 04:03:27.316 I/Capacitor/Console( 5637): File:  - Line 333 - Msg: {"notificationsEnabled":false,"postPermissionGranted":false,"batteryOptimizationsIgnored":true,"powerSaveMode":false,"backgroundRestricted":false,"fullScreenIntentAllowed":true,"exactAlarmAllowed":true,"channelsEnabled":true,"recordAudioGranted":false,"remoteListenChannelEnabled":true,"remoteListenChannelImportance":3,"remoteListenChannelBlocked":false,"ringerMode":"vibrate","dndMode":"all","dndAccess":false,"networkConnected":true,"networkValidated":true,"screenInteractive":false,"keyguardLocked":true,"screenWidthDp":384,"screenHeightDp":832,"smallestScreenWidthDp":384,"foldState":"not_foldable_or_unknown","locationServiceRunning":false,"sdkInt":36,"manufacturer":"samsung","model":"SM-A556S","ready":false}
05-12 04:03:27.319 I/Capacitor/Console( 5637): File:  - Line 349 - Msg: [object Object]
05-12 04:03:27.321 V/Capacitor/Plugin( 5637): To native (Capacitor plugin): callbackId: 29420188, pluginId: BackgroundLocation, methodName: checkBackgroundLocationPermission
05-12 04:03:27.321 V/Capacitor( 5637): callback: 29420188, pluginId: BackgroundLocation, methodName: checkBackgroundLocationPermission, methodData: {}
05-12 04:03:27.322 D/Capacitor( 5637): Handling local request: https://localhost/assets/index-GsqZUEhg.js
05-12 04:03:27.340 I/Capacitor/Console( 5637): File:  - Line 333 - Msg: {"fineLocation":false,"backgroundLocation":false}
05-12 04:03:27.343 D/Capacitor( 5637): Handling local request: https://localhost/icon-192.png
05-12 04:03:27.348 I/SDHMS:k ( 3129): no app is Resumed!!! mResumedPackages.size = 0
05-12 04:03:27.350 I/Capacitor/Console( 5637): File:  - Line 349 - Msg: [object Object]
05-12 04:03:27.352 V/Capacitor/Plugin( 5637): To native (Capacitor plugin): callbackId: 29420189, pluginId: NativeNotification, methodName: cancelScheduledNotifications
05-12 04:03:27.353 V/Capacitor( 5637): callback: 29420189, pluginId: NativeNotification, methodName: cancelScheduledNotifications, methodData: {}
05-12 04:03:27.354 I/Capacitor/Console( 5637): File:  - Line 349 - Msg: [object Object]
05-12 04:03:27.356 V/Capacitor/Plugin( 5637): To native (Capacitor plugin): callbackId: 29420190, pluginId: App, methodName: addListener
05-12 04:03:27.356 V/Capacitor( 5637): callback: 29420190, pluginId: App, methodName: addListener, methodData: {"eventName":"backButton"}
05-12 04:03:27.368 I/Capacitor/Console( 5637): File:  - Line 333 - Msg: {"success":true}
05-12 04:03:27.376 D/HintManagerService( 1232): Starts cleaning for 10340
05-12 04:03:27.377 D/HintManagerService( 1232): Starts cleaning for 10292
05-12 04:03:27.390 D/Capacitor( 5637): Handling local request: https://localhost/assets/phone-B2tmM6ZO.webp
05-12 04:03:27.402 D/NetdEventListenerService( 1232): DNS Requested by 124, 10340(com.hyeni.calendar), SUCCESS, 27ms
05-12 04:03:27.413 I/Capacitor/Console( 5637): File:  - Line 349 - Msg: [object Object]
05-12 04:03:27.417 V/Capacitor/Plugin( 5637): To native (Capacitor plugin): callbackId: 29420191, pluginId: App, methodName: getLaunchUrl
05-12 04:03:27.417 V/Capacitor( 5637): callback: 29420191, pluginId: App, methodName: getLaunchUrl, methodData: {}
05-12 04:03:27.430 I/Capacitor/Console( 5637): File:  - Line 333 - Msg: undefined
05-12 04:03:27.431 I/Capacitor/Console( 5637): File:  - Line 349 - Msg: [object Object]
05-12 04:03:27.433 V/Capacitor/Plugin( 5637): To native (Capacitor plugin): callbackId: 29420192, pluginId: App, methodName: addListener
05-12 04:03:27.434 V/Capacitor( 5637): callback: 29420192, pluginId: App, methodName: addListener, methodData: {"eventName":"appUrlOpen"}
05-12 04:03:27.481 I/wpa_supplicant(21252): Heartbeat 35628
05-12 04:03:27.548 D/BackgroundInstallControlService( 1232): Package event received: 0
05-12 04:03:27.552 D/NetdEventListenerService( 1232): DNS Requested by 124, 10156(com.microsoft.appmanager), SUCCESS, 22ms
05-12 04:03:27.567 D/ConnectivityManager( 4931): StackLog: [android.net.ConnectivityManager.sendRequestForNetwork(ConnectivityManager.java:4736)] [android.net.ConnectivityManager.registerDefaultNetworkCallbackForUid(ConnectivityManager.java:5461)] [android.net.ConnectivityManager.registerDefaultNetworkCallback(ConnectivityManager.java:5428)] [android.net.ConnectivityManager.registerDefaultNetworkCallback(ConnectivityManager.java:5402)] [uxs.a(PG:17)] [qio.aw(PG:1)] [qin.j(PG:2517)] [qin.a(PG:48)] [bzka.d(PG:10)] [bzka.a(PG:7)] [bzjz.a(PG:5)] [bzka.d(PG:10)] [bzka.a(PG:7)] [ujq.a(PG:676)] [bmqp.d(PG:3)] [bmqr.run(PG:47)] [java.util.concurrent.ThreadPoolExecutor.runWorker(ThreadPoolExecutor.java:1156)] [java.util.concurrent.ThreadPoolExecutor$Worker.run(ThreadPoolExecutor.java:651)] [uop.run(PG:65)] [java.lang.Thread.run(Thread.java:1119)]
05-12 04:03:27.569 D/ConnectivityService( 1232): requestNetwork for uid/pid:10254/4931 activeRequest: null callbackRequest: 7132 [NetworkRequest [ REQUEST id=7133, [ Capabilities: INTERNET&NOT_RESTRICTED&TRUSTED&NOT_VCN_MANAGED&NOT_BANDWIDTH_CONSTRAINED Uid: 10254 RequestorUid: 10254 RequestorPkg: com.android.vending UnderlyingNetworks: Null] ]] callback flags: 0 order: 2147483647 isUidTracked: false declaredMethods: AVAIL|LOST
05-12 04:03:27.570 D/ConnectivityService( 1232):    accepting network in place of null for NetworkRequest [ REQUEST id=7133, [ Capabilities: INTERNET&NOT_RESTRICTED&TRUSTED&NOT_VCN_MANAGED&NOT_BANDWIDTH_CONSTRAINED Uid: 10254 RequestorUid: 10254 RequestorPkg: com.android.vending UnderlyingNetworks: Null] ]
05-12 04:03:27.573 D/ConnectivityService( 1232): Rematched networks [computed 0ms] [applied 1ms] [issued 2]
05-12 04:03:27.574 D/ConnectivityService( 1232): NetworkReassignment :
05-12 04:03:27.574 D/ConnectivityService( 1232):   7133 : null → 124
05-12 04:03:27.574 D/OemPaidWifiNetworkFactory( 1232): got request NetworkRequest [ REQUEST id=7133, [ Capabilities: INTERNET&NOT_RESTRICTED&TRUSTED&NOT_VCN_MANAGED&NOT_BANDWIDTH_CONSTRAINED Uid: 10254 RequestorUid: 10254 RequestorPkg: com.android.vending UnderlyingNetworks: Null] ]
05-12 04:03:27.574 D/MultiInternetWifiNetworkFactory( 1232): got request NetworkRequest [ REQUEST id=7133, [ Capabilities: INTERNET&NOT_RESTRICTED&TRUSTED&NOT_VCN_MANAGED&NOT_BANDWIDTH_CONSTRAINED Uid: 10254 RequestorUid: 10254 RequestorPkg: com.android.vending UnderlyingNetworks: Null] ]
05-12 04:03:27.574 D/WifiNetworkFactory( 1232): got request NetworkRequest [ REQUEST id=7133, [ Capabilities: INTERNET&NOT_RESTRICTED&TRUSTED&NOT_VCN_MANAGED&NOT_BANDWIDTH_CONSTRAINED Uid: 10254 RequestorUid: 10254 RequestorPkg: com.android.vending UnderlyingNetworks: Null] ]
05-12 04:03:27.575 D/UntrustedWifiNetworkFactory( 1232): got request NetworkRequest [ REQUEST id=7133, [ Capabilities: INTERNET&NOT_RESTRICTED&TRUSTED&NOT_VCN_MANAGED&NOT_BANDWIDTH_CONSTRAINED Uid: 10254 RequestorUid: 10254 RequestorPkg: com.android.vending UnderlyingNetworks: Null] ]
05-12 04:03:27.576 W/.hyeni.calendar( 5637): Long monitor contention with owner TAG (5768) at com.google.android.gms.tasks.Task com.google.firebase.messaging.RequestDeduplicator.getOrStartGetTokenRequest(java.lang.String, com.google.firebase.messaging.RequestDeduplicator$GetTokenRequest)(RequestDeduplicator.java:77) waiters=0 in com.google.android.gms.tasks.Task com.google.firebase.messaging.RequestDeduplicator.getOrStartGetTokenRequest(java.lang.String, com.google.firebase.messaging.RequestDeduplicator$GetTokenRequest) for 1.439s
05-12 04:03:27.606 I/Finsky:background( 4931): [92] DS: Network is available [NetworkState{connected=true, wifi=true, metered=false, roaming=false}].
05-12 04:03:27.606 I/Finsky:background( 4931): [92] DS: Updating downloads for network change
05-12 04:03:27.612 I/Finsky:background( 4931): [111] DS: downloadState filtering results: {}
05-12 04:03:27.692 E/BatteryDump(  951): !@new_battery_dump : 4414,-2,3000,3150,100,245,245,278,0,0,266,278,0,Full,NO_CHARGING,None,Good,PDIC,0,Normal,0,0,8370,0x0,0x10000,0x0,0,0,0000,0000,00000000,0,0,0,0,101,44093,9920,989,0,
05-12 04:03:27.697 I/seh_thermal_service(  956): getTemperaturesWithType SehTemperatureType: 3
