05-12 04:51:42.044 I/artd    (  883): GetBestInfo: odex next to the dex file (/data/app/~~UguTCZenakTaFlugVKADlQ==/com.cassette.aquapark-o6FsrLn9Nf6fXifr92AWew==/oat/arm64/base.odex) is kOatUpToDate with filter 'speed-profile' executable 'false'
05-12 04:51:42.044 I/artd    (  883): GetBestInfo: vdex next to the dex file (/data/user/0/com.cassette.aquapark/app_pccache/5/A4A3883B62E64477497A21E502C207B1868F77D8/oat/arm64/pcam.vdex) is kOatUpToDate with filter 'verify' executable 'false'
05-12 04:51:42.044 I/artd    (  883): GetBestInfo: vdex next to the dex file (/data/user/0/com.cassette.aquapark/cache/oat/arm64/google_api_resources_lib.vdex) is kOatUpToDate with filter 'verify' executable 'false'
05-12 04:51:42.045 I/artd    (  883): GetBestInfo: vdex next to the dex file (/data/user/0/com.cassette.aquapark/app_pccache/5/591C52BA23C4E0E4C6EB8A94DE92F532A215A628/oat/arm64/pcam.vdex) is kOatUpToDate with filter 'verify' executable 'false'
05-12 04:51:42.045 I/artd    (  883): GetBestInfo: vdex next to the dex file (/data/user/0/com.cassette.aquapark/cache/oat/arm64/app_resources_lib.vdex) is kOatUpToDate with filter 'verify' executable 'false'
05-12 04:51:42.054 I/artd    (  883): GetBestInfo: odex next to the dex file (/data/app/~~7Q_XKBlepm7eWGTlPJzFwQ==/com.kakaopay.app-mvmfu2EDmWVXTwEt-OfXXQ==/oat/arm64/base.odex) is kOatUpToDate with filter 'speed-profile' executable 'false'
05-12 04:51:42.057 I/artd    (  883): GetBestInfo: odex next to the dex file (/data/app/~~lNOekAK2stZSX7gPFy1T6w==/com.google.android.apps.chromecast.app-GvLwcgaYadwbi4TnEcKRmw==/oat/arm64/base.odex) is kOatUpToDate with filter 'speed-profile' executable 'false'
05-12 04:51:42.060 I/artd    (  883): GetBestInfo: odex next to the dex file (/data/app/~~ewWIqJrV1IVm7cvRxmoKTw==/com.google.android.youtube-FLDrQpyE8SvI_tkDVFlIdQ==/oat/arm64/base.odex) is kOatUpToDate with filter 'speed-profile' executable 'false'
05-12 04:51:42.061 I/artd    (  883): GetBestInfo: vdex next to the dex file (/data/user/0/com.google.android.youtube/app_pccache2/5/31A608BBC774481EC4B6A2274A0729389E78E19D/oat/arm64/pcam.vdex) is kOatUpToDate with filter 'verify' executable 'false'
05-12 04:51:42.061 I/artd    (  883): GetBestInfo: vdex next to the dex file (/data/user/0/com.google.android.youtube/app_pccache/5/092940B270D6635C3081F004DD99A26CC95EADE3/oat/arm64/pcam.vdex) is kOatUpToDate with filter 'verify' executable 'false'
05-12 04:51:42.061 I/artd    (  883): GetBestInfo: vdex next to the dex file (/data/user/0/com.google.android.youtube/app_pccache/5/1CEDD60EE1DEB4A5D57108096C421D8F03173B2C/oat/arm64/pcam.vdex) is kOatUpToDate with filter 'verify' executable 'false'
05-12 04:51:42.062 I/artd    (  883): GetBestInfo: vdex next to the dex file (/data/user/0/com.google.android.youtube/app_pccache2/5/570F2F567A7BD29610D50DF58B388F1BEB118159/oat/arm64/pcam.vdex) is kOatUpToDate with filter 'verify' executable 'false'
05-12 04:51:42.066 I/artd    (  883): GetBestInfo: odex next to the dex file (/data/app/~~pQfs9CG-olzElotNOM8czQ==/com.dti.motorola-0lu7vrvjkL13QJs9BR-9Uw==/oat/arm64/base.odex) is kOatUpToDate with filter 'speed-profile' executable 'false'
05-12 04:51:42.066 I/artd    (  883): GetBestInfo: odex next to the dex file (/data/app/~~pQfs9CG-olzElotNOM8czQ==/com.dti.motorola-0lu7vrvjkL13QJs9BR-9Uw==/oat/arm64/split_attribution.odex) is kOatUpToDate with filter 'speed-profile' executable 'false'
05-12 04:51:42.067 I/artd    (  883): GetBestInfo: odex next to the dex file (/data/app/~~pQfs9CG-olzElotNOM8czQ==/com.dti.motorola-0lu7vrvjkL13QJs9BR-9Uw==/oat/arm64/split_contentMedia.odex) is kOatUpToDate with filter 'speed-profile' executable 'false'
05-12 04:51:42.067 I/artd    (  883): GetBestInfo: odex next to the dex file (/data/app/~~pQfs9CG-olzElotNOM8czQ==/com.dti.motorola-0lu7vrvjkL13QJs9BR-9Uw==/oat/arm64/split_dynamicInstalls.odex) is kOatUpToDate with filter 'speed-profile' executable 'false'
05-12 04:51:42.068 I/artd    (  883): GetBestInfo: odex next to the dex file (/data/app/~~pQfs9CG-olzElotNOM8czQ==/com.dti.motorola-0lu7vrvjkL13QJs9BR-9Uw==/oat/arm64/split_igniteCompat.odex) is kOatUpToDate with filter 'speed-profile' executable 'false'
05-12 04:51:42.069 I/artd    (  883): GetBestInfo: odex next to the dex file (/data/app/~~pQfs9CG-olzElotNOM8czQ==/com.dti.motorola-0lu7vrvjkL13QJs9BR-9Uw==/oat/arm64/split_motorola.odex) is kOatUpToDate with filter 'speed-profile' executable 'false'
05-12 04:51:42.070 I/artd    (  883): GetBestInfo: odex next to the dex file (/data/app/~~pQfs9CG-olzElotNOM8czQ==/com.dti.motorola-0lu7vrvjkL13QJs9BR-9Uw==/oat/arm64/split_notification.odex) is kOatUpToDate with filter 'speed-profile' executable 'false'
05-12 04:51:42.070 I/artd    (  883): GetBestInfo: odex next to the dex file (/data/app/~~pQfs9CG-olzElotNOM8czQ==/com.dti.motorola-0lu7vrvjkL13QJs9BR-9Uw==/oat/arm64/split_packageUsageStats.odex) is kOatUpToDate with filter 'speed-profile' executable 'false'
05-12 04:51:42.071 I/artd    (  883): GetBestInfo: odex next to the dex file (/data/app/~~pQfs9CG-olzElotNOM8czQ==/com.dti.motorola-0lu7vrvjkL13QJs9BR-9Uw==/oat/arm64/split_serviceLayer.odex) is kOatUpToDate with filter 'speed-profile' executable 'false'
05-12 04:51:42.072 I/artd    (  883): GetBestInfo: odex next to the dex file (/data/app/~~pQfs9CG-olzElotNOM8czQ==/com.dti.motorola-0lu7vrvjkL13QJs9BR-9Uw==/oat/arm64/split_singleTap.odex) is kOatUpToDate with filter 'speed-profile' executable 'false'
05-12 04:51:42.073 I/artd    (  883): GetBestInfo: vdex next to the dex file (/data/app/~~pQfs9CG-olzElotNOM8czQ==/com.dti.motorola-0lu7vrvjkL13QJs9BR-9Uw==/oat/arm64/split_ui.vdex) is kOatUpToDate with filter 'verify' executable 'false'
05-12 04:51:42.074 I/artd    (  883): GetBestInfo: vdex next to the dex file (/data/app/~~pQfs9CG-olzElotNOM8czQ==/com.dti.motorola-0lu7vrvjkL13QJs9BR-9Uw==/oat/arm64/split_webview.vdex) is kOatUpToDate with filter 'verify' executable 'false'
05-12 04:51:42.075 I/artd    (  883): GetBestInfo: odex next to the dex file (/data/app/~~pQfs9CG-olzElotNOM8czQ==/com.dti.motorola-0lu7vrvjkL13QJs9BR-9Uw==/oat/arm64/split_wizard.odex) is kOatUpToDate with filter 'speed-profile' executable 'false'
05-12 04:51:42.088 W/Finsky  ( 6985): [2] STU: Failed to get storage stats for package 'com.google.android.os.statsd' (1601: Error getting stats: android.content.pm.PackageManager.NameNotFoundException)
05-12 04:51:42.092 I/artd    (  883): GetBestInfo: odex next to the dex file (/data/app/~~11Knoe9A5uKUpayY9GM0LQ==/kr.co.samsungcard.mpocket-H349ifQmfBnFOZk8goZNrg==/oat/arm64/base.odex) is kOatUpToDate with filter 'speed-profile' executable 'false'
05-12 04:51:42.095 I/artd    (  883): GetBestInfo: odex next to the dex file (/data/app/~~IDSx2Z4Bx22rX48ddksebA==/com.vaultmicro.kidsnote-nfoUhILc3zzlG6knVc5LhA==/oat/arm64/base.odex) is kOatUpToDate with filter 'speed-profile' executable 'false'
05-12 04:51:42.096 I/artd    (  883): GetBestInfo: odex next to the dex file (/data/app/~~ox9uTMchYgvqrl9uW9tiUw==/com.lguplus.tsmproxy-2upQ4hppxZxDlH41k5M3ww==/oat/arm64/base.odex) is kOatUpToDate with filter 'speed-profile' executable 'false'
05-12 04:51:42.098 I/artd    (  883): GetBestInfo: odex next to the dex file (/data/app/~~kH2cIolNIhsJ_VSZvOcXFA==/com.motorola.installer-FZKVsWjjzjD-BKWRnI_tKQ==/oat/arm64/base.odex) is kOatUpToDate with filter 'speed-profile' executable 'false'
05-12 04:51:42.102 I/artd    (  883): GetBestInfo: odex next to the dex file (/data/app/~~F6d8_IkrIDGwi7K7i6k1qg==/com.hanwha.lifeplus.tribes.app-FcBnIw6Ty_8NFH3MtGbfGA==/oat/arm64/base.odex) is kOatUpToDate with filter 'speed-profile' executable 'false'
05-12 04:51:42.107 I/artd    (  883): GetBestInfo: odex next to the dex file (/data/app/~~1kaWf33BVwbX8m4zbQI7kQ==/com.motorola.livewallpaper3-EqrlmWcfnXpucNJQsNoVSA==/oat/arm64/base.odex) is kOatUpToDate with filter 'speed-profile' executable 'false'
05-12 04:51:42.108 I/artd    (  883): GetBestInfo: /data/app/~~aClZidlU8GcfnvQKbuhNTw==/com.hyeni.calendar-eSeK-W0HfdW0dydAyhiF3g==/base.apk has no usable artifacts
05-12 04:51:42.109 W/Finsky  ( 6985): [2] STU: Failed to get storage stats for package 'com.android.rkpd' (1601: Error getting stats: android.content.pm.PackageManager.NameNotFoundException)
05-12 04:51:42.112 I/artd    (  883): GetBestInfo: odex next to the dex file (/data/app/~~8_hleA8cEz_QxxeWYxi2xw==/io.voodoo.paper2-6AGWZp3Xlc6G7kky55-lhA==/oat/arm64/base.odex) is kOatUpToDate with filter 'speed-profile' executable 'false'
05-12 04:51:42.112 I/artd    (  883): GetBestInfo: vdex next to the dex file (/data/user/0/io.voodoo.paper2/app_pccache/5/A4A3883B62E64477497A21E502C207B1868F77D8/oat/arm64/pcam.vdex) is kOatUpToDate with filter 'verify' executable 'false'
05-12 04:51:42.113 I/artd    (  883): GetBestInfo: odex next to the dex file (/data/user/0/io.voodoo.paper2/cache/oat/arm64/google_api_resources_lib.odex) is kOatUpToDate with filter 'verify' executable 'false'
05-12 04:51:42.113 I/artd    (  883): GetBestInfo: vdex next to the dex file (/data/user/0/io.voodoo.paper2/app_pccache/5/591C52BA23C4E0E4C6EB8A94DE92F532A215A628/oat/arm64/pcam.vdex) is kOatUpToDate with filter 'verify' executable 'false'
05-12 04:51:42.113 I/artd    (  883): GetBestInfo: odex next to the dex file (/data/user/0/io.voodoo.paper2/cache/oat/arm64/app_resources_lib.odex) is kOatUpToDate with filter 'verify' executable 'false'
05-12 04:51:42.118 I/artd    (  883): GetBestInfo: odex next to the dex file (/data/app/~~szIkYcy2JjmkzosEe-6czw==/com.auctionmsg.app-xfhMbtRQNZs27ihBUtcaWQ==/oat/arm64/base.odex) is kOatUpToDate with filter 'speed-profile' executable 'false'
05-12 04:51:42.122 W/Finsky  ( 6985): [2] STU: Failed to get storage stats for package 'com.google.android.scheduling' (1601: Error getting stats: android.content.pm.PackageManager.NameNotFoundException)
05-12 04:51:42.123 I/artd    (  883): GetBestInfo: odex next to the dex file (/data/app/~~u15nXJ3O8jUZktum218BdA==/com.google.android.gm-Awza6CaH59h1PfYgB8nIdA==/oat/arm64/base.odex) is kOatUpToDate with filter 'speed-profile' executable 'false'
05-12 04:51:42.128 I/artd    (  883): GetBestInfo: odex next to the dex file (/data/app/~~xOacVOD2mmNlJZhRa7zF1A==/com.kakao.talk-SBZgknUAHLC-bKIep8shpw==/oat/arm64/base.odex) is kOatUpToDate with filter 'speed-profile' executable 'false'
05-12 04:51:42.130 I/artd    (  883): GetBestInfo: dm (/data/app/~~xOacVOD2mmNlJZhRa7zF1A==/com.kakao.talk-SBZgknUAHLC-bKIep8shpw==/split_vox_vfx.dm) is kOatUpToDate with filter 'verify' executable 'false'
05-12 04:51:42.135 I/Capacitor/Console( 1064): File: https://localhost/assets/index-BQmQpOSh.js - Line 65 - Msg: [KakaoMap] SDK ready
05-12 04:51:42.138 I/artd    (  883): GetBestInfo: odex next to the dex file (/data/app/~~RXm3IrZkMY1lBh3AVnWTBA==/com.google.android.inputmethod.latin-1fqYWcOf1BLCr584pP2qyQ==/oat/arm64/base.odex) is kOatUpToDate with filter 'speed-profile' executable 'false'
05-12 04:51:42.142 I/artd    (  883): GetBestInfo: odex next to the dex file (/data/app/~~vdHs6pU2fV5YFzQThOyITw==/com.google.android.calendar-WqGQl2hqHL5DBnNpX1iiag==/oat/arm64/base.odex) is kOatUpToDate with filter 'speed-profile' executable 'false'
05-12 04:51:42.148 W/JobScheduler.JobStatus( 2878): Exempted app com.dti.motorola considered buggy
05-12 04:51:42.153 I/Finsky  ( 6985): [2] App states replicator found 163 unowned apps
05-12 04:51:42.161 I/Finsky  ( 6985): [58] Completed 0 account content syncs with 0 successful.
05-12 04:51:42.161 I/Finsky  ( 6985): [2] [ContentSync] Installation state replication succeeded.
05-12 04:51:42.161 I/Finsky  ( 6985): [2] SCH: jobFinished: 12-1. TimeElapsed: 1601ms.
05-12 04:51:42.161 I/Finsky  ( 6985): [2] WM::SCH: Logging work end for 12-1
05-12 04:51:42.164 I/Finsky  ( 6985): [58] SCH: Scheduling phonesky job Id: 1-1337, CT: 1778515042000, Constraints: [{ L: 42841426, D: 86041426, C: CHARGING_NONE, I: IDLE_NONE, N: NET_ANY, B: BATTERY_ANY }]
05-12 04:51:42.164 I/Finsky  ( 6985): [58] SCH: Scheduling phonesky job Id: 34-2382, CT: 1778474365353, Constraints: [{ L: 604800000, D: 2447032061, C: CHARGING_NONE, I: IDLE_NONE, N: NET_ANY, B: BATTERY_ANY }]
05-12 04:51:42.164 I/Finsky  ( 6985): [58] SCH: Scheduling phonesky job Id: 34-2386, CT: 1778474365353, Constraints: [{ L: 604800000, D: 2526478776, C: CHARGING_NONE, I: IDLE_NONE, N: NET_ANY, B: BATTERY_ANY }]
05-12 04:51:42.164 I/Finsky  ( 6985): [58] SCH: Scheduling phonesky job Id: 34-2389, CT: 1778491621192, Constraints: [{ L: 79199715, D: 1375199715, C: CHARGING_NONE, I: IDLE_NONE, N: NET_ANY, B: BATTERY_ANY }]
05-12 04:51:42.164 I/Finsky  ( 6985): [58] SCH: Scheduling phonesky job Id: 34-2390, CT: 1778491621803, Constraints: [{ L: 604800000, D: 2591999472, C: CHARGING_NONE, I: IDLE_NONE, N: NET_ANY, B: BATTERY_ANY }]
05-12 04:51:42.170 D/WifiStaIfaceHidlImpl( 2878): getCachedScanData is not implemented by HIDL
05-12 04:51:42.170 I/Finsky  ( 6985): [55] SCH: Scheduling 1 system job(s)
05-12 04:51:42.171 I/Finsky  ( 6985): [55] SCH: Scheduling system job Id: 9581, L: 28781255, D: 71981255, C: false, I: false, N: 1
05-12 04:51:42.174 I/Finsky  ( 6985): [255] SCH: job service finished with id 9574.
05-12 04:51:42.176 V/ClockFace( 3765): [41125060] onDataSetChanged: battery update in remote
05-12 04:51:42.184 W/JobScheduler.JobStatus( 2878): Exempted app com.dti.motorola considered buggy
05-12 04:51:42.186 I/android.hardware.thermal@2.0-service.qti-v2( 3383): Sensor Name:battery temp: 26. prev severity:0. cur severity:0 New severity:0
05-12 04:51:42.186 I/android.hardware.thermal@2.0-service.qti-v2( 3383): Sensor Name:GPUs temp: 43.3. prev severity:0. cur severity:0 New severity:0
05-12 04:51:42.186 I/android.hardware.thermal@2.0-service.qti-v2( 3383): Sensor Name:CPU4 temp: 47. prev severity:0. cur severity:0 New severity:0
05-12 04:51:42.186 I/android.hardware.thermal@2.0-service.qti-v2( 3383): Sensor Name:CPU3 temp: 52.3. prev severity:0. cur severity:0 New severity:0
05-12 04:51:42.186 I/android.hardware.thermal@2.0-service.qti-v2( 3383): Sensor Name:CPU7 temp: 48.6. prev severity:0. cur severity:0 New severity:0
05-12 04:51:42.186 I/android.hardware.thermal@2.0-service.qti-v2( 3383): Sensor Name:CPU2 temp: 52.3. prev severity:0. cur severity:0 New severity:0
05-12 04:51:42.186 I/android.hardware.thermal@2.0-service.qti-v2( 3383): Sensor Name:CPU6 temp: 47.4. prev severity:0. cur severity:0 New severity:0
05-12 04:51:42.186 I/android.hardware.thermal@2.0-service.qti-v2( 3383): Sensor Name:CPU1 temp: 52.3. prev severity:0. cur severity:0 New severity:0
05-12 04:51:42.186 I/android.hardware.thermal@2.0-service.qti-v2( 3383): Sensor Name:skin temp: 32.442. prev severity:0. cur severity:0 New severity:0
05-12 04:51:42.186 I/android.hardware.thermal@2.0-service.qti-v2( 3383): Sensor Name:CPU5 temp: 48.2. prev severity:0. cur severity:0 New severity:0
05-12 04:51:42.186 I/Channel.Remote( 3765): [binder:3765_8] [486463f2f3b94177bd57b6ca2dc4c793|com.motorola.clockface][71] received remote channel service seq:71 results
05-12 04:51:42.187 I/android.hardware.thermal@2.0-service.qti-v2( 3383): Sensor Name:skin1 temp: 33.306. prev severity:0. cur severity:0 New severity:0
05-12 04:51:42.187 I/android.hardware.thermal@2.0-service.qti-v2( 3383): Sensor Name:CPU0 temp: 51.1. prev severity:0. cur severity:0 New severity:0
05-12 04:51:42.393 W/llpaper.pixel4d(32308): Cleared Reference was only reachable from finalizer (only reported once)
05-12 04:51:43.101 D/BoundBrokerSvc( 4147): onUnbind: Intent { act=com.google.android.gms.libs.gmscorelogger.service.START dat=chimera-action:/... cmp=com.google.android.gms/.chimera.PersistentDirectBootAwareApiService }
05-12 04:51:43.335 D/ActivityManager( 2878): unfreezing ProcessRecord{81fa941 31092:com.google.android.webview:webview_service/u0a312}, reason = unfreezeTemporarily, adj = 945, adjType = cch-empty, adjSource = null
05-12 04:51:43.337 D/ActivityManager( 2878): sync unfroze 31092 com.google.android.webview:webview_service for 27
05-12 04:51:43.348 D/ActivityThread(31092): Package [com.hyeni.calendar] reported as REPLACED, but missing application info. Assuming REMOVED.
05-12 04:51:43.349 D/ActivityThread(31092): Package [com.hyeni.calendar] reported as REPLACED, but missing application info. Assuming REMOVED.
05-12 04:51:43.368 D/BoundBrokerSvc( 4147): onRebind: Intent { act=com.google.android.gms.libs.gmscorelogger.service.START dat=chimera-action:/... cmp=com.google.android.gms/.chimera.PersistentDirectBootAwareApiService }
05-12 04:51:43.421 I/Capacitor/Console( 1064): File:  - Line 349 - Msg: [object Object]
05-12 04:51:43.427 V/Capacitor/Plugin( 1064): To native (Capacitor plugin): callbackId: 109404018, pluginId: NativeNotification, methodName: getDeliveryHealth
05-12 04:51:43.428 V/Capacitor( 1064): callback: 109404018, pluginId: NativeNotification, methodName: getDeliveryHealth, methodData: {}
05-12 04:51:43.448 I/Capacitor/Console( 1064): File:  - Line 333 - Msg: {"notificationsEnabled":false,"postPermissionGranted":false,"batteryOptimizationsIgnored":true,"powerSaveMode":false,"backgroundRestricted":false,"fullScreenIntentAllowed":true,"exactAlarmAllowed":true,"channelsEnabled":true,"recordAudioGranted":false,"remoteListenChannelEnabled":true,"remoteListenChannelImportance":3,"remoteListenChannelBlocked":false,"ringerMode":"silent","dndMode":"priority","dndAccess":false,"networkConnected":true,"networkValidated":true,"screenInteractive":true,"keyguardLocked":true,"screenWidthDp":411,"screenHeightDp":1006,"smallestScreenWidthDp":411,"foldState":"not_foldable_or_unknown","locationServiceRunning":false,"sdkInt":35,"manufacturer":"motorola","model":"motorola razr 40 ultra","ready":false}
05-12 04:51:43.450 I/Capacitor/Console( 1064): File:  - Line 349 - Msg: [object Object]
05-12 04:51:43.452 V/Capacitor/Plugin( 1064): To native (Capacitor plugin): callbackId: 109404019, pluginId: BackgroundLocation, methodName: checkBackgroundLocationPermission
05-12 04:51:43.452 V/Capacitor( 1064): callback: 109404019, pluginId: BackgroundLocation, methodName: checkBackgroundLocationPermission, methodData: {}
05-12 04:51:43.457 I/Capacitor/Console( 1064): File:  - Line 333 - Msg: {"fineLocation":false,"backgroundLocation":false}
05-12 04:51:43.787 I/keystore2( 1239): system/security/keystore2/watchdog/src/lib.rs:319 - Watchdog thread idle -> terminating. Have a great day.
05-12 04:51:45.203 D/WifiStaIfaceHidlImpl( 2878): getCachedScanData is not implemented by HIDL
05-12 04:51:45.422 I/Capacitor/Console( 1064): File:  - Line 349 - Msg: [object Object]
05-12 04:51:45.425 V/Capacitor/Plugin( 1064): To native (Capacitor plugin): callbackId: 109404020, pluginId: NativeNotification, methodName: getDeliveryHealth
05-12 04:51:45.426 V/Capacitor( 1064): callback: 109404020, pluginId: NativeNotification, methodName: getDeliveryHealth, methodData: {}
05-12 04:51:45.443 I/Capacitor/Console( 1064): File:  - Line 333 - Msg: {"notificationsEnabled":false,"postPermissionGranted":false,"batteryOptimizationsIgnored":true,"powerSaveMode":false,"backgroundRestricted":false,"fullScreenIntentAllowed":true,"exactAlarmAllowed":true,"channelsEnabled":true,"recordAudioGranted":false,"remoteListenChannelEnabled":true,"remoteListenChannelImportance":3,"remoteListenChannelBlocked":false,"ringerMode":"silent","dndMode":"priority","dndAccess":false,"networkConnected":true,"networkValidated":true,"screenInteractive":true,"keyguardLocked":true,"screenWidthDp":411,"screenHeightDp":1006,"smallestScreenWidthDp":411,"foldState":"not_foldable_or_unknown","locationServiceRunning":false,"sdkInt":35,"manufacturer":"motorola","model":"motorola razr 40 ultra","ready":false}
05-12 04:51:45.446 I/Capacitor/Console( 1064): File:  - Line 349 - Msg: [object Object]
05-12 04:51:45.448 V/Capacitor/Plugin( 1064): To native (Capacitor plugin): callbackId: 109404021, pluginId: BackgroundLocation, methodName: checkBackgroundLocationPermission
05-12 04:51:45.449 V/Capacitor( 1064): callback: 109404021, pluginId: BackgroundLocation, methodName: checkBackgroundLocationPermission, methodData: {}
05-12 04:51:45.487 I/Capacitor/Console( 1064): File:  - Line 333 - Msg: {"fineLocation":false,"backgroundLocation":false}
05-12 04:51:45.965 D/IpClient/wlan0( 3793): interfaceLinkStateChanged: ifindex 27 up
05-12 04:51:46.263 D/ProfileInstaller( 1064): Installing profile for com.hyeni.calendar
05-12 04:51:46.621 I/android.hardware.thermal@2.0-service.qti-v2( 3383): Sensor Name:skin1 temp: 33.346. prev severity:0. cur severity:0 New severity:0
05-12 04:51:47.010 D/PowerManagerService( 2878): nativeReleaseSuspendBlocker name:PowerManagerService.WakeLocks duration ms: 0
05-12 04:51:47.087 I/MainActivity( 1064): FCM token primed: ePCiAOoLTPyJ0sahKokS...
05-12 04:51:47.089 I/FCMService( 1064): FCM token refreshed
05-12 04:51:47.090 W/FCMService( 1064): FCM token sync skipped: push context not ready yet
05-12 04:51:47.152 D/InetDiagMessage( 2878): Destroyed 0 sockets, proto=IPPROTO_TCP, family=AF_INET, states=14
05-12 04:51:47.154 D/InetDiagMessage( 2878): Destroyed 0 sockets, proto=IPPROTO_TCP, family=AF_INET6, states=14
05-12 04:51:47.154 D/InetDiagMessage( 2878): Destroyed live tcp sockets for uids={10464} in 5ms
05-12 04:51:47.157 D/InetDiagMessage( 2878): Destroyed 0 sockets, proto=IPPROTO_TCP, family=AF_INET, states=14
05-12 04:51:47.159 D/InetDiagMessage( 2878): Destroyed 0 sockets, proto=IPPROTO_TCP, family=AF_INET6, states=14
05-12 04:51:47.159 D/InetDiagMessage( 2878): Destroyed live tcp sockets for uids={20464} in 5ms
05-12 04:51:47.420 I/Capacitor/Console( 1064): File:  - Line 349 - Msg: [object Object]
05-12 04:51:47.422 V/Capacitor/Plugin( 1064): To native (Capacitor plugin): callbackId: 109404022, pluginId: NativeNotification, methodName: getDeliveryHealth
05-12 04:51:47.422 V/Capacitor( 1064): callback: 109404022, pluginId: NativeNotification, methodName: getDeliveryHealth, methodData: {}
05-12 04:51:47.436 I/Capacitor/Console( 1064): File:  - Line 333 - Msg: {"notificationsEnabled":false,"postPermissionGranted":false,"batteryOptimizationsIgnored":true,"powerSaveMode":false,"backgroundRestricted":false,"fullScreenIntentAllowed":true,"exactAlarmAllowed":true,"channelsEnabled":true,"recordAudioGranted":false,"remoteListenChannelEnabled":true,"remoteListenChannelImportance":3,"remoteListenChannelBlocked":false,"ringerMode":"silent","dndMode":"priority","dndAccess":false,"networkConnected":true,"networkValidated":true,"screenInteractive":true,"keyguardLocked":true,"screenWidthDp":411,"screenHeightDp":1006,"smallestScreenWidthDp":411,"foldState":"not_foldable_or_unknown","locationServiceRunning":false,"sdkInt":35,"manufacturer":"motorola","model":"motorola razr 40 ultra","ready":false}
05-12 04:51:47.437 I/Capacitor/Console( 1064): File:  - Line 349 - Msg: [object Object]
05-12 04:51:47.438 V/Capacitor/Plugin( 1064): To native (Capacitor plugin): callbackId: 109404023, pluginId: BackgroundLocation, methodName: checkBackgroundLocationPermission
05-12 04:51:47.439 V/Capacitor( 1064): callback: 109404023, pluginId: BackgroundLocation, methodName: checkBackgroundLocationPermission, methodData: {}
05-12 04:51:47.441 I/Capacitor/Console( 1064): File:  - Line 333 - Msg: {"fineLocation":false,"backgroundLocation":false}
05-12 04:51:48.250 D/WifiStaIfaceHidlImpl( 2878): getCachedScanData is not implemented by HIDL
05-12 04:51:48.371 D/InetDiagMessage( 2878): Destroyed 0 sockets, proto=IPPROTO_TCP, family=AF_INET, states=14
05-12 04:51:48.374 D/InetDiagMessage( 2878): Destroyed 0 sockets, proto=IPPROTO_TCP, family=AF_INET6, states=14
05-12 04:51:48.375 D/InetDiagMessage( 2878): Destroyed live tcp sockets for uids={10312} in 8ms
05-12 04:51:48.378 D/InetDiagMessage( 2878): Destroyed 0 sockets, proto=IPPROTO_TCP, family=AF_INET, states=14
05-12 04:51:48.380 D/InetDiagMessage( 2878): Destroyed 0 sockets, proto=IPPROTO_TCP, family=AF_INET6, states=14
05-12 04:51:48.381 D/InetDiagMessage( 2878): Destroyed live tcp sockets for uids={20312} in 5ms
05-12 04:51:48.784 D/BatteryService( 2878): uevent={POWER_SUPPLY_POWER_AVG=0, POWER_SUPPLY_VOLTAGE_NOW=4312000, POWER_SUPPLY_POWER_NOW=392392, POWER_SUPPLY_CHARGE_CONTROL_LIMIT_MAX=9, POWER_SUPPLY_TYPE=Battery, POWER_SUPPLY_HEALTH=Good, POWER_SUPPLY_TECHNOLOGY=Li-ion, POWER_SUPPLY_CHARGE_FULL_DESIGN=3640000, SEQNUM=14810, POWER_SUPPLY_CHARGE_CONTROL_LIMIT=2, POWER_SUPPLY_MODEL_NAME=PM29_ATL_2850MAH, POWER_SUPPLY_STATUS=Charging, POWER_SUPPLY_CYCLE_COUNT=12, POWER_SUPPLY_CAPACITY=93, DEVPATH=/devices/platform/soc/soc:qcom,pmic_glink/soc:qcom,pmic_glink:qcom,battery_charger/power_supply/battery, POWER_SUPPLY_CHARGE_TYPE=Fast, POWER_SUPPLY_CURRENT_NOW=-2133000, POWER_SUPPLY_TIME_TO_FULL_AVG=4312, POWER_SUPPLY_PRESENT=1, POWER_SUPPLY_CHARGE_FULL=3368900, POWER_SUPPLY_TIME_TO_FULL_NOW=4312, SUBSYSTEM=power_supply, POWER_SUPPLY_VOLTAGE_OCV=4312000, POWER_SUPPLY_TEMP=280, ACTION=change, POWER_SUPPLY_NAME=battery, POWER_SUPPLY_VOLTAGE_MAX=4500000, POWER_SUPPLY_CHARGE_COUNTER=3182900, POWER_SUPPLY_TIME_TO_EMPTY_AVG=3600}
05-12 04:51:48.784 D/BatteryService( 2878): uevent={POWER_SUPPLY_POWER_AVG=0, POWER_SUPPLY_VOLTAGE_NOW=4312000, POWER_SUPPLY_POWER_NOW=392392, POWER_SUPPLY_CHARGE_CONTROL_LIMIT_MAX=9, POWER_SUPPLY_TYPE=Battery, POWER_SUPPLY_HEALTH=Good, POWER_SUPPLY_TECHNOLOGY=Li-ion, POWER_SUPPLY_CHARGE_FULL_DESIGN=3640000, SEQNUM=14810, POWER_SUPPLY_CHARGE_CONTROL_LIMIT=2, POWER_SUPPLY_MODEL_NAME=PM29_ATL_2850MAH, POWER_SUPPLY_STATUS=Charging, POWER_SUPPLY_CYCLE_COUNT=12, POWER_SUPPLY_CAPACITY=93, DEVPATH=/devices/platform/soc/soc:qcom,pmic_glink/soc:qcom,pmic_glink:qcom,battery_charger/power_supply/battery, POWER_SUPPLY_CHARGE_TYPE=Fast, POWER_SUPPLY_CURRENT_NOW=-2133000, POWER_SUPPLY_TIME_TO_FULL_AVG=4312, POWER_SUPPLY_PRESENT=1, POWER_SUPPLY_CHARGE_FULL=3368900, POWER_SUPPLY_TIME_TO_FULL_NOW=4312, SUBSYSTEM=power_supply, POWER_SUPPLY_VOLTAGE_OCV=4312000, POWER_SUPPLY_TEMP=280, ACTION=change, POWER_SUPPLY_NAME=battery, POWER_SUPPLY_VOLTAGE_MAX=4500000, POWER_SUPPLY_CHARGE_COUNTER=3182900, POWER_SUPPLY_TIME_TO_EMPTY_AVG=3600}
05-12 04:51:48.793 D/PowerUI ( 3765): can't show warning due to - plugged: true status unknown: false
05-12 04:51:48.804 D/PowerUI ( 3765): can't show warning due to - plugged: true status unknown: false
05-12 04:51:48.806 V/UiModeManager( 2878): updateLocked: null action, mDockState=0, category=null
05-12 04:51:48.806 D/UiModeManager( 2878): updateConfigurationLocked: mDockState=0; mCarMode=false; mNightMode=com.android.server.UiModeManagerService$1@56aa2d4; mNightModeCustomType=-1; uiMode=17
05-12 04:51:48.822 V/UiModeManager( 2878): updateLocked: null action, mDockState=0, category=null
05-12 04:51:48.823 D/UiModeManager( 2878): updateConfigurationLocked: mDockState=0; mCarMode=false; mNightMode=com.android.server.UiModeManagerService$1@56aa2d4; mNightModeCustomType=-1; uiMode=17
05-12 04:51:48.823 D/PowerUI ( 3765): can't show warning due to - plugged: true status unknown: false
05-12 04:51:49.421 I/Capacitor/Console( 1064): File:  - Line 349 - Msg: [object Object]
05-12 04:51:49.425 V/Capacitor/Plugin( 1064): To native (Capacitor plugin): callbackId: 109404024, pluginId: NativeNotification, methodName: getDeliveryHealth
05-12 04:51:49.426 V/Capacitor( 1064): callback: 109404024, pluginId: NativeNotification, methodName: getDeliveryHealth, methodData: {}
05-12 04:51:49.449 I/Capacitor/Console( 1064): File:  - Line 333 - Msg: {"notificationsEnabled":false,"postPermissionGranted":false,"batteryOptimizationsIgnored":true,"powerSaveMode":false,"backgroundRestricted":false,"fullScreenIntentAllowed":true,"exactAlarmAllowed":true,"channelsEnabled":true,"recordAudioGranted":false,"remoteListenChannelEnabled":true,"remoteListenChannelImportance":3,"remoteListenChannelBlocked":false,"ringerMode":"silent","dndMode":"priority","dndAccess":false,"networkConnected":true,"networkValidated":true,"screenInteractive":true,"keyguardLocked":true,"screenWidthDp":411,"screenHeightDp":1006,"smallestScreenWidthDp":411,"foldState":"not_foldable_or_unknown","locationServiceRunning":false,"sdkInt":35,"manufacturer":"motorola","model":"motorola razr 40 ultra","ready":false}
05-12 04:51:49.450 I/Capacitor/Console( 1064): File:  - Line 349 - Msg: [object Object]
05-12 04:51:49.452 V/Capacitor/Plugin( 1064): To native (Capacitor plugin): callbackId: 109404025, pluginId: BackgroundLocation, methodName: checkBackgroundLocationPermission
05-12 04:51:49.452 V/Capacitor( 1064): callback: 109404025, pluginId: BackgroundLocation, methodName: checkBackgroundLocationPermission, methodData: {}
05-12 04:51:49.455 I/Capacitor/Console( 1064): File:  - Line 333 - Msg: {"fineLocation":false,"backgroundLocation":false}
05-12 04:51:49.923 V/UiModeManager( 2878): updateLocked: null action, mDockState=0, category=null
05-12 04:51:49.923 D/UiModeManager( 2878): updateConfigurationLocked: mDockState=0; mCarMode=false; mNightMode=com.android.server.UiModeManagerService$1@56aa2d4; mNightModeCustomType=-1; uiMode=17
05-12 04:51:49.926 D/PowerUI ( 3765): can't show warning due to - plugged: true status unknown: false
05-12 04:51:51.303 D/WifiStaIfaceHidlImpl( 2878): getCachedScanData is not implemented by HIDL
05-12 04:51:51.420 I/Capacitor/Console( 1064): File:  - Line 349 - Msg: [object Object]
05-12 04:51:51.423 V/Capacitor/Plugin( 1064): To native (Capacitor plugin): callbackId: 109404026, pluginId: NativeNotification, methodName: getDeliveryHealth
05-12 04:51:51.423 V/Capacitor( 1064): callback: 109404026, pluginId: NativeNotification, methodName: getDeliveryHealth, methodData: {}
05-12 04:51:51.445 I/Capacitor/Console( 1064): File:  - Line 333 - Msg: {"notificationsEnabled":false,"postPermissionGranted":false,"batteryOptimizationsIgnored":true,"powerSaveMode":false,"backgroundRestricted":false,"fullScreenIntentAllowed":true,"exactAlarmAllowed":true,"channelsEnabled":true,"recordAudioGranted":false,"remoteListenChannelEnabled":true,"remoteListenChannelImportance":3,"remoteListenChannelBlocked":false,"ringerMode":"silent","dndMode":"priority","dndAccess":false,"networkConnected":true,"networkValidated":true,"screenInteractive":true,"keyguardLocked":true,"screenWidthDp":411,"screenHeightDp":1006,"smallestScreenWidthDp":411,"foldState":"not_foldable_or_unknown","locationServiceRunning":false,"sdkInt":35,"manufacturer":"motorola","model":"motorola razr 40 ultra","ready":false}
05-12 04:51:51.447 I/Capacitor/Console( 1064): File:  - Line 349 - Msg: [object Object]
05-12 04:51:51.450 V/Capacitor/Plugin( 1064): To native (Capacitor plugin): callbackId: 109404027, pluginId: BackgroundLocation, methodName: checkBackgroundLocationPermission
05-12 04:51:51.450 V/Capacitor( 1064): callback: 109404027, pluginId: BackgroundLocation, methodName: checkBackgroundLocationPermission, methodData: {}
05-12 04:51:51.459 I/Capacitor/Console( 1064): File:  - Line 333 - Msg: {"fineLocation":false,"backgroundLocation":false}
05-12 04:51:51.508 D/ActivityManager( 2878): freezing 13437 com.google.android.apps.turbo, reason = oom_cached
05-12 04:51:51.511 D/InetDiagMessage( 2878): Destroyed 0 sockets, proto=IPPROTO_TCP, family=AF_INET, states=14
05-12 04:51:51.513 D/InetDiagMessage( 2878): Destroyed 0 sockets, proto=IPPROTO_TCP, family=AF_INET6, states=14
05-12 04:51:51.513 D/InetDiagMessage( 2878): Destroyed live tcp sockets for uids={10270} in 2ms
05-12 04:51:51.621 I/android.hardware.thermal@2.0-service.qti-v2( 3383): Sensor Name:skin1 temp: 33.37. prev severity:0. cur severity:0 New severity:0
05-12 04:51:51.703 W/.hyeni.calendar( 1064): userfaultfd: MOVE ioctl seems unsupported: Connection timed out
05-12 04:51:51.735 I/.hyeni.calendar( 1064): Background concurrent mark compact GC freed 7966KB AllocSpace bytes, 78(3756KB) LOS objects, 81% free, 5513KB/29MB, paused 851us,8.003ms total 298.619ms
05-12 04:51:51.740 W/.hyeni.calendar( 1064): ApkAssets: Deleting an ApkAssets object '<empty> and /data/app/~~AgYwycswZduHCKSLalvhkA==/com.google.android.webview-yarYKlzPKoJVS4vuQnwivg==/base.apk' with 2 weak references
05-12 04:51:52.125 D/addPss  ( 2878): tracker=ProcessState{b3cb93f com.hyeni.calendar/10523 pkg=com.hyeni.calendar}
05-12 04:51:52.150 D/ActivityManager( 2878): freezing 32308 helectronsoft.com.live.wallpaper.pixel4d, reason = oom_cached
05-12 04:51:52.160 D/InetDiagMessage( 2878): Destroyed 0 sockets, proto=IPPROTO_TCP, family=AF_INET, states=14
05-12 04:51:52.162 D/InetDiagMessage( 2878): Destroyed 0 sockets, proto=IPPROTO_TCP, family=AF_INET6, states=14
05-12 04:51:52.162 D/InetDiagMessage( 2878): Destroyed live tcp sockets for uids={10464} in 4ms
05-12 04:51:53.364 D/ActivityManager( 2878): freezing 31092 com.google.android.webview:webview_service, reason = oom_cached
05-12 04:51:53.369 D/InetDiagMessage( 2878): Destroyed 0 sockets, proto=IPPROTO_TCP, family=AF_INET, states=14
05-12 04:51:53.371 D/InetDiagMessage( 2878): Destroyed 0 sockets, proto=IPPROTO_TCP, family=AF_INET6, states=14
05-12 04:51:53.371 D/InetDiagMessage( 2878): Destroyed live tcp sockets for uids={10312} in 5ms
05-12 04:51:53.422 I/Capacitor/Console( 1064): File:  - Line 349 - Msg: [object Object]
05-12 04:51:53.425 V/Capacitor/Plugin( 1064): To native (Capacitor plugin): callbackId: 109404028, pluginId: NativeNotification, methodName: getDeliveryHealth
05-12 04:51:53.425 V/Capacitor( 1064): callback: 109404028, pluginId: NativeNotification, methodName: getDeliveryHealth, methodData: {}
05-12 04:51:53.446 I/Capacitor/Console( 1064): File:  - Line 333 - Msg: {"notificationsEnabled":false,"postPermissionGranted":false,"batteryOptimizationsIgnored":true,"powerSaveMode":false,"backgroundRestricted":false,"fullScreenIntentAllowed":true,"exactAlarmAllowed":true,"channelsEnabled":true,"recordAudioGranted":false,"remoteListenChannelEnabled":true,"remoteListenChannelImportance":3,"remoteListenChannelBlocked":false,"ringerMode":"silent","dndMode":"priority","dndAccess":false,"networkConnected":true,"networkValidated":true,"screenInteractive":true,"keyguardLocked":true,"screenWidthDp":411,"screenHeightDp":1006,"smallestScreenWidthDp":411,"foldState":"not_foldable_or_unknown","locationServiceRunning":false,"sdkInt":35,"manufacturer":"motorola","model":"motorola razr 40 ultra","ready":false}
05-12 04:51:53.449 I/Capacitor/Console( 1064): File:  - Line 349 - Msg: [object Object]
05-12 04:51:53.451 V/Capacitor/Plugin( 1064): To native (Capacitor plugin): callbackId: 109404029, pluginId: BackgroundLocation, methodName: checkBackgroundLocationPermission
05-12 04:51:53.451 V/Capacitor( 1064): callback: 109404029, pluginId: BackgroundLocation, methodName: checkBackgroundLocationPermission, methodData: {}
05-12 04:51:53.455 I/Capacitor/Console( 1064): File:  - Line 333 - Msg: {"fineLocation":false,"backgroundLocation":false}
05-12 04:51:54.351 D/WifiStaIfaceHidlImpl( 2878): getCachedScanData is not implemented by HIDL
05-12 04:51:55.421 I/Capacitor/Console( 1064): File:  - Line 349 - Msg: [object Object]
05-12 04:51:55.423 V/Capacitor/Plugin( 1064): To native (Capacitor plugin): callbackId: 109404030, pluginId: NativeNotification, methodName: getDeliveryHealth
05-12 04:51:55.423 V/Capacitor( 1064): callback: 109404030, pluginId: NativeNotification, methodName: getDeliveryHealth, methodData: {}
05-12 04:51:55.444 I/Capacitor/Console( 1064): File:  - Line 333 - Msg: {"notificationsEnabled":false,"postPermissionGranted":false,"batteryOptimizationsIgnored":true,"powerSaveMode":false,"backgroundRestricted":false,"fullScreenIntentAllowed":true,"exactAlarmAllowed":true,"channelsEnabled":true,"recordAudioGranted":false,"remoteListenChannelEnabled":true,"remoteListenChannelImportance":3,"remoteListenChannelBlocked":false,"ringerMode":"silent","dndMode":"priority","dndAccess":false,"networkConnected":true,"networkValidated":true,"screenInteractive":true,"keyguardLocked":true,"screenWidthDp":411,"screenHeightDp":1006,"smallestScreenWidthDp":411,"foldState":"not_foldable_or_unknown","locationServiceRunning":false,"sdkInt":35,"manufacturer":"motorola","model":"motorola razr 40 ultra","ready":false}
05-12 04:51:55.444 I/Capacitor/Console( 1064): File:  - Line 349 - Msg: [object Object]
05-12 04:51:55.447 V/Capacitor/Plugin( 1064): To native (Capacitor plugin): callbackId: 109404031, pluginId: BackgroundLocation, methodName: checkBackgroundLocationPermission
05-12 04:51:55.447 V/Capacitor( 1064): callback: 109404031, pluginId: BackgroundLocation, methodName: checkBackgroundLocationPermission, methodData: {}
05-12 04:51:55.451 I/Capacitor/Console( 1064): File:  - Line 333 - Msg: {"fineLocation":false,"backgroundLocation":false}
05-12 04:51:56.133 W/ProcessStats( 2878): Tracking association SourceState{6ffd8b5 com.hyeni.calendar/10523 Top #21362} whose proc state 1 is better than process ProcessState{48683d8 com.google.android.gms/10217 pkg=com.google.android.gms} proc state 8 (104 skipped)
05-12 04:51:56.134 D/BoundBrokerSvc( 4848): onUnbind: Intent { act=com.google.android.gms.safetynet.service.START pkg=com.google.android.gms }
05-12 04:51:56.138 D/BoundBrokerSvc( 4848): onUnbind: Intent { act=com.google.android.gms.safebrowsing.SafeBrowsingService.START dat=chimera-action:/... cmp=com.google.android.gms/.chimera.GmsBoundBrokerService }
05-12 04:51:56.204 D/ActivityManager( 2878): freezing 20982 com.android.settings, reason = oom_cached
05-12 04:51:56.208 D/ActivityManager( 2878): freezing 30724 com.android.keychain, reason = oom_cached
05-12 04:51:56.621 I/android.hardware.thermal@2.0-service.qti-v2( 3383): Sensor Name:skin1 temp: 33.366. prev severity:0. cur severity:0 New severity:0
05-12 04:51:57.377 D/WifiStaIfaceHidlImpl( 2878): getCachedScanData is not implemented by HIDL
05-12 04:51:57.421 I/Capacitor/Console( 1064): File:  - Line 349 - Msg: [object Object]
05-12 04:51:57.423 V/Capacitor/Plugin( 1064): To native (Capacitor plugin): callbackId: 109404032, pluginId: NativeNotification, methodName: getDeliveryHealth
05-12 04:51:57.423 V/Capacitor( 1064): callback: 109404032, pluginId: NativeNotification, methodName: getDeliveryHealth, methodData: {}
05-12 04:51:57.439 I/Capacitor/Console( 1064): File:  - Line 333 - Msg: {"notificationsEnabled":false,"postPermissionGranted":false,"batteryOptimizationsIgnored":true,"powerSaveMode":false,"backgroundRestricted":false,"fullScreenIntentAllowed":true,"exactAlarmAllowed":true,"channelsEnabled":true,"recordAudioGranted":false,"remoteListenChannelEnabled":true,"remoteListenChannelImportance":3,"remoteListenChannelBlocked":false,"ringerMode":"silent","dndMode":"priority","dndAccess":false,"networkConnected":true,"networkValidated":true,"screenInteractive":true,"keyguardLocked":true,"screenWidthDp":411,"screenHeightDp":1006,"smallestScreenWidthDp":411,"foldState":"not_foldable_or_unknown","locationServiceRunning":false,"sdkInt":35,"manufacturer":"motorola","model":"motorola razr 40 ultra","ready":false}
05-12 04:51:57.440 I/Capacitor/Console( 1064): File:  - Line 349 - Msg: [object Object]
05-12 04:51:57.442 V/Capacitor/Plugin( 1064): To native (Capacitor plugin): callbackId: 109404033, pluginId: BackgroundLocation, methodName: checkBackgroundLocationPermission
05-12 04:51:57.442 V/Capacitor( 1064): callback: 109404033, pluginId: BackgroundLocation, methodName: checkBackgroundLocationPermission, methodData: {}
05-12 04:51:57.451 I/Capacitor/Console( 1064): File:  - Line 333 - Msg: {"fineLocation":false,"backgroundLocation":false}
05-12 04:51:58.399 D/BoundBrokerSvc( 4147): onUnbind: Intent { act=com.google.android.gms.libs.gmscorelogger.service.START dat=chimera-action:/... cmp=com.google.android.gms/.chimera.PersistentDirectBootAwareApiService }
05-12 04:51:59.421 I/Capacitor/Console( 1064): File:  - Line 349 - Msg: [object Object]
05-12 04:51:59.423 V/Capacitor/Plugin( 1064): To native (Capacitor plugin): callbackId: 109404034, pluginId: NativeNotification, methodName: getDeliveryHealth
05-12 04:51:59.423 V/Capacitor( 1064): callback: 109404034, pluginId: NativeNotification, methodName: getDeliveryHealth, methodData: {}
05-12 04:51:59.439 I/Capacitor/Console( 1064): File:  - Line 333 - Msg: {"notificationsEnabled":false,"postPermissionGranted":false,"batteryOptimizationsIgnored":true,"powerSaveMode":false,"backgroundRestricted":false,"fullScreenIntentAllowed":true,"exactAlarmAllowed":true,"channelsEnabled":true,"recordAudioGranted":false,"remoteListenChannelEnabled":true,"remoteListenChannelImportance":3,"remoteListenChannelBlocked":false,"ringerMode":"silent","dndMode":"priority","dndAccess":false,"networkConnected":true,"networkValidated":true,"screenInteractive":true,"keyguardLocked":true,"screenWidthDp":411,"screenHeightDp":1006,"smallestScreenWidthDp":411,"foldState":"not_foldable_or_unknown","locationServiceRunning":false,"sdkInt":35,"manufacturer":"motorola","model":"motorola razr 40 ultra","ready":false}
05-12 04:51:59.440 I/Capacitor/Console( 1064): File:  - Line 349 - Msg: [object Object]
05-12 04:51:59.441 V/Capacitor/Plugin( 1064): To native (Capacitor plugin): callbackId: 109404035, pluginId: BackgroundLocation, methodName: checkBackgroundLocationPermission
05-12 04:51:59.442 V/Capacitor( 1064): callback: 109404035, pluginId: BackgroundLocation, methodName: checkBackgroundLocationPermission, methodData: {}
05-12 04:51:59.444 I/Capacitor/Console( 1064): File:  - Line 333 - Msg: {"fineLocation":false,"backgroundLocation":false}
05-12 04:52:00.008 D/PowerManagerService( 2878): nativeAcquireSuspendBlocker name:PowerManagerService.WakeLocks duration ms: 3
05-12 04:52:00.011 D/PowerManagerService( 2878): nativeReleaseSuspendBlocker name:PowerManagerService.WakeLocks duration ms: 0
05-12 04:52:00.014 D/ClockFace( 3765): [41125060] onTimeTickUpdated, timeGap = 59.982s
05-12 04:52:00.015 V/KeyguardStatusViewController( 3765): onTimeChanged
05-12 04:52:00.423 D/WifiStaIfaceHidlImpl( 2878): getCachedScanData is not implemented by HIDL
