05-12 04:41:16.938 D/InsetsSourceProvider( 1232): updateControlForTarget: control=InsetsSourceControl: {77cf0000 mType=statusBars initiallyVisible mSurfacePosition=Point(0, 0) mInsetsHint=Insets{left=0, top=89, right=0, bottom=0}}, target=Window{54d38cb u0 Splash Screen com.hyeni.calendar}, from=com.android.server.wm.InsetsStateController.onControlTargetChanged:83 com.android.server.wm.InsetsPolicy.updateBarControlTarget:212 com.android.server.wm.DisplayPolicy.updateSystemBarAttributes:262 com.android.server.wm.DisplayPolicy.finishPostLayoutPolicyLw:17 com.android.server.wm.RootWindowContainer.applySurfaceChangesTransaction$1:195 
05-12 04:41:16.938 I/WindowManager( 1232): Cancelling animation restarting=true, leash=Surface(name=Surface(name=b04eed9 NavigationBar0)/@0xdea2e36 - animation-leash of insets_animation)/@0x3cd0c41
05-12 04:41:16.938 I/WindowManager( 1232): Reparenting to original parent: Surface(name=WindowToken{57c1520 type=2019 android.os.BinderProxy@42b2152})/@0xa8e5137, destroy=false, surface=Surface(name=b04eed9 NavigationBar0)/@0xdea2e36
05-12 04:41:16.938 I/WindowManager( 1232): Reparenting to leash, surface=Surface(name=b04eed9 NavigationBar0)/@0xdea2e36, leashParent=Surface(name=WindowToken{57c1520 type=2019 android.os.BinderProxy@42b2152})/@0xa8e5137
05-12 04:41:16.939 I/SurfaceFlinger( 1004): id=5292 createSurf, flag=24000, Surface(name=b04eed9 NavigationBar0)/@0xdea2e36 - animation-leash of insets_animation#5292
05-12 04:41:16.939 D/WindowManager( 1232): makeSurface duration=1 leash=Surface(name=Surface(name=b04eed9 NavigationBar0)/@0xdea2e36 - animation-leash of insets_animation)/@0x19517dd
05-12 04:41:16.939 I/SurfaceControlRegistry( 1899): hide, t=FinishTransaction_SyncId<605> sc=Task=1, caller=android.view.SurfaceControl$Transaction.hide:3583 com.android.wm.shell.transition.Transitions.dispatchReady:1263 com.android.wm.shell.transition.Transitions.onTransitionReady:251 com.android.wm.shell.transition.Transitions$TransitionPlayerImpl$$ExternalSyntheticLambda0.run:13 android.os.Handler.handleCallback:995 android.os.Handler.dispatchMessage:103 
05-12 04:41:16.939 I/SurfaceControlRegistry( 1899): show, t=StartTransaction_SyncId<605> sc=Task=117, caller=android.view.SurfaceControl$Transaction.show:3557 com.android.wm.shell.transition.Transitions.dispatchReady:1279 com.android.wm.shell.transition.Transitions.onTransitionReady:251 com.android.wm.shell.transition.Transitions$TransitionPlayerImpl$$ExternalSyntheticLambda0.run:13 android.os.Handler.handleCallback:995 android.os.Handler.dispatchMessage:103 
05-12 04:41:16.939 D/InsetsSourceProvider( 1232): updateControlForTarget: control=InsetsSourceControl: {6f720001 mType=navigationBars initiallyVisible mSurfacePosition=Point(0, 2205) mInsetsHint=Insets{left=0, top=0, right=0, bottom=135}}, target=Window{54d38cb u0 Splash Screen com.hyeni.calendar}, from=com.android.server.wm.InsetsStateController.onControlTargetChanged:83 com.android.server.wm.InsetsPolicy.updateBarControlTarget:225 com.android.server.wm.DisplayPolicy.updateSystemBarAttributes:262 com.android.server.wm.DisplayPolicy.finishPostLayoutPolicyLw:17 com.android.server.wm.RootWindowContainer.applySurfaceChangesTransaction$1:195 
05-12 04:41:16.939 I/SurfaceControlRegistry( 1899): show, t=FinishTransaction_SyncId<605> sc=Task=117, caller=android.view.SurfaceControl$Transaction.show:3557 com.android.wm.shell.transition.Transitions.dispatchReady:1330 com.android.wm.shell.transition.Transitions.onTransitionReady:251 com.android.wm.shell.transition.Transitions$TransitionPlayerImpl$$ExternalSyntheticLambda0.run:13 android.os.Handler.handleCallback:995 android.os.Handler.dispatchMessage:103 
05-12 04:41:16.939 V/WindowManagerShell( 1899): Playing animation for (#605) android.os.BinderProxy@ad34a05@0
05-12 04:41:16.939 I/SurfaceControlRegistry( 1899): show, t=StartTransaction_SyncId<605> sc=Transition Root: Task=117, caller=android.view.SurfaceControl$Transaction.show:3557 com.android.wm.shell.transition.Transitions.playTransition:79 com.android.wm.shell.transition.Transitions.processReadyQueue:239 com.android.wm.shell.transition.Transitions.dispatchReady:1352 com.android.wm.shell.transition.Transitions.onTransitionReady:251 com.android.wm.shell.transition.Transitions$TransitionPlayerImpl$$ExternalSyntheticLambda0.run:13 
05-12 04:41:16.939 D/WindowManager( 1232): updateSystemBarAttributes: displayId=0, focusedCanBeNavColorWin=false, win=Window{54d38cb u0 Splash Screen com.hyeni.calendar}, navColorWin=Window{54d38cb u0 Splash Screen com.hyeni.calendar}, caller=com.android.server.wm.DisplayPolicy.finishPostLayoutPolicyLw:17 com.android.server.wm.RootWindowContainer.applySurfaceChangesTransaction$1:195 com.android.server.wm.RootWindowContainer.performSurfacePlacementNoTrace:59 
05-12 04:41:16.939 D/ShellSplitScreen( 1899): startAnimation: transition=605 isSplitActive=false
05-12 04:41:16.939 V/ShellRecents( 1899): RecentsTransitionHandler.startAnimation: no controller found
05-12 04:41:16.939 V/ShellDesktopMode( 1899): DesktopMixedTransitionHandler: No pending desktop transition
05-12 04:41:16.939 D/WindowManager( 1232): updateSystemBarAttributes, bhv=1, apr=24, statusBarAprRegions=[AppearanceRegion{LIGHT_STATUS_BARS bounds=[0,0][1080,2340]}], requestedVisibilities=-9
05-12 04:41:16.939 V/WindowManagerShell( 1899): Transition doesn't have explicit remote, search filters for match for {id=605 t=OPEN f=0x0 trk=0 r=[0@Point(0, 0)] c=[{m=OPEN f=NONE leash=Surface(name=Task=117)/@0xe11967b sb=Rect(0, 0 - 1080, 2340) eb=Rect(0, 0 - 1080, 2340) epz=Point(1080, 2340) d=0 taskParent=-1 inset=Rect(0, 89 - 0, 135) dim=true},{m=TO_BACK f=SHOW_WALLPAPER|EDGE_EXTENSION_RESTRICTION leash=Surface(name=Task=1)/@0x778bc98 sb=Rect(0, 0 - 1080, 2340) eb=Rect(0, 0 - 1080, 2340) epz=Point(1080, 2340) d=0 taskParent=-1 inset=Rect(0, 89 - 0, 135)},{m=TO_BACK f=IS_WALLPAPER|IS_FIXED_PORTRAIT p=WCT{android.window.IWindowContainerToken$Stub$Proxy@191f57} leash=Surface(name=WallpaperWindowToken{9b2eb4b showWhenLocked=false})/@0xd6eccf1 sb=Rect(0, 0 - 1080, 2340) eb=Rect(0, 0 - 1080, 2340) epz=Point(1080, 2340) d=0 inset=Rect(0, 0 - 0, 0)}]}
05-12 04:41:16.939 V/WindowManagerShell( 1899):  Checking filter Pair{{types=[] flags=0x0] notFlags=0x100 checks=[{atype=home independent=true modes=[OPEN,TO_FRONT] flags=NONE mustBeTask=false order=TOP topActivity=ComponentInfo{com.sec.android.app.launcher/com.sec.android.app.launcher.Launcher} launchCookie=null windowingMode=undefined},{atype=recents independent=true modes=[CLOSE,TO_BACK] flags=NONE mustBeTask=false order=ANY topActivity=null launchCookie=null windowingMode=undefined}]} RemoteTransition { remoteTransition = android.window.IRemoteTransition$Stub$Proxy@27491e, appThread = android.app.IApplicationThread$Stub$Proxy@43575ff, debugName = QuickstepLaunchHomeFromRecentsflags =NONE }}
05-12 04:41:16.939 D/SurfaceComposerClient( 1232): setCornerRadius ## 54d38cb Splash Screen com.hyeni.calendar#5288 cornerRadius=0.000000
05-12 04:41:16.939 V/WindowManagerShell( 1899):  Checking filter Pair{{types=[] flags=0x0] notFlags=0x100 checks=[{atype=home independent=true modes=[OPEN,TO_FRONT] flags=NONE mustBeTask=false order=TOP topActivity=ComponentInfo{com.sec.android.app.launcher/com.sec.android.app.launcher.Launcher} launchCookie=null windowingMode=undefined},{atype=standard independent=true modes=[CLOSE,TO_BACK] flags=NONE mustBeTask=false order=ANY topActivity=null launchCookie=null windowingMode=undefined}]} RemoteTransition { remoteTransition = android.window.IRemoteTransition$Stub$Proxy@6f11fcc, appThread = android.app.IApplicationThread$Stub$Proxy@22e215, debugName = QuickstepLaunchHomeflags =NONE }}
05-12 04:41:16.939 V/WindowManagerShell( 1899):  Delegate animation for (#605) to null
05-12 04:41:16.939 V/WindowManagerShell( 1899): start default transition animation, info = {id=605 t=OPEN f=0x0 trk=0 r=[0@Point(0, 0)] c=[{m=OPEN f=NONE leash=Surface(name=Task=117)/@0xe11967b sb=Rect(0, 0 - 1080, 2340) eb=Rect(0, 0 - 1080, 2340) epz=Point(1080, 2340) d=0 taskParent=-1 inset=Rect(0, 89 - 0, 135) dim=true},{m=TO_BACK f=SHOW_WALLPAPER|EDGE_EXTENSION_RESTRICTION leash=Surface(name=Task=1)/@0x778bc98 sb=Rect(0, 0 - 1080, 2340) eb=Rect(0, 0 - 1080, 2340) epz=Point(1080, 2340) d=0 taskParent=-1 inset=Rect(0, 89 - 0, 135)},{m=TO_BACK f=IS_WALLPAPER|IS_FIXED_PORTRAIT p=WCT{android.window.IWindowContainerToken$Stub$Proxy@191f57} leash=Surface(name=WallpaperWindowToken{9b2eb4b showWhenLocked=false})/@0xd6eccf1 sb=Rect(0, 0 - 1080, 2340) eb=Rect(0, 0 - 1080, 2340) epz=Point(1080, 2340) d=0 inset=Rect(0, 0 - 0, 0)}]}
05-12 04:41:16.940 I/BpBinder( 1004): onLastStrongRef automatically unlinking death recipients: 
05-12 04:41:16.940 D/Zygote  (  893): Forked child process 8105
05-12 04:41:16.941 D/SamsungLightBarControlHelper( 1899): updateStatusBar (BLACK icon) numStacks:1, StatusBarMode:MODE_TRANSPARENT, lightBarBounds:[Rect(0, 0 - 1080, 2340)], StatusBarState:SHADE, packageName:, isWhiteKeyguardStatusBar:true
05-12 04:41:16.941 D/SamsungLightBarControlHelper( 1899): onStatusBarAppearanceChanged() -  sbModeChanged:false, statusBarMode:0, barState:MODE_TRANSPARENT, isKeyguardShowing:false, navbarColorManagedByIme:false, (AppearanceRegion{LIGHT_STATUS_BARS bounds=[0,0][1080,2340]}, )
05-12 04:41:16.941 D/NavigationBar( 1899): onSystemBarAttributesChanged() -  displayId:0, appearance:24, packageName: com.hyeni.calendar (APPEARANCE_LIGHT_STATUS_BARS APPEARANCE_LIGHT_NAVIGATION_BARS ), navbarColorManagedByIme:false
05-12 04:41:16.941 D/SamsungLightBarControlHelper( 1899): updateNavigationBar (BLACK button) isLightOpaque:false, hasLightNavigationBarFlag:true, packageName:com.hyeni.calendar, DirectReplying:false, NavBarColorMangedByIme:false, ForceDarkForScrim:false, ForceLightForScrim:false, QsCustomizing:false, QsExpanded:false
05-12 04:41:16.941 V/WindowManager( 1232): Sent Transition (#605) createdAt=05-12 04:41:16.898 via request=TransitionRequestInfo { type = OPEN, triggerTask = TaskInfo{userId=0 taskId=117 effectiveUid=10340 displayId=0 isRunning=true baseIntent=Intent { act=android.intent.action.MAIN cat=[android.intent.category.LAUNCHER] flg=0x10200000 cmp=com.hyeni.calendar/.MainActivity } baseActivity=ComponentInfo{com.hyeni.calendar/com.hyeni.calendar.MainActivity} topActivity=ComponentInfo{com.hyeni.calendar/com.hyeni.calendar.MainActivity} origActivity=null realActivity=ComponentInfo{com.hyeni.calendar/com.hyeni.calendar.MainActivity} numActivities=1 lastActiveTime=1558970139 supportsMultiWindow=true resizeMode=1 isResizeable=true minWidth=-1 minHeight=-1 maxWidth=-1 maxHeight=-1 defaultMinSize=220 desktopDefaultMinSize=304 token=WCT{RemoteToken{7b27487 Task{c81d1b7 #117 type=standard A=10340:com.hyeni.calendar}}} topActivityType=1 pictureInPictureParams=null shouldDockBigOverlays=false launchIntoPipHostTaskId=-1 lastParentTaskIdBeforePip=-1 displayCutoutSafeInsets=Rect(0, 89 - 0, 0) topActivityInfo=ActivityInfo{baeaf52 com.hyeni.calendar.MainActivity} launchCookies=[] positionInParent=Point(0, 0) parentTaskId=-1 isFocused=false isVisible=false isVisibleRequested=false isTopActivityNoDisplay=false isSleeping=false locusId=null displayAreaFeatureId=1 isTopActivityTransparent=false isActivityStackTransparent=false lastNonFullscreenBounds=Rect(81, 562 - 999, 1732) capturedLink=null capturedLinkTimestamp=0 requestedVisibleTypes=-9 topActivityRequestOpenInBrowserEducationTimestamp=0 appCompatTaskInfo=AppCompatTaskInfo { topActivityInSizeCompat=false eligibleForLetterboxEducation= false isLetterboxEducationEnabled= false isLetterboxDoubleTapEnabled= false eligibleForUserAspectRatioButton= false topActivityBoundsLetterboxed= false isFromLetterboxDoubleTap= false topActivityLetterboxVerticalPosition= -1 topActivityLetterboxHorizontalPosition= -1 topActivityLetterboxWidth=-1 topActivityLetterboxHeight=-1 topActivityAppBounds=Rect(0, 0 - 1080, 2340) isUserFullscreenOverrideEnabled=false isSystemFullscreenOverrideEnabled=false hasMinAspectRatioOverride=false topActivityLetterboxBounds=null cameraCompatTaskInfo=CameraCompatTaskInfo { freeformCameraCompatMode=inactive} topActivityBounds=null topActivityInDisplayCompat=false singleTapFromLetterbox=false} topActivityMainWindowFrame=null originallySupportedMultiWindow=true hasWallpaper=false rootAffinity=10340:com.hyeni.calendar isTopTaskInStage=false CoverLauncherWidgetTask=false LaunchedFromAppsCoverLauncherTask=false LaunchedFromMultistarCoverLauncherTask=false isAllowedSeamlessRotation=false isTopTransparentActivity=false isAliasManaged=false hasConfigChanged=false snappingGuideBounds=null isAiKeyRemoveAppTask=false lastDesktopWindowingBounds=null lastExternalDesktopWindowingBounds=null safeCutoutInsets=null}, pipChange = null, remoteTransition = null, displayChange = null, flags = 0, debugId = 605 }
05-12 04:41:16.942 V/WindowManager( 1232):     startWCT=WindowContainerTransaction { changes= {} hops= [] errorCallbackToken=null taskFragmentOrganizer=null }
05-12 04:41:16.942 V/WindowManager( 1232):     info={id=605 t=OPEN f=0x0 trk=0 r=[0@Point(0, 0)] c=[
05-12 04:41:16.942 V/WindowManager( 1232):         {WCT{RemoteToken{7b27487 Task{c81d1b7 #117 type=standard A=10340:com.hyeni.calendar}}} m=OPEN f=NONE leash=Surface(name=Task=117)/@0xd3cf2a1 sb=Rect(0, 0 - 1080, 2340) eb=Rect(0, 0 - 1080, 2340) epz=Point(1080, 2340) d=0 taskParent=-1 inset=Rect(0, 89 - 0, 135) dim=true},
05-12 04:41:16.942 V/WindowManager( 1232):         {WCT{RemoteToken{138bfbb Task{44dd6a2 #1 type=home}}} m=TO_BACK f=SHOW_WALLPAPER|EDGE_EXTENSION_RESTRICTION leash=Surface(name=Task=1)/@0xeb5bdec sb=Rect(0, 0 - 1080, 2340) eb=Rect(0, 0 - 1080, 2340) epz=Point(1080, 2340) d=0 taskParent=-1 inset=Rect(0, 89 - 0, 135)},
05-12 04:41:16.942 V/WindowManager( 1232):         {m=TO_BACK f=IS_WALLPAPER|IS_FIXED_PORTRAIT p=WCT{RemoteToken{eac5d15 RemoteWallpaperAnim:1:1@124733464}} leash=Surface(name=WallpaperWindowToken{9b2eb4b showWhenLocked=false})/@0x5a3cbe0 sb=Rect(0, 0 - 1080, 2340) eb=Rect(0, 0 - 1080, 2340) epz=Point(1080, 2340) d=0 inset=Rect(0, 0 - 0, 0)}
05-12 04:41:16.942 V/WindowManager( 1232):     ]}
05-12 04:41:16.942 I/SurfaceFlinger( 1004): id=5293 createSurf, flag=84000, 45e8178 ActivityRecordInputSink com.hyeni.calendar/.MainActivity#5293
05-12 04:41:16.942 I/HoneySpace.SystemUiRepository( 2350): systemUiFlags: allow_gesture|awake
05-12 04:41:16.944 I/HoneySpace.KeyguardStateRepositoryImpl( 2350): KEYGUARD_GOING_AWAY: false
05-12 04:41:16.944 I/HoneySpace.TaskbarEventTracker( 2350): invokeEvent() called with: event = SystemUiStateChanged(stateFlags=268566528)
05-12 04:41:16.945 I/ActivityManager( 1232): Start proc 8105:com.hyeni.calendar/u0a340 for next-top-activity {com.hyeni.calendar/com.hyeni.calendar.MainActivity}
05-12 04:41:16.945 D/DynamicHiddenApp_BGProtectManager( 1232): [SecIpm] it's a ML_TYPE_EMPTYPROCESS protected process com.hyeni.calendar
05-12 04:41:16.945 I/ActivityManager( 1232): ProcessObserver broadcast disabled
05-12 04:41:16.945 I/HoneySpace.Memory-Monitor( 2350): current state = 2, didTrim = false
05-12 04:41:16.946 D/StackScroller( 1899): onDisplayChanged for predraw skip to 2
05-12 04:41:16.946 I/SurfaceFlinger( 1004): [LayerHierarchy{RequestedLayerState{b04eed9 NavigationBar0#94 parentId=5292} 1 children}] reparent to LayerHierarchy{RequestedLayerState{Surface(name=b04eed9 NavigationBar0)/@0xdea2e36 - animation-leash of insets_animation#5292 parentId=93} 1 children}
05-12 04:41:16.946 I/SurfaceFlinger( 1004): [LayerHierarchy{RequestedLayerState{5094ae5 StatusBar#98 parentId=5291} 1 children}] reparent to LayerHierarchy{RequestedLayerState{Surface(name=5094ae5 StatusBar)/@0x21e0a99 - animation-leash of insets_animation#5291 parentId=97} 1 children}
05-12 04:41:16.946 I/SurfaceFlinger( 1004): [LayerHierarchy{RequestedLayerState{Surface(name=b04eed9 NavigationBar0)/@0xdea2e36 - animation-leash of insets_animation#5279} no children}] reparent to OffscreenRoot
05-12 04:41:16.946 I/SurfaceFlinger( 1004): [LayerHierarchy{RequestedLayerState{Surface(name=b04eed9 NavigationBar0)/@0xdea2e36 - animation-leash of insets_animation#5279} no children}] RelativeParent to null
05-12 04:41:16.946 I/SurfaceFlinger( 1004): [LayerHierarchy{RequestedLayerState{Surface(name=5094ae5 StatusBar)/@0x21e0a99 - animation-leash of insets_animation#5278} no children}] reparent to OffscreenRoot
05-12 04:41:16.946 I/SurfaceFlinger( 1004): [LayerHierarchy{RequestedLayerState{Surface(name=5094ae5 StatusBar)/@0x21e0a99 - animation-leash of insets_animation#5278} no children}] RelativeParent to null
05-12 04:41:16.946 I/SurfaceFlinger( 1004): [Surface(name=5094ae5 StatusBar)/@0x21e0a99 - animation-leash of insets_animation#5291] attach to parent LayerHierarchy{RequestedLayerState{WindowToken{65f69dc type=2000 android.os.BinderProxy@47f60ae}#97 parentId=17} 1 children}
05-12 04:41:16.946 I/SurfaceFlinger( 1004): [Surface(name=b04eed9 NavigationBar0)/@0xdea2e36 - animation-leash of insets_animation#5292] attach to parent LayerHierarchy{RequestedLayerState{WindowToken{57c1520 type=2019 android.os.BinderProxy@42b2152}#93 parentId=34} 1 children}
05-12 04:41:16.946 I/SurfaceFlinger( 1004): [45e8178 ActivityRecordInputSink com.hyeni.calendar/.MainActivity#5293] attach to parent LayerHierarchy{RequestedLayerState{ActivityRecord{108093622 u0 com.hyeni.calendar/.MainActivity t117}#5287 parentId=5286} 2 children}
05-12 04:41:16.948 D/WifiDisplayAdapter( 1232): isFitToActiveDisplayLocked : false
05-12 04:41:16.949 D/SurfaceComposerClient( 1232): setCornerRadius ## 54d38cb Splash Screen com.hyeni.calendar#5288 cornerRadius=0.000000
05-12 04:41:16.950 D/CompatChangeReporter( 1232): Compat change id reported: 151861875; UID 10092; state: ENABLED
05-12 04:41:16.950 I/WindowManager( 1232): notifyInsetsControlChanged, removed=false, win=Window{54d38cb u0 Splash Screen com.hyeni.calendar}, caller=com.android.server.wm.InsetsStateController$$ExternalSyntheticLambda1.run:137 com.android.server.wm.WindowAnimator$$ExternalSyntheticLambda2.onTransactionCommitted:26 android.view.SurfaceControl$Transaction$$ExternalSyntheticLambda4.run:0 android.os.Handler.handleCallback:995 android.os.Handler.dispatchMessage:103 android.os.Looper.loopOnce:273 
05-12 04:41:16.951 I/.hyeni.calendar( 8105): Late-enabling -Xcheck:jni
05-12 04:41:16.952 I/SurfaceFlinger( 1004): id=5278 Removed Surface(name=5094ae5 StatusBar)/@0x21e0a99 - animation-leash of insets_animation#5278 (139)
05-12 04:41:16.953 I/SurfaceFlinger( 1004): id=5279 Removed Surface(name=b04eed9 NavigationBar0)/@0xdea2e36 - animation-leash of insets_animation#5279 (139)
05-12 04:41:16.953 V/WindowManagerShell( 1899): loadAnimation: anim=android.view.animation.AnimationSet@e522ee5 animAttr=0x13 type=OPEN isEntrance=false
05-12 04:41:16.953 V/WindowManagerShell( 1899):    wallpaperTransit=WALLPAPER_CLOSE translucent=false
05-12 04:41:16.953 V/WindowManagerShell( 1899):    change={m=TO_BACK f=SHOW_WALLPAPER|EDGE_EXTENSION_RESTRICTION leash=Surface(name=Task=1)/@0x778bc98 sb=Rect(0, 0 - 1080, 2340) eb=Rect(0, 0 - 1080, 2340) epz=Point(1080, 2340) d=0 taskParent=-1 inset=Rect(0, 89 - 0, 135)}
05-12 04:41:16.956 V/WindowManagerShell( 1899): loadAnimation: anim=android.view.animation.AnimationSet@e7bd461 animAttr=0x12 type=OPEN isEntrance=true
05-12 04:41:16.956 V/WindowManagerShell( 1899):    wallpaperTransit=WALLPAPER_CLOSE translucent=false
05-12 04:41:16.956 V/WindowManagerShell( 1899):    change={m=OPEN f=NONE leash=Surface(name=Task=117)/@0xe11967b sb=Rect(0, 0 - 1080, 2340) eb=Rect(0, 0 - 1080, 2340) epz=Point(1080, 2340) d=0 taskParent=-1 inset=Rect(0, 89 - 0, 135) dim=true}
05-12 04:41:16.956 I/SurfaceControlRegistry( 1899): apply, t=StartTransaction_SyncId<605>, caller=android.view.SurfaceControl$Transaction.apply:3459 android.view.SurfaceControl$Transaction.apply:3447 android.view.SurfaceControl$Transaction.apply:3397 com.android.wm.shell.transition.DefaultTransitionHandler.startAnimation:3387 com.android.wm.shell.transition.Transitions.dispatchTransition:90 com.android.wm.shell.transition.Transitions.playTransition:774 
05-12 04:41:16.957 V/WindowManagerShell( 1899):  animated by com.android.wm.shell.transition.DefaultTransitionHandler@3f71bce
05-12 04:41:16.957 I/SurfaceFlinger( 1004): RequestedLayer [54d38cb Splash Screen com.hyeni.calendar#5288] hidden!! flag  from(1) --> to(0)
05-12 04:41:16.957 I/SurfaceFlinger( 1004): RequestedLayer [Splash Screen com.hyeni.calendar$_1899#5289] hidden!! flag  from(1) --> to(0)
05-12 04:41:16.957 I/SurfaceFlinger( 1004): RequestedLayer [Task=117#5286] hidden!! flag  from(1) --> to(0)
05-12 04:41:16.957 E/SurfaceFlinger( 1004): alpha changed 1.000 -> 0.000 - Task=117#5286
05-12 04:41:16.957 I/SurfaceFlinger( 1004): RequestedLayer [Transition Root: Task=117#5290] hidden!! flag  from(1) --> to(0)
05-12 04:41:16.957 I/SurfaceFlinger( 1004): RequestedLayer [ActivityRecord{108093622 u0 com.hyeni.calendar/.MainActivity t117}#5287] hidden!! flag  from(1) --> to(0)
05-12 04:41:16.957 I/SurfaceFlinger( 1004): destroyed Surface(name=b04eed9 NavigationBar0)/@0xdea2e36 - animation-leash of insets_animation#5279
05-12 04:41:16.957 I/SurfaceFlinger( 1004): destroyed Surface(name=5094ae5 StatusBar)/@0x21e0a99 - animation-leash of insets_animation#5278
05-12 04:41:16.957 I/SurfaceFlinger( 1004): [LayerHierarchy{RequestedLayerState{Task=1#53 parentId=5290 z=3} 2 children}] reparent to LayerHierarchy{RequestedLayerState{Transition Root: Task=117#5290 parentId=10 z=7} 1 children}
05-12 04:41:16.957 I/SurfaceFlinger( 1004): [LayerHierarchy{RequestedLayerState{Task=117#5286 parentId=5290 z=7} 1 children}] reparent to LayerHierarchy{RequestedLayerState{Transition Root: Task=117#5290 parentId=10 z=7} 2 children}
05-12 04:41:16.958 D/DisplayLifecycle( 1899): updateDisplay id = 0
05-12 04:41:16.958 I/VRI[calendar]@d342968( 1899): onActiveControlsChanged, removed=false, mAdded=true, caller=android.view.ViewRootImpl.handleInsetsControlChanged:3002 android.view.ViewRootImpl$ViewRootHandler.handleMessageImpl:8352 android.view.ViewRootImpl$ViewRootHandler.handleMessage:8301 android.os.Handler.dispatchMessage:110 android.os.Looper.loopOnce:273 
05-12 04:41:16.958 I/InsetsSourceConsumer( 1899): applyRequestedVisibilityToControl: visible=true, type=statusBars, host=Splash Screen com.hyeni.calendar
05-12 04:41:16.959 I/InsetsSourceConsumer( 1899): applyRequestedVisibilityToControl: visible=true, type=navigationBars, host=Splash Screen com.hyeni.calendar
05-12 04:41:16.960 I/Layer   ( 1004): id=5279 Destroyed Surface(name=b04eed9 NavigationBar0)/@0xdea2e36 - animation-leash of insets_animation#5279
05-12 04:41:16.960 I/Layer   ( 1004): id=5278 Destroyed Surface(name=5094ae5 StatusBar)/@0x21e0a99 - animation-leash of insets_animation#5278
05-12 04:41:16.960 I/HoneySpace.RecentTasks( 2350): onRunningTaskAppeared
05-12 04:41:16.960 I/HoneySpace.RecentTasks( 2350): onRecentTasksChanged
05-12 04:41:16.961 I/EventHub( 1232): Removing device Monkey touch due to epoll hang-up event.
05-12 04:41:16.961 I/EventHub( 1232): Removed device: path=/dev/input/event8 name=Monkey touch id=36 fd=807 classes=TOUCH | TOUCH_MT
05-12 04:41:16.963 D/SurfaceComposerClient( 1899): setCornerRadius ## Task=117#5286 cornerRadius=118.000000
05-12 04:41:16.963 D/SurfaceComposerClient( 1899): setCornerRadius ## Task=117#5286 cornerRadius=118.000000
05-12 04:41:16.966 D/Zygote  (  893): Forked child process 8106
05-12 04:41:16.970 I/ActivityManager( 1232): Changes in 10254 19 to 8, 0 to 128
05-12 04:41:16.971 I/ActivityManager( 1232): Start proc 8106:com.samsung.mfcontents/u0a92 for service {com.samsung.mfcontents/com.samsung.mfcontents.scheduler.MFCJobService}
05-12 04:41:16.971 I/ActivityManager( 1232): ProcessObserver broadcast disabled
05-12 04:41:16.971 I/InputReader( 1232): Device removed: id=34, eventHubId=36, name='Monkey touch', descriptor='e1fe28b90f915c7d1febbd52c1ef84b3c4cbed9f', sources=TOUCHSCREEN
05-12 04:41:16.972 D/SurfaceComposerClient( 1899): setCornerRadius ## Task=117#5286 cornerRadius=118.000000
05-12 04:41:16.976 I/SLPASVC ( 7661): onStartJob                                                                                          [at com.samsung.euicc.lpaService.NotificationJobService.onStartJob(NotificationJobService.java:17)]
05-12 04:41:16.977 I/SLPASVC ( 7661): start NotificationService                                                                           [at com.samsung.euicc.lpaService.NotificationJobService.onStartJob(NotificationJobService.java:27)]
05-12 04:41:16.977 W/ContextImpl( 7661): Calling a method in the system process without a qualified user: android.app.ContextImpl.startService:2068 android.content.ContextWrapper.startService:872 com.samsung.euicc.lpaService.NotificationJobService.onStartJob:28 android.app.job.JobService$1.onStartJob:118 android.app.job.JobServiceEngine$JobHandler.handleMessage:169 
05-12 04:41:16.978 I/Finsky  ( 4883): [2] SCH: job service start with id 9970.
05-12 04:41:16.980 D/SurfaceComposerClient( 1899): setCornerRadius ## Task=117#5286 cornerRadius=118.000000
05-12 04:41:16.981 I/sung.mfcontents( 8106): Using CollectorTypeCMC GC.
05-12 04:41:16.982 E/SurfaceFlinger( 1004): alpha changed 0.000 -> 0.090 - Task=117#5286
05-12 04:41:16.984 D/Navbar.Store( 1899): handleEvent(0) OnRotationLockedChanged(rotationLocked=false) [Module] NavBarStoreImpl
05-12 04:41:16.986 D/SettingsHelper( 1899): onChange() COMPLETED elapsed= 0
05-12 04:41:16.986 D/SRotationLockTile( 1899):  OnChangedCallback : 
05-12 04:41:16.986 I/.hyeni.calendar( 8105): Using CollectorTypeCMC GC.
05-12 04:41:16.987 E/sung.mfcontents( 8106): Not starting debugger since process cannot load the jdwp agent.
05-12 04:41:16.987 E/CompositionEngine( 1004): [Wallpaper BBQ wrapper 5_system#92] Invalid device requested composition type change: Device (2) --> Device (2)
05-12 04:41:16.987 E/CompositionEngine( 1004): [com.sec.android.app.launcher/com.sec.android.app.launcher.activities.LauncherActivity$_2350#5277] Invalid device requested composition type change: Device (2) --> Device (2)
05-12 04:41:16.987 E/CompositionEngine( 1004): [Splash Screen com.hyeni.calendar$_1899#5289] Invalid device requested composition type change: Client (1) --> Client (1)
05-12 04:41:16.987 E/CompositionEngine( 1004): [StatusBar$_1899#103] Invalid device requested composition type change: Device (2) --> Device (2)
05-12 04:41:16.987 E/CompositionEngine( 1004): [com.sec.android.app.launcher/com.samsung.app.honeyspace.edge.edgepanel.app.CocktailBarService$_2350#5258] Invalid device requested composition type change: Device (2) --> Device (2)
05-12 04:41:16.987 E/CompositionEngine( 1004): [NavigationBar0$_1899#101] Invalid device requested composition type change: Device (2) --> Device (2)
05-12 04:41:16.987 E/CompositionEngine( 1004): [ScreenDecorHwcOverlay$_1899#107] Invalid device requested composition type change: DisplayDecoration (6) --> DisplayDecoration (6)
05-12 04:41:16.989 D/SRotationLockTile( 1899):  mRotationLocked: false handleUpdateState: true orientation = true
05-12 04:41:16.989 I/SLPASVC ( 7661): onStartCommand()                                                                                    [at com.samsung.euicc.lpaService.NotificationService.onStartCommand(NotificationService.java:42)]
05-12 04:41:16.989 D/SurfaceComposerClient( 1899): setCornerRadius ## Task=117#5286 cornerRadius=118.000000
05-12 04:41:16.992 I/adbd    ( 7043): jdwp connection from 8105
05-12 04:41:16.992 I/SLPASVC ( 7661): +sendNotifications                                                                                  [at com.samsung.euicc.lpaService.NotificationService$NotificationHandler.sendNotifications(NotificationService$NotificationHandler.java:68)]
05-12 04:41:16.993 I/SLPASVC ( 7661): -sendNotifications                                                                                  [at com.samsung.euicc.lpaService.NotificationService$NotificationHandler.sendNotifications(NotificationService$NotificationHandler.java:78)]
05-12 04:41:16.994 D/SurfaceFlinger( 1004): Display 4633128672291735939 HWC layers:
05-12 04:41:16.994 D/SurfaceFlinger( 1004):        DEVICE |            8156142895112 | 00000100 | RGBA_8888    |    0.0    0.0 1080.0 2340.0 |    0    0 1080 2340 | Wallpaper BBQ wrapper 5_system#92 (1)
05-12 04:41:16.994 D/SurfaceFlinger( 1004):        DEVICE |           10093173146850 | 00002100 | RGBA_8888    |    0.0    0.0 1080.0 2340.0 |    0    0 1080 2340 | com.sec.android.app.launcher/com.sec[...]tivities.LauncherActivity$_2350#5277 (40)
05-12 04:41:16.994 D/SurfaceFlinger( 1004):        CLIENT |            8156142970182 | 00002100 | RGBA_8888    |    0.0    0.0 1080.0 2340.0 |   78  170 1002 2170 | Splash Screen com.hyeni.calendar$_1899#5289 (1)
05-12 04:41:16.994 D/SurfaceFlinger( 1004):        DEVICE |            8156142970175 | 00002100 | RGBA_8888    |    0.0    0.0 1080.0   89.0 |    0    0 1080   89 | StatusBar$_1899#103 (17297)
05-12 04:41:16.994 D/SurfaceFlinger( 1004):        DEVICE |           10093173146846 | 00002100 | RGBA_8888    |    0.0    0.0   67.0  342.0 | 1013  438 1080  780 | com.sec.android.app.launcher/com.sam[...]el.app.CocktailBarService$_2350#5258 (1)
05-12 04:41:16.994 D/SurfaceFlinger( 1004):        DEVICE |            8156142970171 | 00002100 | RGBA_8888    |    0.0    0.0 1080.0  135.0 | 
05-12 04:41:16.994 D/SurfaceFlinger( 1004):    0 2205 1080 2340 | NavigationBar0$_1899#101 (8629)
05-12 04:41:16.994 D/SurfaceFlinger( 1004):  DISPLAY_DECO |            8156142969894 | 00002340 | 0x0000038    |    0.0    0.0 1080.0 2340.0 |    0    0 1080 2340 | ScreenDecorHwcOverlay$_1899#107 (19)
05-12 04:41:16.994 D/SurfaceFlinger( 1004): 
05-12 04:41:16.994 D/NativeSemDvfsManager( 1004): acquire:: timeout = 2000 mIsAcquired = 1  mTagName : SurfaceFlinger 
05-12 04:41:16.995 I/SLPASVC ( 7661): +onDestroy(): Handler (com.samsung.euicc.lpaService.NotificationService$NotificationHandler) {cc729da}[at com.samsung.euicc.lpaService.NotificationService.onDestroy(NotificationService.java:25)]
05-12 04:41:16.995 E/NativeCustomFrequencyManager( 1004): [NativeCFMS] BpCustomFrequencyManager::acquire()
05-12 04:41:16.995 D/SRotationLockTile( 1899):  mRotationLocked: false handleUpdateState: true orientation = true
05-12 04:41:16.995 I/SLPASVC ( 7661): -onDestroy()                                                                                        [at com.samsung.euicc.lpaService.NotificationService.onDestroy(NotificationService.java:31)]
05-12 04:41:16.997 D/SurfaceFlinger( 1004): GPIS:: requestGpisForClientComposition
05-12 04:41:16.997 D/nativeloader( 8105): Load libframework-connectivity-tiramisu-jni.so using APEX ns com_android_tethering for caller /apex/com.android.tethering/javalib/framework-connectivity-t.jar: ok
05-12 04:41:16.997 I/HYPER-HAL(  935): [RequestManager.cpp]acquire(): Acquired ID : 2010010  [1004 / 1000]    HINT : SF_GPU_MINLOCK    list : [TIMEOUT / 2000] 
05-12 04:41:16.997 E/CompositionEngine( 1004): [Wallpaper BBQ wrapper 5_system#92] Invalid device requested composition type change: Device (2) --> Device (2)
05-12 04:41:16.997 E/CompositionEngine( 1004): [com.sec.android.app.launcher/com.sec.android.app.launcher.activities.LauncherActivity$_2350#5277] Invalid device requested composition type change: Device (2) --> Device (2)
05-12 04:41:16.997 E/CompositionEngine( 1004): [Splash Screen com.hyeni.calendar$_1899#5289] Invalid device requested composition type change: Client (1) --> Client (1)
05-12 04:41:16.997 E/CompositionEngine( 1004): [StatusBar$_1899#103] Invalid device requested composition type change: Device (2) --> Device (2)
05-12 04:41:16.997 E/CompositionEngine( 1004): [com.sec.android.app.launcher/com.samsung.app.honeyspace.edge.edgepanel.app.CocktailBarService$_2350#5258] Invalid device requested composition type change: Device (2) --> Device (2)
05-12 04:41:16.997 E/CompositionEngine( 1004): [NavigationBar0$_1899#101] Invalid device requested composition type change: Device (2) --> Device (2)
05-12 04:41:16.997 E/CompositionEngine( 1004): [ScreenDecorHwcOverlay$_1899#107] Invalid device requested composition type change: DisplayDecoration (6) --> DisplayDecoration (6)
05-12 04:41:16.999 D/SurfaceComposerClient( 1899): setCornerRadius ## Task=117#5286 cornerRadius=118.000000
05-12 04:41:17.001 D/ActivityThread( 8105): setConscryptValidator
05-12 04:41:17.001 D/ActivityThread( 8105): setConscryptValidator - put
05-12 04:41:17.004 E/CompositionEngine( 1004): [Wallpaper BBQ wrapper 5_system#92] Invalid device requested composition type change: Device (2) --> Device (2)
05-12 04:41:17.004 E/CompositionEngine( 1004): [com.sec.android.app.launcher/com.sec.android.app.launcher.activities.LauncherActivity$_2350#5277] Invalid device requested composition type change: Device (2) --> Device (2)
05-12 04:41:17.004 E/CompositionEngine( 1004): [Splash Screen com.hyeni.calendar$_1899#5289] Invalid device requested composition type change: Client (1) --> Client (1)
05-12 04:41:17.004 E/CompositionEngine( 1004): [StatusBar$_1899#103] Invalid device requested composition type change: Device (2) --> Device (2)
05-12 04:41:17.004 E/CompositionEngine( 1004): [com.sec.android.app.launcher/com.samsung.app.honeyspace.edge.edgepanel.app.CocktailBarService$_2350#5258] Invalid device requested composition type change: Device (2) --> Device (2)
05-12 04:41:17.004 E/CompositionEngine( 1004): [NavigationBar0$_1899#101] Invalid device requested composition type change: Device (2) --> Device (2)
05-12 04:41:17.004 E/CompositionEngine( 1004): [ScreenDecorHwcOverlay$_1899#107] Invalid device requested composition type change: DisplayDecoration (6) --> DisplayDecoration (6)
05-12 04:41:17.005 E/WindowManager( 1232): Display reconfigured outside of a transition: Display{#0 state=ON size=1080x2340 ROTATION_0}
05-12 04:41:17.006 D/SurfaceComposerClient( 1899): setCornerRadius ## Task=117#5286 cornerRadius=118.000000
05-12 04:41:17.006 D/TspStateManager( 1232): updateCustomValue customSetting=
05-12 04:41:17.007 I/HoneySpace.InputDeviceSourceRepositoryImpl( 2350): onInputDeviceRemoved 34
05-12 04:41:17.007 I/HoneySpace.InputDeviceSourceRepositoryImpl( 2350): onInputDeviceRemoved 34
05-12 04:41:17.007 I/HoneySpace.InputDeviceSourceRepositoryImpl( 2350): onInputDeviceRemoved 34
05-12 04:41:17.008 E/CompositionEngine( 1004): [Wallpaper BBQ wrapper 5_system#92] Invalid device requested composition type change: Device (2) --> Device (2)
05-12 04:41:17.008 E/CompositionEngine( 1004): [com.sec.android.app.launcher/com.sec.android.app.launcher.activities.LauncherActivity$_2350#5277] Invalid device requested composition type change: Device (2) --> Device (2)
05-12 04:41:17.008 E/CompositionEngine( 1004): [Splash Screen com.hyeni.calendar$_1899#5289] Invalid device requested composition type change: Client (1) --> Client (1)
05-12 04:41:17.008 E/CompositionEngine( 1004): [StatusBar$_1899#103] Invalid device requested composition type change: Device (2) --> Device (2)
05-12 04:41:17.008 E/CompositionEngine( 1004): [com.sec.android.app.launcher/com.samsung.app.honeyspace.edge.edgepanel.app.CocktailBarService$_2350#5258] Invalid device requested composition type change: Device (2) --> Device (2)
05-12 04:41:17.008 E/CompositionEngine( 1004): [NavigationBar0$_1899#101] Invalid device requested composition type change: Device (2) --> Device (2)
05-12 04:41:17.008 E/CompositionEngine( 1004): [ScreenDecorHwcOverlay$_1899#107] Invalid device requested composition type change: DisplayDecoration (6) --> DisplayDecoration (6)
05-12 04:41:17.009 I/EventHub( 1232): Removing device '/dev/input/event8' due to inotify event
05-12 04:41:17.010 I/HBD     (12566): b isPhysicalKeyboard() isPhysicalKeyboard false: deviceId=-1, isVirtual=true, keyboardType=2, isKeyboardTypedMouse=false 
05-12 04:41:17.010 I/HBD     (12566): b isPhysicalKeyboard() isPhysicalKeyboard false: deviceId=2, isVirtual=false, keyboardType=1, isKeyboardTypedMouse=false 
05-12 04:41:17.010 I/HBD     (12566): b isPhysicalKeyboard() isPhysicalKeyboard false: deviceId=3, isVirtual=false, keyboardType=1, isKeyboardTypedMouse=false 
05-12 04:41:17.010 I/HBD     (12566): b isPhysicalKeyboard() isPhysicalKeyboard false: deviceId=4, isVirtual=false, keyboardType=1, isKeyboardTypedMouse=false 
05-12 04:41:17.010 I/HBD     (12566): b isPhysicalKeyboard() isPhysicalKeyboard false: deviceId=5, isVirtual=false, keyboardType=0, isKeyboardTypedMouse=false 
05-12 04:41:17.010 I/HBD     (12566): b isPhysicalKeyboard() isPhysicalKeyboard false: deviceId=6, isVirtual=false, keyboardType=1, isKeyboardTypedMouse=false 
05-12 04:41:17.010 I/HBD     (12566): b currentConnectionState : false 
05-12 04:41:17.010 I/ActivityManager( 1232): Changes in 10340 19 to 2, 0 to 255
05-12 04:41:17.012 I/Finsky  ( 4883): [162] SCH: Satisfied jobs for 9970 are: 12-1
05-12 04:41:17.012 I/HoneySpace.RecentscreenPot( 2350): createLayoutStyle: PhoneLayoutStyle(ScreenLayoutStyle(insets=Insets{left=0, top=89, right=0, bottom=135}))
05-12 04:41:17.013 I/HoneySpace.TaskListPot[f25511f]( 2350): navigationButtonVisible observe: 8
05-12 04:41:17.013 I/HoneySpace.TaskListContainerView( 2350): isLastItemOutOfScreen null
05-12 04:41:17.013 I/HoneySpace.TaskListContainerView( 2350): updateNavigationButtonVisible gone
05-12 04:41:17.013 D/SurfaceComposerClient( 1899): setCornerRadius ## Task=117#5286 cornerRadius=118.000000
05-12 04:41:17.014 D/PkgPredictorService-SecIpmManagerServiceImpl( 1232): onForegroundActivitiesChanged pid:8105 uid:10340
05-12 04:41:17.014 I/Finsky  ( 4883): [161] SCH: Job 12-1 starting
05-12 04:41:17.014 I/Finsky  ( 4883): [2] WM::SCH: Logging work start for 12-1
05-12 04:41:17.014 D/SGM:GameManager( 1232): identifyForegroundApp. com.sec.android.app.launcher, mCurrentUserId: 0, callerUserId: 0
05-12 04:41:17.015 D/BackgroundInstallControlService( 1232): Package event received: 0
05-12 04:41:17.015 I/Finsky  ( 4883): [2] [ContentSync] job started
05-12 04:41:17.016 D/SGM:SemGameManager( 1232): isForegroundGame(), ret=false
05-12 04:41:17.016 D/SGM:GameManager( 1232): identifyForegroundApp. com.sec.android.app.launcher, mCurrentUserId: 0, callerUserId: 0
05-12 04:41:17.016 D/SGM:SemGameManager( 1232): isForegroundGame(), ret=false
05-12 04:41:17.016 D/NetworkPolicy( 1232): already checked 10340
05-12 04:41:17.016 V/NetworkPolicy( 1232): getFirewallRuleWifi UID:10340 policy:0
05-12 04:41:17.019 I/bxmb    ( 6984): onPause
05-12 04:41:17.019 E/CompositionEngine( 1004): [Wallpaper BBQ wrapper 5_system#92] Invalid device requested composition type change: Device (2) --> Device (2)
05-12 04:41:17.019 E/CompositionEngine( 1004): [com.sec.android.app.launcher/com.sec.android.app.launcher.activities.LauncherActivity$_2350#5277] Invalid device requested composition type change: Device (2) --> Device (2)
05-12 04:41:17.019 E/CompositionEngine( 1004): [Splash Screen com.hyeni.calendar$_1899#5289] Invalid device requested composition type change: Client (1) --> Client (1)
05-12 04:41:17.019 E/CompositionEngine( 1004): [StatusBar$_1899#103] Invalid device requested composition type change: Device (2) --> Device (2)
05-12 04:41:17.019 E/CompositionEngine( 1004): [com.sec.android.app.launcher/com.samsung.app.honeyspace.edge.edgepanel.app.CocktailBarService$_2350#5258] Invalid device requested composition type change: Device (2) --> Device (2)
05-12 04:41:17.019 E/CompositionEngine( 1004): [NavigationBar0$_1899#101] Invalid device requested composition type change: Device (2) --> Device (2)
05-12 04:41:17.019 E/CompositionEngine( 1004): [ScreenDecorHwcOverlay$_1899#107] Invalid device requested composition type change: DisplayDecoration (6) --> DisplayDecoration (6)
05-12 04:41:17.020 I/HoneySpace.RecentTasks( 2350): onRecentTasksChanged
05-12 04:41:17.021 I/SDHMS:k ( 3129): onTaskStackChanged
05-12 04:41:17.022 D/SurfaceComposerClient( 1899): setCornerRadius ## Task=117#5286 cornerRadius=118.000000
05-12 04:41:17.023 E/CompositionEngine( 1004): [Wallpaper BBQ wrapper 5_system#92] Invalid device requested composition type change: Device (2) --> Device (2)
05-12 04:41:17.023 E/CompositionEngine( 1004): [com.sec.android.app.launcher/com.sec.android.app.launcher.activities.LauncherActivity$_2350#5277] Invalid device requested composition type change: Device (2) --> Device (2)
05-12 04:41:17.023 E/CompositionEngine( 1004): [Splash Screen com.hyeni.calendar$_1899#5289] Invalid device requested composition type change: Client (1) --> Client (1)
05-12 04:41:17.023 E/CompositionEngine( 1004): [StatusBar$_1899#103] Invalid device requested composition type change: Device (2) --> Device (2)
05-12 04:41:17.023 E/CompositionEngine( 1004): [com.sec.android.app.launcher/com.samsung.app.honeyspace.edge.edgepanel.app.CocktailBarService$_2350#5258] Invalid device requested composition type change: Device (2) --> Device (2)
05-12 04:41:17.023 E/CompositionEngine( 1004): [NavigationBar0$_1899#101] Invalid device requested composition type change: Device (2) --> Device (2)
05-12 04:41:17.023 E/CompositionEngine( 1004): [ScreenDecorHwcOverlay$_1899#107] Invalid device requested composition type change: DisplayDecoration (6) --> DisplayDecoration (6)
05-12 04:41:17.030 D/SurfaceComposerClient( 1899): setCornerRadius ## Task=117#5286 cornerRadius=118.000000
05-12 04:41:17.031 I/SDHMS:k ( 3129): no app is Resumed!!! mResumedPackages.size = 0
05-12 04:41:17.031 I/SDHMS:x ( 3129): SIOP:: AP:267 BAT:265 USB:269 CHG:273 PA:265 WIFI:267 CF:265 BLK:0 SUBBAT:0 SKIN:282 SKINF:279 SKINB:282 LRP2:282 LRF2:279 LRB2:282 AP2:282 CHG2:282 MEM2:282 WIFI2:281 RCV2:280 SPK2:280 UPSPK:263 DNSPK:265 VAP:264 AVGCUR:-2 AVGSYS:0 POWER:-8
05-12 04:41:17.031 D/ApplicationLoaders( 8105): Returning zygote-cached class loader: /system_ext/framework/androidx.window.extensions.jar
05-12 04:41:17.031 D/ApplicationLoaders( 8105): Returning zygote-cached class loader: /system_ext/framework/androidx.window.sidecar.jar
05-12 04:41:17.035 E/CompositionEngine( 1004): [Wallpaper BBQ wrapper 5_system#92] Invalid device requested composition type change: Device (2) --> Device (2)
05-12 04:41:17.035 E/CompositionEngine( 1004): [com.sec.android.app.launcher/com.sec.android.app.launcher.activities.LauncherActivity$_2350#5277] Invalid device requested composition type change: Device (2) --> Device (2)
05-12 04:41:17.035 E/CompositionEngine( 1004): [Splash Screen com.hyeni.calendar$_1899#5289] Invalid device requested composition type change: Client (1) --> Client (1)
05-12 04:41:17.035 E/CompositionEngine( 1004): [StatusBar$_1899#103] Invalid device requested composition type change: Device (2) --> Device (2)
05-12 04:41:17.035 E/CompositionEngine( 1004): [com.sec.android.app.launcher/com.samsung.app.honeyspace.edge.edgepanel.app.CocktailBarService$_2350#5258] Invalid device requested composition type change: Device (2) --> Device (2)
05-12 04:41:17.035 E/CompositionEngine( 1004): [NavigationBar0$_1899#101] Invalid device requested composition type change: Device (2) --> Device (2)
05-12 04:41:17.035 E/CompositionEngine( 1004): [ScreenDecorHwcOverlay$_1899#107] Invalid device requested composition type change: DisplayDecoration (6) --> DisplayDecoration (6)
05-12 04:41:17.040 E/CompositionEngine( 1004): [Wallpaper BBQ wrapper 5_system#92] Invalid device requested composition type change: Device (2) --> Device (2)
05-12 04:41:17.040 E/CompositionEngine( 1004): [com.sec.android.app.launcher/com.sec.android.app.launcher.activities.LauncherActivity$_2350#5277] Invalid device requested composition type change: Device (2) --> Device (2)
05-12 04:41:17.040 E/CompositionEngine( 1004): [Splash Screen com.hyeni.calendar$_1899#5289] Invalid device requested composition type change: Client (1) --> Client (1)
05-12 04:41:17.040 E/CompositionEngine( 1004): [StatusBar$_1899#103] Invalid device requested composition type change: Device (2) --> Device (2)
05-12 04:41:17.040 E/CompositionEngine( 1004): [com.sec.android.app.launcher/com.samsung.app.honeyspace.edge.edgepanel.app.CocktailBarService$_2350#5258] Invalid device requested composition type change: Device (2) --> Device (2)
05-12 04:41:17.040 E/CompositionEngine( 1004): [NavigationBar0$_1899#101] Invalid device requested composition type change: Device (2) --> Device (2)
05-12 04:41:17.040 E/CompositionEngine( 1004): [ScreenDecorHwcOverlay$_1899#107] Invalid device requested composition type change: DisplayDecoration (6) --> DisplayDecoration (6)
05-12 04:41:17.040 D/SurfaceComposerClient( 1899): setCornerRadius ## Task=117#5286 cornerRadius=118.000000
05-12 04:41:17.048 D/SurfaceComposerClient( 1899): setCornerRadius ## Task=117#5286 cornerRadius=118.000000
05-12 04:41:17.048 I/ActivityManager( 1232): Changes in 10092 19 to 8, 0 to 128
05-12 04:41:17.052 E/CompositionEngine( 1004): [Wallpaper BBQ wrapper 5_system#92] Invalid device requested composition type change: Device (2) --> Device (2)
05-12 04:41:17.052 E/CompositionEngine( 1004): [com.sec.android.app.launcher/com.sec.android.app.launcher.activities.LauncherActivity$_2350#5277] Invalid device requested composition type change: Device (2) --> Device (2)
05-12 04:41:17.052 E/CompositionEngine( 1004): [Splash Screen com.hyeni.calendar$_1899#5289] Invalid device requested composition type change: Client (1) --> Client (1)
05-12 04:41:17.052 E/CompositionEngine( 1004): [StatusBar$_1899#103] Invalid device requested composition type change: Device (2) --> Device (2)
05-12 04:41:17.052 E/CompositionEngine( 1004): [com.sec.android.app.launcher/com.samsung.app.honeyspace.edge.edgepanel.app.CocktailBarService$_2350#5258] Invalid device requested composition type change: Device (2) --> Device (2)
05-12 04:41:17.052 E/CompositionEngine( 1004): [NavigationBar0$_1899#101] Invalid device requested composition type change: Device (2) --> Device (2)
05-12 04:41:17.052 E/CompositionEngine( 1004): [ScreenDecorHwcOverlay$_1899#107] Invalid device requested composition type change: DisplayDecoration (6) --> DisplayDecoration (6)
05-12 04:41:17.053 I/MFContents.Core( 8106): AmMFC created! with v2.1.1
05-12 04:41:17.055 D/SurfaceComposerClient( 1899): setCornerRadius ## Task=117#5286 cornerRadius=118.000000
05-12 04:41:17.060 E/CompositionEngine( 1004): [Wallpaper BBQ wrapper 5_system#92] Invalid device requested composition type change: Device (2) --> Device (2)
05-12 04:41:17.060 E/CompositionEngine( 1004): [com.sec.android.app.launcher/com.sec.android.app.launcher.activities.LauncherActivity$_2350#5277] Invalid device requested composition type change: Device (2) --> Device (2)
05-12 04:41:17.060 E/CompositionEngine( 1004): [Splash Screen com.hyeni.calendar$_1899#5289] Invalid device requested composition type change: Client (1) --> Client (1)
05-12 04:41:17.060 E/CompositionEngine( 1004): [StatusBar$_1899#103] Invalid device requested composition type change: Device (2) --> Device (2)
05-12 04:41:17.060 E/CompositionEngine( 1004): [com.sec.android.app.launcher/com.samsung.app.honeyspace.edge.edgepanel.app.CocktailBarService$_2350#5258] Invalid device requested composition type change: Device (2) --> Device (2)
05-12 04:41:17.060 E/CompositionEngine( 1004): [NavigationBar0$_1899#101] Invalid device requested composition type change: Device (2) --> Device (2)
05-12 04:41:17.060 E/CompositionEngine( 1004): [ScreenDecorHwcOverlay$_1899#107] Invalid device requested composition type change: DisplayDecoration (6) --> DisplayDecoration (6)
05-12 04:41:17.065 E/CompositionEngine( 1004): [Wallpaper BBQ wrapper 5_system#92] Invalid device requested composition type change: Device (2) --> Device (2)
05-12 04:41:17.065 E/CompositionEngine( 1004): [com.sec.android.app.launcher/com.sec.android.app.launcher.activities.LauncherActivity$_2350#5277] Invalid device requested composition type change: Device (2) --> Device (2)
05-12 04:41:17.065 E/CompositionEngine( 1004): [Splash Screen com.hyeni.calendar$_1899#5289] Invalid device requested composition type change: Client (1) --> Client (1)
05-12 04:41:17.065 E/CompositionEngine( 1004): [StatusBar$_1899#103] Invalid device requested composition type change: Device (2) --> Device (2)
05-12 04:41:17.065 E/CompositionEngine( 1004): [com.sec.android.app.launcher/com.samsung.app.honeyspace.edge.edgepanel.app.CocktailBarService$_2350#5258] Invalid device requested composition type change: Device (2) --> Device (2)
05-12 04:41:17.065 E/CompositionEngine( 1004): [NavigationBar0$_1899#101] Invalid device requested composition type change: Device (2) --> Device (2)
05-12 04:41:17.065 E/CompositionEngine( 1004): [ScreenDecorHwcOverlay$_1899#107] Invalid device requested composition type change: DisplayDecoration (6) --> DisplayDecoration (6)
05-12 04:41:17.066 D/SurfaceComposerClient( 1899): setCornerRadius ## Task=117#5286 cornerRadius=118.000000
05-12 04:41:17.072 D/QSClock ( 1899): onDarkChanged tint=DARK
05-12 04:41:17.073 E/CompositionEngine( 1004): [Wallpaper BBQ wrapper 5_system#92] Invalid device requested composition type change: Device (2) --> Device (2)
05-12 04:41:17.073 E/CompositionEngine( 1004): [com.sec.android.app.launcher/com.sec.android.app.launcher.activities.LauncherActivity$_2350#5277] Invalid device requested composition type change: Device (2) --> Device (2)
05-12 04:41:17.073 E/CompositionEngine( 1004): [Splash Screen com.hyeni.calendar$_1899#5289] Invalid device requested composition type change: Client (1) --> Client (1)
05-12 04:41:17.073 E/CompositionEngine( 1004): [StatusBar$_1899#103] Invalid device requested composition type change: Device (2) --> Device (2)
05-12 04:41:17.073 E/CompositionEngine( 1004): [com.sec.android.app.launcher/com.samsung.app.honeyspace.edge.edgepanel.app.CocktailBarService$_2350#5258] Invalid device requested composition type change: Device (2) --> Device (2)
05-12 04:41:17.073 E/CompositionEngine( 1004): [NavigationBar0$_1899#101] Invalid device requested composition type change: Device (2) --> Device (2)
