05-12 04:51:41.316 E/CompositionEngine( 1004): [NavigationBar0$_1899#101] Invalid device requested composition type change: Device (2) --> Device (2)
05-12 04:51:41.316 E/CompositionEngine( 1004): [ScreenDecorHwcOverlay$_1899#107] Invalid device requested composition type change: DisplayDecoration (6) --> DisplayDecoration (6)
05-12 04:51:41.320 D/SurfaceFlinger( 1004): Display 4633128672291735939 HWC layers:
05-12 04:51:41.320 D/SurfaceFlinger( 1004):        DEVICE |            8156142895112 | 00000100 | RGBA_8888    |    0.0    0.0 1080.0 2340.0 |    0    0 1080 2340 | Wallpaper BBQ wrapper 5_system#92 (1)
05-12 04:51:41.320 D/SurfaceFlinger( 1004):        DEVICE |            8156142970192 | 00002100 | RGBA_8888    |    0.0    0.0 1080.0 2340.0 |    0    0 1080 2340 | Splash Screen com.hyeni.calendar$_1899#5313 (1)
05-12 04:51:41.320 D/SurfaceFlinger( 1004):        DEVICE |            8156142970161 | 00002100 | RGBA_8888    |    0.0    0.0 1080.0   89.0 |    0    0 1080   89 | StatusBar$_1899#103 (17456)
05-12 04:51:41.320 D/SurfaceFlinger( 1004):        DEVICE |           10093173146846 | 00002100 | RGBA_8888    |    0.0    0.0   67.0  342.0 | 1013  438 1080  780 | com.sec.android.app.launcher/com.sam[...]el.app.CocktailBarService$_2350#5258 (1)
05-12 04:51:41.320 D/SurfaceFlinger( 1004):        DEVICE |            8156142970159 | 00002100 | RGBA_8888    |    0.0    0.0 1080.0  135.0 |    0 2205 1080 2340 | NavigationBar0$_1899#101 (8672)
05-12 04:51:41.320 D/SurfaceFlinger( 1004):  DISPLAY_DECO |            8156142969894 | 00002340 | 0x0000038    |    0.0    0.0 1080.0 2340.0 |    0    0 1080 2340 | ScreenDecorHwcOverlay$_1899#1
05-12 04:51:41.320 D/SurfaceFlinger( 1004): 07 (19)
05-12 04:51:41.320 D/SurfaceFlinger( 1004): 
05-12 04:51:41.320 I/WindowManager( 1232): Relayout Window{70766f4 u0 com.sec.android.app.launcher/com.sec.android.app.launcher.activities.LauncherActivity}: viewVisibility=8 req=1080x2340 ty=1 d0
05-12 04:51:41.321 D/SurfaceComposerClient( 1232): setCornerRadius ## de42fa5 Splash Screen com.hyeni.calendar#5312 cornerRadius=0.000000
05-12 04:51:41.321 I/SurfaceFlinger( 1004): RequestedLayer [com.sec.android.app.launcher/com.sec[...]tivities.LauncherActivity$_2350#5301] hidden!! flag  from(0) --> to(1)
05-12 04:51:41.321 I/SurfaceFlinger( 1004): RequestedLayer [com.android.systemui.wallpapers.ImageWallpaper$_1899#91] hidden!! flag  from(0) --> to(1)
05-12 04:51:41.321 I/SurfaceFlinger( 1004): RequestedLayer [WallpaperWindowToken{9b2eb4b showWhenLocked=false}#84] hidden!! flag  from(0) --> to(1)
05-12 04:51:41.321 I/SurfaceFlinger( 1004): RequestedLayer [ActivityRecord{241159848 u0 com.sec.[...]activities.LauncherActivity t16}#112] hidden!! flag  from(0) --> to(1)
05-12 04:51:41.321 I/SurfaceFlinger( 1004): RequestedLayer [Task=16#111] hidden!! flag  from(0) --> to(1)
05-12 04:51:41.321 D/SurfaceComposerClient( 1232): setCornerRadius ## de42fa5 Splash Screen com.hyeni.calendar#5312 cornerRadius=0.000000
05-12 04:51:41.321 I/SurfaceFlinger( 1004): destroyed Transition Root: Task=118#5314
05-12 04:51:41.322 I/WindowManager( 1232): Relayout hash=70766f4, pid=2350, syncId=-1: mAttrs={(0,0)(fillxfill) sim={adjust=nothing} layoutInDisplayCutoutMode=always ty=BASE_APPLICATION fmt=TRANSPARENT wanim=0x1030306
05-12 04:51:41.322 I/WindowManager( 1232):   fl=81910100
05-12 04:51:41.322 I/WindowManager( 1232):   pfl=10008840
05-12 04:51:41.322 I/WindowManager( 1232):   bhv=2
05-12 04:51:41.322 I/WindowManager( 1232):   fitSides=0
05-12 04:51:41.322 I/WindowManager( 1232):   frameRateBoostOnTouch=true
05-12 04:51:41.322 I/WindowManager( 1232):   dvrrWindowFrameRateHint=true screenDimDuration=200000 naviIconColor=0}
05-12 04:51:41.322 D/DisplayLifecycle( 1899): updateDisplay id = 0
05-12 04:51:41.323 I/Layer   ( 1004): id=5314 Destroyed Transition Root: Task=118#5314
05-12 04:51:41.323 D/StackScroller( 1899): onDisplayChanged for predraw skip to 2
05-12 04:51:41.323 I/VRI[LauncherActivity]@6fa98b1( 2350): Relayout returned: old=(0,0,1080,2340) new=(0,0,1080,2340) relayoutAsync=false req=(1080,2340)8 dur=3 res=0x2 s={false 0x0} ch=true seqId=0
05-12 04:51:41.323 D/WifiDisplayAdapter( 1232): isFitToActiveDisplayLocked : false
05-12 04:51:41.324 D/SurfaceComposerClient( 1232): setCornerRadius ## de42fa5 Splash Screen com.hyeni.calendar#5312 cornerRadius=0.000000
05-12 04:51:41.325 E/CompositionEngine( 1004): [Splash Screen com.hyeni.calendar$_1899#5313] Invalid device requested composition type change: Device (2) --> Device (2)
05-12 04:51:41.325 E/CompositionEngine( 1004): [StatusBar$_1899#103] Invalid device requested composition type change: Device (2) --> Device (2)
05-12 04:51:41.325 E/CompositionEngine( 1004): [com.sec.android.app.launcher/com.samsung.app.honeyspace.edge.edgepanel.app.CocktailBarService$_2350#5258] Invalid device requested composition type change: Device (2) --> Device (2)
05-12 04:51:41.325 E/CompositionEngine( 1004): [NavigationBar0$_1899#101] Invalid device requested composition type change: Device (2) --> Device (2)
05-12 04:51:41.325 E/CompositionEngine( 1004): [ScreenDecorHwcOverlay$_1899#107] Invalid device requested composition type change: DisplayDecoration (6) --> DisplayDecoration (6)
05-12 04:51:41.329 D/SurfaceFlinger( 1004): Display 4633128672291735939 HWC layers:
05-12 04:51:41.329 D/SurfaceFlinger( 1004):        DEVICE |            8156142970192 | 00002100 | RGBA_8888    |    0.0    0.0 1080.0 2340.0 |    0    0 1080 2340 | Splash Screen com.hyeni.calendar$_1899#5313 (1)
05-12 04:51:41.329 D/SurfaceFlinger( 1004):        DEVICE |            8156142970161 | 00002100 | RGBA_8888    |    0.0    0.0 1080.0   89.0 |    0    0 1080   89 | StatusBar$_1899#103 (17456)
05-12 04:51:41.329 D/SurfaceFlinger( 1004):        DEVICE |           10093173146846 | 00002100 | RGBA_8888    |    0.0    0.0   67.0  342.0 | 1013  438 1080  780 | com.sec.android.app.launcher/com.sam[...]el.app.CocktailBarService$_2350#5258 (1)
05-12 04:51:41.329 D/SurfaceFlinger( 1004):        DEVICE |            8156142970159 | 00002100 | RGBA_8888    |    0.0    0.0 1080.0  135.0 |    0 2205 1080 2340 | NavigationBar0$_1899#101 (8672)
05-12 04:51:41.329 D/SurfaceFlinger( 1004):  DISPLAY_DECO |            8156142969894 | 00002340 | 0x0000038    |    0.0    0.0 1080.0 2340.0 |    0    0 1080 2340 | ScreenDecorHwcOverlay$_1899#107 (19)
05-12 04:51:41.329 D/SurfaceFlinger( 1004): 
05-12 04:51:41.331 D/CompatChangeReporter( 9856): Compat change id reported: 377864165; UID 10340; state: ENABLED
05-12 04:51:41.333 I/HoneySpace.Memory-Monitor( 2350): current state = 2, didTrim = false
05-12 04:51:41.334 D/DesktopModeFlags( 9856): Toggle override initialized to: OVERRIDE_UNSET
05-12 04:51:41.341 I/DecorView( 9856): setWindowBackground: isPopOver=false color=fffafafa d=android.graphics.drawable.ColorDrawable@cf69377
05-12 04:51:41.349 I/.hyeni.calendar( 9856): hiddenapi: Accessing hidden method Landroid/view/ViewGroup;->makeOptionalFitsSystemWindows()V (runtime_flags=0, domain=platform, api=unsupported) from Landroidx/appcompat/widget/ViewUtils; (domain=app) using reflection: allowed
05-12 04:51:41.356 I/WebViewFactory( 9856): Loading com.google.android.webview version 147.0.7727.137 (code 772713703)
05-12 04:51:41.360 V/ResourcesManager( 9856): The following library key has been added: ResourcesKey{ mHash=9144d7f6 mResDir=null mSplitDirs=[] mOverlayDirs=[] mLibDirs=[/data/app/~~l1Xag7az9-ALRXIBjuNdCw==/com.google.android.webview-oFXXPgkin8HV1ea7TMUrtQ==/base.apk,/system/framework/android.test.base.jar] mDisplayId=0 mOverrideConfig=v36 mCompatInfo={450dpi always-compat} mLoaders=[]}
05-12 04:51:41.361 D/ApplicationLoaders( 9856): Returning zygote-cached class loader: /system/framework/android.test.base.jar
05-12 04:51:41.361 D/ApplicationLoaders( 9856): Returning zygote-cached class loader: /system_ext/framework/androidx.window.extensions.jar
05-12 04:51:41.362 W/.hyeni.calendar( 9856): Loading /data/app/~~l1Xag7az9-ALRXIBjuNdCw==/com.google.android.webview-oFXXPgkin8HV1ea7TMUrtQ==/oat/arm64/base.odex non-executable as it requires an image which we failed to load
05-12 04:51:41.364 D/nativeloader( 9856): Configuring clns-10 for other apk /data/app/~~l1Xag7az9-ALRXIBjuNdCw==/com.google.android.webview-oFXXPgkin8HV1ea7TMUrtQ==/base.apk. target_sdk_version=36, uses_libraries=, library_path=/data/app/~~l1Xag7az9-ALRXIBjuNdCw==/com.google.android.webview-oFXXPgkin8HV1ea7TMUrtQ==/lib/arm64:/data/app/~~l1Xag7az9-ALRXIBjuNdCw==/com.google.android.webview-oFXXPgkin8HV1ea7TMUrtQ==/base.apk!/lib/arm64-v8a, permitted_path=/data:/mnt/expand
05-12 04:51:41.376 I/cr_WVCFactoryProvider( 9856): version=147.0.7727.137 (772713703) minSdkVersion=29 multiprocess=true packageId=2 splits=<none>
05-12 04:51:41.392 D/nativeloader( 9856): Load /data/app/~~l1Xag7az9-ALRXIBjuNdCw==/com.google.android.webview-oFXXPgkin8HV1ea7TMUrtQ==/base.apk!/lib/arm64-v8a/libwebviewchromium.so using class loader ns clns-10 (caller=/data/app/~~l1Xag7az9-ALRXIBjuNdCw==/com.google.android.webview-oFXXPgkin8HV1ea7TMUrtQ==/base.apk): ok
05-12 04:51:41.394 D/nativeloader( 9856): Load /system/lib64/libwebviewchromium_plat_support.so using class loader ns clns-10 (caller=/data/app/~~l1Xag7az9-ALRXIBjuNdCw==/com.google.android.webview-oFXXPgkin8HV1ea7TMUrtQ==/base.apk): ok
05-12 04:51:41.395 I/chromium( 9856): [0512/045141.395429:INFO:android_webview/browser/variations/variations_seed_loader.cc:67] Failed to open file for reading.: No such file or directory (2)
05-12 04:51:41.395 I/chromium( 9856): [0512/045141.395886:INFO:android_webview/browser/variations/variations_seed_loader.cc:67] Failed to open file for reading.: No such file or directory (2)
05-12 04:51:41.403 I/cr_LibraryLoader( 9856): Successfully loaded native library
05-12 04:51:41.404 I/cr_CachingUmaRecorder( 9856): Flushed 22 samples from 21 histograms, 0 samples were dropped.
05-12 04:51:41.406 I/cr_ChildProcLH( 9856): ScopedServiceBindingBatch.tryActivate: false
05-12 04:51:41.407 I/cr_CombinedPProvider( 9856): #registerProvider() provider:WV.yk@8535329 isPolicyCacheEnabled:false policyProvidersSize:0
05-12 04:51:41.408 I/cr_PolicyProvider( 9856): #setManagerAndSource() 0
05-12 04:51:41.411 I/cr_DisplayManager( 9856): Is Display Topology available: false
05-12 04:51:41.425 D/BackgroundInstallControlService( 1232): Package event received: 0
05-12 04:51:41.425 D/BackgroundInstallControlService( 1232): Package event received: 0
05-12 04:51:41.425 D/BoundBrokerSvc(27738): onBind: Intent { act=com.google.android.gms.safetynet.service.START xflg=0x4 pkg=com.google.android.gms }
05-12 04:51:41.426 D/BoundBrokerSvc(27738): Loading bound service for intent: Intent { act=com.google.android.gms.safetynet.service.START xflg=0x4 pkg=com.google.android.gms }
05-12 04:51:41.426 D/Zygote  (16622): Forked child process 9910
05-12 04:51:41.428 E/libc    ( 9910): SetHeapTaggingLevel: re-enabling tagging after it was disabled is not supported
05-12 04:51:41.429 I/ActivityManager( 1232): Start proc 9910:com.google.android.webview:sandboxed_process0:org.chromium.content.app.SandboxedProcessService0:0/u0i113 for  {com.hyeni.calendar/org.chromium.content.app.SandboxedProcessService0:0}
05-12 04:51:41.429 I/DynamicHiddenApp_BGProtectManager( 1232): check webview name : com.google.android.webview:sandboxed_process0:org.chromium.content.app.SandboxedProcessService0:0check hostingname webview : {com.hyeni.calendar/org.chromium.content.app.SandboxedProcessService0:0}
05-12 04:51:41.429 I/ActivityManager( 1232): ProcessObserver broadcast disabled
05-12 04:51:41.429 I/cr_CombinedPProvider( 9856): #linkNativeInternal() 1
05-12 04:51:41.430 I/cr_AppResProvider( 9856): #getApplicationRestrictionsFromUserManager() Bundle[EMPTY_PARCEL]
05-12 04:51:41.430 I/cr_PolicyProvider( 9856): #notifySettingsAvailable() 0
05-12 04:51:41.430 I/cr_CombinedPProvider( 9856): #onSettingsAvailable() 0
05-12 04:51:41.430 I/cr_CombinedPProvider( 9856): #flushPolicies()
05-12 04:51:41.433 I/ocessService0:0( 9910): Using CollectorTypeCMC GC.
05-12 04:51:41.437 E/ocessService0:0( 9910): Not starting debugger since process cannot load the jdwp agent.
05-12 04:51:41.440 D/nativeloader( 9910): Load libframework-connectivity-tiramisu-jni.so using APEX ns com_android_tethering for caller /apex/com.android.tethering/javalib/framework-connectivity-t.jar: ok
05-12 04:51:41.443 D/ActivityThread( 9910): setConscryptValidator
05-12 04:51:41.443 D/ActivityThread( 9910): setConscryptValidator - put
05-12 04:51:41.451 W/chromium( 9856): [WARNING:android_webview/browser/network_service/net_helpers.cc:137] HTTP Cache size is: 175088927
05-12 04:51:41.458 D/ApplicationLoaders( 9910): Returning zygote-cached class loader: /system/framework/android.test.base.jar
05-12 04:51:41.458 D/ApplicationLoaders( 9910): Returning zygote-cached class loader: /system_ext/framework/androidx.window.extensions.jar
05-12 04:51:41.462 D/BoundBrokerSvc(27738): onBind: Intent { act=com.google.android.gms.safebrowsing.SafeBrowsingService.START dat=chimera-action:/... xflg=0x4 cmp=com.google.android.gms/.chimera.GmsBoundBrokerService }
05-12 04:51:41.462 D/BoundBrokerSvc(27738): Loading bound service for intent: Intent { act=com.google.android.gms.safebrowsing.SafeBrowsingService.START dat=chimera-action:/... xflg=0x4 cmp=com.google.android.gms/.chimera.GmsBoundBrokerService }
05-12 04:51:41.467 I/cr_WebViewApkApp( 9910): version=147.0.7727.137 (772713703) minSdkVersion=29 processName=com.google.android.webview:sandboxed_process0:org.chromium.content.app.SandboxedProcessService0:0 splits=<none>
05-12 04:51:41.468 I/ActivityManager( 1232): Changes in 99113 19 to 3, 0 to 184
05-12 04:51:41.470 I/cr_ChildProcessService( 9910): Creating new ChildProcessService pid=9910
05-12 04:51:41.478 D/ConnectivityManager( 9856): StackLog: [android.net.ConnectivityManager.sendRequestForNetwork(ConnectivityManager.java:4736)] [android.net.ConnectivityManager.registerDefaultNetworkCallbackForUid(ConnectivityManager.java:5461)] [android.net.ConnectivityManager.registerDefaultNetworkCallback(ConnectivityManager.java:5428)] [WV.po1.e(chromium-SystemWebViewGoogle6432.aab-stable-772713703:37)] [WV.po1.a(chromium-SystemWebViewGoogle6432.aab-stable-772713703:1)] [org.chromium.android_webview.AwContentsLifecycleNotifier.onFirstWebViewCreated(chromium-SystemWebViewGoogle6432.aab-stable-772713703:19)] [J.N.JJ(Native Method)] [org.chromium.android_webview.AwContents.<init>(chromium-SystemWebViewGoogle6432.aab-stable-772713703:658)] [com.android.webview.chromium.r.run(chromium-SystemWebViewGoogle6432.aab-stable-772713703:230)] [WV.v43.run(chromium-SystemWebViewGoogle6432.aab-stable-772713703:13)] [org.chromium.base.task.PostTask.e(chromium-SystemWebViewGoogle6432.aab-stable-772713703:18)] [WV.w43.a(chromium-SystemWebViewGoogle6432.aab-stable-772713703:18)] [com.android.webview.chromium.WebViewChromiumFactoryProvider.a(chromium-SystemWebViewGoogle6432.aab-stable-772713703:3)] [com.android.webview.chromium.WebViewChromium.init(chromium-SystemWebViewGoogle6432.aab-stable-772713703:280)] [android.webkit.WebView.<init>(WebView.java:447)] [android.webkit.WebView.<init>(WebView.java:367)] [android.webkit.WebView.<init>(WebView.java:349)] [android.webkit.WebView.<init>(WebView.java:336)] [com.getcapacitor.CapacitorWebView.<init>(CapacitorWebView.java:22)] [java.lang.reflect.Constructor.newInstance0(Native Method)] [java.lang.reflect.Constructor.newInstance(Constructor.java:343)] [android.view.LayoutInflater.createView(LayoutInflater.java:759)] [android.view.LayoutInflater.createViewFromTag(LayoutInflater.java:911)] [android.view.LayoutInflater.createViewFromTag(LayoutInflater.java:866)] [android.view.LayoutInflater.rInflate(LayoutInflater.java:1028)] [android.view.LayoutInflater.rInflateChildren(LayoutInflater.java:989)] [android.view.LayoutInflater.inflate(LayoutInflater.java:577)] [android.view.LayoutInflater.inflate(LayoutInflater.java:468)] [android.view.LayoutInflater.inflate(LayoutInflater.java:419)] [androidx.appcompat.app.AppCompatDelegateImpl.setContentView(AppCompatDelegateImpl.java:751)] [androidx.appcompat.app.AppCompatActivity.setContentView(AppCompatActivity.java:193)] [com.getcapacitor.BridgeActivity.onCreate(BridgeActivity.java:28)] [com.hyeni.calendar.MainActivity.onCreate(MainActivity.java:51)] [android.app.Activity.performCreate(Activity.java:9519)] [android.app.Activity.performCreate(Activity.java:9488)] [android.app.Instrumentation.callActivityOnCreate(Instrumentation.java:1524)] [android.app.ActivityThread.performLaunchActivity(ActivityThread.java:4692)] [android.app.ActivityThread.handleLaunchActivity(ActivityThread.java:4941)] [android.app.servertransaction.LaunchActivityItem.execute(LaunchActivityItem.java:222)] [android.app.servertransaction.TransactionExecutor.executeNonLifecycleItem(TransactionExecutor.java:133)] [android.app.servertransaction.TransactionExecutor.executeTransactionItems(TransactionExecutor.java:103)] [android.app.servertransaction.TransactionExecutor.execute(TransactionExecutor.java:80)] [android.app.ActivityThread$H.handleMessage(ActivityThread.java:3150)]
05-12 04:51:41.478 D/KNOX_MDM_SettingsProvider( 1232): isChangeAllowed() : name = enabled_notification_listeners
05-12 04:51:41.479 D/ConnectivityService( 1232): requestNetwork for uid/pid:10340/9856 activeRequest: null callbackRequest: 7167 [NetworkRequest [ REQUEST id=7168, [ Capabilities: INTERNET&NOT_RESTRICTED&TRUSTED&NOT_VCN_MANAGED&NOT_BANDWIDTH_CONSTRAINED Uid: 10340 RequestorUid: 10340 RequestorPkg: com.hyeni.calendar UnderlyingNetworks: Null] ]] callback flags: 0 order: 2147483647 isUidTracked: false declaredMethods: AVAIL|LOST|NC|LP
05-12 04:51:41.480 D/ConnectivityService( 1232):    accepting network in place of null for NetworkRequest [ REQUEST id=7168, [ Capabilities: INTERNET&NOT_RESTRICTED&TRUSTED&NOT_VCN_MANAGED&NOT_BANDWIDTH_CONSTRAINED Uid: 10340 RequestorUid: 10340 RequestorPkg: com.hyeni.calendar UnderlyingNetworks: Null] ]
05-12 04:51:41.482 D/OemPaidWifiNetworkFactory( 1232): got request NetworkRequest [ REQUEST id=7168, [ Capabilities: INTERNET&NOT_RESTRICTED&TRUSTED&NOT_VCN_MANAGED&NOT_BANDWIDTH_CONSTRAINED Uid: 10340 RequestorUid: 10340 RequestorPkg: com.hyeni.calendar UnderlyingNetworks: Null] ]
05-12 04:51:41.482 D/ConnectivityManager( 9856): StackLog: [android.net.ConnectivityManager.sendRequestForNetwork(ConnectivityManager.java:4736)] [android.net.ConnectivityManager.sendRequestForNetwork(ConnectivityManager.java:4904)] [android.net.ConnectivityManager.registerNetworkCallback(ConnectivityManager.java:5321)] [WV.po1.e(chromium-SystemWebViewGoogle6432.aab-stable-772713703:86)] [WV.po1.a(chromium-SystemWebViewGoogle6432.aab-stable-772713703:1)] [org.chromium.android_webview.AwContentsLifecycleNotifier.onFirstWebViewCreated(chromium-SystemWebViewGoogle6432.aab-stable-772713703:19)] [J.N.JJ(Native Method)] [org.chromium.android_webview.AwContents.<init>(chromium-SystemWebViewGoogle6432.aab-stable-772713703:658)] [com.android.webview.chromium.r.run(chromium-SystemWebViewGoogle6432.aab-stable-772713703:230)] [WV.v43.run(chromium-SystemWebViewGoogle6432.aab-stable-772713703:13)] [org.chromium.base.task.PostTask.e(chromium-SystemWebViewGoogle6432.aab-stable-772713703:18)] [WV.w43.a(chromium-SystemWebViewGoogle6432.aab-stable-772713703:18)] [com.android.webview.chromium.WebViewChromiumFactoryProvider.a(chromium-SystemWebViewGoogle6432.aab-stable-772713703:3)] [com.android.webview.chromium.WebViewChromium.init(chromium-SystemWebViewGoogle6432.aab-stable-772713703:280)] [android.webkit.WebView.<init>(WebView.java:447)] [android.webkit.WebView.<init>(WebView.java:367)] [android.webkit.WebView.<init>(WebView.java:349)] [android.webkit.WebView.<init>(WebView.java:336)] [com.getcapacitor.CapacitorWebView.<init>(CapacitorWebView.java:22)] [java.lang.reflect.Constructor.newInstance0(Native Method)] [java.lang.reflect.Constructor.newInstance(Constructor.java:343)] [android.view.LayoutInflater.createView(LayoutInflater.java:759)] [android.view.LayoutInflater.createViewFromTag(LayoutInflater.java:911)] [android.view.LayoutInflater.createViewFromTag(LayoutInflater.java:866)] [android.view.LayoutInflater.rInflate(LayoutInflater.java:1028)] [android.view.LayoutInflater.rInflateChildren(LayoutInflater.java:989)] [android.view.LayoutInflater.inflate(LayoutInflater.java:577)] [android.view.LayoutInflater.inflate(LayoutInflater.java:468)] [android.view.LayoutInflater.inflate(LayoutInflater.java:419)] [androidx.appcompat.app.AppCompatDelegateImpl.setContentView(AppCompatDelegateImpl.java:751)] [androidx.appcompat.app.AppCompatActivity.setContentView(AppCompatActivity.java:193)] [com.getcapacitor.BridgeActivity.onCreate(BridgeActivity.java:28)] [com.hyeni.calendar.MainActivity.onCreate(MainActivity.java:51)] [android.app.Activity.performCreate(Activity.java:9519)] [android.app.Activity.performCreate(Activity.java:9488)] [android.app.Instrumentation.callActivityOnCreate(Instrumentation.java:1524)] [android.app.ActivityThread.performLaunchActivity(ActivityThread.java:4692)] [android.app.ActivityThread.handleLaunchActivity(ActivityThread.java:4941)] [android.app.servertransaction.LaunchActivityItem.execute(LaunchActivityItem.java:222)] [android.app.servertransaction.TransactionExecutor.executeNonLifecycleItem(TransactionExecutor.java:133)] [android.app.servertransaction.TransactionExecutor.executeTransactionItems(TransactionExecutor.java:103)] [android.app.servertransaction.TransactionExecutor.execute(TransactionExecutor.java:80)] [android.app.ActivityThread$H.handleMessage(ActivityThread.java:3150)]
05-12 04:51:41.482 D/BackgroundInstallControlService( 1232): Package event received: 0
05-12 04:51:41.482 D/MultiInternetWifiNetworkFactory( 1232): got request NetworkRequest [ REQUEST id=7168, [ Capabilities: INTERNET&NOT_RESTRICTED&TRUSTED&NOT_VCN_MANAGED&NOT_BANDWIDTH_CONSTRAINED Uid: 10340 RequestorUid: 10340 RequestorPkg: com.hyeni.calendar UnderlyingNetworks: Null] ]
05-12 04:51:41.482 D/WifiNetworkFactory( 1232): got request NetworkRequest [ REQUEST id=7168, [ Capabilities: INTERNET&NOT_RESTRICTED&TRUSTED&NOT_VCN_MANAGED&NOT_BANDWIDTH_CONSTRAINED Uid: 10340 RequestorUid: 10340 RequestorPkg: com.hyeni.calendar UnderlyingNetworks: Null] ]
05-12 04:51:41.482 D/UntrustedWifiNetworkFactory( 1232): got request NetworkRequest [ REQUEST id=7168, [ Capabilities: INTERNET&NOT_RESTRICTED&TRUSTED&NOT_VCN_MANAGED&NOT_BANDWIDTH_CONSTRAINED Uid: 10340 RequestorUid: 10340 RequestorPkg: com.hyeni.calendar UnderlyingNetworks: Null] ]
05-12 04:51:41.482 D/ConnectivityService( 1232): Rematched networks [computed 0ms] [applied 1ms] [issued 2]
05-12 04:51:41.482 D/ConnectivityService( 1232): NetworkReassignment :
05-12 04:51:41.482 D/ConnectivityService( 1232):   7168 : null → 124
05-12 04:51:41.483 D/CompatChangeReporter( 1232): Compat change id reported: 349487600; UID 10340; state: ENABLED
05-12 04:51:41.483 D/ConnectivityService( 1232): Rematched networks [computed 0ms] [applied 1ms] [issued 0]
05-12 04:51:41.483 D/ConnectivityService( 1232): NetworkReassignment : no changes
05-12 04:51:41.496 D/NetdEventListenerService( 1232): DNS Requested by 124, 10340(com.hyeni.calendar), SUCCESS, 109ms
05-12 04:51:41.507 D/Capacitor( 9856): Starting BridgeActivity
05-12 04:51:41.523 D/Capacitor( 9856): Registering plugin instance: CapacitorCookies
05-12 04:51:41.526 D/Capacitor( 9856): Registering plugin instance: WebView
05-12 04:51:41.527 D/Capacitor( 9856): Registering plugin instance: CapacitorHttp
05-12 04:51:41.529 D/Capacitor( 9856): Registering plugin instance: SystemBars
05-12 04:51:41.532 D/Capacitor( 9856): Registering plugin instance: BackgroundLocation
05-12 04:51:41.534 D/Capacitor( 9856): Registering plugin instance: SpeechRecognition
05-12 04:51:41.535 D/Capacitor( 9856): Registering plugin instance: NativeNotification
05-12 04:51:41.542 D/Capacitor( 9856): Registering plugin instance: AmbientListen
05-12 04:51:41.544 D/Capacitor( 9856): Registering plugin instance: KakaoMapLauncher
05-12 04:51:41.544 D/Capacitor( 9856): Registering plugin instance: CameraPermission
05-12 04:51:41.546 D/Capacitor( 9856): Registering plugin instance: App
05-12 04:51:41.547 D/Capacitor( 9856): Registering plugin instance: Browser
05-12 04:51:41.548 D/Capacitor( 9856): Registering plugin instance: NoCodes
05-12 04:51:41.550 D/Capacitor( 9856): Registering plugin instance: Qonversion
05-12 04:51:41.565 I/HoneySpace.EdgePanel.EdgeVisibilityRepository( 2350): getComputedTrayVisible : keyguardState = 1
05-12 04:51:41.565 I/HoneySpace.EdgePanel.EdgeVisibilityRepository( 2350): updateTrayVisible: State = 0x1, visible = true, current containerState = 0, specificMode = 0
05-12 04:51:41.565 I/HoneySpace.EdgePanel.EdgeVisibilityRepository( 2350): Same container state 0
05-12 04:51:41.568 W/Capacitor( 9856): Unable to read file at path public/plugins
05-12 04:51:41.571 D/Capacitor( 9856): Loading app at https://localhost
05-12 04:51:41.583 W/libEGL  ( 9856): Couldn't find an OpenGL ES implementation from 
05-12 04:51:41.585 W/cr_media( 9856): BLUETOOTH_CONNECT permission is missing.
05-12 04:51:41.586 W/cr_media( 9856): getBluetoothAdapter() requires BLUETOOTH permission
05-12 04:51:41.586 W/cr_media( 9856): registerBluetoothIntentsIfNeeded: Requires BLUETOOTH permission
05-12 04:51:41.592 D/AudioSystem( 9856): onNewService: media.audio_policy service obtained 0xb40000745b5091b0
05-12 04:51:41.592 D/DisplayModeController( 1004): setDesiredMode 4633128672291735939 {mode={fps=60.00 Hz, modePtr={id=1, vsyncRate=60.00 Hz, peakRefreshRate=60.00 Hz}}, emitEvent=false, force=false}
05-12 04:51:41.592 D/AudioSystem( 9856): getService: checking for service media.audio_policy: 0xb40000745b5091b0
05-12 04:51:41.593 I/cr_LibraryLoader( 9910): Successfully loaded native library
05-12 04:51:41.593 D/Capacitor( 9856): Handling local request: https://localhost/
05-12 04:51:41.593 D/NativePermissionController(  975): checkPermission: missing 13 for 10340
05-12 04:51:41.593 I/cr_CachingUmaRecorder( 9910): Flushed 2 samples from 2 histograms, 0 samples were dropped.
05-12 04:51:41.594 D/NativePermissionController(  975): checkPermission: missing 13 for 10340
05-12 04:51:41.594 W/chromium( 9910): [WARNING:content/app/android/content_main_android.cc:82] android_setCpu already initialized
05-12 04:51:41.599 I/VSyncReactor( 1004): Current= 120, Period= 60, hwcPeriod= 120
05-12 04:51:41.600 D/Capacitor( 9856): App started
05-12 04:51:41.600 I/LayerHistory( 1004): Splash Screen com.hyeni.calendar$_1899#5313 Max (can't resolve refresh rate)
05-12 04:51:41.600 I/LayerHistory( 1004): NavigationBar0$_1899#101 Max (can't resolve refresh rate)
05-12 04:51:41.600 I/LayerHistory( 1004): StatusBar$_1899#103 voted NoVote (0.00 Hz)
05-12 04:51:41.600 I/SurfaceFlinger( 1004): Idle - choose 60.00 Hz
05-12 04:51:41.601 I/HWComposer( 1004): [4633128672291735939] ActiveConfigToHWC, ID : 3
05-12 04:51:41.602 I/display (  932): Current VRR MODE is 3
05-12 04:51:41.602 I/display (  932): setActiveConfigWithConstraints:: HFR match - config: 4, base: 3, try: 0
05-12 04:51:41.602 I/display (  932): setActiveConfigWithConstraints::update 1080x2340@60phs
05-12 04:51:41.602 D/Capacitor/AppPlugin( 9856): Firing change: true
05-12 04:51:41.603 V/Capacitor/AppPlugin( 9856): Notifying listeners for event appStateChange
05-12 04:51:41.603 D/Capacitor/AppPlugin( 9856): No listeners found for event appStateChange
05-12 04:51:41.606 D/NativePermissionController(  975): checkPermission: missing 13 for 10340
05-12 04:51:41.606 D/NativePermissionController(  975): checkPermission: missing 13 for 10340
05-12 04:51:41.606 I/ActivityManager( 1232): Changes in 10269 19 to 10, 0 to 128
05-12 04:51:41.607 V/Capacitor/BrowserPlugin( 9856): Notifying listeners for event browserFinished
05-12 04:51:41.607 D/Capacitor/BrowserPlugin( 9856): No listeners found for event browserFinished
05-12 04:51:41.608 D/Capacitor( 9856): App resumed
05-12 04:51:41.609 D/BackgroundInstallControlService( 1232): Package event received: 0
05-12 04:51:41.611 I/RequestManager_FLP( 2612): onOpChanged, op=0 / packageName=com.android.chrome
05-12 04:51:41.612 V/XGL     ( 9856): ----------------------------------------------------------------------
05-12 04:51:41.612 V/XGL     ( 9856): SUMD version compiled date     = 2025-06-11 14:47 - KST
05-12 04:51:41.612 V/XGL     ( 9856): SUMD version revision number   = 1fc295b0d2
05-12 04:51:41.612 V/XGL     ( 9856): SUMD version info              = Driver version: 24.0.545, git hash: 1fc295b0d2
05-12 04:51:41.612 V/XGL     ( 9856): ----------------------------------------------------------------------
05-12 04:51:41.612 V/XGL     ( 9856): Entering: Create
05-12 04:51:41.613 W/chromium( 9910): [WARNING:content/child/runtime_features.cc:537] Fenced frames cannot be enabled in this configuration. Use --enable-features=FencedFrames instead.
05-12 04:51:41.613 W/chromium( 9910): [WARNING:content/child/runtime_features.cc:562] Topics cannot be enabled in this configuration. Use --enable-features=BrowsingTopics in addition.
05-12 04:51:41.613 W/chromium( 9910): [WARNING:content/child/runtime_features.cc:583] SharedStorage cannot be enabled in this configuration. Use --enable-features=SharedStorageAPI in addition.
05-12 04:51:41.615 I/ViewRootImpl( 9856): dVRR is disabled
05-12 04:51:41.615 D/HardwareRenderer( 9856): onDisplayChanged. displayId=0 current wxh=1080x2340 mLargest wxh=0x0
05-12 04:51:41.616 D/HardwareRenderer( 9856): Set largestWidth and largestHeight as logical resolution. (1080x2340)
05-12 04:51:41.616 D/HWUI    ( 9856): setMaxSurfaceArea requested wxh=(1080,2340) requestedSurfaceArea(2527200) mMaxSurfaceArea(2073600)
05-12 04:51:41.616 D/NativeCustomFrequencyManager( 9856): [NativeCFMS] BpCustomFrequencyManager::BpCustomFrequencyManager()
05-12 04:51:41.617 I/VSyncReactor( 1004): Current= 120, Period= 60, hwcPeriod= 60
05-12 04:51:41.618 I/SurfaceFlinger( 1004): finalizeDisplayModeChange 4633128672291735939
05-12 04:51:41.619 V/XGL     ( 9856): Exiting: Create
05-12 04:51:41.620 E/CompositionEngine( 1004): [Splash Screen com.hyeni.calendar$_1899#5313] Invalid device requested composition type change: Device (2) --> Device (2)
05-12 04:51:41.620 E/CompositionEngine( 1004): [StatusBar$_1899#103] Invalid device requested composition type change: Device (2) --> Device (2)
05-12 04:51:41.620 E/CompositionEngine( 1004): [com.sec.android.app.launcher/com.samsung.app.honeyspace.edge.edgepanel.app.CocktailBarService$_2350#5258] Invalid device requested composition type change: Device (2) --> Device (2)
05-12 04:51:41.620 E/CompositionEngine( 1004): [NavigationBar0$_1899#101] Invalid device requested composition type change: Device (2) --> Device (2)
05-12 04:51:41.620 E/CompositionEngine( 1004): [ScreenDecorHwcOverlay$_1899#107] Invalid device requested composition type change: DisplayDecoration (6) --> DisplayDecoration (6)
05-12 04:51:41.620 D/InputTransport( 1232): Input channel constructed: '886ce85', fd=1060
05-12 04:51:41.620 D/InputTransport( 1232): Input channel constructed: '886ce85', fd=1061
05-12 04:51:41.621 D/InputTransport( 1232): Input channel constructed: '886ce85', fd=1094
05-12 04:51:41.621 D/InputTransport( 1232): Input channel destroyed: '886ce85', fd=1061
05-12 04:51:41.621 V/XGL     ( 9856): ----------------------------------------------------------------------
05-12 04:51:41.621 V/XGL     ( 9856): SUMD version compiled date     = 2025-06-11 14:47 - KST
05-12 04:51:41.621 V/XGL     ( 9856): SUMD version revision number   = 1fc295b0d2
05-12 04:51:41.621 V/XGL     ( 9856): SUMD version info              = Driver version: 24.0.545, git hash: 1fc295b0d2
05-12 04:51:41.621 V/XGL     ( 9856): ----------------------------------------------------------------------
05-12 04:51:41.621 V/XGL     ( 9856): Entering: Create
05-12 04:51:41.621 I/SurfaceFlinger( 1004): id=5318 createSurf, flag=84004, 886ce85 com.hyeni.calendar/com.hyeni.calendar.MainActivity#5318
05-12 04:51:41.621 D/DisplayModeController( 1004): setDesiredMode 4633128672291735939 {mode={fps=120.00 Hz, modePtr={id=0, vsyncRate=120.00 Hz, peakRefreshRate=120.00 Hz}}, emitEvent=true, force=false}
05-12 04:51:41.622 D/RestrictionPolicy( 1232): isScreenCaptureEnabled : ret=true userId=0
05-12 04:51:41.622 D/RestrictionPolicy( 1232): isScreenCaptureEnabled : ret=true userId=0
05-12 04:51:41.622 D/InputTransport( 1232): Input channel destroyed: '886ce85', fd=1094
05-12 04:51:41.623 D/InputTransport( 9856): Input channel constructed: '886ce85', fd=193
05-12 04:51:41.624 I/InsetsController( 9856): onStateChanged: host=com.hyeni.calendar/com.hyeni.calendar.MainActivity, from=android.view.ViewRootImpl.onInsetsStateChanged:3026, state=InsetsState: {mDisplayFrame=Rect(0, 0 - 1080, 2340), mDisplayCutout=DisplayCutout{insets=Rect(0, 89 - 0, 0) waterfall=Insets{left=0, top=0, right=0, bottom=0} boundingRect={Bounds=[Rect(0, 0 - 0, 0), Rect(507, 0 - 573, 89), Rect(0, 0 - 0, 0), Rect(0, 0 - 0, 0)]} cutoutPathParserInfo={CutoutPathParserInfo{displayWidth=1080 displayHeight=2340 physicalDisplayWidth=1080 physicalDisplayHeight=2340 density={2.8125} cutoutSpec={M 0,0 M 0,8.177777777777778 a 11.73333333333333,11.73333333333333 0 1,0 0,23.46666666666667 a 11.73333333333333,11.73333333333333 0 1,0 0,-23.46666666666667 Z @dp} rotation={0} scale={1.0} physicalPixelDisplaySizeRatio={1.0}}} sideOverrides={}}, mRoundedCorners=RoundedCorners{[RoundedCorner{position=TopLeft, radius=118, center=Point(118, 118)}, RoundedCorner{position=TopRight, radius=118, center=Point(962, 118)}, RoundedCorner{position=BottomRight, radius=118, center=Point(962, 2222)}, RoundedCorner{position=BottomLeft, radius=118, center=Point(118, 2222)}]}  mRoundedCornerFrame=Rect(0, 0 - 1080, 2340), mPrivacyIndicatorBounds=PrivacyIndicatorBounds {static bounds=Rect(956, 0 - 1080, 89) rotation=0}, mDisplayShape=DisplayShape{ spec=-311912193 displayWidth=1080 displayHeight=2340 physicalPixelDisplaySizeRatio=1.0 rotation=0 offsetX=0 offsetY=0 scale=1.0}, mSources= { InsetsSource: {3 mType=ime mFrame=[0,0][0,0] mVisible=false mFlags= mSideHint=NONE mBoundingRects=null}, InsetsSource: {27 mType=displayCutout mFrame=[0,0][1080,89] mVisible=true mFlags= mSideHint=TOP mBoundingRects=null}, InsetsSource: {6f720001 mType=navigationBars mFrame=[0,2205][1080,2340] mVisible=true mFlags= mSideHint=BOTTOM mBoundingRects=null}, InsetsSource: {6f720004 mType=systemGestures mFrame=[0,0][0,0] mVisible=true mFlags= mSideHint=NONE mBoundingRects=null}, InsetsSource: {6f720005 mType=mandatorySystemGestures mFrame=[0,2205][1080,2340] mVisible=true mFlags= mSideHint=BOTTOM mBoundingRects=null}, InsetsSource: {6f720006 mType=tappableElement mFrame=[0,2205][1080,2340] mVisible=true mFlags= mSideHint=BOTTOM mBoundingRects=null}, InsetsSource: {6f720024 mType=systemGestures mFrame=[0,0][0,0] mVisible=true mFlags= mSideHint=NONE mBoundingRects=null}, InsetsSource: {77cf0000 mType=statusBars mFrame=[0,0][1080,89] mVisible=true mFlags= mSideHint=TOP mBoundingRects=null}, InsetsSource: {77cf0005 mType=mandatorySystemGestures mFrame=[0,0][1080,123] mVisible=true mFlags= mSideHint=TOP mBoundingRects=null}, InsetsSource: {77cf0006 mType=tappableElement mFrame=[0,0][1080,89] mVisible=true mFlags= mSideHint=TOP mBoundingRects=null} }
05-12 04:51:41.624 I/.hyeni.calendar( 9856): [HIDL_FETCH_IMapper] android.hardware.graphics.mapper@4.0: Loaded Mapper successfully.
05-12 04:51:41.625 V/XGL     ( 9856): Exiting: Create
05-12 04:51:41.625 I/VRI[MainActivity]@c237712( 9856): synced displayState. AttachInfo displayState=2
05-12 04:51:41.626 I/VRI[MainActivity]@c237712( 9856): setView = com.android.internal.policy.DecorView@33df25e IsHRR=false mFlingFrameRateChange=0 TM=true
05-12 04:51:41.626 I/hwservicemanager(  611): getTransport: Cannot find entry android.hardware.graphics.allocator@4.0::IAllocator/default in either framework or device VINTF manifest.
05-12 04:51:41.626 W/libEGL  ( 9856): ANGLE Warn:RendererVk.cpp:5464 (appBasedFeatureOverrides): BLOB CACHE IS DISABLED DUE TO LACK OF MULTIFILE BLOBCACHE SUPPORT
05-12 04:51:41.627 I/vulkan  ( 9856): CreateInfoWrapper::FilterExtension: already have 'VK_KHR_external_fence_fd'.
05-12 04:51:41.631 I/HYPER-HAL(  935): [RequestManager.cpp]acquire(): Acquired ID : 4530614  [940 / 2069]    HINT :      list : [TID_LOW_LATENCY / 1] [TID / 9954] [TID / 9955] [TID / 9856] [TID / 9889] 
05-12 04:51:41.632 I/FontLog (27703): (REDACTED) Received query %s, URI %s
05-12 04:51:41.632 I/FontLog (27703): (REDACTED) Query [%s] resolved to %s
05-12 04:51:41.633 I/SurfaceFlinger( 1004): RequestedLayer [886ce85 com.hyeni.calendar/com.hyeni.calendar.MainActivity#5318] hidden!! flag  from(1) --> to(0)
05-12 04:51:41.634 I/SurfaceFlinger( 1004): [886ce85 com.hyeni.calendar/com.hyeni.calendar.MainActivity#5318] attach to parent LayerHierarchy{RequestedLayerState{ActivityRecord{235933493 u0 com.hyeni.calendar/.MainActivity t118}#5311 parentId=5310} 3 children}
05-12 04:51:41.634 I/LayerHistory( 1004): Splash Screen com.hyeni.calendar$_1899#5313 Max (can't resolve refresh rate)
05-12 04:51:41.634 I/LayerHistory( 1004): NavigationBar0$_1899#101 Max (can't resolve refresh rate)
05-12 04:51:41.634 I/LayerHistory( 1004): StatusBar$_1899#103 voted NoVote (0.00 Hz)
05-12 04:51:41.634 I/SurfaceFlinger( 1004): Weight ignores NavigationBar0$_1899#101 (type=Max, weight=0.06, seamlessness=Default) 0.00 Hz's 120.00 Hz
05-12 04:51:41.634 I/SurfaceFlinger( 1004): scored - choose 120.00 Hz
05-12 04:51:41.634 I/HWComposer( 1004): [4633128672291735939] ActiveConfigToHWC, ID : 2
05-12 04:51:41.635 I/display (  932): Current VRR MODE is 3
05-12 04:51:41.635 I/display (  932): setActiveConfigWithConstraints:: HFR match - config: 2, base: 2, try: 1
05-12 04:51:41.635 I/display (  932): setActiveConfigWithConstraints::update 1080x2340@120hs
05-12 04:51:41.637 I/ANGLE   ( 9856): Version (24.1.295 git hash: ac67e7b0eeda), Renderer ((Samsung Xclipse 530) on Vulkan 1.3.279)
05-12 04:51:41.639 I/FontLog (27703): (REDACTED) Font PFD returned from cache for %s
05-12 04:51:41.639 I/FontLog (27703): (REDACTED) Fetch %s end status %s
05-12 04:51:41.649 I/FontLog (27703): (REDACTED) Pulling font file for id = %d, cache size = %d
05-12 04:51:41.650 D/CoreBackPreview( 1232): Window{886ce85 u0 com.hyeni.calendar/com.hyeni.calendar.MainActivity}: Setting back callback OnBackInvokedCallbackInfo{mCallback=android.window.IOnBackInvokedCallback$Stub$Proxy@bef0efb, mPriority=-1, mIsAnimationCallback=false, mOverrideBehavior=0}
05-12 04:51:41.650 D/CoreBackPreview( 1232): Window{886ce85 u0 com.hyeni.calendar/com.hyeni.calendar.MainActivity}: Setting back callback OnBackInvokedCallbackInfo{mCallback=android.window.IOnBackInvokedCallback$Stub$Proxy@c7c0b18, mPriority=0, mIsAnimationCallback=true, mOverrideBehavior=0}
05-12 04:51:41.654 I/FontLog (27703): (REDACTED) Received query %s, URI %s
05-12 04:51:41.655 I/FontLog (27703): (REDACTED) Query [%s] resolved to %s
05-12 04:51:41.655 I/FontLog (27703): (REDACTED) Fetch %s end status %s
05-12 04:51:41.658 I/FontLog (27703): (REDACTED) Pulling font file for id = %d, cache size = %d
05-12 04:51:41.659 I/WindowManager( 1232): Relayout Window{886ce85 u0 com.hyeni.calendar/com.hyeni.calendar.MainActivity}: viewVisibility=0 req=1080x2340 ty=1 d0
05-12 04:51:41.659 I/VSyncReactor( 1004): Current= 60, Period= 120, hwcPeriod= 120
05-12 04:51:41.660 I/SurfaceFlinger( 1004): id=5319 createSurf, flag=44004, com.hyeni.calendar/com.hyeni.calendar.MainActivity$_9856#5319
05-12 04:51:41.660 D/WindowManager( 1232): makeSurface duration=1 name=com.hyeni.calendar/com.hyeni.calendar.MainActivity$_9856
05-12 04:51:41.660 D/SurfaceComposerClient( 1232): setCornerRadius ## de42fa5 Splash Screen com.hyeni.calendar#5312 cornerRadius=0.000000
05-12 04:51:41.660 I/SurfaceFlinger( 1004): finalizeDisplayModeChange 4633128672291735939
05-12 04:51:41.660 D/SurfaceComposerClient( 1232): setCornerRadius ## 886ce85 com.hyeni.calendar/com.hyeni.calendar.MainActivity#5318 cornerRadius=0.000000
05-12 04:51:41.660 D/SurfaceComposerClient( 1232): setCornerRadius ## de42fa5 Splash Screen com.hyeni.calendar#5312 cornerRadius=0.000000
05-12 04:51:41.661 D/SurfaceComposerClient( 1232): setCornerRadius ## 886ce85 com.hyeni.calendar/com.hyeni.calendar.MainActivity#5318 cornerRadius=0.000000
05-12 04:51:41.661 V/XGL     ( 9856): ----------------------------------------------------------------------
05-12 04:51:41.661 V/XGL     ( 9856): SUMD version compiled date     = 2025-06-11 14:47 - KST
05-12 04:51:41.661 V/XGL     ( 9856): SUMD version revision number   = 1fc295b0d2
05-12 04:51:41.661 V/XGL     ( 9856): SUMD version info              = Driver version: 24.0.545, git hash: 1fc295b0d2
05-12 04:51:41.661 V/XGL     ( 9856): ----------------------------------------------------------------------
05-12 04:51:41.661 V/XGL     ( 9856): Entering: Create
05-12 04:51:41.661 D/WindowManager( 1232): Changing focus from null to Window{886ce85 u0 com.hyeni.calendar/com.hyeni.calendar.MainActivity} displayId=0 Callers=com.android.server.wm.WindowManagerService.relayoutWindow:1366 com.android.server.wm.Session.relayout:27 android.view.IWindowSession$Stub.onTransact:829 com.android.server.wm.Session.onTransact:1 
05-12 04:51:41.661 I/WindowManager( 1232): Cancelling animation restarting=true, leash=Surface(name=Surface(name=5094ae5 StatusBar)/@0x21e0a99 - animation-leash of insets_animation)/@0x4c14e7
05-12 04:51:41.661 I/WindowManager( 1232): Reparenting to original parent: Surface(name=WindowToken{65f69dc type=2000 android.os.BinderProxy@47f60ae})/@0x95b515e, destroy=false, surface=Surface(name=5094ae5 StatusBar)/@0x21e0a99
05-12 04:51:41.662 I/WindowManager( 1232): Reparenting to leash, surface=Surface(name=5094ae5 StatusBar)/@0x21e0a99, leashParent=Surface(name=WindowToken{65f69dc type=2000 android.os.BinderProxy@47f60ae})/@0x95b515e
05-12 04:51:41.662 I/SurfaceFlinger( 1004): id=5320 createSurf, flag=24000, Surface(name=5094ae5 StatusBar)/@0x21e0a99 - animation-leash of insets_animation#5320
05-12 04:51:41.662 D/WindowManager( 1232): makeSurface duration=1 leash=Surface(name=Surface(name=5094ae5 StatusBar)/@0x21e0a99 - animation-leash of insets_animation)/@0x6991356
05-12 04:51:41.662 D/InsetsSourceProvider( 1232): updateControlForTarget: control=InsetsSourceControl: {77cf0000 mType=statusBars initiallyVisible mSurfacePosition=Point(0, 0) mInsetsHint=Insets{left=0, top=89, right=0, bottom=0}}, target=Window{886ce85 u0 com.hyeni.calendar/com.hyeni.calendar.MainActivity}, from=com.android.server.wm.InsetsStateController.onControlTargetChanged:83 com.android.server.wm.InsetsPolicy.updateBarControlTarget:212 com.android.server.wm.DisplayPolicy.updateSystemBarAttributes:262 com.android.server.wm.WindowManagerService.updateFocusedWindowLocked:372 com.android.server.wm.WindowManagerService.relayoutWindow:1366 
05-12 04:51:41.662 I/WindowManager( 1232): Cancelling animation restarting=true, leash=Surface(name=Surface(name=b04eed9 NavigationBar0)/@0xdea2e36 - animation-leash of insets_animation)/@0xfd19f3d
05-12 04:51:41.662 I/WindowManager( 1232): Reparenting to original parent: Surface(name=WindowToken{57c1520 type=2019 android.os.BinderProxy@42b2152})/@0xa8e5137, destroy=false, surface=Surface(name=b04eed9 NavigationBar0)/@0xdea2e36
05-12 04:51:41.662 I/WindowManager( 1232): Reparenting to leash, surface=Surface(name=b04eed9 NavigationBar0)/@0xdea2e36, leashParent=Surface(name=WindowToken{57c1520 type=2019 android.os.BinderProxy@42b2152})/@0xa8e5137
05-12 04:51:41.662 E/CompositionEngine( 1004): [Splash Screen com.hyeni.calendar$_1899#5313] Invalid device requested composition type change: Device (2) --> Device (2)
05-12 04:51:41.662 E/CompositionEngine( 1004): [StatusBar$_1899#103] Invalid device requested composition type change: Device (2) --> Device (2)
05-12 04:51:41.663 E/CompositionEngine( 1004): [com.sec.android.app.launcher/com.samsung.app.honeyspace.edge.edgepanel.app.CocktailBarService$_2350#5258] Invalid device requested composition type change: Device (2) --> Device (2)
05-12 04:51:41.663 I/SurfaceFlinger( 1004): id=5321 createSurf, flag=24000, Surface(name=b04eed9 NavigationBar0)/@0xdea2e36 - animation-leash of insets_animation#5321
05-12 04:51:41.663 E/CompositionEngine( 1004): [NavigationBar0$_1899#101] Invalid device requested composition type change: Device (2) --> Device (2)
05-12 04:51:41.663 E/CompositionEngine( 1004): [ScreenDecorHwcOverlay$_1899#107] Invalid device requested composition type change: DisplayDecoration (6) --> DisplayDecoration (6)
05-12 04:51:41.663 D/WindowManager( 1232): makeSurface duration=0 leash=Surface(name=Surface(name=b04eed9 NavigationBar0)/@0xdea2e36 - animation-leash of insets_animation)/@0x6b2c0c4
05-12 04:51:41.663 D/InsetsSourceProvider( 1232): updateControlForTarget: control=InsetsSourceControl: {6f720001 mType=navigationBars initiallyVisible mSurfacePosition=Point(0, 2205) mInsetsHint=Insets{left=0, top=0, right=0, bottom=135}}, target=Window{886ce85 u0 com.hyeni.calendar/com.hyeni.calendar.MainActivity}, from=com.android.server.wm.InsetsStateController.onControlTargetChanged:83 com.android.server.wm.InsetsPolicy.updateBarControlTarget:225 com.android.server.wm.DisplayPolicy.updateSystemBarAttributes:262 com.android.server.wm.WindowManagerService.updateFocusedWindowLocked:372 com.android.server.wm.WindowManagerService.relayoutWindow:1366 
05-12 04:51:41.663 D/WindowManager( 1232): updateSystemBarAttributes: displayId=0, focusedCanBeNavColorWin=false, win=Window{886ce85 u0 com.hyeni.calendar/com.hyeni.calendar.MainActivity}, navColorWin=Window{de42fa5 u0 Splash Screen com.hyeni.calendar}, caller=com.android.server.wm.WindowManagerService.updateFocusedWindowLocked:372 com.android.server.wm.WindowManagerService.relayoutWindow:1366 com.android.server.wm.Session.relayout:27 
05-12 04:51:41.663 D/WindowManager( 1232): updateSystemBarAttributes, bhv=1, apr=536, statusBarAprRegions=[AppearanceRegion{LIGHT_STATUS_BARS bounds=[0,0][1080,2340]}], requestedVisibilities=-9
05-12 04:51:41.663 V/SystemKeyManager( 1232): updateFocusedWindow() is called, com.hyeni.calendar/com.hyeni.calendar.MainActivity
05-12 04:51:41.664 D/NavigationBar( 1899): onSystemBarAttributesChanged() -  displayId:0, appearance:536, packageName: com.hyeni.calendar (APPEARANCE_LIGHT_STATUS_BARS APPEARANCE_LIGHT_NAVIGATION_BARS ), navbarColorManagedByIme:false
05-12 04:51:41.664 I/WindowManager( 1232): Relayout hash=886ce85, pid=9856, syncId=-1: mAttrs={(0,0)(fillxfill) sim={adjust=resize forwardNavigation} layoutInDisplayCutoutMode=always ty=BASE_APPLICATION wanim=0x1030317
05-12 04:51:41.664 I/WindowManager( 1232):   fl=81810100
05-12 04:51:41.664 I/WindowManager( 1232):   pfl=100088c0
05-12 04:51:41.664 I/WindowManager( 1232):   vsysui=2010
05-12 04:51:41.664 I/WindowManager( 1232):   apr=218
05-12 04:51:41.664 I/WindowManager( 1232):   bhv=1
05-12 04:51:41.664 I/WindowManager( 1232):   fitSides=0
05-12 04:51:41.664 I/WindowManager( 1232):   frameRateBoostOnTouch=true
05-12 04:51:41.664 I/WindowManager( 1232):   dvrrWindowFrameRateHint=true naviIconColor=0
05-12 04:51:41.664 I/WindowManager( 1232):   sfl=100000}
05-12 04:51:41.665 I/CameraManagerGlobal( 9856): Connecting to camera service
05-12 04:51:41.665 V/XGL     ( 9856): Exiting: Create
05-12 04:51:41.667 I/BLASTBufferQueue_Java( 9856): new BLASTBufferQueue, mName= VRI[MainActivity]@c237712 mNativeObject= 0xb4000074fb514e70 caller= android.view.ViewRootImpl.updateBlastSurfaceIfNeeded:3585 android.view.ViewRootImpl.relayoutWindow:11685 android.view.ViewRootImpl.performTraversals:4804 android.view.ViewRootImpl.doTraversal:3924 android.view.ViewRootImpl$TraversalRunnable.run:12903 android.view.Choreographer$CallbackRecord.run:1901 android.view.Choreographer$CallbackRecord.run:1910 android.view.Choreographer.doCallbacks:1367 android.view.Choreographer.doFrame:1292 android.view.Choreographer$FrameDisplayEventReceiver.run:1870 
05-12 04:51:41.667 I/BLASTBufferQueue_Java( 9856): update, w= 1080 h= 2340 mName = VRI[MainActivity]@c237712 mNativeObject= 0xb4000074fb514e70 sc.mNativeObject= 0xb40000759b42ec10 format= -1 caller= android.view.ViewRootImpl.updateBlastSurfaceIfNeeded:3590 android.view.ViewRootImpl.relayoutWindow:11685 android.view.ViewRootImpl.performTraversals:4804 android.view.ViewRootImpl.doTraversal:3924 android.view.ViewRootImpl$TraversalRunnable.run:12903 android.view.Choreographer$CallbackRecord.run:1901 
05-12 04:51:41.669 I/VRI[MainActivity]@c237712( 9856): Relayout returned: old=(0,0,1080,2340) new=(0,0,1080,2340) relayoutAsync=false req=(1080,2340)0 dur=7 res=0x3 s={true 0xb40000744b454430} ch=true seqId=0
05-12 04:51:41.669 I/SurfaceFlinger( 1004): [com.hyeni.calendar/com.hyeni.calendar.MainActivity$_9856#5319] attach to parent LayerHierarchy{RequestedLayerState{886ce85 com.hyeni.calendar/com.hyeni.calendar.MainActivity#5318 parentId=5311} 1 children}
05-12 04:51:41.669 I/SurfaceFlinger( 1004): [Surface(name=5094ae5 StatusBar)/@0x21e0a99 - animation-leash of insets_animation#5320] attach to parent LayerHierarchy{RequestedLayerState{WindowToken{65f69dc type=2000 android.os.BinderProxy@47f60ae}#97 parentId=17} 2 children}
05-12 04:51:41.669 I/SurfaceFlinger( 1004): [Surface(name=b04eed9 NavigationBar0)/@0xdea2e36 - animation-leash of insets_animation#5321] attach to parent LayerHierarchy{RequestedLayerState{WindowToken{57c1520 type=2019 android.os.BinderProxy@42b2152}#93 parentId=34} 2 children}
05-12 04:51:41.669 I/VRI[MainActivity]@c237712( 9856): performConfigurationChange setNightDimText nightDimLevel=0
05-12 04:51:41.672 D/VRI[MainActivity]@c237712( 9856): mThreadedRenderer.initialize() mSurface={isValid=true 0xb40000744b454430} hwInitialized=true
05-12 04:51:41.672 D/VendorTagDescriptor( 9856): addVendorDescriptor: vendor tag id 8932615658386372252 added
05-12 04:51:41.673 D/CameraService( 1096): addListenerHelper: Add listener 0xb400007b2456b380, uid: 10340, pid: 9856
