05-12 04:41:17.966 E/AtomicFile(12566): Failed to rename /data/user_de/0/com.samsung.android.honeyboard/files/selected.json.new to /data/user_de/0/com.samsung.android.honeyboard/files/selected.json
05-12 04:41:17.966 I/HBD     (12566): h writeToFile complete 
05-12 04:41:17.966 I/HBD     (12566): a InputMethodSubtype is set as local:en_US 
05-12 04:41:17.969 I/HBD     (12566): a InputMethodSubtype is set as local:en_US 
05-12 04:41:17.969 I/InputMethodManagerService( 1232): subtype state: oldSubtype = android.view.inputmethod.InputMethodSubtype@10001 newSubtype = android.view.inputmethod.InputMethodSubtype@10001 force = false, intent received : false
05-12 04:41:18.001 W/.hyeni.calendar( 8105): Long monitor contention with owner ThreadPoolForeg (8243) at java.lang.Object libcore.content.type.MimeMap$MemoizingSupplier.get()(MimeMap.java:475) waiters=0 in java.lang.Object libcore.content.type.MimeMap$MemoizingSupplier.get() for 173ms
05-12 04:41:18.014 I/HBD     (12566): j [SKE_SPECIFIC] specific model[com.hyeni.calendar] loaded, 53316016 ns
05-12 04:41:18.016 W/VideoCapabilities( 8105): Unrecognized profile/level 32768/256 for video/mp4v-es
05-12 04:41:18.038 I/martsuggestions( 3070): Background concurrent mark compact GC freed 42MB AllocSpace bytes, 133(21MB) LOS objects, 66% free, 16MB/50MB, paused 422us,1.844ms total 137.963ms
05-12 04:41:18.039 W/martsuggestions( 3070): Reducing the number of considered missed Gc histogram windows from 4974 to 100
05-12 04:41:18.042 D/MdnieScenarioControlService( 1232):  packageName : com.hyeni.calendar    className : com.hyeni.calendar.MainActivity
05-12 04:41:18.042 V/MdnieScenarioControlService( 1232): setUIMode from UI function(3)
05-12 04:41:18.079 I/Recognizer( 3070): Recognizer close() - start : waiting = false
05-12 04:41:18.079 I/RecognizerInternal( 3070): RecognizerInternal close()
05-12 04:41:18.079 I/Recognizer( 3070): Recognizer close() - finish
05-12 04:41:18.079 I/RecognizerInternal( 3070): RecognizerInternal close()
05-12 04:41:18.079 I/RecognizerProvider( 3070): RecognizerProvider close()
05-12 04:41:18.107 D/Capacitor( 8105): Handling local request: https://localhost/assets/wink-star-Cz6eFUfX.webp
05-12 04:41:18.109 D/Capacitor( 8105): Handling local request: https://localhost/assets/calendar-check-5zZ0XQQv.webp
05-12 04:41:18.110 D/Capacitor( 8105): Handling local request: https://localhost/assets/wave-Blu8zcB0.webp
05-12 04:41:18.110 D/Capacitor( 8105): Handling local request: https://localhost/assets/pin-DKPNiecP.webp
05-12 04:41:18.111 D/Capacitor( 8105): Handling local request: https://localhost/assets/bell-DQy5TvPD.webp
05-12 04:41:18.111 D/Capacitor( 8105): Handling local request: https://localhost/fonts/PretendardVariable.woff2
05-12 04:41:18.112 D/Capacitor( 8105): Handling local request: https://localhost/assets/shield-BiPIS7w6.webp
05-12 04:41:18.114 D/Capacitor( 8105): Handling local request: https://localhost/assets/heart-D_rW6xiR.webp
05-12 04:41:18.124 I/View    ( 8105): setRequestedFrameRate frameRate=-4.0, this=com.getcapacitor.CapacitorWebView{883089f VFEDHVC.. .F...... 0,0-1080,2340 #7f080172 app:id/webview aid=1073741824}, caller=android.view.ViewGroup.setRequestedFrameRate:9952 WV.zf.p:1 WV.zg.h:117 WV.zg.onDraw:7 com.android.webview.chromium.WebViewChromium.onDraw:19 
05-12 04:41:18.132 I/View    ( 8105): setRequestedFrameRate frameRate=-4.0, this=com.getcapacitor.CapacitorWebView{883089f VFEDHVC.. .F...... 0,0-1080,2340 #7f080172 app:id/webview aid=1073741824}, caller=android.view.ViewGroup.setRequestedFrameRate:9952 WV.zf.p:1 WV.zg.h:117 WV.zg.onDraw:7 com.android.webview.chromium.WebViewChromium.onDraw:19 
05-12 04:41:18.143 V/MdnieScenarioControlService( 1232): mAclOffEnabled : false
05-12 04:41:18.152 D/Capacitor( 8105): Handling local request: https://localhost/assets/index-CnAlwrxb.js
05-12 04:41:18.153 D/Capacitor( 8105): Handling local request: https://localhost/assets/index-cOrUD8mT.js
05-12 04:41:18.154 I/Capacitor/Console( 8105): File:  - Line 349 - Msg: [object Object]
05-12 04:41:18.157 V/Capacitor/Plugin( 8105): To native (Capacitor plugin): callbackId: 11878998, pluginId: NativeNotification, methodName: getDeliveryHealth
05-12 04:41:18.157 V/Capacitor( 8105): callback: 11878998, pluginId: NativeNotification, methodName: getDeliveryHealth, methodData: {}
05-12 04:41:18.168 D/NetdEventListenerService( 1232): DNS Requested by 124, 10340(com.hyeni.calendar), SUCCESS, 10ms
05-12 04:41:18.168 D/Capacitor( 8105): Handling local request: https://localhost/icon-192.png
05-12 04:41:18.183 I/HYPER-HAL(  935): [RequestManager.cpp]releaseLocked(): Released ID : 780642
05-12 04:41:18.189 D/ActivityManager( 1232): freezing 4311 com.samsung.cmh
05-12 04:41:18.197 D/ActivityManager( 1232): freezing 5748 com.samsung.storyservice
05-12 04:41:18.199 D/InetDiagMessage( 1232): Destroyed 0 sockets, proto=IPPROTO_TCP, family=AF_INET, states=14
05-12 04:41:18.200 D/InetDiagMessage( 1232): Destroyed 0 sockets, proto=IPPROTO_TCP, family=AF_INET6, states=14
05-12 04:41:18.200 D/InetDiagMessage( 1232): Destroyed live tcp sockets for uids={5004} in 1ms
05-12 04:41:18.211 I/HYPER-HAL(  935): [RequestManager.cpp]releaseLocked(): Released ID : 779392
05-12 04:41:18.240 I/View    ( 8105): setRequestedFrameRate frameRate=-4.0, this=com.getcapacitor.CapacitorWebView{883089f VFEDHVC.. .F...... 0,0-1080,2340 #7f080172 app:id/webview aid=1073741824}, caller=android.view.ViewGroup.setRequestedFrameRate:9952 WV.zf.p:1 WV.zg.h:117 WV.zg.onDraw:7 com.android.webview.chromium.WebViewChromium.onDraw:19 
05-12 04:41:18.243 I/Capacitor/Console( 8105): File:  - Line 333 - Msg: {"notificationsEnabled":false,"postPermissionGranted":false,"batteryOptimizationsIgnored":true,"powerSaveMode":false,"backgroundRestricted":false,"fullScreenIntentAllowed":true,"exactAlarmAllowed":true,"channelsEnabled":true,"recordAudioGranted":false,"remoteListenChannelEnabled":true,"remoteListenChannelImportance":3,"remoteListenChannelBlocked":false,"ringerMode":"vibrate","dndMode":"all","dndAccess":false,"networkConnected":true,"networkValidated":true,"screenInteractive":true,"keyguardLocked":false,"screenWidthDp":384,"screenHeightDp":832,"smallestScreenWidthDp":384,"foldState":"not_foldable_or_unknown","locationServiceRunning":false,"sdkInt":36,"manufacturer":"samsung","model":"SM-A556S","ready":false}
05-12 04:41:18.249 I/FontLog (27703): (REDACTED) Received query %s, URI %s
05-12 04:41:18.249 I/FontLog (27703): (REDACTED) Query [%s] resolved to %s
05-12 04:41:18.250 I/FontLog (27703): (REDACTED) Fetch %s end status %s
05-12 04:41:18.252 I/FontLog (27703): (REDACTED) Pulling font file for id = %d, cache size = %d
05-12 04:41:18.257 I/FontLog (27703): (REDACTED) Pulling font file for id = %d, cache size = %d
05-12 04:41:18.258 I/Capacitor/Console( 8105): File:  - Line 349 - Msg: [object Object]
05-12 04:41:18.258 I/Capacitor/Console( 8105): File:  - Line 349 - Msg: [object Object]
05-12 04:41:18.259 V/Capacitor/Plugin( 8105): To native (Capacitor plugin): callbackId: 11878999, pluginId: App, methodName: addListener
05-12 04:41:18.259 V/Capacitor( 8105): callback: 11878999, pluginId: App, methodName: addListener, methodData: {"eventName":"backButton"}
05-12 04:41:18.260 V/Capacitor/Plugin( 8105): To native (Capacitor plugin): callbackId: 11879000, pluginId: App, methodName: getLaunchUrl
05-12 04:41:18.260 V/Capacitor( 8105): callback: 11879000, pluginId: App, methodName: getLaunchUrl, methodData: {}
05-12 04:41:18.261 E/Capacitor/Console( 8105): File: https://localhost/assets/index--250WO3Y.js - Line 65 - Msg: Uncaught (in promise) Error: "BackgroundLocation.then()" is not implemented on android
05-12 04:41:18.262 I/Capacitor/Console( 8105): File:  - Line 349 - Msg: [object Object]
05-12 04:41:18.263 V/Capacitor/Plugin( 8105): To native (Capacitor plugin): callbackId: 11879001, pluginId: NativeNotification, methodName: cancelScheduledNotifications
05-12 04:41:18.263 V/Capacitor( 8105): callback: 11879001, pluginId: NativeNotification, methodName: cancelScheduledNotifications, methodData: {}
05-12 04:41:18.265 I/View    ( 8105): setRequestedFrameRate frameRate=-4.0, this=com.getcapacitor.CapacitorWebView{883089f VFEDHVC.. .F...... 0,0-1080,2340 #7f080172 app:id/webview aid=1073741824}, caller=android.view.ViewGroup.setRequestedFrameRate:9952 WV.zf.p:1 WV.zg.h:117 WV.zg.onDraw:7 com.android.webview.chromium.WebViewChromium.onDraw:19 
05-12 04:41:18.273 D/Capacitor( 8105): Handling local request: https://localhost/assets/phone-B2tmM6ZO.webp
05-12 04:41:18.278 I/GSC     ( 8105): SID[2] : 1d1782a995a51dd4, Kind: 1, time : 23.791 ms
05-12 04:41:18.286 I/GSC     ( 8105): SID[3] : 8a6cb1fc81d79626, Kind: 0, time : 8.271 ms
05-12 04:41:18.300 D/NetdEventListenerService( 1232): DNS Requested by 124, 10340(com.hyeni.calendar), SUCCESS, 9ms
05-12 04:41:18.301 I/GSC     ( 8105): SID[4] : c44c6cfafd8b3dd1, Kind: 1, time : 11.280 ms
05-12 04:41:18.305 I/GSC     ( 8105): SID[5] : dad13e2c817516ae, Kind: 0, time : 3.806 ms
05-12 04:41:18.312 I/GSC     ( 8105): SID[6] : c8c3a8dcc9a0092a, Kind: 1, time : 5.213 ms
05-12 04:41:18.316 I/GSC     ( 8105): SID[7] : b4c091041020a72a, Kind: 0, time : 3.733 ms
05-12 04:41:18.331 I/GSC     ( 8105): SID[8] : 81c83a05ac4497c3, Kind: 1, time : 5.111 ms
05-12 04:41:18.331 I/SemDvfsHyPerManager( 3129): acquire hyper - TABaseBoost/3129@22, type = -999
05-12 04:41:18.332 I/HYPER-HAL(  935): [RequestManager.cpp]acquire(): Acquired ID : 4965998  [3129 / 22]    HINT :      list : [TABoost / 1] 
05-12 04:41:18.335 I/GSC     ( 8105): SID[9] : b4c091041020a72a, Kind: 0, time : 3.611 ms
05-12 04:41:18.338 I/GSC     ( 8105): SID[10] : 4c39f02526c3f2f3, Kind: 1, time : 2.016 ms
05-12 04:41:18.342 I/GSC     ( 8105): SID[11] : e37a5a82d5e361e5, Kind: 0, time : 3.190 ms
05-12 04:41:18.345 I/GSC     ( 8105): SID[12] : 15a3807a0032bcfb, Kind: 1, time : 1.942 ms
05-12 04:41:18.348 I/GSC     ( 8105): SID[13] : 153968347bee9a34, Kind: 0, time : 3.208 ms
05-12 04:41:18.363 I/GSC     ( 8105): SID[14] : 65309fa95711b524, Kind: 1, time : 12.001 ms
05-12 04:41:18.367 I/GSC     ( 8105): SID[15] : 37ae6dcb91c52636, Kind: 0, time : 3.513 ms
05-12 04:41:18.380 I/wpa_supplicant(21252): Heartbeat 35855
05-12 04:41:18.380 I/GSC     ( 8105): SID[16] : 0d90abf66502c06e, Kind: 1, time : 11.689 ms
05-12 04:41:18.384 I/GSC     ( 8105): SID[17] : 2841bfcbb0a1c40e, Kind: 1, time : 2.036 ms
05-12 04:41:18.385 D/DisplayModeController( 1004): setDesiredMode 4633128672291735939 {mode={fps=60.00 Hz, modePtr={id=1, vsyncRate=60.00 Hz, peakRefreshRate=60.00 Hz}}, emitEvent=false, force=false}
05-12 04:41:18.388 I/GSC     ( 8105): SID[18] : eada809c03a4d6fe, Kind: 0, time : 3.353 ms
05-12 04:41:18.388 I/LayerHistory( 1004): com.hyeni.calendar/com.hyeni.calendar.MainActivity$_8105#5295 Max (can't resolve refresh rate)
05-12 04:41:18.389 I/LayerHistory( 1004): NavigationBar0$_1899#101 Max (can't resolve refresh rate)
05-12 04:41:18.389 I/SurfaceFlinger( 1004): Idle - choose 60.00 Hz
05-12 04:41:18.390 I/HWComposer( 1004): [4633128672291735939] ActiveConfigToHWC, ID : 3
05-12 04:41:18.391 I/VSyncReactor( 1004): Current= 120, Period= 60, hwcPeriod= 120
05-12 04:41:18.392 I/GSC     ( 8105): SID[19] : 615d609985376f82, Kind: 1, time : 3.313 ms
05-12 04:41:18.393 I/display (  932): Current VRR MODE is 3
05-12 04:41:18.393 I/display (  932): setActiveConfigWithConstraints:: HFR match - config: 4, base: 3, try: 0
05-12 04:41:18.393 I/display (  932): setActiveConfigWithConstraints::update 1080x2340@60phs
05-12 04:41:18.396 I/GSC     ( 8105): SID[20] : e7c98641c630a9fd, Kind: 0, time : 3.885 ms
05-12 04:41:18.404 I/GSC     ( 8105): SID[21] : 8f761582afd7ce82, Kind: 1, time : 5.216 ms
05-12 04:41:18.407 D/SurfaceFlinger( 1004): GPIS:: requestGpisForSFSluggish
05-12 04:41:18.408 I/SurfaceFlinger( 1004): finalizeDisplayModeChange 4633128672291735939
05-12 04:41:18.408 I/GSC     ( 8105): SID[22] : a2e7033dbafecb16, Kind: 0, time : 3.962 ms
05-12 04:41:18.410 I/HYPER-HAL(  935): [RequestManager.cpp]releaseLocked(): Released ID : 4943955
05-12 04:41:18.410 I/VSyncReactor( 1004): Current= 120, Period= 60, hwcPeriod= 60
05-12 04:41:18.411 E/CompositionEngine( 1004): [com.hyeni.calendar/com.hyeni.calendar.MainActivity$_8105#5295] Invalid device requested composition type change: Device (2) --> Device (2)
05-12 04:41:18.411 E/CompositionEngine( 1004): [StatusBar$_1899#103] Invalid device requested composition type change: Device (2) --> Device (2)
05-12 04:41:18.411 E/CompositionEngine( 1004): [com.sec.android.app.launcher/com.samsung.app.honeyspace.edge.edgepanel.app.CocktailBarService$_2350#5258] Invalid device requested composition type change: Device (2) --> Device (2)
05-12 04:41:18.411 E/CompositionEngine( 1004): [NavigationBar0$_1899#101] Invalid device requested composition type change: Device (2) --> Device (2)
05-12 04:41:18.411 E/CompositionEngine( 1004): [ScreenDecorHwcOverlay$_1899#107] Invalid device requested composition type change: DisplayDecoration (6) --> DisplayDecoration (6)
05-12 04:41:18.412 I/GSC     ( 8105): SID[23] : fa9274288ddb753f, Kind: 1, time : 2.322 ms
05-12 04:41:18.415 I/GSC     ( 8105): SID[24] : 4550eda5755fea7c, Kind: 0, time : 3.480 ms
05-12 04:41:18.424 I/GSC     ( 8105): SID[25] : 31e3c979372101ba, Kind: 1, time : 1.812 ms
05-12 04:41:18.425 D/SGM:GameManager( 1232): identifyForegroundApp. com.hyeni.calendar, mCurrentUserId: 0, callerUserId: 0
05-12 04:41:18.425 D/SGM:SemGameManager( 1232): isForegroundGame(), ret=false
05-12 04:41:18.425 D/SemInputDeviceManager( 1232): setProperty: (0) CMD,GRIP_DATA,1,45,7,15,702
05-12 04:41:18.426 D/TspStateManager( 1232): wrote command: cmd=1,45,7,15,702, type=1
05-12 04:41:18.426 D/SemInputDevice:TSP( 1232): SetPropertyTask: CMD,set_grip_data,1,45,7,15,702 [05-12 04:41:18.425]
05-12 04:41:18.427 I/GSC     ( 8105): SID[26] : c81262e58123a1ef, Kind: 0, time : 2.989 ms
05-12 04:41:18.430 I/GSC     ( 8105): SID[27] : 9b693a7d5e7358ca, Kind: 1, time : 1.823 ms
05-12 04:41:18.434 I/GSC     ( 8105): SID[28] : ee03100194aaaeb8, Kind: 0, time : 3.473 ms
05-12 04:41:18.452 I/GSC     ( 8105): SID[29] : 3988124e220dfe5a, Kind: 1, time : 14.779 ms
05-12 04:41:18.455 I/GSC     ( 8105): SID[30] : 4c41845459296a64, Kind: 0, time : 3.742 ms
05-12 04:41:18.457 I/sysinput:aidl(  954): onReportInformation:91, 1, cmd@set_grip_data,1,45,7,15,70
05-12 04:41:18.458 I/sysinput:Touch1(  954): operator():233, OK
05-12 04:41:18.458 D/SysinputHAL_AIDL( 1232): setProperty(TSP(1)): CMD, set_grip_data,1,45,7,15,702 ret=0
05-12 04:41:18.460 I/GSC     ( 8105): SID[31] : a0254cf9e506cc4f, Kind: 1, time : 2.789 ms
05-12 04:41:18.461 I/InputMethodService(12566): removeImeSurface
05-12 04:41:18.461 I/InputMethodService(12566): cancelImeSurfaceRemoval: removeCallbacks
05-12 04:41:18.464 I/GSC     ( 8105): SID[32] : 556fc424ef4d4c1f, Kind: 0, time : 3.611 ms
05-12 04:41:18.468 I/keystore2(  677): system/security/keystore2/watchdog/src/lib.rs:377 - Watchdog thread idle -> terminating. Have a great day.
05-12 04:41:18.471 I/GSC     ( 8105): SID[33] : 508d410a0aa868cf, Kind: 1, time : 2.572 ms
05-12 04:41:18.475 I/GSC     ( 8105): SID[34] : e37a5a82d5e361e5, Kind: 0, time : 3.406 ms
05-12 04:41:18.493 I/GSC     ( 8105): SID[35] : ff227407b482b2cd, Kind: 1, time : 2.353 ms
05-12 04:41:18.497 I/GSC     ( 8105): SID[36] : e7c98641c630a9fd, Kind: 0, time : 3.710 ms
05-12 04:41:18.515 I/GSC     ( 8105): SID[37] : 31e3c979372101ba, Kind: 1, time : 2.027 ms
05-12 04:41:18.518 I/GSC     ( 8105): SID[38] : c81262e58123a1ef, Kind: 0, time : 3.310 ms
05-12 04:41:18.523 I/GSC     ( 8105): SID[39] : daf6bf01e1b4a49f, Kind: 1, time : 2.238 ms
05-12 04:41:18.527 I/GSC     ( 8105): SID[40] : 744a64243f33afc9, Kind: 0, time : 3.731 ms
05-12 04:41:18.530 I/GSC     ( 8105): SID[41] : 9b693a7d5e7358ca, Kind: 1, time : 1.804 ms
05-12 04:41:18.534 I/GSC     ( 8105): SID[42] : ee03100194aaaeb8, Kind: 0, time : 3.522 ms
05-12 04:41:18.560 I/GSC     ( 8105): SID[43] : b201bc81e34f3a4b, Kind: 1, time : 24.018 ms
05-12 04:41:18.564 I/GSC     ( 8105): SID[44] : c25632597914a269, Kind: 0, time : 3.699 ms
05-12 04:41:18.569 I/GSC     ( 8105): SID[45] : 32e7c84fcb14c889, Kind: 1, time : 3.558 ms
05-12 04:41:18.573 I/GSC     ( 8105): SID[46] : 84d39aaa133f995c, Kind: 0, time : 3.587 ms
05-12 04:41:18.576 I/GSC     ( 8105): SID[47] : fb33bf07a91c26a2, Kind: 1, time : 0.774 ms
05-12 04:41:18.587 I/GSC     ( 8105): SID[48] : ab6075ad22adbf2a, Kind: 0, time : 11.154 ms
05-12 04:41:18.590 I/GSC     ( 8105): SID[49] : 443b655481921556, Kind: 1, time : 1.552 ms
05-12 04:41:18.593 I/GSC     ( 8105): SID[50] : fc668535a0a52d1f, Kind: 0, time : 3.144 ms
05-12 04:41:18.599 I/Capacitor/Console( 8105): File:  - Line 333 - Msg: undefined
05-12 04:41:18.599 D/DisplayModeController( 1004): setDesiredMode 4633128672291735939 {mode={fps=120.00 Hz, modePtr={id=0, vsyncRate=120.00 Hz, peakRefreshRate=120.00 Hz}}, emitEvent=true, force=false}
05-12 04:41:18.599 I/Capacitor/Console( 8105): File:  - Line 349 - Msg: [object Object]
05-12 04:41:18.600 I/Choreographer( 8105): Skipped 39 frames!  The application may be doing too much work on its main thread.
05-12 04:41:18.603 I/View    ( 8105): setRequestedFrameRate frameRate=-4.0, this=com.getcapacitor.CapacitorWebView{883089f VFEDHVC.. .F...... 0,0-1080,2340 #7f080172 app:id/webview aid=1073741824}, caller=android.view.ViewGroup.setRequestedFrameRate:9952 WV.zf.p:1 WV.zg.h:117 WV.zg.onDraw:7 com.android.webview.chromium.WebViewChromium.onDraw:19 
05-12 04:41:18.605 I/VSyncReactor( 1004): Current= 60, Period= 120, hwcPeriod= 60
05-12 04:41:18.606 I/Capacitor/Console( 8105): File:  - Line 333 - Msg: {"success":true}
05-12 04:41:18.607 V/Capacitor/Plugin( 8105): To native (Capacitor plugin): callbackId: 11879002, pluginId: App, methodName: addListener
05-12 04:41:18.607 V/Capacitor( 8105): callback: 11879002, pluginId: App, methodName: addListener, methodData: {"eventName":"appUrlOpen"}
05-12 04:41:18.614 I/GSC     ( 8105): SID[51] : 16020e87269e9d84, Kind: 1, time : 2.465 ms
05-12 04:41:18.615 I/LayerHistory( 1004): com.hyeni.calendar/com.hyeni.calendar.MainActivity$_8105#5295 Max (can't resolve refresh rate)
05-12 04:41:18.615 I/SurfaceFlinger( 1004): scored - choose 120.00 Hz
05-12 04:41:18.616 I/HWComposer( 1004): [4633128672291735939] ActiveConfigToHWC, ID : 2
05-12 04:41:18.618 I/GSC     ( 8105): SID[52] : e35a7c1b812f5d41, Kind: 0, time : 3.622 ms
05-12 04:41:18.619 I/display (  932): Current VRR MODE is 3
05-12 04:41:18.619 I/display (  932): setActiveConfigWithConstraints:: HFR match - config: 2, base: 2, try: 1
05-12 04:41:18.619 I/display (  932): setActiveConfigWithConstraints::update 1080x2340@120hs
05-12 04:41:18.622 I/GSC     ( 8105): SID[53] : 825dadc989512153, Kind: 1, time : 2.493 ms
05-12 04:41:18.626 I/GSC     ( 8105): SID[54] : 05969862934a790c, Kind: 0, time : 3.836 ms
05-12 04:41:18.632 I/VSyncReactor( 1004): Current= 60, Period= 120, hwcPeriod= 120
05-12 04:41:18.634 I/GSC     ( 8105): SID[55] : d93fc748413eba7b, Kind: 1, time : 5.602 ms
05-12 04:41:18.634 I/SurfaceFlinger( 1004): finalizeDisplayModeChange 4633128672291735939
05-12 04:41:18.637 I/GSC     ( 8105): SID[56] : 357a40c78949802d, Kind: 0, time : 3.416 ms
05-12 04:41:18.638 E/CompositionEngine( 1004): [com.hyeni.calendar/com.hyeni.calendar.MainActivity$_8105#5295] Invalid device requested composition type change: Device (2) --> Device (2)
05-12 04:41:18.638 E/CompositionEngine( 1004): [StatusBar$_1899#103] Invalid device requested composition type change: Device (2) --> Device (2)
05-12 04:41:18.639 E/CompositionEngine( 1004): [com.sec.android.app.launcher/com.samsung.app.honeyspace.edge.edgepanel.app.CocktailBarService$_2350#5258] Invalid device requested composition type change: Device (2) --> Device (2)
05-12 04:41:18.639 E/CompositionEngine( 1004): [NavigationBar0$_1899#101] Invalid device requested composition type change: Device (2) --> Device (2)
05-12 04:41:18.639 E/CompositionEngine( 1004): [ScreenDecorHwcOverlay$_1899#107] Invalid device requested composition type change: DisplayDecoration (6) --> DisplayDecoration (6)
05-12 04:41:18.640 I/View    ( 8105): setRequestedFrameRate frameRate=-4.0, this=com.getcapacitor.CapacitorWebView{883089f VFEDHVC.. .F...... 0,0-1080,2340 #7f080172 app:id/webview aid=1073741824}, caller=android.view.ViewGroup.setRequestedFrameRate:9952 WV.zf.p:1 WV.zg.h:117 WV.zg.onDraw:7 com.android.webview.chromium.WebViewChromium.onDraw:19 
05-12 04:41:18.648 I/GSC     ( 8105): SID[57] : 8247107fd31397f2, Kind: 1, time : 9.183 ms
05-12 04:41:18.652 I/GSC     ( 8105): SID[58] : 440d824afaf18381, Kind: 0, time : 3.689 ms
05-12 04:41:18.659 D/SubscreenNotificationListCoordinator( 1899): onAfterRenderList() isSubScreen = false, pluginLockMode = 0, doNotShowOnCover = false
05-12 04:41:18.660 I/LockscreenNotificationIconsOnlyController( 1899): onNotificationInfoUpdated 0
05-12 04:41:18.660 I/AODNotificationManager( 1899): updateNotification() 
05-12 04:41:18.664 I/GSC     ( 8105): SID[59] : 4e489644b2c8e19b, Kind: 1, time : 9.995 ms
05-12 04:41:18.673 I/GSC     ( 8105): SID[60] : 45b33485578b5a8c, Kind: 1, time : 2.330 ms
05-12 04:41:18.677 I/GSC     ( 8105): SID[61] : e37a5a82d5e361e5, Kind: 0, time : 3.405 ms
05-12 04:41:18.680 I/VSyncReactor( 1004): Current= 120, Period= 120, hwcPeriod= 120
05-12 04:41:18.683 I/GSC     ( 8105): SID[62] : e3adcb1e12645162, Kind: 1, time : 4.609 ms
05-12 04:41:18.687 I/GSC     ( 8105): SID[63] : fc668535a0a52d1f, Kind: 0, time : 3.283 ms
05-12 04:41:18.689 I/RequestManager_FLP( 2612): onOpChanged, op=0 / packageName=com.google.android.projection.gearhead
05-12 04:41:18.692 I/Capacitor/Console( 8105): File: https://localhost/assets/index--250WO3Y.js - Line 65 - Msg: [KakaoMap] SDK ready
05-12 04:41:18.741 I/.hyeni.calendar( 8105): Compiler allocated 5101KB to compile void android.view.ViewRootImpl.performTraversals()
05-12 04:41:18.778 W/.hyeni.calendar( 8105): Long monitor contention with owner TAG (8162) at com.google.android.gms.tasks.Task com.google.firebase.messaging.RequestDeduplicator.getOrStartGetTokenRequest(java.lang.String, com.google.firebase.messaging.RequestDeduplicator$GetTokenRequest)(RequestDeduplicator.java:77) waiters=0 in com.google.android.gms.tasks.Task com.google.firebase.messaging.RequestDeduplicator.getOrStartGetTokenRequest(java.lang.String, com.google.firebase.messaging.RequestDeduplicator$GetTokenRequest) for 1.057s
05-12 04:41:18.778 D/BackgroundInstallControlService( 1232): Package event received: 0
05-12 04:41:18.900 D/NetdEventListenerService( 1232): DNS Requested by 124, 10255(com.google.android.gms), SUCCESS, 106ms
05-12 04:41:18.946 D/SemWifiSwitchForIndividualAppsService( 1232): isSkipTcpMonitorInfo - result:2
05-12 04:41:18.948 D/DisplayModeController( 1004): setDesiredMode 4633128672291735939 {mode={fps=60.00 Hz, modePtr={id=1, vsyncRate=60.00 Hz, peakRefreshRate=60.00 Hz}}, emitEvent=false, force=false}
05-12 04:41:18.950 I/LayerHistory( 1004): StatusBar$_1899#103 voted NoVote (0.00 Hz)
05-12 04:41:18.950 I/LayerHistory( 1004): com.hyeni.calendar/com.hyeni.calendar.MainActivity$_8105#5295 Max (can't resolve refresh rate)
05-12 04:41:18.950 I/SurfaceFlinger( 1004): Idle - choose 60.00 Hz
05-12 04:41:18.951 I/HWComposer( 1004): [4633128672291735939] ActiveConfigToHWC, ID : 3
05-12 04:41:18.953 I/display (  932): Current VRR MODE is 3
05-12 04:41:18.953 I/display (  932): setActiveConfigWithConstraints:: HFR match - config: 4, base: 3, try: 0
05-12 04:41:18.953 I/display (  932): setActiveConfigWithConstraints::update 1080x2340@60phs
05-12 04:41:18.964 I/VSyncReactor( 1004): Current= 120, Period= 60, hwcPeriod= 60
05-12 04:41:18.966 I/SurfaceFlinger( 1004): finalizeDisplayModeChange 4633128672291735939
05-12 04:41:18.968 E/CompositionEngine( 1004): [com.hyeni.calendar/com.hyeni.calendar.MainActivity$_8105#5295] Invalid device requested composition type change: Device (2) --> Device (2)
05-12 04:41:18.968 E/CompositionEngine( 1004): [StatusBar$_1899#103] Invalid device requested composition type change: Device (2) --> Device (2)
05-12 04:41:18.968 E/CompositionEngine( 1004): [com.sec.android.app.launcher/com.samsung.app.honeyspace.edge.edgepanel.app.CocktailBarService$_2350#5258] Invalid device requested composition type change: Device (2) --> Device (2)
05-12 04:41:18.968 E/CompositionEngine( 1004): [NavigationBar0$_1899#101] Invalid device requested composition type change: Device (2) --> Device (2)
05-12 04:41:18.968 E/CompositionEngine( 1004): [ScreenDecorHwcOverlay$_1899#107] Invalid device requested composition type change: DisplayDecoration (6) --> DisplayDecoration (6)
05-12 04:41:18.970 D/SemWifiUsabilityStatsMonitor( 1232): onWifiUsabilityStats - seqNum 11564, isSameBssidAndFreq true
05-12 04:41:18.971 D/Tile.WifiTile( 1899): handleUpdateState isTransient=false transientEnabling =false cb.isTransient=false state.state = 2 mStateBeforeClick.value =false enabled =true
05-12 04:41:18.971 I/SemWifiLinkQualityMonitor( 1232): Link stat: 0 / 0 / 1.26 (83) / 526 / -33.0 || 100.0 : 526.00 / 0.5 : 0.80 / 0.55 : 0.30 / G (G) || 6c7c52d45220: 0.118 / 67.759 / D || N N / 0 0 / N 2.0 / N X 0 / 905954257 0 || 2026-05-12 04:41:18  / 0: 0 0 0 0 0 0 / 0: 0 0 0 0 0 0 / 0: 0 0 0 0 0 0
05-12 04:41:18.994 D/DisplayModeController( 1004): setDesiredMode 4633128672291735939 {mode={fps=120.00 Hz, modePtr={id=0, vsyncRate=120.00 Hz, peakRefreshRate=120.00 Hz}}, emitEvent=true, force=false}
05-12 04:41:18.996 I/VSyncReactor( 1004): Current= 60, Period= 120, hwcPeriod= 60
05-12 04:41:18.998 I/HYPER-HAL(  935): [RequestManager.cpp]releaseLocked(): Released ID : 2010010
05-12 04:41:19.006 I/LayerHistory( 1004): StatusBar$_1899#103 voted NoVote (0.00 Hz)
05-12 04:41:19.006 I/LayerHistory( 1004): com.hyeni.calendar/com.hyeni.calendar.MainActivity$_8105#5295 Max (can't resolve refresh rate)
05-12 04:41:19.006 I/SurfaceFlinger( 1004): scored - choose 120.00 Hz
05-12 04:41:19.007 I/HWComposer( 1004): [4633128672291735939] ActiveConfigToHWC, ID : 2
05-12 04:41:19.009 I/display (  932): Current VRR MODE is 3
05-12 04:41:19.009 I/display (  932): setActiveConfigWithConstraints:: HFR match - config: 2, base: 2, try: 1
05-12 04:41:19.009 I/display (  932): setActiveConfigWithConstraints::update 1080x2340@120hs
05-12 04:41:19.024 I/VSyncReactor( 1004): Current= 60, Period= 120, hwcPeriod= 120
05-12 04:41:19.026 I/SurfaceFlinger( 1004): finalizeDisplayModeChange 4633128672291735939
05-12 04:41:19.029 E/CompositionEngine( 1004): [com.hyeni.calendar/com.hyeni.calendar.MainActivity$_8105#5295] Invalid device requested composition type change: Device (2) --> Device (2)
05-12 04:41:19.029 E/CompositionEngine( 1004): [StatusBar$_1899#103] Invalid device requested composition type change: Device (2) --> Device (2)
05-12 04:41:19.029 E/CompositionEngine( 1004): [com.sec.android.app.launcher/com.samsung.app.honeyspace.edge.edgepanel.app.CocktailBarService$_2350#5258] Invalid device requested composition type change: Device (2) --> Device (2)
05-12 04:41:19.029 E/CompositionEngine( 1004): [NavigationBar0$_1899#101] Invalid device requested composition type change: Device (2) --> Device (2)
05-12 04:41:19.029 E/CompositionEngine( 1004): [ScreenDecorHwcOverlay$_1899#107] Invalid device requested composition type change: DisplayDecoration (6) --> DisplayDecoration (6)
05-12 04:41:19.246 D/DisplayModeController( 1004): setDesiredMode 4633128672291735939 {mode={fps=60.00 Hz, modePtr={id=1, vsyncRate=60.00 Hz, peakRefreshRate=60.00 Hz}}, emitEvent=false, force=false}
05-12 04:41:19.252 I/LayerHistory( 1004): StatusBar$_1899#103 voted NoVote (0.00 Hz)
05-12 04:41:19.253 I/LayerHistory( 1004): com.hyeni.calendar/com.hyeni.calendar.MainActivity$_8105#5295 Max (can't resolve refresh rate)
05-12 04:41:19.253 I/SurfaceFlinger( 1004): Idle - choose 60.00 Hz
05-12 04:41:19.255 D/io_stats(  659): !@   8,0 r 3171507 101367072 w 2819487 73348920 d 740159 156888800 f 436025 343237 iot 3829080 0 th 0 0 0 pt 0 inp 0 0 905954.541
05-12 04:41:19.255 I/HWComposer( 1004): [4633128672291735939] ActiveConfigToHWC, ID : 3
05-12 04:41:19.258 I/VSyncReactor( 1004): Current= 120, Period= 60, hwcPeriod= 120
05-12 04:41:19.259 I/display (  932): Current VRR MODE is 3
05-12 04:41:19.259 I/display (  932): setActiveConfigWithConstraints:: HFR match - config: 4, base: 3, try: 0
05-12 04:41:19.259 I/display (  932): setActiveConfigWithConstraints::update 1080x2340@60phs
05-12 04:41:19.283 I/VSyncReactor( 1004): Current= 120, Period= 60, hwcPeriod= 60
05-12 04:41:19.285 I/SurfaceFlinger( 1004): finalizeDisplayModeChange 4633128672291735939
05-12 04:41:19.290 E/CompositionEngine( 1004): [com.hyeni.calendar/com.hyeni.calendar.MainActivity$_8105#5295] Invalid device requested composition type change: Device (2) --> Device (2)
05-12 04:41:19.290 E/CompositionEngine( 1004): [StatusBar$_1899#103] Invalid device requested composition type change: Device (2) --> Device (2)
05-12 04:41:19.290 E/CompositionEngine( 1004): [com.sec.android.app.launcher/com.samsung.app.honeyspace.edge.edgepanel.app.CocktailBarService$_2350#5258] Invalid device requested composition type change: Device (2) --> Device (2)
05-12 04:41:19.290 E/CompositionEngine( 1004): [NavigationBar0$_1899#101] Invalid device requested composition type change: Device (2) --> Device (2)
05-12 04:41:19.290 E/CompositionEngine( 1004): [ScreenDecorHwcOverlay$_1899#107] Invalid device requested composition type change: DisplayDecoration (6) --> DisplayDecoration (6)
05-12 04:41:19.926 I/HYPER-HAL(  935): [RequestManager.cpp]acquire(): Acquired ID : 4506562  [940 / 2061]    HINT :      list : [TID_LOW_LATENCY / 0] [TID / 2040] [TID / 2041] [TID / 2015] [TID / 2042] 
05-12 04:41:19.926 I/HYPER-HAL(  935): [RequestManager.cpp]acquire(): Acquired ID : 4509565  [940 / 2062]    HINT :      list : [UCLAMP_MIN_BOOST / 0] [TID / 2040] [TID / 2041] [TID / 2015] [TID / 2042] 
05-12 04:41:19.927 I/HYPER-HAL(  935): [RequestManager.cpp]releaseLocked(): Released ID : 4506562
05-12 04:41:19.928 I/HYPER-HAL(  935): [RequestManager.cpp]releaseLocked(): Released ID : 4509565
05-12 04:41:19.931 E/TaskPersister( 1232): File error accessing recents directory (directory doesn't exist?).
05-12 04:41:19.966 D/SemWifiSwitchForIndividualAppsService( 1232): isSkipTcpMonitorInfo - result:2
05-12 04:41:20.024 D/BackgroundInstallControlService( 1232): Package event received: 0
05-12 04:41:20.028 D/BackgroundInstallControlService( 1232): Package event received: 0
05-12 04:41:20.041 D/Zygote  (  893): Forked child process 8360
05-12 04:41:20.042 I/ActivityManager( 1232): Start proc 8360:com.google.android.webview:webview_service/u0a266 for service {com.google.android.webview/org.chromium.android_webview.services.VariationsSeedServer}
05-12 04:41:20.042 I/ActivityManager( 1232): ProcessObserver broadcast disabled
05-12 04:41:20.060 I/webview_service( 8360): Using CollectorTypeCMC GC.
05-12 04:41:20.064 E/webview_service( 8360): Not starting debugger since process cannot load the jdwp agent.
05-12 04:41:20.067 D/nativeloader( 8360): Load libframework-connectivity-tiramisu-jni.so using APEX ns com_android_tethering for caller /apex/com.android.tethering/javalib/framework-connectivity-t.jar: ok
05-12 04:41:20.069 D/ActivityThread( 8360): setConscryptValidator
05-12 04:41:20.069 D/ActivityThread( 8360): setConscryptValidator - put
05-12 04:41:20.083 D/ApplicationLoaders( 8360): Returning zygote-cached class loader: /system/framework/android.test.base.jar
05-12 04:41:20.083 D/ApplicationLoaders( 8360): Returning zygote-cached class loader: /system_ext/framework/androidx.window.extensions.jar
05-12 04:41:20.086 D/nativeloader( 8360): Configuring clns-9 for other apk /data/app/~~l1Xag7az9-ALRXIBjuNdCw==/com.google.android.webview-oFXXPgkin8HV1ea7TMUrtQ==/base.apk. target_sdk_version=36, uses_libraries=, library_path=/data/app/~~l1Xag7az9-ALRXIBjuNdCw==/com.google.android.webview-oFXXPgkin8HV1ea7TMUrtQ==/lib/arm64:/data/app/~~l1Xag7az9-ALRXIBjuNdCw==/com.google.android.webview-oFXXPgkin8HV1ea7TMUrtQ==/base.apk!/lib/arm64-v8a, permitted_path=/data:/mnt/expand:/data/user/0/com.google.android.webview
05-12 04:41:20.092 V/GraphicsEnvironment( 8360): Currently set values for:
05-12 04:41:20.092 V/GraphicsEnvironment( 8360):   angle_gl_driver_selection_pkgs=[]
05-12 04:41:20.092 V/GraphicsEnvironment( 8360):   angle_gl_driver_selection_values=[]
05-12 04:41:20.092 V/GraphicsEnvironment( 8360): com.google.android.webview is not listed in per-application setting
05-12 04:41:20.092 V/GraphicsEnvironment( 8360): ANGLE allowlist from config: 
05-12 04:41:20.092 V/GraphicsEnvironment( 8360): com.google.android.webview is not listed in ANGLE allowlist or settings, returning default
05-12 04:41:20.092 V/GraphicsEnvironment( 8360): Neither updatable production driver nor prerelease driver is supported.
05-12 04:41:20.095 I/cr_WebViewApkApp( 8360): version=147.0.7727.137 (772713703) minSdkVersion=29 processName=com.google.android.webview:webview_service splits=<none>
05-12 04:41:20.102 I/ActivityManager( 1232): Changes in 10266 19 to 3, 0 to 184
05-12 04:41:20.104 D/BackgroundInstallControlService( 1232): Package event received: 0
05-12 04:41:20.115 I/ActivityManager( 1232): Changes in 10266 3 to 19, 184 to 0
05-12 04:41:20.140 D/WifiConnectivityMonitor( 1232): called startWcmPoll but already Ongoing
05-12 04:41:20.140 D/SemWifiRssiBasePoller( 1232): RSSI_BASE_STOP
05-12 04:41:20.872 I/Pageboost( 1232): Launcher App Execution
05-12 04:41:20.915 I/HYPER-HAL(  935): [RequestManager.cpp]releaseLocked(): Released ID : 4950248
05-12 04:41:20.993 D/SemWifiSwitchForIndividualAppsService( 1232): isSkipTcpMonitorInfo - result:2
05-12 04:41:21.111 E/Watchdog( 1232): !@Sync: 30174 heap(MB): 139 / 147 FD: 1173 [2026-05-12 04:41:21.110]
05-12 04:41:21.206 I/SemWifiServiceDetector( 1232): Service det. resumed: T / T / 14387
05-12 04:41:21.256 D/io_stats(  659): !@   8,0 r 3171507 101367072 w 2819492 73348936 d 740159 156888800 f 436027 343238 iot 3829092 0 th 0 0 0 pt 0 inp 0 0 905956.543
05-12 04:41:21.257 D/io_stats(  659): !@ Read_top(KB): kworker/u16:2(7641) 1792 id.apps.tachyon(8145) 1076 kworker/u16:0(4653) 812
05-12 04:41:21.257 D/io_stats(  659): !@ Write_top(KB): f2fs_ckpt-254:8(2366) 596 .hyeni.calendar(8105) 464 roid.honeyboard(12566) 68
05-12 04:41:21.921 D/SemInputMotionEventDispatcher( 1232): registerMotionEventListener: already registered: com.samsung.android.hardware.secinputdev.taas.ExternalApi$5@82f593a
05-12 04:41:21.957 D/SGM:GameManager( 1232): identifyGamePackage. com.hyeni.calendar, mCurrentUserId: 0, callingMethodInfo: com.samsung.android.game.IGameManagerService$Stub.onTransact(IGameManagerService.java:247)
05-12 04:41:22.007 D/SemWifiUsabilityStatsMonitor( 1232): onWifiUsabilityStats - seqNum 11565, isSameBssidAndFreq true
05-12 04:41:22.010 I/SemWifiLinkQualityMonitor( 1232): Link stat: 0 / 0 / 1.15 (15) / 585 / -31.0 || 100.0 : 585.00 / 0.5 : 0.87 / 0.55 : 0.30 / G (G) || 6c7c52d45220: 0.117 / 68.650 / D || N N / 0 0 / N 2.0 / N X 0 / 905957295 0 || 2026-05-12 04:41:20  / 0: 0 0 0 0 0 0 / 0: 0 0 0 0 0 0 / 0: 0 0 0 0 0 0
05-12 04:41:22.372 I/Pageboost( 1232): IoRecord pid : 8105
05-12 04:41:22.389 I/Pageboost( 1232): IoRecord pid : 8105, result_size : 51225
05-12 04:41:22.420 I/Pageboost( 1232): db create : CREATE TABLE IF NOT EXISTS comhyenicalendar (FILENAME TEXT, OFFSET INTEGER, SIZE INTEGER, FORVRAMDISK INTEGER, BITMAP BLOB, unique (FILENAME, OFFSET) );
05-12 04:41:22.458 I/Pageboost( 1232): db create : CREATE TABLE IF NOT EXISTS comhyenicalendar (FILENAME TEXT, OFFSET INTEGER, SIZE INTEGER, FORVRAMDISK INTEGER, BITMAP BLOB, unique (FILENAME, OFFSET) );
05-12 04:41:22.459 I/Pageboost( 1232): db insert start
05-12 04:41:22.699 D/InetDiagMessage( 1232): Destroyed 0 sockets, proto=IPPROTO_TCP, family=AF_INET, states=14
05-12 04:41:22.700 D/InetDiagMessage( 1232): Destroyed 0 sockets, proto=IPPROTO_TCP, family=AF_INET6, states=14
05-12 04:41:22.700 D/InetDiagMessage( 1232): Destroyed live tcp sockets for uids={10258} in 7ms
05-12 04:41:22.701 D/InetDiagMessage( 1232): Destroyed 0 sockets, proto=IPPROTO_TCP, family=AF_INET, states=14
05-12 04:41:22.702 D/InetDiagMessage( 1232): Destroyed 0 sockets, proto=IPPROTO_TCP, family=AF_INET6, states=14
05-12 04:41:22.703 D/InetDiagMessage( 1232): Destroyed live tcp sockets for uids={20258} in 2ms
05-12 04:41:22.704 D/InetDiagMessage( 1232): Destroyed 0 sockets, proto=IPPROTO_TCP, family=AF_INET, states=14
05-12 04:41:22.705 D/InetDiagMessage( 1232): Destroyed 0 sockets, proto=IPPROTO_TCP, family=AF_INET6, states=14
05-12 04:41:22.705 D/InetDiagMessage( 1232): Destroyed live tcp sockets for uids={10244} in 3ms
05-12 04:41:22.706 D/InetDiagMessage( 1232): Destroyed 0 sockets, proto=IPPROTO_TCP, family=AF_INET, states=14
05-12 04:41:22.707 D/InetDiagMessage( 1232): Destroyed 0 sockets, proto=IPPROTO_TCP, family=AF_INET6, states=14
05-12 04:41:22.707 D/InetDiagMessage( 1232): Destroyed live tcp sockets for uids={20244} in 2ms
05-12 04:41:22.742 D/InetDiagMessage( 1232): Destroyed 0 sockets, proto=IPPROTO_TCP, family=AF_INET, states=14
05-12 04:41:22.745 D/InetDiagMessage( 1232): Destroyed 0 sockets, proto=IPPROTO_TCP, family=AF_INET6, states=14
05-12 04:41:22.746 D/InetDiagMessage( 1232): Destroyed live tcp sockets for uids={10269} in 6ms
05-12 04:41:22.748 D/InetDiagMessage( 1232): Destroyed 0 sockets, proto=IPPROTO_TCP, family=AF_INET, states=14
05-12 04:41:22.750 D/InetDiagMessage( 1232): Destroyed 0 sockets, proto=IPPROTO_TCP, family=AF_INET6, states=14
05-12 04:41:22.750 D/InetDiagMessage( 1232): Destroyed live tcp sockets for uids={20269} in 5ms
05-12 04:41:22.935 I/Pageboost( 1232): db insert done, overLimit false
05-12 04:41:22.943 I/Pageboost( 1232): captureFinished success : 57634816
05-12 04:41:22.949 I/Pageboost( 1232): db update :com.hyeni.calendar ret 1
05-12 04:41:22.985 I/MainActivity( 8105): FCM token primed: feZWqlyySlGU5LDWS3QK...
05-12 04:41:22.987 I/FCMService( 8105): FCM token refreshed
05-12 04:41:22.988 W/FCMService( 8105): FCM token sync skipped: push context not ready yet
05-12 04:41:22.989 D/ProfileInstaller( 8105): Installing profile for com.hyeni.calendar
05-12 04:41:23.013 I/Pageboost( 1232): memUsage collected : 197356 64765 31300 for com.hyeni.calendar 8105
05-12 04:41:23.235 D/BoundBrokerSvc(27738): onUnbind: Intent { act=com.google.android.gms.backup.GMS_MODULE_RESTORE dat=chimera-action:/... xflg=0x4 cmp=com.google.android.gms/.chimera.GmsInternalBoundBrokerService }
05-12 04:41:23.259 D/io_stats(  659): !@   8,0 r 3171559 101367280 w 2819644 73351800 d 740159 156888800 f 436079 343260 iot 3829452 0 th 0 0 0 pt 0 inp 0 0 905958.546
05-12 04:41:23.703 I/BluetoothHciVendorSpecificJni(21246): android/app/jni/com_android_bluetooth_BluetoothHciVendorSpecific.cpp:84 onEvent: 
05-12 04:41:23.704 I/BluetoothHciVendorSpecificJni(21246): android/app/jni/com_android_bluetooth_BluetoothHciVendorSpecific.cpp:84 onEvent: 
05-12 04:41:24.686 V/ClearcutMetricXmitter( 8253): Transmission is done.
05-12 04:41:25.055 D/SemWifiUsabilityStatsMonitor( 1232): onWifiUsabilityStats - seqNum 11566, isSameBssidAndFreq true
05-12 04:41:25.131 D/InetDiagMessage( 1232): Destroyed 0 sockets, proto=IPPROTO_TCP, family=AF_INET, states=14
05-12 04:41:25.134 D/InetDiagMessage( 1232): Destroyed 0 sockets, proto=IPPROTO_TCP, family=AF_INET6, states=14
05-12 04:41:25.134 D/InetDiagMessage( 1232): Destroyed live tcp sockets for uids={10266} in 8ms
05-12 04:41:25.136 D/InetDiagMessage( 1232): Destroyed 0 sockets, proto=IPPROTO_TCP, family=AF_INET, states=14
05-12 04:41:25.137 D/InetDiagMessage( 1232): Destroyed 0 sockets, proto=IPPROTO_TCP, family=AF_INET6, states=14
05-12 04:41:25.137 D/InetDiagMessage( 1232): Destroyed live tcp sockets for uids={20266} in 3ms
05-12 04:41:25.263 D/io_stats(  659): !@   8,0 r 3171588 101368720 w 2819703 73352892 d 740159 156888800 f 436079 343260 iot 3829552 0 th 0 0 0 pt 0 inp 0 0 905960.550
05-12 04:41:25.264 D/io_stats(  659): !@ Read_top(KB): id.apps.tachyon(8145) 1432 system_server(1232) 208 arhead:provider(8253) 8
05-12 04:41:25.264 D/io_stats(  659): !@ Write_top(KB): system_server(1232) 2828 kworker/u16:0(4653) 1088 .hyeni.calendar(8105) 16
05-12 04:41:25.317 I/WM-RemoteWorkerService( 3070): Binding to RemoteWorkerService
05-12 04:41:25.332 I/WM-WorkerWrapper( 3070): Worker result FAILURE for Work [ id=78ffc902-e2c7-4bf0-916e-2bcce93e8153, tags={ com.samsung.android.smartsuggestions.contentmanagement.screenshot.ScreenshotWorker } ]
05-12 04:41:25.389 D/ActivityManager( 1232): sync unfroze 4311 com.samsung.cmh for 6
05-12 04:41:25.390 I/ActivityManager( 1232): Changes in 5004 19 to 8, 0 to 128
05-12 04:41:25.394 D/Zygote  (  893): Forked child process 8394
05-12 04:41:25.395 I/CMHJobService( 4311): [#CMH#] onStartJob Called at 5월 12,2026 04:41:25 
05-12 04:41:25.395 I/CMHJobService( 4311): [#CMH#] Battery Percentage is:  1.0, High Temp: 0
05-12 04:41:25.397 I/ActivityManager( 1232): Start proc 8394:com.google.android.partnersetup/u0a247 for service {com.google.android.partnersetup/com.google.android.partnersetup.InstalledAppJobService}
05-12 04:41:25.397 I/ActivityManager( 1232): ProcessObserver broadcast disabled
05-12 04:41:25.397 I/CMHJobService( 4311): [#CMH#] Screen is turned off , status :   true  /  return canProcess = false
05-12 04:41:25.398 I/CMHJobService( 4311): [#CMH#] Battery Mode (Protection) :  0 / CurrentBatteryLevel : 1.0 
05-12 04:41:25.398 I/CMHJobService( 4311): [#CMH#] Battery Mode (NORMAL or BASIC) :  95%  
05-12 04:41:25.398 I/CMHJobService( 4311): [#CMH#] Battery level basis :  0.95 
05-12 04:41:25.398 I/CMHJobService( 4311): [#CMH#] Battery isBatteryLevelAvailable ==> true 
05-12 04:41:25.401 D/CompatChangeReporter( 1232): Compat change id reported: 311208629; UID 5004; state: ENABLED
05-12 04:41:25.403 I/ActivityManager( 1232): Changes in 5004 8 to 10, 128 to 0
05-12 04:41:25.409 I/CMHApplication( 4311): [#CMH#] Block to verify, Change Trim Memory Level: 40 
05-12 04:41:25.411 D/Zygote  (  893): Forked child process 8395
05-12 04:41:25.412 I/id.partnersetup( 8394): Using CollectorTypeCMC GC.
05-12 04:41:25.412 I/ActivityManager( 1232): Start proc 8395:com.google.android.apps.turbo:aab/u0a252 for service {com.google.android.apps.turbo/com.google.android.libraries.smartbattery.appusage.library.InferAppBucketsJob}
05-12 04:41:25.413 I/ActivityManager( 1232): ProcessObserver broadcast disabled
05-12 04:41:25.415 E/id.partnersetup( 8394): Not starting debugger since process cannot load the jdwp agent.
05-12 04:41:25.420 D/nativeloader( 8394): Load libframework-connectivity-tiramisu-jni.so using APEX ns com_android_tethering for caller /apex/com.android.tethering/javalib/framework-connectivity-t.jar: ok
05-12 04:41:25.422 D/ActivityThread( 8394): setConscryptValidator
05-12 04:41:25.422 D/ActivityThread( 8394): setConscryptValidator - put
05-12 04:41:25.422 I/.apps.turbo:aab( 8395): Using CollectorTypeCMC GC.
05-12 04:41:25.425 E/.apps.turbo:aab( 8395): Not starting debugger since process cannot load the jdwp agent.
05-12 04:41:25.427 D/nativeloader( 8395): Load libframework-connectivity-tiramisu-jni.so using APEX ns com_android_tethering for caller /apex/com.android.tethering/javalib/framework-connectivity-t.jar: ok
05-12 04:41:25.429 D/ActivityThread( 8395): setConscryptValidator
05-12 04:41:25.429 D/ActivityThread( 8395): setConscryptValidator - put
05-12 04:41:25.431 D/ApplicationLoaders( 8394): Returning zygote-cached class loader: /system/framework/org.apache.http.legacy.jar
05-12 04:41:25.434 D/CompatChangeReporter( 8395): Compat change id reported: 242716250; UID 10252; state: ENABLED
05-12 04:41:25.436 W/id.partnersetup( 8394): Failed to find entry 'classes.dex': Entry not found
05-12 04:41:25.436 W/id.partnersetup( 8394): Failed to find entry 'classes.dex': Entry not found
05-12 04:41:25.436 D/nativeloader( 8394): Configuring clns-9 for other apk /data/app/~~ICejl2VxBgGf9TQBEKn4Ug==/com.google.android.partnersetup-0uay2Rk_r2qOu0PpfSd5UA==/base.apk:/data/app/~~ICejl2VxBgGf9TQBEKn4Ug==/com.google.android.partnersetup-0uay2Rk_r2qOu0PpfSd5UA==/split_config.ko.apk:/data/app/~~ICejl2VxBgGf9TQBEKn4Ug==/com.google.android.partnersetup-0uay2Rk_r2qOu0PpfSd5UA==/split_config.xxhdpi.apk. target_sdk_version=36, uses_libraries=, library_path=/data/app/~~ICejl2VxBgGf9TQBEKn4Ug==/com.google.android.partnersetup-0uay2Rk_r2qOu0PpfSd5UA==/lib/arm64, permitted_path=/data:/mnt/expand:/data/user/0/com.google.android.partnersetup
05-12 04:41:25.437 D/ApplicationLoaders( 8395): Returning zygote-cached class loader: /system/framework/org.apache.http.legacy.jar
05-12 04:41:25.437 D/ApplicationLoaders( 8395): Returning zygote-cached class loader: /system_ext/framework/androidx.window.extensions.jar
05-12 04:41:25.437 D/ApplicationLoaders( 8395): Returning zygote-cached class loader: /system_ext/framework/androidx.window.sidecar.jar
05-12 04:41:25.441 D/nativeloader( 8395): InitLlndkLibrariesProduct: libEGL.so:libGLESv1_CM.so:libGLESv2.so:libGLESv3.so:libRS.so:libandroid_net.so:libapexsupport.so:libavf.so:libbinder_ndk.so:libc.so:libcgrouprc.so:libclang_rt.asan-aarch64-android.so:libclang_rt.hwasan-aarch64-android.so:libcom.android.tethering.connectivity_native.so:libdl.so:libft2.so:liblog.so:libm.so:libmediandk.so:libnativewindow.so:libneuralnetworks.so:libselinux.so:libsync.so:libvendorsupport.so:libvndksupport.so:libvulkan.so
05-12 04:41:25.441 D/nativeloader( 8395): Configuring product-clns-9 for unbundled product apk /product/priv-app/Turbo/Turbo.apk. target_sdk_version=34, uses_libraries=, library_path=/product/priv-app/Turbo/lib/arm64:/product/priv-app/Turbo/Turbo.apk!/lib/arm64-v8a:/product/lib64:/system/product/lib64, permitted_path=/data:/mnt/expand:/data/user/0/com.google.android.apps.turbo:/product/lib64:/system/product/lib64
05-12 04:41:25.441 D/nativeloader( 8395): InitVndkspLibrariesProduct: VNDK is deprecated with product
05-12 04:41:25.442 V/GraphicsEnvironment( 8394): Currently set values for:
05-12 04:41:25.442 V/GraphicsEnvironment( 8394):   angle_gl_driver_selection_pkgs=[]
05-12 04:41:25.442 V/GraphicsEnvironment( 8394):   angle_gl_driver_selection_values=[]
05-12 04:41:25.442 V/GraphicsEnvironment( 8394): com.google.android.partnersetup is not listed in per-application setting
05-12 04:41:25.442 V/GraphicsEnvironment( 8394): ANGLE allowlist from config: 
05-12 04:41:25.442 V/GraphicsEnvironment( 8394): com.google.android.partnersetup is not listed in ANGLE allowlist or settings, returning default
05-12 04:41:25.442 V/GraphicsEnvironment( 8394): Neither updatable production driver nor prerelease driver is supported.
05-12 04:41:25.445 V/GraphicsEnvironment( 8395): Currently set values for:
05-12 04:41:25.446 V/GraphicsEnvironment( 8395):   angle_gl_driver_selection_pkgs=[]
05-12 04:41:25.446 V/GraphicsEnvironment( 8395):   angle_gl_driver_selection_values=[]
05-12 04:41:25.446 V/GraphicsEnvironment( 8395): com.google.android.apps.turbo is not listed in per-application setting
05-12 04:41:25.446 V/GraphicsEnvironment( 8395): ANGLE allowlist from config: 
05-12 04:41:25.446 V/GraphicsEnvironment( 8395): com.google.android.apps.turbo is not listed in ANGLE allowlist or settings, returning default
05-12 04:41:25.446 V/GraphicsEnvironment( 8395): Neither updatable production driver nor prerelease driver is supported.
05-12 04:41:25.449 W/id.partnersetup( 8394): Method void xj.c(android.app.Activity) failed lock verification and will run slower.
05-12 04:41:25.449 W/id.partnersetup( 8394): Common causes for lock verification issues are non-optimized dex code
05-12 04:41:25.449 W/id.partnersetup( 8394): and incorrect proguard optimizations.
05-12 04:41:25.450 W/JobInfo ( 8394): Job 'com.google.android.partnersetup/.PhenotypeJobService#1' has a deadline with no functional constraints. The deadline won't improve job execution latency. Consider removing the deadline.
05-12 04:41:25.450 W/JobInfo ( 1232): Job 'com.google.android.partnersetup/.PhenotypeJobService#1' has a deadline with no functional constraints. The deadline won't improve job execution latency. Consider removing the deadline.
05-12 04:41:25.452 I/ActivityManager( 1232): Changes in 10247 19 to 8, 0 to 128
05-12 04:41:25.460 W/Turbo.TurboApplication( 8395): Going to the application!
05-12 04:41:25.461 I/ActivityManager( 1232): Changes in 10252 19 to 8, 0 to 128
05-12 04:41:25.471 D/PackageManager( 1232): setEnabledSetting : userId = 0 packageName = com.google.android.youtube cmp = null newState = 1 callingPackage = com.google.android.partnersetup
05-12 04:41:25.471 D/ApplicationPolicy( 1232): getApplicationStateEnabled : pkg = com.google.android.youtube userId : 0
05-12 04:41:25.479 D/PackageManager( 1232): setEnabledSetting : userId = 0 packageName = com.google.android.apps.maps cmp = null newState = 1 callingPackage = com.google.android.partnersetup
05-12 04:41:25.480 D/ApplicationPolicy( 1232): getApplicationStateEnabled : pkg = com.google.android.apps.maps userId : 0
05-12 04:41:25.496 W/JobInfo ( 8394): Job 'com.google.android.partnersetup/.InstalledAppJobService#4096' has a deadline with no functional constraints. The deadline won't improve job execution latency. Consider removing the deadline.
05-12 04:41:25.496 W/JobInfo ( 1232): Job 'com.google.android.partnersetup/.InstalledAppJobService#4096' has a deadline with no functional constraints. The deadline won't improve job execution latency. Consider removing the deadline.
05-12 04:41:25.498 W/JobInfo ( 8394): Job 'com.google.android.partnersetup/.InstalledAppJobService#4096' has a deadline with no functional constraints. The deadline won't improve job execution latency. Consider removing the deadline.
05-12 04:41:25.498 W/JobInfo ( 1232): Job 'com.google.android.partnersetup/.InstalledAppJobService#4096' has a deadline with no functional constraints. The deadline won't improve job execution latency. Consider removing the deadline.
05-12 04:41:25.503 I/ActivityManager( 1232): Changes in 10247 8 to 10, 128 to 0
