05-12 05:06:24.954 D/nativeloader(11076): InitDefaultPublicLibraries for_preload=1: libandroid.so:libaaudio.so:libamidi.so:libbinder_ndk.so:libc.so:libcamera2ndk.so:libdl.so:libEGL.so:libGLESv1_CM.so:libGLESv2.so:libGLESv3.so:libicu.so:libicui18n.so:libicuuc.so:libjnigraphics.so:liblog.so:libmediandk.so:libm.so:libnativehelper.so:libnativewindow.so:libOpenMAXAL.so:libOpenSLES.so:libRS.so:libstdc++.so:libsync.so:libvulkan.so:libwebviewchromium_plat_support.so:libz.so
05-12 05:06:24.968 D/nativeloader(11076): Load libicu_jni.so using APEX ns com_android_art for caller /apex/com.android.art/javalib/core-oj.jar: ok
05-12 05:06:24.968 D/app_process(11076): u_setTimeZoneFilesDirectory("/apex/com.android.tzdata/etc/tz/versioned/9/icu") succeeded. 
05-12 05:06:24.968 D/app_process(11076): I18n APEX ICU file found: /apex/com.android.i18n/etc/icu/icudt76l.dat
05-12 05:06:24.969 D/nativeloader(11076): Load libjavacore.so using APEX ns com_android_art for caller /apex/com.android.art/javalib/core-oj.jar: ok
05-12 05:06:24.970 D/nativeloader(11076): Load libopenjdk.so using APEX ns com_android_art for caller /apex/com.android.art/javalib/core-oj.jar: ok
05-12 05:06:24.986 E/SemDvfsManager_JNI(11076): SemDvfsManager: registerfunction enter
05-12 05:06:24.987 E/SemAffinityControl(11076): SemAffinityControl: registerfunction enter
05-12 05:06:24.997 D/nativeloader(11076): Load libframework-connectivity-tiramisu-jni.so using APEX ns com_android_tethering for caller /apex/com.android.tethering/javalib/framework-connectivity-t.jar: ok
05-12 05:06:24.998 D/AndroidRuntime(11076): Calling main entry com.android.commands.monkey.Monkey
05-12 05:06:24.999 D/nativeloader(11076): Load /system/lib64/libmonkey_jni.so using ns default for caller /system/framework/monkey.jar in same partition (is_bridged=0): ok
05-12 05:06:25.000 W/Monkey  (11076): args: [-p, com.hyeni.calendar, -c, android.intent.category.LAUNCHER, 1]
05-12 05:06:25.002 I/AconfigPackage(11076): com.android.nfc.flags is mapped to system
05-12 05:06:25.002 I/AconfigPackage(11076): android.app.admin.flags is mapped to system
05-12 05:06:25.002 I/AconfigPackage(11076): android.database.sqlite is mapped to system
05-12 05:06:25.002 I/AconfigPackage(11076): com.android.server.power.feature.flags is mapped to system
05-12 05:06:25.002 I/AconfigPackage(11076): com.android.media.performance.flags is mapped to system
05-12 05:06:25.002 I/AconfigPackage(11076): android.app.contextualsearch.flags is mapped to system
05-12 05:06:25.002 I/AconfigPackage(11076): android.app.ondeviceintelligence.flags is mapped to system
05-12 05:06:25.002 I/AconfigPackage(11076): com.android.media.projection.flags is mapped to system
05-12 05:06:25.002 I/AconfigPackage(11076): android.companion is mapped to system
05-12 05:06:25.002 I/AconfigPackage(11076): android.service.controls.flags is mapped to system
05-12 05:06:25.002 I/AconfigPackage(11076): com.android.text.flags is mapped to system
05-12 05:06:25.002 I/AconfigPackage(11076): com.android.providers.contactkeys.flags is mapped to system
05-12 05:06:25.002 I/AconfigPackage(11076): com.android.intentresolver is mapped to system
05-12 05:06:25.002 I/AconfigPackage(11076): android.companion.virtualdevice.flags is mapped to system
05-12 05:06:25.002 I/AconfigPackage(11076): android.uprobestats.flags is mapped to system
05-12 05:06:25.002 I/AconfigPackage(11076): com.android.net.thread.platform.flags is mapped to system
05-12 05:06:25.002 I/AconfigPackage(11076): android.view.contentprotection.flags is mapped to system
05-12 05:06:25.002 I/AconfigPackage(11076): com.android.server.dreams is mapped to system
05-12 05:06:25.002 I/AconfigPackage(11076): com.android.graphics.surfaceflinger.flags is mapped to system
05-12 05:06:25.002 I/AconfigPackage(11076): com.android.hardware.input is mapped to system
05-12 05:06:25.002 I/AconfigPackage(11076): android.sdk is mapped to system
05-12 05:06:25.002 I/AconfigPackage(11076): com.android.input.flags is mapped to system
05-12 05:06:25.002 I/AconfigPackage(11076): android.tracing is mapped to system
05-12 05:06:25.002 I/AconfigPackage(11076): com.android.server.biometrics is mapped to system
05-12 05:06:25.002 I/AconfigPackage(11076): android.view.contentcapture.flags is mapped to system
05-12 05:06:25.002 I/AconfigPackage(11076): android.app.job is mapped to system
05-12 05:06:25.002 I/AconfigPackage(11076): android.content.res is mapped to system
05-12 05:06:25.002 I/AconfigPackage(11076): android.net.platform.flags is mapped to system
05-12 05:06:25.002 I/AconfigPackage(11076): com.android.aconfig.flags is mapped to system
05-12 05:06:25.002 I/AconfigPackage(11076): com.android.graphics.flags is mapped to system
05-12 05:06:25.002 I/AconfigPackage(11076): android.server.app is mapped to system
05-12 05:06:25.002 I/AconfigPackage(11076): android.speech.flags is mapped to system
05-12 05:06:25.002 I/AconfigPackage(11076): com.android.server.stats is mapped to system
05-12 05:06:25.002 I/AconfigPackage(11076): android.hardware.biometrics is mapped to system
05-12 05:06:25.002 I/AconfigPackage(11076): android.car.feature is mapped to system
05-12 05:06:25.002 I/AconfigPackage(11076): android.adpf is mapped to system
05-12 05:06:25.002 I/AconfigPackage(11076): android.location.flags is mapped to system
05-12 05:06:25.002 I/AconfigPackage(11076): com.android.settingslib.flags is mapped to system
05-12 05:06:25.002 I/AconfigPackage(11076): com.android.managedprovisioning.flags is mapped to system
05-12 05:06:25.002 I/AconfigPackage(11076): android.app.assist.flags is mapped to system
05-12 05:06:25.002 I/AconfigPackage(11076): com.android.server.net is mapped to system
05-12 05:06:25.002 I/AconfigPackage(11076): com.android.settingslib.widget.flags is mapped to system
05-12 05:06:25.002 I/AconfigPackage(11076): com.android.internal.camera.flags is mapped to system
05-12 05:06:25.002 I/AconfigPackage(11076): com.android.hardware.libsensor.flags is mapped to system
05-12 05:06:25.002 I/AconfigPackage(11076): com.android.internal.jank is mapped to system
05-12 05:06:25.002 I/AconfigPackage(11076): com.android.providers.settings is mapped to system
05-12 05:06:25.002 I/AconfigPackage(11076): android.multiuser is mapped to system
05-12 05:06:25.002 I/AconfigPackage(11076): com.android.server.power.optimization is mapped to system
05-12 05:06:25.002 I/AconfigPackage(11076): com.android.calllogbackup is mapped to system
05-12 05:06:25.002 I/AconfigPackage(11076): com.android.media.flags is mapped to system
05-12 05:06:25.002 I/AconfigPackage(11076): com.android.server.flags is mapped to system
05-12 05:06:25.002 I/AconfigPackage(11076): com.android.graphics.libvulkan.flags is mapped to system
05-12 05:06:25.002 I/AconfigPackage(11076): android.app.appfunctions.flags is mapped to system
05-12 05:06:25.002 I/AconfigPackage(11076): android.app.smartspace.flags is mapped to system
05-12 05:06:25.002 I/AconfigPackage(11076): com.android.shell.flags is mapped to system
05-12 05:06:25.002 I/AconfigPackage(11076): com.android.media.aaudio is mapped to system
05-12 05:06:25.002 I/AconfigPackage(11076): android.hardware.radio is mapped to system
05-12 05:06:25.002 I/AconfigPackage(11076): suspend_service.flags is mapped to system
05-12 05:06:25.002 I/AconfigPackage(11076): android.media.midi is mapped to system
05-12 05:06:25.002 I/AconfigPackage(11076): com.android.libcore.readonly is mapped to system
05-12 05:06:25.002 I/AconfigPackage(11076): com.android.settingslib.widget.selectorwithwidgetpreference.flags is mapped to system
05-12 05:06:25.002 I/AconfigPackage(11076): android.service.notification is mapped to system
05-12 05:06:25.002 I/AconfigPackage(11076): com.android.systemui.shared is mapped to system
05-12 05:06:25.002 I/AconfigPackage(11076): android.app.jank is mapped to system
05-12 05:06:25.002 I/AconfigPackage(11076): android.app.wearable is mapped to system
05-12 05:06:25.002 I/AconfigPackage(11076): com.android.media.audio is mapped to system
05-12 05:06:25.002 I/AconfigPackage(11076): android.service.chooser is mapped to system
05-12 05:06:25.002 I/AconfigPackage(11076): com.android.server.compat is mapped to system
05-12 05:06:25.002 I/AconfigPackage(11076): com.android.server.alarm is mapped to system
05-12 05:06:25.002 I/AconfigPackage(11076): com.android.apex.flags is mapped to system
05-12 05:06:25.002 I/AconfigPackage(11076): android.service.quickaccesswallet is mapped to system
05-12 05:06:25.002 I/AconfigPackage(11076): android.app.usage is mapped to system
05-12 05:06:25.002 I/AconfigPackage(11076): com.android.server.accessibility is mapped to system
05-12 05:06:25.002 I/AconfigPackage(11076): android.app.supervision.flags is mapped to system
05-12 05:06:25.002 I/AconfigPackage(11076): com.android.server.utils is mapped to system
05-12 05:06:25.002 I/AconfigPackage(11076): android.chre.flags is mapped to system
05-12 05:06:25.002 I/AconfigPackage(11076): android.content.flags is mapped to system
05-12 05:06:25.002 I/AconfigPackage(11076): android.media.codec is mapped to system
05-12 05:06:25.002 I/AconfigPackage(11076): com.android.internal.os is mapped to system
05-12 05:06:25.002 I/AconfigPackage(11076): com.android.nfc.nci.flags is mapped to system
05-12 05:06:25.002 I/AconfigPackage(11076): android.app is mapped to system
05-12 05:06:25.002 I/AconfigPackage(11076): android.security.keystore2 is mapped to system
05-12 05:06:25.002 I/AconfigPackage(11076): com.android.tradeinmode.flags is mapped to system
05-12 05:06:25.002 I/AconfigPackage(11076): android.hardware.flags is mapped to system
05-12 05:06:25.002 I/AconfigPackage(11076): com.android.server.telecom.flags is mapped to system
05-12 05:06:25.002 I/AconfigPackage(11076): com.android.settingslib.media.flags is mapped to system
05-12 05:06:25.002 I/AconfigPackage(11076): com.android.server.policy is mapped to system
05-12 05:06:25.002 I/AconfigPackage(11076): android.media.audiopolicy is mapped to system
05-12 05:06:25.002 I/AconfigPackage(11076): com.android.egg.flags is mapped to system
05-12 05:06:25.002 I/AconfigPackage(11076): com.android.internal.compat.flags is mapped to system
05-12 05:06:25.002 I/AconfigPackage(11076): android.security is mapped to system
05-12 05:06:25.002 I/AconfigPackage(11076): android.service.autofill is mapped to system
05-12 05:06:25.002 I/AconfigPackage(11076): com.example.android.aconfig.demo.flags is mapped to system
05-12 05:06:25.002 I/AconfigPackage(11076): android.view.flags is mapped to system
05-12 05:06:25.002 I/AconfigPackage(11076): android.companion.virtual.flags is mapped to system
05-12 05:06:25.002 I/AconfigPackage(11076): com.android.aconfig_new_storage is mapped to system
05-12 05:06:25.002 I/AconfigPackage(11076): com.android.server.feature.flags is mapped to system
05-12 05:06:25.002 I/AconfigPackage(11076): com.android.systemui is mapped to system
05-12 05:06:25.002 I/AconfigPackage(11076): com.android.server.power.batterysaver is mapped to system
05-12 05:06:25.002 I/AconfigPackage(11076): android.widget.flags is mapped to system
05-12 05:06:25.002 I/AconfigPackage(11076): com.android.media.editing.flags is mapped to system
05-12 05:06:25.002 I/AconfigPackage(11076): com.android.media.codec.flags is mapped to system
05-12 05:06:25.002 I/AconfigPackage(11076): com.android.server.powerstats is mapped to system
05-12 05:06:25.002 I/AconfigPackage(11076): com.android.graphics.egl.flags is mapped to system
05-12 05:06:25.002 I/AconfigPackage(11076): com.android.media.audioserver is mapped to system
05-12 05:06:25.002 I/AconfigPackage(11076): com.android.server.deviceidle is mapped to system
05-12 05:06:25.002 I/AconfigPackage(11076): android.nfc is mapped to system
05-12 05:06:25.002 I/AconfigPackage(11076): android.permission.flags is mapped to system
05-12 05:06:25.002 I/AconfigPackage(11076): android.service.voice.flags is mapped to system
05-12 05:06:25.002 I/AconfigPackage(11076): android.content.pm is mapped to system
05-12 05:06:25.002 I/AconfigPackage(11076): com.android.server.power.hint is mapped to system
05-12 05:06:25.002 I/AconfigPackage(11076): android.os is mapped to system
05-12 05:06:25.002 I/AconfigPackage(11076): android.service.dreams is mapped to system
05-12 05:06:25.002 I/AconfigPackage(11076): com.android.graphics.libgui.flags is mapped to system
05-12 05:06:25.002 I/AconfigPackage(11076): android.hardware.usb.flags is mapped to system
05-12 05:06:25.002 I/AconfigPackage(11076): android.provider is mapped to system
05-12 05:06:25.002 I/AconfigPackage(11076): com.android.server.job is mapped to system
05-12 05:06:25.002 I/AconfigPackage(11076): com.android.internal.foldables.flags is mapped to system
05-12 05:06:25.002 I/AconfigPackage(11076): com.android.internal.telephony.flags is mapped to system
05-12 05:06:25.002 I/AconfigPackage(11076): android.webkit is mapped to system
05-12 05:06:25.002 I/AconfigPackage(11076): android.credentials.flags is mapped to system
05-12 05:06:25.002 I/AconfigPackage(11076): com.android.server.display.feature.flags is mapped to system
05-12 05:06:25.002 I/AconfigPackage(11076): com.android.server.notification is mapped to system
05-12 05:06:25.002 I/AconfigPackage(11076): android.appwidget.flags is mapped to system
05-12 05:06:25.002 I/AconfigPackage(11076): com.android.frameworks.sensorservice.flags is mapped to system
05-12 05:06:25.002 I/AconfigPackage(11076): com.android.printspooler.flags is mapped to system
05-12 05:06:25.002 I/AconfigPackage(11076): com.android.window.flags is mapped to system
05-12 05:06:25.002 I/AconfigPackage(11076): android.adaptiveauth is mapped to system
05-12 05:06:25.002 I/AconfigPackage(11076): android.net.wifi.flags is mapped to system
05-12 05:06:25.002 I/AconfigPackage(11076): android.media.tv.flags is mapped to system
05-12 05:06:25.002 I/AconfigPackage(11076): com.android.server.usb.flags is mapped to system
05-12 05:06:25.002 I/AconfigPackage(11076): android.os.vibrator is mapped to system
05-12 05:06:25.002 I/AconfigPackage(11076): android.hardware.devicestate.feature.flags is mapped to system
05-12 05:06:25.002 I/AconfigPackage(11076): com.android.server.usage is mapped to system
05-12 05:06:25.002 I/AconfigPackage(11076): android.server is mapped to system
05-12 05:06:25.002 I/AconfigPackage(11076): com.android.wm.shell is mapped to system
05-12 05:06:25.002 I/AconfigPackage(11076): android.view.inputmethod is mapped to system
05-12 05:06:25.002 I/AconfigPackage(11076): com.android.graphics.hwui.flags is mapped to system
05-12 05:06:25.002 I/AconfigPackage(11076): com.android.server.backup is mapped to system
05-12 05:06:25.002 I/AconfigPackage(11076): com.android.internal.pm.pkg.component.flags is mapped to system
05-12 05:06:25.002 I/AconfigPackage(11076): android.view.accessibility is mapped to system
05-12 05:06:25.002 I/AconfigPackage(11076): android.media.audio is mapped to system
05-12 05:06:25.002 I/AconfigPackage(11076): com.android.server.am is mapped to system
05-12 05:06:25.002 I/AconfigPackage(11076): com.android.media.playback.flags is mapped to system
05-12 05:06:25.003 I/AconfigPackage(11076): com.android.settings.flags is mapped to system_ext
05-12 05:06:25.003 I/AconfigPackage(11076): com.android.launcher3 is mapped to system_ext
05-12 05:06:25.003 I/AconfigPackage(11076): com.android.server.policy.feature.flags is mapped to system_ext
05-12 05:06:25.003 I/AconfigPackage(11076): com.android.adservices.ondevicepersonalization.flags is mapped to com.android.ondevicepersonalization
05-12 05:06:25.003 I/AconfigPackage(11076): com.android.ipsec.flags is mapped to com.android.ipsec
05-12 05:06:25.003 I/AconfigPackage(11076): com.android.net.ct.flags is mapped to com.android.tethering
05-12 05:06:25.003 I/AconfigPackage(11076): com.android.net.flags is mapped to com.android.tethering
05-12 05:06:25.003 I/AconfigPackage(11076): android.net.vcn is mapped to com.android.tethering
05-12 05:06:25.003 I/AconfigPackage(11076): com.android.nearby.flags is mapped to com.android.tethering
05-12 05:06:25.003 I/AconfigPackage(11076): android.net.http is mapped to com.android.tethering
05-12 05:06:25.003 I/AconfigPackage(11076): com.android.net.thread.flags is mapped to com.android.tethering
05-12 05:06:25.004 I/AconfigPackage(11076): com.android.org.conscrypt.flags is mapped to com.android.conscrypt
05-12 05:06:25.004 I/AconfigPackage(11076): android.graphics.pdf.flags is mapped to com.android.mediaprovider
05-12 05:06:25.004 I/AconfigPackage(11076): com.android.providers.media.flags is mapped to com.android.mediaprovider
05-12 05:06:25.004 I/AconfigPackage(11076): android.graphics.pdf.flags.readonly is mapped to com.android.mediaprovider
05-12 05:06:25.004 I/AconfigPackage(11076): com.android.wifi.flags is mapped to com.android.wifi
05-12 05:06:25.004 I/AconfigPackage(11076): com.android.uwb.flags is mapped to com.android.uwb
05-12 05:06:25.004 I/AconfigPackage(11076): com.android.ranging.flags is mapped to com.android.uwb
05-12 05:06:25.004 I/AconfigPackage(11076): com.android.healthfitness.flags is mapped to com.android.healthfitness
05-12 05:06:25.005 I/AconfigPackage(11076): com.android.adservices.flags is mapped to com.android.adservices
05-12 05:06:25.005 I/AconfigPackage(11076): com.android.sdksandbox.flags is mapped to com.android.adservices
05-12 05:06:25.005 I/AconfigPackage(11076): com.android.cellbroadcastreceiver.flags is mapped to com.android.cellbroadcast
05-12 05:06:25.005 I/AconfigPackage(11076): android.media.swcodec.flags is mapped to com.android.media.swcodec
05-12 05:06:25.005 I/AconfigPackage(11076): com.android.rkpd.flags is mapped to com.android.rkpd
05-12 05:06:25.005 I/AconfigPackage(11076): com.android.appsearch.flags is mapped to com.android.appsearch
05-12 05:06:25.006 I/AconfigPackage(11076): android.provider.flags is mapped to com.android.configinfrastructure
05-12 05:06:25.006 I/AconfigPackage(11076): com.android.server.deviceconfig is mapped to com.android.configinfrastructure
05-12 05:06:25.006 I/AconfigPackage(11076): android.uprobestats.mainline.flags is mapped to com.android.uprobestats
05-12 05:06:25.006 I/AconfigPackage(11076): com.android.art.flags is mapped to com.android.art
05-12 05:06:25.006 I/AconfigPackage(11076): com.android.libcore is mapped to com.android.art
05-12 05:06:25.006 I/AconfigPackage(11076): android.os.profiling is mapped to com.android.profiling
05-12 05:06:25.006 I/AconfigPackage(11076): com.android.media.extractor.flags is mapped to com.android.media
05-12 05:06:25.006 I/AconfigPackage(11076): com.android.media.mainline.flags is mapped to com.android.media
05-12 05:06:25.006 I/AconfigPackage(11076): com.android.devicelock.flags is mapped to com.android.devicelock
05-12 05:06:25.007 I/AconfigPackage(11076): com.android.system.virtualmachine.flags is mapped to com.android.virt
05-12 05:06:25.007 I/AconfigPackage(11076): com.android.icu is mapped to com.android.i18n
05-12 05:06:25.007 I/AconfigPackage(11076): com.android.bluetooth.flags is mapped to com.android.bt
05-12 05:06:25.007 I/AconfigPackage(11076): com.android.permission.flags is mapped to com.android.permission
05-12 05:06:25.007 I/AconfigPackage(11076): com.android.os.statsd.flags is mapped to com.android.os.statsd
05-12 05:06:25.007 E/FeatureFlagsImplExport(11076): android.os.flagging.AconfigStorageReadException: ERROR_PACKAGE_NOT_FOUND: package android.xr cannot be found on the device
05-12 05:06:25.011 D/SemCscFeature(11076): Encoded
05-12 05:06:25.017 W/Monkey  (11076):  arg: "-p"
05-12 05:06:25.017 W/Monkey  (11076):  arg: "com.hyeni.calendar"
05-12 05:06:25.017 W/Monkey  (11076):  arg: "-c"
05-12 05:06:25.017 W/Monkey  (11076):  arg: "android.intent.category.LAUNCHER"
05-12 05:06:25.017 W/Monkey  (11076):  arg: "1"
05-12 05:06:25.017 W/Monkey  (11076): data="com.hyeni.calendar"
05-12 05:06:25.017 W/Monkey  (11076): data="android.intent.category.LAUNCHER"
05-12 05:06:25.016 D/EventHub( 1232): No input device configuration file found for device 'Monkey touch'.
05-12 05:06:25.020 I/EventHub( 1232): usingClockIoctl=true
05-12 05:06:25.020 I/EventHub( 1232): New device: id=38, fd=1008, path='/dev/input/event8', name='Monkey touch', classes=TOUCH | TOUCH_MT, bus=6, vid:pid=18d1:0001, configuration='', keyLayout='', keyCharacterMap='', builtinKeyboard=false, 
05-12 05:06:25.022 I/InputReader( 1232): Device reconfigured: id=36, name='Monkey touch', size 1080x2340, orientation Rotation0, mode DIRECT, display id 0
05-12 05:06:25.022 I/InputReader( 1232): Device added: id=36, eventHubId=38, name='Monkey touch', descriptor='e1fe28b90f915c7d1febbd52c1ef84b3c4cbed9f',sources=TOUCHSCREEN
05-12 05:06:25.029 W/ActivityManager( 1232): registerReceiverWithFeature: no app for null
05-12 05:06:25.041 D/ActivityTaskManager( 1232): startActivityAsUser: callingPid=11076, callingUid=2000, caller=com.android.server.am.ActivityManagerService.startActivityAsUserWithFeature:27 android.app.IActivityManager$Stub.onTransact$startActivityAsUserWithFeature$:13109 android.app.IActivityManager$Stub.onTransact:4305 com.android.server.am.ActivityManagerService.onTransact:425 android.os.Binder.execTransactInternal:1457 android.os.Binder.execTransact:1401 <bottom of call stack> 
05-12 05:06:25.041 I/Pageboost( 1232): onAppLaunch : com.hyeni.calendar
05-12 05:06:25.042 I/Pageboost( 1232): Record App IO : com.hyeni.calendar pid 10813
05-12 05:06:25.042 W/ActivityTaskManager( 1232): callingPackage for (uid=2000, pid=11076) has no WPC
05-12 05:06:25.042 W/System.err( 1232): java.io.FileNotFoundException: /proc/10813/io_record_control: open failed: ENOENT (No such file or directory)
05-12 05:06:25.042 W/System.err( 1232): 	at libcore.io.IoBridge.open(IoBridge.java:574)
05-12 05:06:25.042 W/System.err( 1232): 	at java.io.FileOutputStream.<init>(FileOutputStream.java:259)
05-12 05:06:25.042 W/System.err( 1232): 	at java.io.FileOutputStream.<init>(FileOutputStream.java:208)
05-12 05:06:25.042 W/System.err( 1232): 	at java.io.FileWriter.<init>(FileWriter.java:96)
05-12 05:06:25.042 W/System.err( 1232): 	at com.android.server.am.Pageboost$IoRecord.write(qb/108067228 be9c9d633626068ab6074b53223268459f37a9444617eb3d90f6c0e448c6ee8c:8)
05-12 05:06:25.042 W/System.err( 1232): 	at com.android.server.am.Pageboost$PageboostAppCapture.capture(qb/108067228 be9c9d633626068ab6074b53223268459f37a9444617eb3d90f6c0e448c6ee8c:80)
05-12 05:06:25.042 W/System.err( 1232): 	at com.android.server.am.Pageboost$PageboostHandler.handleMessage(qb/108067228 be9c9d633626068ab6074b53223268459f37a9444617eb3d90f6c0e448c6ee8c:384)
05-12 05:06:25.042 W/System.err( 1232): 	at android.os.Handler.dispatchMessage(Handler.java:110)
05-12 05:06:25.042 W/System.err( 1232): 	at android.os.Looper.loopOnce(Looper.java:273)
05-12 05:06:25.042 W/System.err( 1232): 	at android.os.Looper.loop(Looper.java:363)
05-12 05:06:25.042 W/System.err( 1232): 	at android.os.HandlerThread.run(HandlerThread.java:85)
05-12 05:06:25.042 W/System.err( 1232): 	at com.android.server.ServiceThread.run(ServiceThread.java:49)
05-12 05:06:25.042 W/System.err( 1232): Caused by: android.system.ErrnoException: open failed: ENOENT (No such file or directory)
05-12 05:06:25.042 W/System.err( 1232): 	at libcore.io.Linux.open(Native Method)
05-12 05:06:25.042 W/System.err( 1232): 	at libcore.io.ForwardingOs.open(ForwardingOs.java:568)
05-12 05:06:25.042 W/System.err( 1232): 	at libcore.io.BlockGuardOs.open(BlockGuardOs.java:274)
05-12 05:06:25.042 W/System.err( 1232): 	at libcore.io.IoBridge.open(IoBridge.java:560)
05-12 05:06:25.042 W/System.err( 1232): 	... 11 more
05-12 05:06:25.043 D/ActivityTaskManager( 1232): DesktopModeLaunchParamsModifier: task=null activity=null task null, skipping
05-12 05:06:25.043 D/ActivityTaskManager( 1232): TaskLaunchParamsModifier:task=null activity=null display-area-from-current-params=null display-area-from-default-fallback=DefaultTaskDisplayArea_d0@213203392 display-id=0 task-display-area-windowing-mode=1 suggested-display-area=DefaultTaskDisplayArea_d0@213203392
05-12 05:06:25.044 I/HoneySpace.InputDeviceSourceRepositoryImpl( 2350): onInputDeviceAdded 36
05-12 05:06:25.044 I/HoneySpace.InputDeviceSourceRepositoryImpl( 2350): onInputDeviceAdded 36
05-12 05:06:25.044 I/HoneySpace.InputDeviceSourceRepositoryImpl( 2350): onInputDeviceAdded 36
05-12 05:06:25.045 I/HBD     (12566): b onInputDeviceAdded :: currentPhysicalKeyboardStatus : false 
05-12 05:06:25.045 I/HBD     (12566): b isPhysicalKeyboard() isPhysicalKeyboard false: deviceId=36, isVirtual=false, keyboardType=0, isKeyboardTypedMouse=false 
05-12 05:06:25.046 W/OptProp ( 1232): Cannot read opt property android.window.PROPERTY_COMPAT_ALLOW_RESIZEABLE_ACTIVITY_OVERRIDES
05-12 05:06:25.046 I/HoneySpace.RecentscreenPot( 2350): createLayoutStyle: PhoneLayoutStyle(ScreenLayoutStyle(insets=Insets{left=0, top=89, right=0, bottom=135}))
05-12 05:06:25.047 W/OptProp ( 1232): Cannot read opt property android.window.PROPERTY_COMPAT_ALLOW_MIN_ASPECT_RATIO_OVERRIDE
05-12 05:06:25.047 I/HoneySpace.TaskListPot[f25511f]( 2350): navigationButtonVisible observe: 8
05-12 05:06:25.047 I/HoneySpace.TaskListContainerView( 2350): isLastItemOutOfScreen null
05-12 05:06:25.047 I/HoneySpace.TaskListContainerView( 2350): updateNavigationButtonVisible gone
05-12 05:06:25.048 D/WindowManager( 1232): Transition is created, t=TransitionRecord{35f09af id=-1 type=OPEN flags=0x0}, caller=com.android.server.wm.Transition.<init>:182 com.android.server.wm.TransitionController.createAndStartCollecting:106 com.android.server.wm.ActivityStarter.executeRequest:3515 com.android.server.wm.ActivityStarter.execute:1752 com.android.server.wm.ActivityTaskManagerService.startActivityAsUser:95 
05-12 05:06:25.048 D/BLASTSyncEngine( 1232): SyncGroup is created, id=609, name=Transition-OPEN, caller=com.android.server.wm.BLASTSyncEngine$SyncGroup.<init>:52 com.android.server.wm.TransitionController.moveToCollecting:79 com.android.server.wm.TransitionController.createAndStartCollecting:109 com.android.server.wm.ActivityStarter.executeRequest:3515 com.android.server.wm.ActivityStarter.execute:1752 com.android.server.wm.ActivityTaskManagerService.startActivityAsUser:95 com.android.server.am.ActivityManagerService.startActivityAsUserWithFeature:27 
05-12 05:06:25.049 W/BLASTSyncEngine( 1232): setSyncMethod, id=609, method=0, caller=com.android.server.wm.TransitionController.moveToCollecting:91 com.android.server.wm.TransitionController.createAndStartCollecting:109 com.android.server.wm.ActivityStarter.executeRequest:3515 
05-12 05:06:25.049 V/WindowManager( 1232): Start collecting in Transition: TransitionRecord{35f09af id=609 type=OPEN flags=0x0}, caller=com.android.server.wm.TransitionController.createAndStartCollecting:109 com.android.server.wm.ActivityStarter.executeRequest:3515 com.android.server.wm.ActivityStarter.execute:1752 com.android.server.wm.ActivityTaskManagerService.startActivityAsUser:95 com.android.server.am.ActivityManagerService.startActivityAsUserWithFeature:27 
05-12 05:06:25.049 V/WindowManager( 1232): Collecting in transition 609: ActivityRecord{12886460 u0 com.hyeni.calendar/.MainActivity, caller=com.android.server.wm.TransitionController.collect:7 com.android.server.wm.ActivityStarter.startActivityUnchecked:98 com.android.server.wm.ActivityStarter.executeRequest:3559 com.android.server.wm.ActivityStarter.execute:1752 com.android.server.wm.ActivityTaskManagerService.startActivityAsUser:95 
05-12 05:06:25.049 D/ActivityTaskManager( 1232): DesktopModeLaunchParamsModifier: task=null activity=ActivityRecord{12886460 u0 com.hyeni.calendar/.MainActivity t-1} task null, skipping
05-12 05:06:25.049 D/ActivityTaskManager( 1232): TaskLaunchParamsModifier:task=null activity=ActivityRecord{12886460 u0 com.hyeni.calendar/.MainActivity t-1} display-area-from-current-params=null display-area-from-default-fallback=DefaultTaskDisplayArea_d0@213203392 display-id=0 task-display-area-windowing-mode=1 suggested-display-area=DefaultTaskDisplayArea_d0@213203392
05-12 05:06:25.049 D/ActivityTaskManager( 1232): DesktopModeLaunchParamsModifier: task=null activity=ActivityRecord{12886460 u0 com.hyeni.calendar/.MainActivity t-1} task null, skipping
05-12 05:06:25.050 D/ActivityTaskManager( 1232): TaskLaunchParamsModifier:task=null activity=ActivityRecord{12886460 u0 com.hyeni.calendar/.MainActivity t-1} display-area-from-current-params=null display-area-from-default-fallback=DefaultTaskDisplayArea_d0@213203392 display-id=0 task-display-area-windowing-mode=1 suggested-display-area=DefaultTaskDisplayArea_d0@213203392 non-freeform-task-display-area display-area=DefaultTaskDisplayArea_d0@213203392 activity-requested-portrait freeform-size-mismatch=Rect(81, 562 - 999, 1732)
05-12 05:06:25.050 I/SemDvfsHyPerManager( 1232): acquire hyper - AMS_APP_SWITCH/1232@24, type = -999
05-12 05:06:25.050 I/HYPER-HAL(  935): [RequestManager.cpp]acquire(): Acquired ID : 789420  [1232 / 24]    HINT : AMS_APP_SWITCH    list : 
05-12 05:06:25.051 I/SurfaceFlinger( 1004): id=5333 createSurf, flag=24004, Task=119#5333
05-12 05:06:25.051 D/DisplayModeController( 1004): setDesiredMode 4633128672291735939 {mode={fps=120.00 Hz, modePtr={id=0, vsyncRate=120.00 Hz, peakRefreshRate=120.00 Hz}}, emitEvent=true, force=false}
05-12 05:06:25.051 D/ActivityTaskManager( 1232): DesktopModeLaunchParamsModifier: task=Task{685545 #119 type=standard A=10340:com.hyeni.calendar} activity=ActivityRecord{12886460 u0 com.hyeni.calendar/.MainActivity t-1} non-desktop, skipping
05-12 05:06:25.051 D/ActivityManagerPerformance( 1232): AMP_acquire() APP_SWITCH
05-12 05:06:25.051 D/ActivityTaskManager( 1232): TaskLaunchParamsModifier:task=Task{685545 #119 type=standard A=10340:com.hyeni.calendar} activity=ActivityRecord{12886460 u0 com.hyeni.calendar/.MainActivity t-1} display-from-task=0 display-id=0 task-display-area-windowing-mode=1 suggested-display-area=DefaultTaskDisplayArea_d0@213203392 inherit-from-task=fullscreen non-freeform-task-display-area display-area=DefaultTaskDisplayArea_d0@213203392 activity-requested-portrait freeform-size-mismatch=Rect(81, 562 - 999, 1732)
05-12 05:06:25.052 V/WindowManager( 1232): Collecting in transition 609: Task{685545 #119 type=standard A=10340:com.hyeni.calendar}, caller=com.android.server.wm.Transition.collectExistenceChange:40 com.android.server.wm.ActivityStarter.setNewTask:43 com.android.server.wm.ActivityStarter.startActivityInner:289 com.android.server.wm.ActivityStarter.startActivityUnchecked:111 com.android.server.wm.ActivityStarter.executeRequest:3559 
05-12 05:06:25.052 W/OptProp ( 1232): Cannot read opt property android.window.PROPERTY_COMPAT_ALLOW_ORIENTATION_OVERRIDE
05-12 05:06:25.052 I/SemDvfsHyPerManager( 3129): acquire hyper - APP_START_SHORT/3129@15, type = -999
05-12 05:06:25.052 I/SurfaceFlinger( 1004): id=5334 createSurf, flag=84004, ActivityRecord{12886460 u0 com.hyeni.calendar/.MainActivity t119}#5334
05-12 05:06:25.052 D/FreecessController( 1232): restrictJobsByOlaf: restrict=true, uid=10340
05-12 05:06:25.053 D/ActivityTaskManager( 1232): scheduleTopResumedActivityChanged, onTop=false, r=ActivityRecord{241159848 u0 com.sec.android.app.launcher/.activities.LauncherActivity t16}, caller=com.android.server.wm.ActivityTaskSupervisor.scheduleTopResumedActivityStateLossIfNeeded:19 com.android.server.wm.ActivityTaskSupervisor.updateTopResumedActivityIfNeeded:20 com.android.server.wm.TaskDisplayArea.positionChildAt:252 com.android.server.wm.Task.moveToFront:257 com.android.server.wm.ActivityStarter.startActivityInner:306 com.android.server.wm.ActivityStarter.startActivityUnchecked:111 
05-12 05:06:25.053 I/HYPER-HAL(  935): [RequestManager.cpp]acquire(): Acquired ID : 4943955  [3129 / 15]    HINT : APP_START    list : [TIMEOUT / 1500] 
05-12 05:06:25.053 V/WindowManager( 1232): Checking theme of starting window: 0x7f0f0008
05-12 05:06:25.053 V/WindowManager( 1232): Translucent=false Floating=false ShowWallpaper=false Disable=false
05-12 05:06:25.053 D/ActivityTaskManager( 1232): addStartingWindow: type=2 typeParameter=8b
05-12 05:06:25.053 V/WindowManager( 1232): Creating SplashScreenStartingData
05-12 05:06:25.053 V/WindowManager( 1232): Add starting ActivityRecord{12886460 u0 com.hyeni.calendar/.MainActivity t119}: startingData=SplashScreenStartingData{19c91cb removeAfterTransaction= 0}
05-12 05:06:25.054 V/WindowManager( 1232): Added starting ActivityRecord{12886460 u0 com.hyeni.calendar/.MainActivity t119}: startingWindow=null startingView=com.android.server.wm.StartingSurfaceController$StartingSurface@2181da8
05-12 05:06:25.055 D/OlafRestriction( 1232):  olaf state update: state=true
05-12 05:06:25.055 D/OlafRestriction( 1232):  sending trigger onRestrictionStateChanged msg.
05-12 05:06:25.055 V/WindowManager( 1232): Collecting in transition 609: ActivityRecord{12886460 u0 com.hyeni.calendar/.MainActivity t119}, caller=com.android.server.wm.Transition.collectExistenceChange:40 com.android.server.wm.ActivityStarter.handleStartResult:761 com.android.server.wm.ActivityStarter.startActivityUnchecked:124 com.android.server.wm.ActivityStarter.executeRequest:3559 com.android.server.wm.ActivityStarter.execute:1752 
05-12 05:06:25.055 V/WindowManager( 1232): Requesting StartTransition: TransitionRecord{35f09af id=609 type=OPEN flags=0x0 c=[
05-12 05:06:25.055 V/WindowManager( 1232):    ChangeInfo{2a56c54 container=Task{685545 #119 type=standard A=10340:com.hyeni.calendar} flags=0x0}
05-12 05:06:25.055 V/WindowManager( 1232):    ChangeInfo{468e7fd container=ActivityRecord{12886460 u0 com.hyeni.calendar/.MainActivity t119} flags=0x0}
05-12 05:06:25.055 V/WindowManager( 1232):    ChangeInfo{2080cf2 container=DefaultTaskDisplayArea_d0@213203392 flags=0x0}
05-12 05:06:25.055 V/WindowManager( 1232):    ChangeInfo{68b6f43 container=Display{#0 state=ON size=1080x2340 ROTATION_0} flags=0x0}
05-12 05:06:25.055 V/WindowManager( 1232): ]
05-12 05:06:25.055 V/WindowManager( 1232): }, caller=com.android.server.wm.ActivityStarter.handleStartResult:982 com.android.server.wm.ActivityStarter.startActivityUnchecked:124 com.android.server.wm.ActivityStarter.executeRequest:3559 com.android.server.wm.ActivityStarter.execute:1752 com.android.server.wm.ActivityTaskManagerService.startActivityAsUser:95 
05-12 05:06:25.056 D/CompatChangeReporter( 1232): Compat change id reported: 377864165; UID 10340; state: ENABLED
05-12 05:06:25.056 I/Pageboost( 1232): stop alp
05-12 05:06:25.056 I/ActivityTaskManager( 1232): START u0 {act=android.intent.action.MAIN cat=[android.intent.category.LAUNCHER] flg=0x10200000 cmp=com.hyeni.calendar/.MainActivity} with LAUNCH_SINGLE_TASK from uid 2000 (BAL_ALLOW_PERMISSION) result code=0
05-12 05:06:25.056 I/SemDvfsHyPerManager( 1232): acquire hyper - AMS_APP_LAUNCH/1232@16, type = -999
05-12 05:06:25.056 I/HYPER-HAL(  935): [RequestManager.cpp]acquire(): Acquired ID : 779392  [1232 / 16]    HINT : AMS_APP_LAUNCH    list : 
05-12 05:06:25.056 I/ViewRootImpl( 1899): dVRR is disabled
05-12 05:06:25.057 I/Monkey  (11076): Events injected: 1
05-12 05:06:25.057 D/NativeCustomFrequencyManager( 1899): [NativeCFMS] BpCustomFrequencyManager::BpCustomFrequencyManager()
05-12 05:06:25.057 V/WindowManagerShell( 1899): Transition requested (#609): android.os.BinderProxy@21e361e TransitionRequestInfo { type = OPEN, triggerTask = TaskInfo{userId=0 taskId=119 effectiveUid=10340 displayId=0 isRunning=true baseIntent=Intent { act=android.intent.action.MAIN cat=[android.intent.category.LAUNCHER] flg=0x10200000 cmp=com.hyeni.calendar/.MainActivity } baseActivity=ComponentInfo{com.hyeni.calendar/com.hyeni.calendar.MainActivity} topActivity=ComponentInfo{com.hyeni.calendar/com.hyeni.calendar.MainActivity} origActivity=null realActivity=ComponentInfo{com.hyeni.calendar/com.hyeni.calendar.MainActivity} numActivities=1 lastActiveTime=1560478286 supportsMultiWindow=true resizeMode=1 isResizeable=true minWidth=-1 minHeight=-1 maxWidth=-1 maxHeight=-1 defaultMinSize=220 desktopDefaultMinSize=304 token=WCT{android.window.IWindowContainerToken$Stub$Proxy@48e5eff} topActivityType=1 pictureInPictureParams=null shouldDockBigOverlays=false launchIntoPipHostTaskId=-1 lastParentTaskIdBeforePip=-1 displayCutoutSafeInsets=Rect(0, 89 - 0, 0) topActivityInfo=ActivityInfo{9ca54cc com.hyeni.calendar.MainActivity} launchCookies=[] positionInParent=Point(0, 0) parentTaskId=-1 isFocused=false isVisible=false isVisibleRequested=false isTopActivityNoDisplay=false isSleeping=false locusId=null displayAreaFeatureId=1 isTopActivityTransparent=false isActivityStackTransparent=false lastNonFullscreenBounds=Rect(81, 562 - 999, 1732) capturedLink=null capturedLinkTimestamp=0 requestedVisibleTypes=-9 topActivityRequestOpenInBrowserEducationTimestamp=0 appCompatTaskInfo=AppCompatTaskInfo { topActivityInSizeCompat=false eligibleForLetterboxEducation= false isLetterboxEducationEnabled= false isLetterboxDoubleTapEnabled= false eligibleForUserAspectRatioButton= false topActivityBoundsLetterboxed= false isFromLetterboxDoubleTap= false topActivityLetterboxVerticalPosition= -1 topActivityLetterboxHorizontalPosition= -1 topActivityLetterboxWidth=-1 topActivityLetterboxHeight=-1 topActivityAppBounds=Rect(0, 0 - 1080, 2340) isUserFullscreenOverrideEnabled=false isSystemFullscreenOverrideEnabled=false hasMinAspectRatioOverride=false topActivityLetterboxBounds=null cameraCompatTaskInfo=CameraCompatTaskInfo { freeformCameraCompatMode=inactive} topActivityBounds=null topActivityInDisplayCompat=false singleTapFromLetterbox=false} topActivityMainWindowFrame=null originallySupportedMultiWindow=true hasWallpaper=false rootAffinity=10340:com.hyeni.calendar isTopTaskInStage=false CoverLauncherWidgetTask=false LaunchedFromAppsCoverLauncherTask=false LaunchedFromMultistarCoverLauncherTask=false isAllowedSeamlessRotation=false isTopTransparentActivity=false isAliasManaged=false hasConfigChanged=false snappingGuideBounds=null isAiKeyRemoveAppTask=false lastDesktopWindowingBounds=null lastExternalDesktopWindowingBounds=null safeCutoutInsets=null}, pipChange = null, remoteTransition = null, displayChange = null, flags = 0, debugId = 609 }
05-12 05:06:25.057 V/ShellDesktopMode( 1899): DesktopTasksController: isDesktopModeShowing: hasVisibleTasks=false hasTopTransparentFullscreenTask=false
05-12 05:06:25.057 V/ShellDesktopMode( 1899): DesktopTasksController: isDesktopModeShowing: hasVisibleTasks=false hasTopTransparentFullscreenTask=false
05-12 05:06:25.057 D/ShellSplitScreen( 1899): logExit: no-op, mLoggerSessionId is null
05-12 05:06:25.057 D/ShellDesktopMode( 1899): handleRequest: TransitionRequestInfo {type=1, tid=119, debugId=609}
05-12 05:06:25.057 D/TspStateManager( 1232): updateCustomValue customSetting=
05-12 05:06:25.057 E/pageboostd( 2795): Received HALT command code 2
05-12 05:06:25.058 I/SemDvfsHyPerManager( 3129): acquire hyper - APP_START/3129@17, type = -999
05-12 05:06:25.058 V/ShellDesktopMode( 1899): DesktopTasksController: handleFullscreenTaskLaunch
05-12 05:06:25.058 V/ShellDesktopMode( 1899): DesktopTasksController: isDesktopModeShowing: hasVisibleTasks=false hasTopTransparentFullscreenTask=false
05-12 05:06:25.058 V/ShellDesktopMode( 1899): DesktopTasksController: handleRequest result=null
05-12 05:06:25.058 I/HYPER-HAL(  935): [RequestManager.cpp]acquire(): Acquired ID : 4950248  [3129 / 17]    HINT : APP_START    list : 
05-12 05:06:25.058 V/WindowManager( 1232): Starting Transition 609, caller=com.android.server.wm.WindowOrganizerController.startTransition:47 com.android.server.wm.WindowOrganizerController.startTransition:1 android.window.IWindowOrganizerController$Stub.onTransact:259 
05-12 05:06:25.059 I/VSyncReactor( 1004): Current= 60, Period= 120, hwcPeriod= 60
05-12 05:06:25.059 I/CameraService( 1096): onUidStateChanged: uid=10055, procState is changed. (0 -> 1)
05-12 05:06:25.060 I/HoneySpace.CapturedBlurManager( 2350): capturedBlurView: pause(64723598)
05-12 05:06:25.060 I/HoneySpace.Launcher( 2350): !@Boot_EBS_D: Launcher.onPause()
05-12 05:06:25.060 I/HYPER-HAL(  935): [RequestManager.cpp]acquire(): Acquired ID : 4542664  [940 / 2073]    HINT :      list : [TID_LOW_LATENCY / 1] [TID / 2040] [TID / 2041] [TID / 2015] [TID / 2042] 
05-12 05:06:25.061 D/InputTransport( 1232): Input channel constructed: '106063e', fd=1058
05-12 05:06:25.061 D/InputTransport( 1232): Input channel constructed: '106063e', fd=1059
05-12 05:06:25.061 I/HoneySpace.Launcher( 2350): updateLauncherShowing true -> false
05-12 05:06:25.061 D/InputTransport( 1232): Input channel constructed: '106063e', fd=1057
05-12 05:06:25.061 D/InputTransport( 1232): Input channel destroyed: '106063e', fd=1059
05-12 05:06:25.061 D/WindowManager( 1232): prepareSync <SYNC_STATE_WAITING_FOR_DRAW>, mPrepareSyncSeqId=0, win=Window{106063e u0 Splash Screen com.hyeni.calendar}
05-12 05:06:25.061 I/SurfaceFlinger( 1004): id=5335 createSurf, flag=84004, 106063e Splash Screen com.hyeni.calendar#5335
05-12 05:06:25.061 D/RestrictionPolicy( 1232): isScreenCaptureEnabled : ret=true userId=0
05-12 05:06:25.061 I/HoneySpace.SPayHandler( 2350): updateSpayHandler launcher activity is paused false
05-12 05:06:25.061 V/WindowManager( 1232): addWindow: ActivityRecord{12886460 u0 com.hyeni.calendar/.MainActivity t119} startingWindow=Window{106063e u0 Splash Screen com.hyeni.calendar}
05-12 05:06:25.062 D/InputTransport( 1232): Input channel destroyed: '106063e', fd=1057
05-12 05:06:25.062 D/InputTransport( 1899): Input channel constructed: '106063e', fd=459
05-12 05:06:25.063 I/InsetsController( 1899): onStateChanged: host=Splash Screen com.hyeni.calendar, from=android.view.ViewRootImpl.onInsetsStateChanged:3026, state=InsetsState: {mDisplayFrame=Rect(0, 0 - 1080, 2340), mDisplayCutout=DisplayCutout{insets=Rect(0, 89 - 0, 0) waterfall=Insets{left=0, top=0, right=0, bottom=0} boundingRect={Bounds=[Rect(0, 0 - 0, 0), Rect(507, 0 - 573, 89), Rect(0, 0 - 0, 0), Rect(0, 0 - 0, 0)]} cutoutPathParserInfo={CutoutPathParserInfo{displayWidth=1080 displayHeight=2340 physicalDisplayWidth=1080 physicalDisplayHeight=2340 density={2.8125} cutoutSpec={M 0,0 M 0,8.177777777777778 a 11.73333333333333,11.73333333333333 0 1,0 0,23.46666666666667 a 11.73333333333333,11.73333333333333 0 1,0 0,-23.46666666666667 Z @dp} rotation={0} scale={1.0} physicalPixelDisplaySizeRatio={1.0}}} sideOverrides={}}, mRoundedCorners=RoundedCorners{[RoundedCorner{position=TopLeft, radius=118, center=Point(118, 118)}, RoundedCorner{position=TopRight, radius=118, center=Point(962, 118)}, RoundedCorner{position=BottomRight, radius=118, center=Point(962, 2222)}, RoundedCorner{position=BottomLeft, radius=118, center=Point(118, 2222)}]}  mRoundedCornerFrame=Rect(0, 0 - 1080, 2340), mPrivacyIndicatorBounds=PrivacyIndicatorBounds {static bounds=Rect(956, 0 - 1080, 89) rotation=0}, mDisplayShape=DisplayShape{ spec=-311912193 displayWidth=1080 displayHeight=2340 physicalPixelDisplaySizeRatio=1.0 rotation=0 offsetX=0 offsetY=0 scale=1.0}, mSources= { InsetsSource: {27 mType=displayCutout mFrame=[0,0][1080,89] mVisible=true mFlags= mSideHint=TOP mBoundingRects=null}, InsetsSource: {6f720001 mType=navigationBars mFrame=[0,2205][1080,2340] mVisible=true mFlags= mSideHint=BOTTOM mBoundingRects=null}, InsetsSource: {6f720004 mType=systemGestures mFrame=[0,0][0,0] mVisible=true mFlags= mSideHint=NONE mBoundingRects=null}, InsetsSource: {6f720005 mType=mandatorySystemGestures mFrame=[0,2205][1080,2340] mVisible=true mFlags= mSideHint=BOTTOM mBoundingRects=null}, InsetsSource: {6f720006 mType=tappableElement mFrame=[0,2205][1080,2340] mVisible=true mFlags= mSideHint=BOTTOM mBoundingRects=null}, InsetsSource: {6f720024 mType=systemGestures mFrame=[0,0][0,0] mVisible=true mFlags= mSideHint=NONE mBoundingRects=null}, InsetsSource: {77cf0000 mType=statusBars mFrame=[0,0][1080,89] mVisible=true mFlags= mSideHint=TOP mBoundingRects=null}, InsetsSource: {77cf0005 mType=mandatorySystemGestures mFrame=[0,0][1080,123] mVisible=true mFlags= mSideHint=TOP mBoundingRects=null}, InsetsSource: {77cf0006 mType=tappableElement mFrame=[0,0][1080,89] mVisible=true mFlags= mSideHint=TOP mBoundingRects=null} }
05-12 05:06:25.063 I/VRI[calendar]@9f4eea0( 1899): onActiveControlsChanged, removed=false, mAdded=true, caller=android.view.ViewRootImpl.handleInsetsControlChanged:3002 android.view.ViewRootImpl.setView:2014 android.view.WindowManagerGlobal.addView:604 com.android.wm.shell.startingsurface.SplashscreenWindowCreator.addWindow:38 com.android.wm.shell.startingsurface.StartingWindowController$$ExternalSyntheticLambda4.run:1365 
05-12 05:06:25.063 I/VRI[calendar]@9f4eea0( 1899): synced displayState. AttachInfo displayState=2
05-12 05:06:25.063 V/WindowManager( 1232): Collecting in transition 609: ActivityRecord{12886460 u0 com.hyeni.calendar/.MainActivity t119}, caller=com.android.server.wm.TransitionController.collect:7 com.android.server.wm.ActivityRecord.setVisibility:132 com.android.server.wm.EnsureActivitiesVisibleHelper.process:459 com.android.server.wm.TaskFragment.updateActivityVisibilities:12 com.android.server.wm.Task$$ExternalSyntheticLambda37.accept:37 
05-12 05:06:25.063 I/VRI[calendar]@9f4eea0( 1899): setView = android.widget.FrameLayout@82c7164 IsHRR=false mFlingFrameRateChange=0 TM=true
05-12 05:06:25.063 V/WindowManager( 1232): Collecting in transition 609: ActivityRecord{241159848 u0 com.sec.android.app.launcher/.activities.LauncherActivity t16}, caller=com.android.server.wm.TransitionController.collect:7 com.android.server.wm.ActivityRecord.setVisibility:132 com.android.server.wm.ActivityRecord.makeInvisible:32 com.android.server.wm.EnsureActivitiesVisibleHelper.process:542 com.android.server.wm.TaskFragment.updateActivityVisibilities:12 
05-12 05:06:25.063 D/WindowManager( 1232): prepareSync <SYNC_STATE_WAITING_FOR_DRAW>, mPrepareSyncSeqId=0, win=Window{70766f4 u0 com.sec.android.app.launcher/com.sec.android.app.launcher.activities.LauncherActivity}
05-12 05:06:25.064 V/WindowManager( 1232): Collecting in transition 609: WallpaperWindowToken{a107774 showWhenLocked=true}_<lock>, caller=com.android.server.wm.Transition.collect:387 com.android.server.wm.TransitionController.collect:7 com.android.server.wm.ActivityRecord.setVisibility:132 com.android.server.wm.ActivityRecord.makeInvisible:32 com.android.server.wm.EnsureActivitiesVisibleHelper.process:542 
05-12 05:06:25.064 D/HWUI    ( 1899): HWUI - treat SMPTE_170M as sRGB
05-12 05:06:25.064 V/WindowManager( 1232): Collecting in transition 609: WallpaperWindowToken{9b2eb4b showWhenLocked=false}_<system>, caller=com.android.server.wm.Transition.collect:410 com.android.server.wm.TransitionController.collect:7 com.android.server.wm.ActivityRecord.setVisibility:132 com.android.server.wm.ActivityRecord.makeInvisible:32 com.android.server.wm.EnsureActivitiesVisibleHelper.process:542 
05-12 05:06:25.064 V/WindowManager( 1232): Collecting in transition 609: WallpaperWindowToken{9b2eb4b showWhenLocked=false}_<system>, caller=com.android.server.wm.TransitionController.collect:7 com.android.server.wm.WallpaperWindowToken.setVisibility:55 com.android.server.wm.WallpaperController.adjustWallpaperWindows:857 com.android.server.wm.RootWindowContainer.applySurfaceChangesTransaction$1:141 com.android.server.wm.RootWindowContainer.performSurfacePlacementNoTrace:59 
05-12 05:06:25.064 D/SurfaceComposerClient( 1232): setCornerRadius ## 106063e Splash Screen com.hyeni.calendar#5335 cornerRadius=0.000000
05-12 05:06:25.064 D/HintManagerService( 1232): SystemUI make new AppHintSession but force pause
05-12 05:06:25.064 D/SurfaceComposerClient( 1232): setCornerRadius ## 106063e Splash Screen com.hyeni.calendar#5335 cornerRadius=0.000000
05-12 05:06:25.065 I/HYPER-HAL(  935): [RequestManager.cpp]acquire(): Acquired ID : 4542664  [940 / 2073]    HINT :      list : [TID_LOW_LATENCY / 0] [TID / 2040] [TID / 2041] [TID / 2015] [TID / 2042] 
05-12 05:06:25.066 I/SurfaceFlinger( 1004): [Display 0 name="기본으로 제공되는 화면"#49] setFrameRateCategory: High
05-12 05:06:25.066 I/SurfaceFlinger( 1004): [Task=119#5333] attach to parent LayerHierarchy{RequestedLayerState{DefaultTaskDisplayArea_d0#10 parentId=9} 10 children}
05-12 05:06:25.066 I/SurfaceFlinger( 1004): [ActivityRecord{12886460 u0 com.hyeni.calendar/.MainActivity t119}#5334] attach to parent LayerHierarchy{RequestedLayerState{Task=119#5333 parentId=10} 1 children}
05-12 05:06:25.066 I/SurfaceFlinger( 1004): [106063e Splash Screen com.hyeni.calendar#5335] attach to parent LayerHierarchy{RequestedLayerState{ActivityRecord{12886460 u0 com.hyeni.calendar/.MainActivity t119}#5334 parentId=5333} 1 children}
05-12 05:06:25.067 I/HoneySpace.TopTaskSource( 2350): onTaskMovedToFront : taskId = 119, displayId = 0
05-12 05:06:25.067 D/SGM:FgCheckThread( 1232): notePauseComponent(), received pkgName: com.sec.android.app.launcher, userId: 0
05-12 05:06:25.068 D/KNOX_MDM_SettingsProvider( 1232): isChangeAllowed() : name = accelerometer_rotation
05-12 05:06:25.068 D/SettingsProvider( 1232): PUT_ret(/system/accelerometer_rotation), callingPackage:android
05-12 05:06:25.068 D/KNOX_MDM_SettingsProvider( 1232): isChangeAllowed() : name = user_rotation
05-12 05:06:25.068 I/CocktailBarManagerServiceContainer( 1232): handleMessage: entry what = 6
05-12 05:06:25.068 V/WindowManager( 1232): Computed rotation=ROTATION_0 (0) for display id=0 based on lastOrientation=SCREEN_ORIENTATION_NOSENSOR (5) and oldRotation=ROTATION_0 (0), caller=com.android.server.wm.WindowManagerService.updateRotationUnchecked:72 com.android.server.wm.WindowManagerService.freezeDisplayRotation:156 com.android.server.wm.WindowManagerService.freezeRotation:2 android.view.IWindowManager$Stub.onTransact:3004 com.android.server.wm.WindowManagerService.onTransact:1 android.os.Binder.execTransactInternal:1457 
05-12 05:06:25.068 D/BackgroundInstallControlService( 1232): Package event received: 0
05-12 05:06:25.068 I/LayerHistory( 1004): NavigationBar0$_1899#101 voted ExplicitCategory with category: High
