--------- beginning of main
05-12 05:06:17.554 I/Telephony: SamsungTuiRelayReceiver( 2102): registerWhoWhoPackageDataClearedEvents
05-12 05:06:17.554 D/[NFC_SE]DigitalKeyRf( 2176): onReceive action = android.intent.action.PACKAGE_DATA_CLEARED
05-12 05:06:17.556 D/AS.AudioService( 1232): com.hyeni.calendar(10340) is data cleared
05-12 05:06:17.556 D/SEP_UNION_SemDeviceInfoManagerService( 1232): onReceive : android.intent.action.PACKAGE_DATA_CLEARED, userId = 0 
05-12 05:06:17.556 D/SEP_UNION_SemDeviceInfoManagerService( 1232): Data cleared package = package:com.hyeni.calendar, key = com.sec.android.app.myfiles 
05-12 05:06:17.556 D/SEP_UNION_SemDeviceInfoManagerService( 1232): Data cleared package = package:com.hyeni.calendar, key = com.samsung.android.app.routines 
05-12 05:06:17.557 I/MediaPlayerList(21246): mPackageChangedBroadcastReceiver: action: android.intent.action.PACKAGE_DATA_CLEARED
05-12 05:06:17.558 I/MediaPlayerList(21246): mPackageChangedBroadcastReceiver: action: android.intent.action.PACKAGE_DATA_CLEARED
05-12 05:06:17.558 I/MediaPlayerList(21246): mPackageChangedBroadcastReceiver: action: android.intent.action.PACKAGE_DATA_CLEARED
05-12 05:06:17.559 D/KeyguardUpdateMonitor( 1899): received broadcast android.intent.action.PACKAGE_DATA_CLEARED
05-12 05:06:17.559 I/ComplicationWidgetPluginController( 1899): onPackageDataCleared com.hyeni.calendar
05-12 05:06:17.559 I/RegiMgr ( 2178): onReceive: ACTION_PACKAGE_DATA_CLEARED is received
05-12 05:06:17.559 D/SecSTQuickControlRequestReceiver( 1899): onReceive intent = Intent { act=android.intent.action.PACKAGE_DATA_CLEARED dat=package: flg=0x5000010 (has extras) }
05-12 05:06:17.559 D/SecSTQuickControlRequestReceiver( 1899): onReceiveForPackage action = android.intent.action.PACKAGE_DATA_CLEARED, pkgName = com.hyeni.calendar
05-12 05:06:17.560 I/RegiMgr ( 2178): onReceive: ACTION_PACKAGE_DATA_CLEARED is received
05-12 05:06:17.569 I/adbd    ( 7043): Remote process closed the socket (on MSG_PEEK)
05-12 05:06:17.571 I/libprocessgroup( 1232): Removed cgroup /sys/fs/cgroup/apps/uid_10340/pid_10813
05-12 05:06:17.571 I/Zygote  (  893): Process 10813 exited due to signal 9 (Killed)
05-12 05:06:17.574 I/Finsky:background( 4931): [85] RECEIVER_ENGAGE_PACKAGE_CHANGED#logWorkEndAndFinishGoAsync: SUCCESS
05-12 05:06:17.575 I/SettingsProvider( 1232): onPackageDataCleared (userId 0) PackageName = com.hyeni.calendar
05-12 05:06:17.581 D/SystemUIService( 9664): SYSUI_RAM_OPTIMIZATION onTrimMemory=40
05-12 05:06:17.583 I/Finsky:background( 4931): [2] Memory trim requested to level 40
05-12 05:06:17.587 I/RequestManager_FLP( 2612): onOpChanged, op=0 / packageName=com.android.chrome
05-12 05:06:17.589 D/CarrierSvcBindHelper( 2102): onHandleForceStop: [com.hyeni.calendar]
05-12 05:06:17.590 D/EuiccConnector( 2102): handleMessage: E msg.what=1
05-12 05:06:17.590 D/EuiccConnector( 2102): processMsg: ConnectedState
05-12 05:06:17.590 D/EuiccConnector( 2102): processMsg: DisconnectedState
05-12 05:06:17.591 D/EuiccConnector( 2102): handleMessage: X
05-12 05:06:17.593 D/Navbar.Store( 1899): handleEvent(0) OnPackageRemoved(packageName=com.hyeni.calendar) [Module] NavBarStoreImpl
05-12 05:06:17.593 D/Navbar.Store( 1899): --[Band]REMOTE_VIEW_PACK_PACKAGE_REMOVED
05-12 05:06:17.593 D/SecSTQuickControlRequestReceiver( 1899): onReceive intent = Intent { act=android.intent.action.PACKAGE_RESTARTED dat=package: flg=0x4000010 (has extras) }
05-12 05:06:17.593 D/SecSTQuickControlRequestReceiver( 1899): onReceiveForPackage action = android.intent.action.PACKAGE_RESTARTED, pkgName = com.hyeni.calendar
05-12 05:06:17.594 W/JobInfo ( 1232): Job 'com.google.android.providers.media.module/com.android.providers.media.MediaService#-300' has a deadline with no functional constraints. The deadline won't improve job execution latency. Consider removing the deadline.
05-12 05:06:17.595 D/CarrierSvcBindHelper( 2102): No carrier app for: 0
05-12 05:06:17.596 D/CarrierSvcBindHelper( 2102): No carrier app for: 1
05-12 05:06:17.596 D/LocationManagerService( 1232): package com.hyeni.calendar reset
05-12 05:06:17.597 I/ResetReceiver( 7990): onReceive : android.intent.action.PACKAGE_DATA_CLEARED
05-12 05:06:17.598 I/Blockstore(27738): [PackageIntentOperation] Checking IS_RESTORE extra. [CONTEXT service_id=258 ]
05-12 05:06:17.601 I/MediaProvider( 3035): Begin Intent { act=android.intent.action.PACKAGE_DATA_CLEARED dat=package: flg=0x5000010 cmp=com.google.android.providers.media.module/com.android.providers.media.MediaService (has extras) }
--------- beginning of system
05-12 05:06:17.602 I/ActivityManager( 1232): Changes in 10062 19 to 11, 0 to 128
05-12 05:06:17.602 D/MediaProvider( 3035): Deleted 0 Android/media items belonging to com.hyeni.calendar on /data/user/0/com.google.android.providers.media.module/databases/external.db
05-12 05:06:17.603 I/DRoom|291042|DressRoomReceiver( 8007): handleActions, action: android.intent.action.PACKAGE_DATA_CLEARED
05-12 05:06:17.603 I/FuseDaemon( 3035): Successfully deleted rows in leveldb for owner_id:  and ownerPackageIdentifier: com.hyeni.calendar::0
05-12 05:06:17.603 I/ActivityManager( 1232): Changes in 10062 11 to 19, 128 to 0
05-12 05:06:17.604 I/Fitness (27703): (REDACTED) FitCleanupIntentOperation received Intent %s
05-12 05:06:17.604 D/MediaGrants( 3035): Removed 0 media_grants for 0 user for [com.hyeni.calendar, com.hyeni.calendar]. Reason: Package orphaned
05-12 05:06:17.604 D/Zygote  (  893): Forked child process 10952
05-12 05:06:17.605 I/AppBackupStateCleanupIO(27738): Backup state cleanup on uninstall is disabled. [CONTEXT service_id=229 ]
05-12 05:06:17.605 I/MediaProvider( 3035): End Intent { act=android.intent.action.PACKAGE_DATA_CLEARED dat=package: flg=0x5000010 cmp=com.google.android.providers.media.module/com.android.providers.media.MediaService (has extras) }
05-12 05:06:17.606 I/BWU@BixbyEventReceiver( 8037): Ph_Intent received is : android.intent.action.PACKAGE_DATA_CLEARED [main] 
05-12 05:06:17.606 I/ActivityManager( 1232): Start proc 10952:com.microsoft.appmanager/u0a156 for broadcast {com.microsoft.appmanager/com.samsung.android.sdk.mdx.windowslink.tileservice.WindowsLinkTileBroadcastReceiver}
05-12 05:06:17.606 I/VSyncReactor( 1004): Current= 60, Period= 60, hwcPeriod= 60
05-12 05:06:17.606 I/ActivityManager( 1232): ProcessObserver broadcast disabled
05-12 05:06:17.607 I/SDHMS:k ( 3129): onTaskStackChanged
05-12 05:06:17.608 I/HoneySpace.RecentTasks( 2350): onRecentTasksChanged
05-12 05:06:17.610 I/ActivityManager( 1232): Changes in 10116 15 to 11, 0 to 128
05-12 05:06:17.610 I/ActivityManager( 1232): Changes in 10090 19 to 11, 0 to 128
05-12 05:06:17.611 I/SCS@AiSearch user 0( 5199): (PackageBroadcastReceiver) onReceive android.intent.action.PACKAGE_DATA_CLEARED
05-12 05:06:17.612 I/SCS@AiSearch user 0( 5199): (PackageBroadcastReceiver) packageName: com.hyeni.calendar
05-12 05:06:17.612 I/ActivityManager( 1232): Changes in 10090 11 to 19, 128 to 0
05-12 05:06:17.613 I/ActivityManager( 1232): Changes in 10116 11 to 15, 128 to 0
05-12 05:06:17.613 D/BoundBrokerSvc(27738): onBind: Intent { act=com.google.android.gms.backup.GMS_MODULE_RESTORE dat=chimera-action:/... xflg=0x4 cmp=com.google.android.gms/.chimera.GmsInternalBoundBrokerService }
05-12 05:06:17.613 D/BoundBrokerSvc(27738): Loading bound service for intent: Intent { act=com.google.android.gms.backup.GMS_MODULE_RESTORE dat=chimera-action:/... xflg=0x4 cmp=com.google.android.gms/.chimera.GmsInternalBoundBrokerService }
05-12 05:06:17.614 D/ActivityManager( 1232): sync unfroze 4311 com.samsung.cmh for 3
05-12 05:06:17.615 I/ActivityManager( 1232): Changes in 10109 19 to 11, 0 to 128
05-12 05:06:17.615 I/ActivityManager( 1232): Changes in 5004 19 to 11, 0 to 128
05-12 05:06:17.616 I/SSIFramework_core( 9751): [CaPackageBroadcastReceiver] onReceive package intent null com.hyeni.calendar
05-12 05:06:17.616 I/CMHApplication( 4311): [#CMH#] Block to verify, Change Trim Memory Level: 40 
05-12 05:06:17.616 I/CMHApplication( 4311): [#CMH#] Block to verify, Change Trim Memory Level: 40 
05-12 05:06:17.617 I/SSIFramework_core( 9751): [CaPackageBroadcastReceiver] disconnect ca(com.hyeni.calendar)
05-12 05:06:17.617 I/ActivityManager( 1232): Changes in 10109 11 to 19, 128 to 0
05-12 05:06:17.618 D/ActivityManager( 1232): sync unfroze 9789 com.samsung.storyservice for 3
05-12 05:06:17.619 I/soft.appmanager(10952): Using CollectorTypeCMC GC.
05-12 05:06:17.619 E/SSIFramework_core( 9751): [CaPackageBroadcastReceiver] Failed to disconnect for com.hyeni.calendar, not connected package com.hyeni.calendar
05-12 05:06:17.621 I/ActivityManager( 1232): Changes in 10319 8 to 8, 0 to 128
05-12 05:06:17.621 I/SAMSUNGWALLET[KR]( 8990): [FIDOBroadCastReceiver] onReceive() action=android.intent.action.PACKAGE_DATA_CLEARED
05-12 05:06:17.621 I/SAMSUNGWALLET[KR]( 8990): [FIDOBroadCastReceiver] packageName : com.hyeni.calendar
05-12 05:06:17.622 E/soft.appmanager(10952): Not starting debugger since process cannot load the jdwp agent.
05-12 05:06:17.622 I/CMHApplication( 4311): [#CMH#] Block to verify, Change Trim Memory Level: 40 
05-12 05:06:17.623 I/ActivityManager( 1232): Changes in 10319 8 to 8, 128 to 0
05-12 05:06:17.624 I/NearbyDiscovery(27738): (REDACTED) processGrantSlicePermission: %s
05-12 05:06:17.624 I/ActivityManager( 1232): Changes in 10285 19 to 11, 0 to 128
05-12 05:06:17.625 D/BackgroundInstallControlService( 1232): Package event received: 0
05-12 05:06:17.626 D/nativeloader(10952): Load libframework-connectivity-tiramisu-jni.so using APEX ns com_android_tethering for caller /apex/com.android.tethering/javalib/framework-connectivity-t.jar: ok
05-12 05:06:17.626 I/StaticBroadcastReceiver( 9789): [#CMH#] Permission Updated : Action received  android.intent.action.PACKAGE_DATA_CLEARED
05-12 05:06:17.628 I/ActivityManager( 1232): Changes in 5004 11 to 19, 128 to 0
05-12 05:06:17.628 D/ActivityThread(10952): setConscryptValidator
05-12 05:06:17.628 D/ActivityThread(10952): setConscryptValidator - put
05-12 05:06:17.628 I/ActivityManager( 1232): Changes in 10285 11 to 19, 128 to 0
05-12 05:06:17.633 D/PerProcessNandswap$NandswapHandler( 1232): nandswap start for non-activity com.samsung.android.ce(pid 9529) action:6 adj:100 type:2
05-12 05:06:17.634 D/PersistedStoragePackageUninstalledReceiver( 4815): Received android.intent.action.PACKAGE_DATA_CLEARED for com.hyeni.calendar for u0
05-12 05:06:17.637 I/ActivityManager( 1232): Changes in 10292 11 to 19, 128 to 0
05-12 05:06:17.638 D/ApplicationLoaders(10952): Returning zygote-cached class loader: /system_ext/framework/androidx.window.extensions.jar
05-12 05:06:17.638 D/ApplicationLoaders(10952): Returning zygote-cached class loader: /system_ext/framework/androidx.window.sidecar.jar
05-12 05:06:17.643 D/SemWifiUsabilityStatsMonitor( 1232): onWifiUsabilityStats - seqNum 12055, isSameBssidAndFreq true
05-12 05:06:17.644 D/Tile.WifiTile( 1899): handleUpdateState isTransient=false transientEnabling =false cb.isTransient=false state.state = 2 mStateBeforeClick.value =false enabled =true
05-12 05:06:17.651 D/PerProcessNandswapNative( 1232): enable WriteBooster
05-12 05:06:17.652 I/Icing   (27738): doRemovePackageData com.hyeni.calendar
05-12 05:06:17.653 D/nativeloader(10952): Configuring clns-9 for other apk /data/app/~~tLryrYle2XisO7v0BhtIqQ==/com.microsoft.appmanager-weYxHW-MSTOFoFsGCsEUjw==/base.apk. target_sdk_version=36, uses_libraries=, library_path=/data/app/~~tLryrYle2XisO7v0BhtIqQ==/com.microsoft.appmanager-weYxHW-MSTOFoFsGCsEUjw==/lib/arm64:/data/app/~~tLryrYle2XisO7v0BhtIqQ==/com.microsoft.appmanager-weYxHW-MSTOFoFsGCsEUjw==/base.apk!/lib/arm64-v8a, permitted_path=/data:/mnt/expand:/data/user/0/com.microsoft.appmanager
05-12 05:06:17.659 D/DisplayModeController( 1004): setDesiredMode 4633128672291735939 {mode={fps=120.00 Hz, modePtr={id=0, vsyncRate=120.00 Hz, peakRefreshRate=120.00 Hz}}, emitEvent=true, force=false}
05-12 05:06:17.659 V/GraphicsEnvironment(10952): Currently set values for:
05-12 05:06:17.659 V/GraphicsEnvironment(10952):   angle_gl_driver_selection_pkgs=[]
05-12 05:06:17.659 V/GraphicsEnvironment(10952):   angle_gl_driver_selection_values=[]
05-12 05:06:17.659 V/GraphicsEnvironment(10952): com.microsoft.appmanager is not listed in per-application setting
05-12 05:06:17.659 V/GraphicsEnvironment(10952): ANGLE allowlist from config: 
05-12 05:06:17.659 V/GraphicsEnvironment(10952): com.microsoft.appmanager is not listed in ANGLE allowlist or settings, returning default
05-12 05:06:17.659 V/GraphicsEnvironment(10952): Neither updatable production driver nor prerelease driver is supported.
05-12 05:06:17.661 I/LoadedApk(10952): No resource references to update in package com.microsoft.appmanager.ext
05-12 05:06:17.661 I/LoadedApk(10952): No resource references to update in package com.microsoft.appmanager.extgeneric
05-12 05:06:17.662 I/LoadedApk(10952): No resource references to update in package com.microsoft.appmanager.extcn
05-12 05:06:17.662 I/LoadedApk(10952): No resource references to update in package com.microsoft.appmanager.extop
05-12 05:06:17.664 D/PerProcessNandswap$NandswapHandler( 1232): nandswap end for non-activity com.samsung.android.ce(pid 9529) ret:18487005184 adj:100
05-12 05:06:17.664 I/SurfaceFlinger( 1004): SFWD update time=907452951742650
05-12 05:06:17.665 I/SurfaceFlinger( 1004): No layers with votes - choose 120.00 Hz
05-12 05:06:17.666 I/HWComposer( 1004): [4633128672291735939] ActiveConfigToHWC, ID : 2
05-12 05:06:17.667 I/display (  932): Current VRR MODE is 3
05-12 05:06:17.667 I/display (  932): setActiveConfigWithConstraints:: HFR match - config: 2, base: 2, try: 1
05-12 05:06:17.667 I/display (  932): setActiveConfigWithConstraints::update 1080x2340@120hs
05-12 05:06:17.674 E/ashmem  (10952): Pinning is deprecated since Android Q. Please use trim or other methods.
05-12 05:06:17.674 I/VSyncReactor( 1004): Current= 60, Period= 120, hwcPeriod= 120
05-12 05:06:17.681 E/ActivityThread(10952): Failed to find provider info for com.microsoft.yourphonecompanion.contentprovider.featureoverride
05-12 05:06:17.681 I/SurfaceFlinger( 1004): finalizeDisplayModeChange 4633128672291735939
05-12 05:06:17.683 D/AudioSystem(10952): onNewServiceWithAdapter: media.audio_flinger service obtained 0xb40000740b4699c0
05-12 05:06:17.683 D/AudioSystem(10952): getService: checking for service media.audio_flinger: 0xb40000745b480810
05-12 05:06:17.683 D/AudioSystem(10952): getClient: checking for service: 0xb40000740b4699c0
05-12 05:06:17.684 E/CompositionEngine( 1004): [Wallpaper BBQ wrapper 5_system#92] Invalid device requested composition type change: Device (2) --> Device (2)
05-12 05:06:17.684 E/CompositionEngine( 1004): [com.sec.android.app.launcher/com.sec.android.app.launcher.activities.LauncherActivity$_2350#5324] Invalid device requested composition type change: Device (2) --> Device (2)
05-12 05:06:17.684 E/CompositionEngine( 1004): [StatusBar$_1899#103] Invalid device requested composition type change: Device (2) --> Device (2)
05-12 05:06:17.684 E/CompositionEngine( 1004): [com.sec.android.app.launcher/com.samsung.app.honeyspace.edge.edgepanel.app.CocktailBarService$_2350#5258] Invalid device requested composition type change: Device (2) --> Device (2)
05-12 05:06:17.684 E/CompositionEngine( 1004): [NavigationBar0$_1899#101] Invalid device requested composition type change: Device (2) --> Device (2)
05-12 05:06:17.684 E/CompositionEngine( 1004): [ScreenDecorHwcOverlay$_1899#107] Invalid device requested composition type change: DisplayDecoration (6) --> DisplayDecoration (6)
05-12 05:06:17.688 D/PackageManager( 1232): setEnabledSetting : userId = 0 packageName = com.microsoft.appmanager cmp = androidx.work.impl.background.systemjob.SystemJobService newState = 1 callingPackage = com.microsoft.appmanager
05-12 05:06:17.689 D/ApplicationPolicy( 1232): getApplicationStateEnabled : pkg = com.microsoft.appmanager userId : 0
05-12 05:06:17.689 D/ApplicationPolicy( 1232): getApplicationComponentState : pkg = com.microsoft.appmanager userId : 0
05-12 05:06:17.693 D/ConnectivityManager(10952): StackLog: [android.net.ConnectivityManager.sendRequestForNetwork(ConnectivityManager.java:4736)] [android.net.ConnectivityManager.sendRequestForNetwork(ConnectivityManager.java:4904)] [android.net.ConnectivityManager.registerNetworkCallback(ConnectivityManager.java:5321)] [android.net.ConnectivityManager.registerNetworkCallback(ConnectivityManager.java:5291)] [xf.g.<init>(r8-map-id-88b04dc6021bc04503af3b2bf9b79b64e7b7a3580ec3108ecc4c9a67fdf7d90a:51)] [xf.g.a(r8-map-id-88b04dc6021bc04503af3b2bf9b79b64e7b7a3580ec3108ecc4c9a67fdf7d90a:10)] [lf.h.run(r8-map-id-88b04dc6021bc04503af3b2bf9b79b64e7b7a3580ec3108ecc4c9a67fdf7d90a:119)]
05-12 05:06:17.696 D/CompatChangeReporter( 1232): Compat change id reported: 349487600; UID 10156; state: ENABLED
05-12 05:06:17.696 I/WindowsLink( 9734): (AppUpdateManagerImpl) loadPreferenceInfo() in
05-12 05:06:17.696 I/WindowsLink( 9734): (AppUpdateManagerImpl) loadPolicyConfigurationPreference() in
05-12 05:06:17.697 D/ConnectivityService( 1232): Rematched networks [computed 1ms] [applied 0ms] [issued 0]
05-12 05:06:17.697 D/ConnectivityService( 1232): NetworkReassignment : no changes
05-12 05:06:17.699 D/nativeloader(10952): Load /data/app/~~tLryrYle2XisO7v0BhtIqQ==/com.microsoft.appmanager-weYxHW-MSTOFoFsGCsEUjw==/base.apk!/lib/arm64-v8a/libdatastore_shared_counter.so using class loader ns clns-9 (caller=/data/app/~~tLryrYle2XisO7v0BhtIqQ==/com.microsoft.appmanager-weYxHW-MSTOFoFsGCsEUjw==/base.apk): ok
05-12 05:06:17.700 I/WindowsLink( 9734): (AppUpdateManagerImpl) loadStorePreferenceInfo() in
05-12 05:06:17.700 I/WindowsLink( 9734): (AppUpdateManagerImpl) getCachedLwStoreInfo(): in
05-12 05:06:17.700 I/WindowsLink( 9734): (AppUpdateManagerImpl) getCachedStoreInfo() in = com.samsung.android.mdx
05-12 05:06:17.701 I/WindowsLink( 9734): (AppUpdateManagerImpl) getCachedYpcStoreInfo(): in
05-12 05:06:17.701 I/WindowsLink( 9734): (AppUpdateManagerImpl) getCachedStoreInfo() in = com.microsoft.appmanager
05-12 05:06:17.703 I/WindowsLink( 9734): (YpcSignatureChecker) isSignatureAllowed in
05-12 05:06:17.707 I/WindowsLink( 9734): (BaseContentProvider) call: method = Compatibility@checkCompatibility / subMethod = checkCompatibility
05-12 05:06:17.708 I/WindowsLink( 9734): (StateContentProvider) METHOD_CHECK_COMPATIBILITY in
05-12 05:06:17.708 I/WindowsLink( 9734): (StateContentProvider) [lib ver] Name: 3.5.00.5 / Code: 350000005
05-12 05:06:17.708 I/WindowsLink( 9734): (StateContentProvider) CompatibilityStatus: 1
05-12 05:06:17.710 I/WindowsLink( 9734): (YpcSignatureChecker) isSignatureAllowed in
05-12 05:06:17.712 I/WindowsLink( 9734): (BaseContentProvider) call: method = PermissionManager@getPregrantedPermissions / subMethod = getPregrantedPermissions
05-12 05:06:17.713 I/WindowsLink( 9734): (YpcSignatureChecker) isSignatureAllowed in
05-12 05:06:17.713 I/WindowsLink( 9734): (BaseContentProvider) call: method = capability_get_last_anr / subMethod = capability_get_last_anr
05-12 05:06:17.714 I/WindowsLink( 9734): (YpcSignatureChecker) isSignatureAllowed in
05-12 05:06:17.714 I/WindowsLink( 9734): (BaseContentProvider) call: method = PermissionManager@deactivatePermissionManager / subMethod = deactivatePermissionManager
05-12 05:06:17.715 W/WallpaperResourcesInfo(10952): parseCmfInfo: empty cmf detected. wp item index=0
05-12 05:06:17.715 W/WallpaperResourcesInfo(10952): parseCmfInfo: empty cmf detected. wp item index=1
05-12 05:06:17.715 W/WallpaperResourcesInfo(10952): parseCmfInfo: empty cmf detected. wp item index=2
05-12 05:06:17.715 W/WallpaperResourcesInfo(10952): parseCmfInfo: empty cmf detected. wp item index=3
05-12 05:06:17.715 W/WallpaperResourcesInfo(10952): parseCmfInfo: empty cmf detected. wp item index=4
05-12 05:06:17.715 W/WallpaperResourcesInfo(10952): parseCmfInfo: empty cmf detected. wp item index=5
05-12 05:06:17.715 W/WallpaperResourcesInfo(10952): parseCmfInfo: empty cmf detected. wp item index=6
05-12 05:06:17.715 W/WallpaperResourcesInfo(10952): parseCmfInfo: empty cmf detected. wp item index=7
05-12 05:06:17.715 W/WallpaperResourcesInfo(10952): parseCmfInfo: empty cmf detected. wp item index=8
05-12 05:06:17.715 W/WallpaperResourcesInfo(10952): parseCmfInfo: empty cmf detected. wp item index=9
05-12 05:06:17.715 W/WallpaperResourcesInfo(10952): parseCmfInfo: empty cmf detected. wp item index=10
05-12 05:06:17.716 W/WallpaperResourcesInfo(10952): parseCmfInfo: empty cmf detected. wp item index=11
05-12 05:06:17.716 W/WallpaperResourcesInfo(10952): parseCmfInfo: empty cmf detected. wp item index=12
05-12 05:06:17.716 W/WallpaperResourcesInfo(10952): parseCmfInfo: empty cmf detected. wp item index=13
05-12 05:06:17.716 W/WallpaperResourcesInfo(10952): parseCmfInfo: empty cmf detected. wp item index=14
05-12 05:06:17.717 I/AAOW_RemoteAppModeService( 9734): mRemoteAppModeManager : com.samsung.android.remoteappmode.SemRemoteAppModeManager@76bfb62, Version : 9
05-12 05:06:17.719 I/BluetoothAdapter(10952): BluetoothAdapter() : com.microsoft.appmanager
05-12 05:06:17.719 D/[RAMS]RemoteAppModeService( 1232): isAllowed = true
05-12 05:06:17.722 I/WindowsLink( 9734): (YpcSignatureChecker) isSignatureAllowed in
05-12 05:06:17.722 I/WindowsLink( 9734): (BaseContentProvider) call: method = capability_android_apps_on_windows / subMethod = capability_android_apps_on_windows
05-12 05:06:17.722 I/WindowsLink( 9734): (YpcSignatureChecker) isSignatureAllowed in
05-12 05:06:17.723 I/WindowsLink( 9734): (BaseContentProvider) call: method = DeviceInfo@getLastAnr / subMethod = getLastAnr
05-12 05:06:17.723 D/[RAMS]RemoteAppModeService( 1232): isAllowed = true
05-12 05:06:17.726 I/AnrCollector( 1232): gatLastAnr - lastAnrFile : null
05-12 05:06:17.727 I/AnrCollector( 1232): write : 0
05-12 05:06:17.727 I/AnrCollector( 1232): mOut.close()
05-12 05:06:17.731 W/keymint_tee(  679): [WRN]begin req PARAMS: A32, BM32, PD1, 
05-12 05:06:17.732 D/android.hardware.security.keymint-service(  679): begin: ret 0
05-12 05:06:17.732 I/keystore2(  677): system/security/keystore2/src/security_level.rs:466 - In create_operation. Success to create IKeystoreOperation. 10156, None
05-12 05:06:17.733 D/android.hardware.security.keymint-service(  679): update: ret 0
05-12 05:06:17.734 D/android.hardware.security.keymint-service(  679): finish: ret 0
05-12 05:06:17.735 W/keymint_tee(  679): [WRN]begin req PARAMS: A32, BM32, PD1, 
05-12 05:06:17.736 D/android.hardware.security.keymint-service(  679): begin: ret 0
05-12 05:06:17.737 I/keystore2(  677): system/security/keystore2/src/security_level.rs:466 - In create_operation. Success to create IKeystoreOperation. 10156, None
05-12 05:06:17.738 D/android.hardware.security.keymint-service(  679): update: ret 0
05-12 05:06:17.739 D/android.hardware.security.keymint-service(  679): finish: ret 0
05-12 05:06:17.740 W/keymint_tee(  679): [WRN]begin req PARAMS: A32, BM32, PD1, 
05-12 05:06:17.743 D/android.hardware.security.keymint-service(  679): begin: ret 0
05-12 05:06:17.743 I/keystore2(  677): system/security/keystore2/src/security_level.rs:466 - In create_operation. Success to create IKeystoreOperation. 10156, None
05-12 05:06:17.744 D/android.hardware.security.keymint-service(  679): update: ret 0
05-12 05:06:17.745 D/android.hardware.security.keymint-service(  679): finish: ret 0
05-12 05:06:17.747 W/keymint_tee(  679): [WRN]begin req PARAMS: A32, BM32, PD1, 
05-12 05:06:17.749 D/android.hardware.security.keymint-service(  679): begin: ret 0
05-12 05:06:17.749 I/keystore2(  677): system/security/keystore2/src/security_level.rs:466 - In create_operation. Success to create IKeystoreOperation. 10156, None
05-12 05:06:17.750 D/android.hardware.security.keymint-service(  679): update: ret 0
05-12 05:06:17.751 D/android.hardware.security.keymint-service(  679): finish: ret 0
05-12 05:06:17.752 W/keymint_tee(  679): [WRN]begin req PARAMS: A32, BM32, PD1, 
05-12 05:06:17.754 D/android.hardware.security.keymint-service(  679): begin: ret 0
05-12 05:06:17.755 I/keystore2(  677): system/security/keystore2/src/security_level.rs:466 - In create_operation. Success to create IKeystoreOperation. 10156, None
05-12 05:06:17.756 D/android.hardware.security.keymint-service(  679): update: ret 0
05-12 05:06:17.756 D/android.hardware.security.keymint-service(  679): finish: ret 0
05-12 05:06:17.757 W/keymint_tee(  679): [WRN]begin req PARAMS: A32, BM32, PD1, 
05-12 05:06:17.760 D/android.hardware.security.keymint-service(  679): begin: ret 0
05-12 05:06:17.760 I/keystore2(  677): system/security/keystore2/src/security_level.rs:466 - In create_operation. Success to create IKeystoreOperation. 10156, None
05-12 05:06:17.761 D/android.hardware.security.keymint-service(  679): update: ret 0
05-12 05:06:17.762 D/android.hardware.security.keymint-service(  679): finish: ret 0
05-12 05:06:17.763 I/gd.t    (10952): Provider GmsCore_OpenSSL not available
05-12 05:06:17.765 D/KNOX_MDM_SettingsProvider( 1232): isChangeAllowed() : name = enabled_notification_listeners
05-12 05:06:17.769 D/PackageManager( 1232): setEnabledSetting : userId = 0 packageName = com.microsoft.appmanager cmp = com.microsoft.appmanager.quicksettings.WindowsLinkTileService newState = 2 callingPackage = com.microsoft.appmanager
05-12 05:06:17.769 D/PackageManager( 1232): setEnabledSetting : userId = 0 packageName = com.microsoft.appmanager cmp = com.microsoft.appmanager.receiver.LocaleChangeReceiver newState = 2 callingPackage = com.microsoft.appmanager
05-12 05:06:17.772 I/WindowsLink( 9734): (YpcSignatureChecker) isSignatureAllowed in
05-12 05:06:17.772 I/WindowsLink( 9734): (BaseContentProvider) call: method = capability_android_apps_on_windows / subMethod = capability_android_apps_on_windows
05-12 05:06:17.772 D/PackageManager( 1232): setEnabledSetting : userId = 0 packageName = com.microsoft.appmanager cmp = com.microsoft.appmanager.StartUpCoreActivity newState = 2 callingPackage = com.microsoft.appmanager
05-12 05:06:17.772 D/PackageManager( 1232): setEnabledSetting : userId = 0 packageName = com.microsoft.appmanager cmp = com.microsoft.appmanager.oem.account.AccountAuthenticatorService newState = 1 callingPackage = com.microsoft.appmanager
05-12 05:06:17.772 D/ApplicationPolicy( 1232): getApplicationStateEnabled : pkg = com.microsoft.appmanager userId : 0
05-12 05:06:17.773 D/ApplicationPolicy( 1232): getApplicationComponentState : pkg = com.microsoft.appmanager userId : 0
05-12 05:06:17.775 I/WindowsLink( 9734): (YpcSignatureChecker) isSignatureAllowed in
05-12 05:06:17.775 I/WindowsLink( 9734): (BaseContentProvider) call: method = WindowsLinkTileRequest@setStateFRE / subMethod = setStateFRE
05-12 05:06:17.775 I/WindowsLink( 9734): (StateContentProvider) METHOD_SET_TILE_FRE in
05-12 05:06:17.776 D/KNOX_MDM_SettingsProvider( 1232): isChangeAllowed() : name = ltw_connected
05-12 05:06:17.776 D/KNOX_MDM_SettingsProvider( 1232): edmUri: content://com.sec.knox.provider/RestrictionPolicy3
05-12 05:06:17.776 I/WindowsLink( 9734): (YpcSignatureChecker) isSignatureAllowed in
05-12 05:06:17.776 D/KNOX_MDM_SettingsProvider( 1232): projectionArgs: isSettingsChangesAllowed
05-12 05:06:17.776 D/KNOX_MDM_SettingsProvider( 1232): selectionArgs: false
05-12 05:06:17.776 D/KNOX_MDM_SettingsProvider( 1232): selectionArgs: 10090
05-12 05:06:17.776 I/WindowsLink( 9734): (BaseContentProvider) call: method = capability_tablet_support / subMethod = capability_tablet_support
05-12 05:06:17.776 D/SecContentProvider( 1232): query(), uri = 17 selection = isSettingsChangesAllowed
05-12 05:06:17.776 D/SecContentProvider( 1232): called from com.samsung.android.mdx
05-12 05:06:17.776 D/RestrictionPolicy( 1232): isSettingsChangesAllowedAsUser, userId 0 : true
05-12 05:06:17.776 D/KNOX_MDM_SettingsProvider( 1232): ret = 1
05-12 05:06:17.777 I/WindowsLink( 9734): (YpcSignatureChecker) isSignatureAllowed in
05-12 05:06:17.777 I/WindowsLink( 9734): (BaseContentProvider) call: method = capability_message_support / subMethod = capability_message_support
05-12 05:06:17.777 D/nativeloader(10952): Load /data/app/~~tLryrYle2XisO7v0BhtIqQ==/com.microsoft.appmanager-weYxHW-MSTOFoFsGCsEUjw==/base.apk!/lib/arm64-v8a/libOneAuth.so using class loader ns clns-9 (caller=/data/app/~~tLryrYle2XisO7v0BhtIqQ==/com.microsoft.appmanager-weYxHW-MSTOFoFsGCsEUjw==/base.apk!classes2.dex): ok
05-12 05:06:17.778 I/WindowsLink( 9734): (YpcSignatureChecker) isSignatureAllowed in
05-12 05:06:17.778 I/WindowsLink( 9734): (BaseContentProvider) call: method = capability_tablet_support / subMethod = capability_tablet_support
05-12 05:06:17.778 I/WindowsLink( 9734): (YpcSignatureChecker) isSignatureAllowed in
05-12 05:06:17.778 I/WindowsLink( 9734): (BaseContentProvider) call: method = capability_call_support / subMethod = capability_call_support
05-12 05:06:17.779 I/WindowsLink( 9734): (YpcSignatureChecker) isSignatureAllowed in
05-12 05:06:17.779 I/WindowsLink( 9734): (BaseContentProvider) call: method = capability_tablet_support / subMethod = capability_tablet_support
05-12 05:06:17.779 I/WindowsLink( 9734): (YpcSignatureChecker) isSignatureAllowed in
05-12 05:06:17.779 I/WindowsLink( 9734): (BaseContentProvider) call: method = capability_call_support / subMethod = capability_call_support
05-12 05:06:17.780 I/WindowsLink( 9734): (YpcSignatureChecker) isSignatureAllowed in
05-12 05:06:17.780 I/WindowsLink( 9734): (BaseContentProvider) call: method = capability_tablet_support / subMethod = capability_tablet_support
05-12 05:06:17.780 I/WindowsLink( 9734): (YpcSignatureChecker) isSignatureAllowed in
05-12 05:06:17.780 I/WindowsLink( 9734): (BaseContentProvider) call: method = capability_call_support / subMethod = capability_call_support
05-12 05:06:17.787 I/OneAuthLog(10952): [OneAuth:0001:Info:48bf5:00000000] MATS DeviceProfileTelemetryId: c7a1691804bcb60d
05-12 05:06:17.787 I/OneAuthLog(10952): [OneAuth:0001:Info:4md94:00000000] MATS device telemetry disabled.
05-12 05:06:17.791 D/ConnectivityService( 1232): reportNetworkActive, notify 1 listeners
05-12 05:06:17.797 I/OneAuthLog(10952): [MSAL:0001]	INFO   	CreateSingletonComponents:143	Starting up MSAL
05-12 05:06:17.797 I/OneAuthLog(10952): [MSAL:0001]	INFO   	AddConfigurationWithStorageManager:269	Created a new public client application with ID ''
05-12 05:06:17.798 I/OneAuthLog(10952): [OneAuth:0001:Info:8mqsd:ffd37d58] OneAuth Version 10.0.0 (com.microsoft.appmanager)
05-12 05:06:17.798 I/OneAuthLog(10952): [OneAuth:0001:Info:9zj7z:ffd37d58] Language code 'ko-KR' is not supported, fall back to 'ko'
05-12 05:06:17.800 I/WindowsLink( 9734): (YpcSignatureChecker) isSignatureAllowed in
05-12 05:06:17.800 I/WindowsLink( 9734): (YpcSignatureChecker) isSignatureAllowed in
05-12 05:06:17.800 I/WindowsLink( 9734): (BaseContentProvider) call: method = capability_proximity_sending_user_present / subMethod = capability_proximity_sending_user_present
05-12 05:06:17.800 I/WindowsLink( 9734): (BaseContentProvider) call: method = capability_android_apps_on_windows / subMethod = capability_android_apps_on_windows
05-12 05:06:17.800 I/ActivityManager( 1232): Changes in 10156 11 to 11, 0 to 128
05-12 05:06:17.800 I/ActivityManager( 1232): Changes in 10090 11 to 11, 0 to 128
05-12 05:06:17.801 D/[RAMS]RemoteAppModeService( 1232): isAllowed = true
05-12 05:06:17.802 I/WindowsLink( 9734): (YpcSignatureChecker) isSignatureAllowed in
05-12 05:06:17.802 I/WindowsLink( 9734): (BaseContentProvider) call: method = capability_android_apps_on_windows / subMethod = capability_android_apps_on_windows
05-12 05:06:17.804 I/WindowsLink( 9734): (YpcSignatureChecker) isSignatureAllowed in
05-12 05:06:17.805 I/WindowsLink( 9734): (BaseContentProvider) call: method = ProximityManager@isUserPresentIntentEnabled / subMethod = isUserPresentIntentEnabled
05-12 05:06:17.805 I/ProximityContentProvider( 9734): isUserPresentIntentEnabled is called
05-12 05:06:17.805 I/WindowsLink( 9734): (BaseContentProvider) call: method = ProximityManager@isUserPresentIntentEnabled / subMethod = isUserPresentIntentEnabled
05-12 05:06:17.805 D/[RAMS]RemoteAppModeService( 1232): isAllowed = true
05-12 05:06:17.808 I/NearbyMediums(27703): Found Fast Ble Advertisements :
05-12 05:06:17.808 I/NearbyMediums(27703): BleAdvertisement { version=2, socketVersion=2, isFast=true, serviceIdHash=null, data=[ 0x23 0x50 0x45 0x45 0x4f 0x11 0x32 0xd3 0x80 0x30 0x57 0x3c 0xc2 0x77 0x94 0xd2 0x6f 0x18 0x51 0xb7 0x72 0x4f 0x6a ], deviceToken=[ 0xff 0x33 ], rxAdvertisement=null } : 1 times.
05-12 05:06:17.808 I/NearbyMediums(27703): Total 1 fast advertisements from 1 unique advertisers.
05-12 05:06:17.808 I/NearbyMediums(27703): Current Tracked Scanning Clients are : {NearbyConnections.EnvironmentMonitor, NearbySharing}
05-12 05:06:17.808 D/NetdEventListenerService( 1232): DNS Requested by 124, 10156(com.microsoft.appmanager), SUCCESS, 20ms
05-12 05:06:17.812 I/ActivityManager( 1232): Changes in 10254 19 to 8, 0 to 128
05-12 05:06:17.812 I/WindowsLink( 9734): (YpcSignatureChecker) isSignatureAllowed in
05-12 05:06:17.812 I/WindowsLink( 9734): (BaseContentProvider) call: method = ProximityManager@disableSendingUserPresentIntent / subMethod = disableSendingUserPresentIntent
05-12 05:06:17.812 I/ProximityContentProvider( 9734): disableSendingUserPresentIntent is called
05-12 05:06:17.812 I/WindowsLink( 9734): (BaseContentProvider) call: method = ProximityManager@disableSendingUserPresentIntent / subMethod = disableSendingUserPresentIntent
05-12 05:06:17.813 D/[RAMS]RemoteAppModeService( 1232): isAllowed = true
05-12 05:06:17.815 I/ActivityManager( 1232): Changes in 10156 11 to 19, 128 to 0
05-12 05:06:17.815 I/ActivityManager( 1232): Changes in 10090 11 to 19, 128 to 0
05-12 05:06:17.820 I/Finsky  ( 4883): [2] SCH: job service start with id 9976.
05-12 05:06:17.823 I/SLPASVC (10871): onStartJob                                                                                          [at com.samsung.euicc.lpaService.NotificationJobService.onStartJob(NotificationJobService.java:17)]
05-12 05:06:17.825 I/SLPASVC (10871): start NotificationService                                                                           [at com.samsung.euicc.lpaService.NotificationJobService.onStartJob(NotificationJobService.java:27)]
05-12 05:06:17.825 W/ContextImpl(10871): Calling a method in the system process without a qualified user: android.app.ContextImpl.startService:2068 android.content.ContextWrapper.startService:872 com.samsung.euicc.lpaService.NotificationJobService.onStartJob:28 android.app.job.JobService$1.onStartJob:118 android.app.job.JobServiceEngine$JobHandler.handleMessage:169 
05-12 05:06:17.827 I/Finsky  ( 4883): [183] SCH: Satisfied jobs for 9976 are: 12-1
05-12 05:06:17.829 I/Finsky  ( 4883): [190] SCH: Job 12-1 starting
05-12 05:06:17.830 I/Finsky  ( 4883): [2] WM::SCH: Logging work start for 12-1
05-12 05:06:17.830 D/NetdEventListenerService( 1232): DNS Requested by 124, 10156(com.microsoft.appmanager), SUCCESS, 10ms
05-12 05:06:17.830 I/Finsky  ( 4883): [2] [ContentSync] job started
05-12 05:06:17.832 I/SLPASVC (10871): onStartCommand()                                                                                    [at com.samsung.euicc.lpaService.NotificationService.onStartCommand(NotificationService.java:42)]
05-12 05:06:17.834 I/SLPASVC (10871): +sendNotifications                                                                                  [at com.samsung.euicc.lpaService.NotificationService$NotificationHandler.sendNotifications(NotificationService$NotificationHandler.java:68)]
05-12 05:06:17.835 I/SLPASVC (10871): -sendNotifications                                                                                  [at com.samsung.euicc.lpaService.NotificationService$NotificationHandler.sendNotifications(NotificationService$NotificationHandler.java:78)]
05-12 05:06:17.835 I/SLPASVC (10871): +onDestroy(): Handler (com.samsung.euicc.lpaService.NotificationService$NotificationHandler) {b2aa1ef}[at com.samsung.euicc.lpaService.NotificationService.onDestroy(NotificationService.java:25)]
05-12 05:06:17.836 I/SLPASVC (10871): -onDestroy()                                                                                        [at com.samsung.euicc.lpaService.NotificationService.onDestroy(NotificationService.java:31)]
05-12 05:06:17.846 D/io_stats(  659): !@   8,0 r 3176910 101510784 w 2826029 73463700 d 743479 157175716 f 436923 344014 iot 3837736 0 th 0 0 0 pt 0 inp 0 0 907453.133
05-12 05:06:17.915 D/DisplayModeController( 1004): setDesiredMode 4633128672291735939 {mode={fps=60.00 Hz, modePtr={id=1, vsyncRate=60.00 Hz, peakRefreshRate=60.00 Hz}}, emitEvent=false, force=false}
05-12 05:06:17.918 I/LayerHistory( 1004): StatusBar$_1899#103 voted NoVote (0.00 Hz)
05-12 05:06:17.918 I/SurfaceFlinger( 1004): Idle - choose 60.00 Hz
05-12 05:06:17.918 I/HWComposer( 1004): [4633128672291735939] ActiveConfigToHWC, ID : 3
05-12 05:06:17.920 I/display (  932): Current VRR MODE is 3
05-12 05:06:17.920 I/display (  932): setActiveConfigWithConstraints:: HFR match - config: 4, base: 3, try: 0
05-12 05:06:17.920 I/display (  932): setActiveConfigWithConstraints::update 1080x2340@60phs
05-12 05:06:17.933 I/VSyncReactor( 1004): Current= 120, Period= 60, hwcPeriod= 60
05-12 05:06:17.934 D/SurfaceFlinger( 1004): GPIS:: requestGpisForSFSluggish
05-12 05:06:17.934 I/SurfaceFlinger( 1004): finalizeDisplayModeChange 4633128672291735939
05-12 05:06:17.936 E/CompositionEngine( 1004): [Wallpaper BBQ wrapper 5_system#92] Invalid device requested composition type change: Device (2) --> Device (2)
05-12 05:06:17.936 E/CompositionEngine( 1004): [com.sec.android.app.launcher/com.sec.android.app.launcher.activities.LauncherActivity$_2350#5324] Invalid device requested composition type change: Device (2) --> Device (2)
05-12 05:06:17.936 E/CompositionEngine( 1004): [StatusBar$_1899#103] Invalid device requested composition type change: Device (2) --> Device (2)
05-12 05:06:17.936 E/CompositionEngine( 1004): [com.sec.android.app.launcher/com.samsung.app.honeyspace.edge.edgepanel.app.CocktailBarService$_2350#5258] Invalid device requested composition type change: Device (2) --> Device (2)
05-12 05:06:17.936 E/CompositionEngine( 1004): [NavigationBar0$_1899#101] Invalid device requested composition type change: Device (2) --> Device (2)
05-12 05:06:17.936 E/CompositionEngine( 1004): [ScreenDecorHwcOverlay$_1899#107] Invalid device requested composition type change: DisplayDecoration (6) --> DisplayDecoration (6)
05-12 05:06:18.051 I/Finsky  ( 4883): [191] App states replicator found 100 unowned apps
05-12 05:06:18.064 I/Finsky  ( 4883): [83] Completed 0 account content syncs with 0 successful.
05-12 05:06:18.064 I/Finsky  ( 4883): [2] [ContentSync] Installation state replication succeeded.
05-12 05:06:18.065 I/Finsky  ( 4883): [2] SCH: jobFinished: 12-1. TimeElapsed: 235ms.
05-12 05:06:18.065 I/Finsky  ( 4883): [2] WM::SCH: Logging work end for 12-1
05-12 05:06:18.075 I/Finsky  ( 4883): [80] SCH: Scheduling phonesky job Id: 1-1337, CT: 1778497338283, Constraints: [{ L: 43086333, D: 86286333, C: CHARGING_NONE, I: IDLE_NONE, N: NET_ANY, B: BATTERY_ANY }]
05-12 05:06:18.080 I/Finsky  ( 4883): [82] SCH: Scheduling 1 system job(s)
05-12 05:06:18.081 I/Finsky  ( 4883): [82] SCH: Scheduling system job Id: 9979, L: 10446536, D: 53646536, C: false, I: false, N: 1
05-12 05:06:18.092 I/Finsky  ( 4883): [190] SCH: job service finished with id 9976.
05-12 05:06:18.099 I/ActivityManager( 1232): Changes in 10254 8 to 10, 128 to 0
05-12 05:06:18.106 I/Finsky  ( 4883): [2] Memory trim requested to level 40
05-12 05:06:18.106 I/Finsky  ( 4883): [2] Flushing in-memory image cache
05-12 05:06:18.367 D/WifiConnectivityMonitor.NetworkStatsAnalyzer( 1232): Backhaul result - RSSI:-29, CE:6, PE:5, TI:7, PTI:6, TW:0, PTW:0, Tx:17, Rx:15, TxS:15, RxS:13, RESULT:true, IC:0, ICT:5, WC:0, WCT:5, R:0, RC:0, IE:0, EC:0
05-12 05:06:18.582 I/RequestManager_FLP( 2612): onOpChanged, op=0 / packageName=com.android.chrome
05-12 05:06:18.725 D/CompatChangeReporter(10952): Compat change id reported: 288912692; UID 10156; state: ENABLED
05-12 05:06:18.867 I/SDHMS:x ( 3129): SIOP:: AP:272 BAT:267 USB:269 CHG:278 PA:270 WIFI:272 CF:268 BLK:0 SUBBAT:0 SKIN:285 SKINF:281 SKINB:285 LRP2:285 LRF2:281 LRB2:285 AP2:285 CHG2:284 MEM2:285 WIFI2:284 RCV2:282 SPK2:280 UPSPK:266 DNSPK:267 VAP:268 AVGCUR:-2 AVGSYS:0 POWER:-8
05-12 05:06:18.934 I/wpa_supplicant(21252): Heartbeat 36005
05-12 05:06:19.849 D/io_stats(  659): !@   8,0 r 3176910 101510784 w 2826069 73465304 d 743479 157175716 f 436932 344020 iot 3837796 0 th 0 0 0 pt 0 inp 0 0 907455.135
05-12 05:06:19.850 D/io_stats(  659): !@ Read_top(KB): soft.appmanager(10952) 432 kworker/u16:2(7641) 260 system_server(1232) 4
05-12 05:06:19.850 D/io_stats(  659): !@ Write_top(KB): system_server(1232) 764 android.vending(4883) 108 soft.appmanager(10952) 72
05-12 05:06:20.053 I/SemWifiServiceDetector( 1232): Service det. resumed: T / T / 14387
05-12 05:06:20.696 D/SemWifiUsabilityStatsMonitor( 1232): onWifiUsabilityStats - seqNum 12056, isSameBssidAndFreq true
05-12 05:06:20.702 I/SemWifiLinkQualityMonitor( 1232): Link stat: 0 / 0 / 1.53 (26) / 702 / -29.0 || 100.0 : 702.00 / 0.5 : 0.65 / 0.55 : 0.30 / G (G) || 6c7c52d45220: 0.331 / 24.143 / D || N N / 0 0 / N 2.0 / N X 0 / 907455984 0 || 2026-05-12 05:06:20  / 0: 0 0 0 0 0 0 / 0: 0 0 0 0 0 0 / 0: 0 0 0 0 0 0
05-12 05:06:20.709 D/Tile.WifiTile( 1899): handleUpdateState isTransient=false transientEnabling =false cb.isTransient=false state.state = 2 mStateBeforeClick.value =false enabled =true
05-12 05:06:20.728 D/DisplayModeController( 1004): setDesiredMode 4633128672291735939 {mode={fps=120.00 Hz, modePtr={id=0, vsyncRate=120.00 Hz, peakRefreshRate=120.00 Hz}}, emitEvent=true, force=false}
05-12 05:06:20.733 I/VSyncReactor( 1004): Current= 60, Period= 120, hwcPeriod= 60
05-12 05:06:20.742 I/LayerHistory( 1004): StatusBar$_1899#103 voted NoVote (0.00 Hz)
05-12 05:06:20.742 I/SurfaceFlinger( 1004): No layers with votes - choose 120.00 Hz
05-12 05:06:20.743 I/HWComposer( 1004): [4633128672291735939] ActiveConfigToHWC, ID : 2
05-12 05:06:20.745 I/display (  932): Current VRR MODE is 3
05-12 05:06:20.745 I/display (  932): setActiveConfigWithConstraints:: HFR match - config: 2, base: 2, try: 1
05-12 05:06:20.745 I/display (  932): setActiveConfigWithConstraints::update 1080x2340@120hs
05-12 05:06:20.758 I/VSyncReactor( 1004): Current= 60, Period= 120, hwcPeriod= 120
05-12 05:06:20.758 D/NetdEventListenerService( 1232): DNS Requested by 124, 10156(com.microsoft.appmanager), SUCCESS, 34ms
05-12 05:06:20.759 D/SurfaceFlinger( 1004): GPIS:: requestGpisForSFSluggish
05-12 05:06:20.760 I/SurfaceFlinger( 1004): finalizeDisplayModeChange 4633128672291735939
05-12 05:06:20.762 E/CompositionEngine( 1004): [Wallpaper BBQ wrapper 5_system#92] Invalid device requested composition type change: Device (2) --> Device (2)
05-12 05:06:20.762 E/CompositionEngine( 1004): [com.sec.android.app.launcher/com.sec.android.app.launcher.activities.LauncherActivity$_2350#5324] Invalid device requested composition type change: Device (2) --> Device (2)
05-12 05:06:20.762 E/CompositionEngine( 1004): [StatusBar$_1899#103] Invalid device requested composition type change: Device (2) --> Device (2)
05-12 05:06:20.762 E/CompositionEngine( 1004): [com.sec.android.app.launcher/com.samsung.app.honeyspace.edge.edgepanel.app.CocktailBarService$_2350#5258] Invalid device requested composition type change: Device (2) --> Device (2)
05-12 05:06:20.762 E/CompositionEngine( 1004): [NavigationBar0$_1899#101] Invalid device requested composition type change: Device (2) --> Device (2)
05-12 05:06:20.762 E/CompositionEngine( 1004): [ScreenDecorHwcOverlay$_1899#107] Invalid device requested composition type change: DisplayDecoration (6) --> DisplayDecoration (6)
05-12 05:06:20.981 D/DisplayModeController( 1004): setDesiredMode 4633128672291735939 {mode={fps=60.00 Hz, modePtr={id=1, vsyncRate=60.00 Hz, peakRefreshRate=60.00 Hz}}, emitEvent=false, force=false}
05-12 05:06:20.985 I/LayerHistory( 1004): StatusBar$_1899#103 voted NoVote (0.00 Hz)
05-12 05:06:20.986 I/SurfaceFlinger( 1004): Idle - choose 60.00 Hz
05-12 05:06:20.987 I/HWComposer( 1004): [4633128672291735939] ActiveConfigToHWC, ID : 3
05-12 05:06:20.988 I/display (  932): Current VRR MODE is 3
05-12 05:06:20.989 I/display (  932): setActiveConfigWithConstraints:: HFR match - config: 4, base: 3, try: 0
05-12 05:06:20.989 I/display (  932): setActiveConfigWithConstraints::update 1080x2340@60phs
05-12 05:06:21.008 I/SurfaceFlinger( 1004): finalizeDisplayModeChange 4633128672291735939
05-12 05:06:21.009 I/VSyncReactor( 1004): Current= 120, Period= 60, hwcPeriod= 60
05-12 05:06:21.010 E/CompositionEngine( 1004): [Wallpaper BBQ wrapper 5_system#92] Invalid device requested composition type change: Device (2) --> Device (2)
05-12 05:06:21.010 E/CompositionEngine( 1004): [com.sec.android.app.launcher/com.sec.android.app.launcher.activities.LauncherActivity$_2350#5324] Invalid device requested composition type change: Device (2) --> Device (2)
05-12 05:06:21.010 E/CompositionEngine( 1004): [StatusBar$_1899#103] Invalid device requested composition type change: Device (2) --> Device (2)
05-12 05:06:21.010 E/CompositionEngine( 1004): [com.sec.android.app.launcher/com.samsung.app.honeyspace.edge.edgepanel.app.CocktailBarService$_2350#5258] Invalid device requested composition type change: Device (2) --> Device (2)
05-12 05:06:21.010 E/CompositionEngine( 1004): [NavigationBar0$_1899#101] Invalid device requested composition type change: Device (2) --> Device (2)
05-12 05:06:21.010 E/CompositionEngine( 1004): [ScreenDecorHwcOverlay$_1899#107] Invalid device requested composition type change: DisplayDecoration (6) --> DisplayDecoration (6)
05-12 05:06:21.854 D/io_stats(  659): !@   8,0 r 3176910 101510784 w 2826074 73465320 d 743479 157175716 f 436934 344021 iot 3837800 0 th 0 0 0 pt 0 inp 0 0 907457.141
05-12 05:06:22.127 E/Watchdog( 1232): !@Sync: 30224 heap(MB): 125 / 150 FD: 1152 [2026-05-12 05:06:22.126]
05-12 05:06:22.306 D/WifiConnectivityMonitor( 1232): start WCM Poll.
05-12 05:06:22.308 D/WifiConnectivityMonitor( 1232): Register WifiLinkQualityMonitorCallback
05-12 05:06:22.310 I/SemWifiLinkQualityMonitor( 1232): LQ callback registered
05-12 05:06:22.315 I/SemWifiLinkQualityMonitor( 1232): LQ L2 callback initialized: 0 / N / Y, rssiBasedTransition: false 1891
05-12 05:06:22.590 D/InetDiagMessage( 1232): Destroyed 0 sockets, proto=IPPROTO_TCP, family=AF_INET, states=14
05-12 05:06:22.595 D/InetDiagMessage( 1232): Destroyed 0 sockets, proto=IPPROTO_TCP, family=AF_INET6, states=14
05-12 05:06:22.595 D/InetDiagMessage( 1232): Destroyed live tcp sockets for uids={10269} in 9ms
05-12 05:06:22.599 D/InetDiagMessage( 1232): Destroyed 0 sockets, proto=IPPROTO_TCP, family=AF_INET, states=14
05-12 05:06:22.600 D/InetDiagMessage( 1232): Destroyed 0 sockets, proto=IPPROTO_TCP, family=AF_INET6, states=14
05-12 05:06:22.600 D/InetDiagMessage( 1232): Destroyed live tcp sockets for uids={20269} in 5ms
05-12 05:06:22.624 D/InetDiagMessage( 1232): Destroyed 0 sockets, proto=IPPROTO_TCP, family=AF_INET, states=14
05-12 05:06:22.628 D/InetDiagMessage( 1232): Destroyed 0 sockets, proto=IPPROTO_TCP, family=AF_INET6, states=14
05-12 05:06:22.628 D/InetDiagMessage( 1232): Destroyed live tcp sockets for uids={10109} in 6ms
05-12 05:06:22.629 D/InetDiagMessage( 1232): Destroyed 0 sockets, proto=IPPROTO_TCP, family=AF_INET, states=14
05-12 05:06:22.631 D/InetDiagMessage( 1232): Destroyed 0 sockets, proto=IPPROTO_TCP, family=AF_INET6, states=14
05-12 05:06:22.631 D/InetDiagMessage( 1232): Destroyed live tcp sockets for uids={20109} in 3ms
05-12 05:06:22.635 D/InetDiagMessage( 1232): Destroyed 0 sockets, proto=IPPROTO_TCP, family=AF_INET, states=14
05-12 05:06:22.637 D/InetDiagMessage( 1232): Destroyed 0 sockets, proto=IPPROTO_TCP, family=AF_INET6, states=14
05-12 05:06:22.637 D/InetDiagMessage( 1232): Destroyed live tcp sockets for uids={10285} in 4ms
05-12 05:06:22.638 D/InetDiagMessage( 1232): Destroyed 0 sockets, proto=IPPROTO_TCP, family=AF_INET, states=14
05-12 05:06:22.639 D/InetDiagMessage( 1232): Destroyed 0 sockets, proto=IPPROTO_TCP, family=AF_INET6, states=14
05-12 05:06:22.639 D/InetDiagMessage( 1232): Destroyed live tcp sockets for uids={20285} in 3ms
05-12 05:06:23.575 W/System  (10618): A resource failed to call AbstractCursor.close. 
05-12 05:06:23.575 W/System  (10618): A resource failed to call CursorWrapperInner.close. 
05-12 05:06:23.743 I/ActivityManager( 1232): Killing 10010:com.google.android.webview:webview_service/u0a266 (adj 965): empty #33
05-12 05:06:23.765 D/SemWifiUsabilityStatsMonitor( 1232): onWifiUsabilityStats - seqNum 12057, isSameBssidAndFreq true
05-12 05:06:23.769 I/SemWifiLinkQualityMonitor( 1232): Link stat: 0 / 0 / 1.77 (23) / 585 / -29.0 || 100.0 : 585.00 / 0.5 : 0.57 / 0.55 : 0.30 / G (G) || 6c7c52d45220: 0.336 / 23.815 / D || N N / 0 0 / N 2.0 / N X 0 / 907459053 0 || 2026-05-12 05:06:23  / 0: 0 0 0 0 0 0 / 0: 0 0 0 0 0 0 / 0: 0 0 0 0 0 0
05-12 05:06:23.819 I/libprocessgroup( 1232): Removed cgroup /sys/fs/cgroup/apps/uid_10266/pid_10010
05-12 05:06:23.820 I/Zygote  (  893): Process 10010 exited due to signal 9 (Killed)
05-12 05:06:23.857 D/io_stats(  659): !@ Write_top(KB): soft.appmanager(10952) 12
05-12 05:06:24.664 I/ActivityManager( 1232): Killing 10163:com.samsung.mfcontents/u0a92 (adj 965): empty #33
05-12 05:06:24.716 I/libprocessgroup( 1232): Removed cgroup /sys/fs/cgroup/apps/uid_10092/pid_10163
05-12 05:06:24.717 I/Zygote  (  893): Process 10163 exited due to signal 9 (Killed)
05-12 05:06:24.860 D/AndroidRuntime(11076): >>>>>> START com.android.internal.os.RuntimeInit uid 2000 <<<<<<
05-12 05:06:24.866 I/AndroidRuntime(11076): Using default boot image
05-12 05:06:24.866 I/AndroidRuntime(11076): Leaving lock profiling enabled
05-12 05:06:24.871 I/app_process(11076): Using CollectorTypeCMC GC.
