05-12 04:41:33.328 D/PowerManagerService( 2878): nativeReleaseSuspendBlocker name:PowerManagerService.WakeLocks duration ms: 0
05-12 04:41:33.330 D/WM-GreedyScheduler( 6385): Cancelling work ID 6e5bacae-cc3f-43aa-9976-599083a65816
05-12 04:41:33.331 D/WM-GreedyScheduler( 6385): Ignoring {WorkSpec: ba672ec3-0442-468e-aaf0-90b39b6fb569}. Requires device idle.
05-12 04:41:33.331 D/WM-GreedyScheduler( 6385): Ignoring {WorkSpec: 49860f5a-cd21-4e35-af91-ffa3558b8272}. Requires device idle.
05-12 04:41:33.332 D/WM-BrdcstRcvrCnstrntTrc( 6385): BatteryNotLowTracker: unregistering receiver
05-12 04:41:33.412 D/BoundBrokerSvc( 4848): onUnbind: Intent { act=com.google.android.gms.appset.service.START dat=chimera-action:/... cmp=com.google.android.gms/.chimera.GmsApiService }
05-12 04:41:33.743 D/BoundBrokerSvc( 4848): onUnbind: Intent { act=com.google.android.gms.safetynet.service.START pkg=com.google.android.gms }
05-12 04:41:35.772 D/WifiStaIfaceHidlImpl( 2878): getCachedScanData is not implemented by HIDL
05-12 04:41:36.621 I/android.hardware.thermal@2.0-service.qti-v2( 3383): Sensor Name:skin1 temp: 33.166. prev severity:0. cur severity:0 New severity:0
05-12 04:41:37.692 I/Ads     (32308): Ad failed to load : 0
05-12 04:41:37.912 W/Ads     (32308): Error while pinging URL: https://csi.gstatic.com/csi?network_coarse=1&seq_num=1&task.signals=s.46&emsg=Unable%20to%20obtain%20a%20JavascriptEngine.&is_lite_sdk=0&action=ftl&api_v=35&label.ttc=f.10415&ftl=0&ed=com.google.android.gms.ads&app=helectronsoft.com.live.wallpaper.pixel4d&is_bstar=0&ad_format=BANNER&os=15&e=318500618%2C318486317%2C318491267%2C95389113%2C318503826%2C318514154%2C318483611%2C318484497%2C318484801%2C318508193&task.request-parcel=s.0&task.webview-cookie=s.5&task.server-transaction=f.10367&s=gmob_sdk&plugin=&scar=false&v=3&sdkVersion=afma-sdk-a-v260480999.252130000.1&network_fine=0&device=motorola%20razr%2040%20ultra&request_id=2054355530. Failed to connect to csi.gstatic.com/0.0.0.0:443
05-12 04:41:38.295 I/AppSearchIcing( 2878): icing-search-engine.cc:2486: Persisting data to disk with mode 3
05-12 04:41:38.308 I/AppSearchIcing( 2878): icing-search-engine.cc:2501: PersistToDisk completed.
05-12 04:41:38.319 W/ocessService0:0(32449): userfaultfd: MOVE ioctl seems unsupported: Connection timed out
05-12 04:41:38.806 D/WifiStaIfaceHidlImpl( 2878): getCachedScanData is not implemented by HIDL
05-12 04:41:41.621 I/android.hardware.thermal@2.0-service.qti-v2( 3383): Sensor Name:skin1 temp: 33.146. prev severity:0. cur severity:0 New severity:0
05-12 04:41:41.805 D/InetDiagMessage( 2878): Destroyed 0 sockets, proto=IPPROTO_TCP, family=AF_INET, states=14
05-12 04:41:41.808 D/InetDiagMessage( 2878): Destroyed 0 sockets, proto=IPPROTO_TCP, family=AF_INET6, states=14
05-12 04:41:41.808 D/InetDiagMessage( 2878): Destroyed live tcp sockets for uids={10464} in 6ms
05-12 04:41:41.811 D/InetDiagMessage( 2878): Destroyed 0 sockets, proto=IPPROTO_TCP, family=AF_INET, states=14
05-12 04:41:41.814 D/InetDiagMessage( 2878): Destroyed 0 sockets, proto=IPPROTO_TCP, family=AF_INET6, states=14
05-12 04:41:41.814 D/InetDiagMessage( 2878): Destroyed live tcp sockets for uids={20464} in 6ms
05-12 04:41:41.833 D/WifiStaIfaceHidlImpl( 2878): getCachedScanData is not implemented by HIDL
05-12 04:41:42.328 D/BoundBrokerSvc( 4848): onUnbind: Intent { act=com.google.android.gms.ads.identifier.service.EVENT_ATTESTATION pkg=com.google.android.gms }
05-12 04:41:42.334 D/BoundBrokerSvc( 4848): onUnbind: Intent { act=com.google.android.gms.ads.identifier.service.EVENT_ATTESTATION dat=chimera-action:/... cmp=com.google.android.gms/.chimera.GmsBoundBrokerService }
05-12 04:41:42.684 D/BoundBrokerSvc( 4848): onUnbind: Intent { act=com.google.android.gms.ads.service.START pkg=com.google.android.gms }
05-12 04:41:44.882 D/WifiStaIfaceHidlImpl( 2878): getCachedScanData is not implemented by HIDL
05-12 04:41:46.621 I/android.hardware.thermal@2.0-service.qti-v2( 3383): Sensor Name:skin1 temp: 33.137. prev severity:0. cur severity:0 New severity:0
05-12 04:41:46.832 I/ActivityManager( 2878): Killing 27716:com.google.android.carrier/u0a187 (adj 999, setSvc -10000): empty #31
05-12 04:41:46.841 D/ActivityManager( 2878): freezing 32308 helectronsoft.com.live.wallpaper.pixel4d, reason = oom_cached
05-12 04:41:46.850 D/InetDiagMessage( 2878): Destroyed 0 sockets, proto=IPPROTO_TCP, family=AF_INET, states=14
05-12 04:41:46.853 D/InetDiagMessage( 2878): Destroyed 0 sockets, proto=IPPROTO_TCP, family=AF_INET6, states=14
05-12 04:41:46.853 D/InetDiagMessage( 2878): Destroyed live tcp sockets for uids={10464} in 4ms
05-12 04:41:46.875 I/ActivityManager( 2878): appDiedLocked: app=ProcessRecord{882bff8 27716:com.google.android.carrier/u0a187} thread=android.os.BinderProxy@1e8cd46 fromBinderDied=true isKilledByAm=true reason=null
05-12 04:41:46.875 I/Zygote  ( 1508): Process 27716 exited due to signal 9 (Killed)
05-12 04:41:46.876 I/libprocessgroup( 2878): Removed cgroup /sys/fs/cgroup/uid_10187/pid_27716
05-12 04:41:46.876 W/libprocessgroup( 2878): RemoveCgroup: /dev/memcg/apps/uid_10187/pid_27716 does not exist.
05-12 04:41:46.878 D/RestartModeController( 2878): markWaitRestartAppIsSuicided null processName=com.google.android.carrier
05-12 04:41:46.879 D/DisplayManagerService( 2878): Drop pending events for gone uid 10187
05-12 04:41:46.880 D/ForegroundUtils( 6501): UID: 10187 deleted.
05-12 04:41:46.881 D/ActivityTaskManager( 2878): handleAppDied: uid=10187,diedCount=1,lastDiedTime=3813775,forceStopUids=false
05-12 04:41:47.824 I/ActivityManager( 2878): Killing 32668:com.google.android.webview:sandboxed_process0:org.chromium.content.app.SandboxedProcessService0:4/u0a217i18 (adj 0, setSvc -10000): isolated not needed
05-12 04:41:47.856 I/ActivityManager( 2878): appDiedLocked: app=ProcessRecord{17a6362 32668:com.google.android.webview:sandboxed_process0:org.chromium.content.app.SandboxedProcessService0:4/u0a217i18} thread=android.os.BinderProxy@a206434 fromBinderDied=true isKilledByAm=true reason=null
05-12 04:41:47.857 I/Zygote  ( 3751): Process 32668 exited cleanly (0)
05-12 04:41:47.857 I/libprocessgroup( 2878): Removed cgroup /sys/fs/cgroup/uid_99018/pid_32668
05-12 04:41:47.857 W/libprocessgroup( 2878): RemoveCgroup: /dev/memcg/apps/uid_99018/pid_32668 does not exist.
05-12 04:41:47.859 D/DisplayManagerService( 2878): Drop pending events for gone uid 99018
05-12 04:41:47.859 D/ForegroundUtils( 6501): UID: 99018 deleted.
05-12 04:41:47.861 D/ActivityTaskManager( 2878): handleAppDied: uid=99018,diedCount=0,lastDiedTime=0,forceStopUids=false
05-12 04:41:47.931 D/WifiStaIfaceHidlImpl( 2878): getCachedScanData is not implemented by HIDL
05-12 04:41:49.921 V/UiModeManager( 2878): updateLocked: null action, mDockState=0, category=null
05-12 04:41:49.922 D/UiModeManager( 2878): updateConfigurationLocked: mDockState=0; mCarMode=false; mNightMode=com.android.server.UiModeManagerService$1@56aa2d4; mNightModeCustomType=-1; uiMode=17
05-12 04:41:49.922 D/PowerUI ( 3765): can't show warning due to - plugged: true status unknown: false
05-12 04:41:50.981 D/WifiStaIfaceHidlImpl( 2878): getCachedScanData is not implemented by HIDL
05-12 04:41:51.583 D/PowerManagerService( 2878): nativeAcquireSuspendBlocker name:PowerManagerService.WakeLocks duration ms: 2
05-12 04:41:51.622 I/android.hardware.thermal@2.0-service.qti-v2( 3383): Sensor Name:skin1 temp: 33.115. prev severity:0. cur severity:0 New severity:0
05-12 04:41:51.641 I/NetworkScheduler.Stats( 4147): (REDACTED) Task %s/%s started execution. cause:%s exec_start_elapsed_seconds: %s
05-12 04:41:51.647 D/PowerManagerService( 2878): nativeReleaseSuspendBlocker name:PowerManagerService.WakeLocks duration ms: 0
05-12 04:41:51.650 D/PowerManagerService( 2878): nativeAcquireSuspendBlocker name:PowerManagerService.WakeLocks duration ms: 2
05-12 04:41:51.653 I/NetworkScheduler.Stats( 4147): (REDACTED) Task %s/%s finished executing. cause:%s result: %s elapsed_millis: %s uptime_millis: %s exec_start_elapsed_seconds: %s
05-12 04:41:51.663 D/PowerManagerService( 2878): nativeReleaseSuspendBlocker name:PowerManagerService.WakeLocks duration ms: 0
05-12 04:41:51.666 D/PowerManagerService( 2878): nativeAcquireSuspendBlocker name:PowerManagerService.WakeLocks duration ms: 2
05-12 04:41:51.672 D/PowerManagerService( 2878): nativeReleaseSuspendBlocker name:PowerManagerService.WakeLocks duration ms: 1
05-12 04:41:52.799 D/BoundBrokerSvc( 4848): onUnbind: Intent { act=com.google.android.gms.safebrowsing.SafeBrowsingService.START dat=chimera-action:/... cmp=com.google.android.gms/.chimera.GmsBoundBrokerService }
05-12 04:41:53.324 I/AiAiStatsd( 6408): No op: the most recent atoms from the date 2026-05-10 have been uploaded.
05-12 04:41:53.763 W/.hyeni.calendar(32294): userfaultfd: MOVE ioctl seems unsupported: Connection timed out
05-12 04:41:53.797 I/.hyeni.calendar(32294): Background concurrent mark compact GC freed 7938KB AllocSpace bytes, 58(2716KB) LOS objects, 81% free, 5461KB/29MB, paused 446us,9.494ms total 318.151ms
05-12 04:41:53.803 W/.hyeni.calendar(32294): ApkAssets: Deleting an ApkAssets object '<empty> and /data/app/~~AgYwycswZduHCKSLalvhkA==/com.google.android.webview-yarYKlzPKoJVS4vuQnwivg==/base.apk' with 2 weak references
05-12 04:41:54.026 D/WifiStaIfaceHidlImpl( 2878): getCachedScanData is not implemented by HIDL
05-12 04:41:55.276 D/BoundBrokerSvc( 4848): onBind: Intent { act=com.google.android.gms.semanticlocationhistory.service.START dat=chimera-action:/... cmp=com.google.android.gms/.chimera.GmsApiService }
05-12 04:41:55.276 D/BoundBrokerSvc( 4848): Loading bound service for intent: Intent { act=com.google.android.gms.semanticlocationhistory.service.START dat=chimera-action:/... cmp=com.google.android.gms/.chimera.GmsApiService }
05-12 04:41:55.299 D/PowerManagerService( 2878): nativeAcquireSuspendBlocker name:PowerManagerService.WakeLocks duration ms: 2
05-12 04:41:55.301 D/PowerManagerService( 2878): nativeReleaseSuspendBlocker name:PowerManagerService.WakeLocks duration ms: 1
05-12 04:41:56.621 I/android.hardware.thermal@2.0-service.qti-v2( 3383): Sensor Name:skin1 temp: 33.085. prev severity:0. cur severity:0 New severity:0
05-12 04:41:57.050 D/WifiStaIfaceHidlImpl( 2878): getCachedScanData is not implemented by HIDL
05-12 04:41:58.020 W/MLogger ( 5026): sourceDir isn't directory!! /data/user/0/com.samsung.accessory/files/scs/
05-12 04:42:00.006 D/PowerManagerService( 2878): nativeAcquireSuspendBlocker name:PowerManagerService.WakeLocks duration ms: 3
05-12 04:42:00.012 D/PowerManagerService( 2878): nativeReleaseSuspendBlocker name:PowerManagerService.WakeLocks duration ms: 1
05-12 04:42:00.013 D/ClockFace( 3765): [41125060] onTimeTickUpdated, timeGap = 1m 0.004s
05-12 04:42:00.015 V/KeyguardStatusViewController( 3765): onTimeChanged
05-12 04:42:00.096 D/WifiStaIfaceHidlImpl( 2878): getCachedScanData is not implemented by HIDL
05-12 04:42:00.111 I/WifiDataStallService( 2878): onCapabilitiesChanged NET_CAPABILITY_VALIDATED=true
05-12 04:42:00.116 D/QCNEJ/NativeHalConnector( 3846): -> SND notifyDefaultNetworkChanged(1)
05-12 04:42:00.117 D/WiFiBlocklistController( 2878): Wifi onCapabilitiesChanged
05-12 04:42:00.117 D/WiFiBlocklistController( 2878): Default net onCapabilitiesChanged
05-12 04:42:00.117 D/WiFiBlocklistController( 2878): updateDefaultNet:103
05-12 04:42:00.117 D/WiFiBlocklistController( 2878): mayUpdateNotification: shouldShow=false,UidsBlocked=false, net info=net:103,ifName=wlan0,securityType=2,isDefault=true,ssid="GGUMDONGSAN5G",notificationId=0
05-12 04:42:00.117 I/WifiDataStallService( 2878): WIFI state:true
05-12 04:42:00.117 I/WifiDataStallService( 2878): WIFI valid state:true
05-12 04:42:00.117 I/WifiDataStallService( 2878): on-off:false,mScreenOn:true
05-12 04:42:00.125 I/ModemStats( 6580): [DataStallDetectService] onCapabilitiesChanged networkCapabilities=[ Transports: WIFI Capabilities: NOT_METERED&INTERNET&NOT_RESTRICTED&TRUSTED&NOT_VPN&VALIDATED&NOT_ROAMING&FOREGROUND&NOT_CONGESTED&NOT_SUSPENDED&NOT_VCN_MANAGED&NOT_BANDWIDTH_CONSTRAINED LinkUpBandwidth>=48080Kbps LinkDnBandwidth>=86199Kbps TransportInfo: <SSID: <unknown ssid>, BSSID: 02:00:00:00:00:00, MAC: 02:00:00:00:00:00, IP: /192.168.0.20, Security type: 2, Supplicant state: COMPLETED, Wi-Fi standard: 11ac, RSSI: -44, Link speed: 780Mbps, Tx Link speed: 780Mbps, Max Supported Tx Link speed: 866Mbps, Rx Link speed: 526Mbps, Max Supported Rx Link speed: 866Mbps, Frequency: 5220MHz, Net ID: -1, Metered hint: false, score: 100, isUsable: true, CarrierMerged: false, SubscriptionId: -1, IsPrimary: -1, Trusted: true, Restricted: false, Ephemeral: false, OEM paid: false, OEM private: false, OSU AP: false, FQDN: <none>, Provider friendly name: <none>, Requesting package name: <none><none>MLO Information: , Is TID-To-Link negotiation supported by the AP: false, AP MLD Address: <none>, AP MLO Link Id: <none>, AP MLO Affiliated links: <none>, Vendor Data: <none>> SignalStrength: -44 UnderlyingNetworks: Null]
05-12 04:42:00.125 I/ModemStats( 6580): [DataStallDetectService] onCapabilitiesChanged NET_CAPABILITY_VALIDATED=true
05-12 04:42:00.125 I/ModemStats( 6580): [DataStallDetectService] onCapabilitiesChanged mDataStallManager.mDataStallInstance=null
05-12 04:42:00.125 I/ModemStats( 6580): [DataStallDetectService] onCapabilitiesChanged mDataStallSmart5gManager.mDataStallInstance=null
05-12 04:42:00.127 I/BugleRcsEngine( 6456): Connected state: [1], networkType: [WIFI] [CONTEXT thread_id=60 ]
05-12 04:42:00.131 I/MagicTether( 4147): (REDACTED) [ActiveNetworkTracker] setActiveNetwork: %s
05-12 04:42:00.131 I/BugleRcsEngine( 6456): handleMessage processing message:[NOTIFY_UPTIME_IGNORE_STATE_CHANGED] with [non-null]:RcsEngineImpl reference [CONTEXT log_prefix="RcsEngineImpl[DUAL_REG]:[28614911-0152]>Handler" thread_id=67 ]
05-12 04:42:00.132 I/BugleRcsEngine( 6456): Cannot use CS.apk as it's battery optimized [CONTEXT thread_id=67 ]
05-12 04:42:00.133 I/MagicTether( 4147): (REDACTED) [TetherService] onActiveNetworkChanged: network=%s isLost=%s
05-12 04:42:00.133 I/MagicTether( 4147): [WifiConnectionHandler] Ignoring getWifiConfigurationByNetworkId when checking connected state [CONTEXT service_id=276 ]
05-12 04:42:00.133 I/MagicTether( 4147): [WifiConnectionHandler] No networkId set, can't be connected. [CONTEXT service_id=276 ]
05-12 04:42:00.134 I/MagicTether( 4147): (REDACTED) [TetherService] TRANSPORT_CELLULAR [%s], TRANSPORT_ETHERNET [%s], TRANSPORT_WIFI [%s]
05-12 04:42:00.134 I/NullBinder( 4147): NullBinder for android.net.action.RECOMMEND_NETWORKS triggering remote TransactionTooLargeException due to Service without Chimera impl, calling uid: 1000, calling pid: 0
05-12 04:42:00.134 W/Binder  ( 4147): reply too large data on java level: InterfaceDescriptor = null, code = 1
05-12 04:42:00.134 I/MagicTether( 4147): (REDACTED) [TetherService] setRoles hasActiveNetworkConnection=%s canActiveNetworkBeTethered=%s isConnectedToInstantTether=%s isWifiEnabled=%s isHosting=%s
05-12 04:42:00.135 W/.gms.persistent( 4147): Large reply transaction of 1056768 bytes, interface descriptor , code 1
05-12 04:42:00.135 D/ActivityManager( 2878): unfreezing ProcessRecord{8429fb8 7290:com.google.android.apps.messaging/u0a220}, reason = oom_uncached, adj = 200, adjType = provider, adjSource = ProcessRecord{aceaa5a 6456:com.google.android.apps.messaging:rcs/u0a220}
05-12 04:42:00.135 D/ActivityManager( 2878): sync unfroze 7290 com.google.android.apps.messaging for 7
05-12 04:42:00.145 I/MagicTether( 4147): (REDACTED) [LaunchUtils] Instant Wifi for status account: name: %s | type: %s | isLaunched: %s
05-12 04:42:00.145 I/MagicTether( 4147): (REDACTED) [TidepoolFeatureStatusManager] isInstantHotspotEnabled=%s
05-12 04:42:00.145 I/MagicTether( 4147): (REDACTED) [TidepoolFeatureStatusManager] isInstantWifiEnabled=%s
05-12 04:42:00.145 I/MagicTether( 4147): (REDACTED) [TetherService] startNearbyClientRole: start: %s isInstantHotspotEnabled: %s isInstantWifiEnabled: %s
05-12 04:42:00.145 I/MagicTether( 4147): [TetherService] Stopping Nearby client role [CONTEXT service_id=276 ]
05-12 04:42:00.145 I/MagicTether( 4147): [ClientTetherRole] Client role already stopped [CONTEXT service_id=276 ]
05-12 04:42:00.146 I/MagicTether( 4147): (REDACTED) [LaunchUtils] Instant Wifi for status account: name: %s | type: %s | isLaunched: %s
05-12 04:42:00.146 I/MagicTether( 4147): (REDACTED) [TidepoolFeatureStatusManager] isInstantHotspotEnabled=%s
05-12 04:42:00.146 I/MagicTether( 4147): (REDACTED) [TidepoolFeatureStatusManager] isInstantWifiEnabled=%s
05-12 04:42:00.146 I/MagicTether( 4147): (REDACTED) [TetherService] startNearbyHostRole: start: %s isInstantHotspotEnabled: %s isInstantWifiEnabled: %s
05-12 04:42:00.146 I/MagicTether( 4147): (REDACTED) [TidepoolFeatureStatusManager] isInstantHotspotEnabled=%s
05-12 04:42:00.146 I/MagicTether( 4147): [HostTetherRole] Nearby host role already started [CONTEXT service_id=276 ]
05-12 04:42:00.153 I/Bugle   ( 7290): BroadcastReceiverAsyncWorkTracker: Acknowledging broadcast of diiq@95dfe8f
05-12 04:42:00.299 D/BoundBrokerSvc( 4848): onUnbind: Intent { act=com.google.android.gms.semanticlocationhistory.service.START dat=chimera-action:/... cmp=com.google.android.gms/.chimera.GmsApiService }
05-12 04:42:00.636 I/NearbySharing( 4147): Network state changed: NetworkState(isRestricted=false, isOnline=true, isCongested=false, isMetered=false, isWifiConnected=true)
05-12 04:42:01.621 I/android.hardware.thermal@2.0-service.qti-v2( 3383): Sensor Name:skin1 temp: 33.036. prev severity:0. cur severity:0 New severity:0
05-12 04:42:01.630 I/GmscoreIpa( 4848): Starting mediastore instant index [CONTEXT service_id=255 ]
