05-12 04:41:17.020 I/AdrenoVK-0(32294): ===== END DUMP OF OVERRIDDEN SETTINGS =====
05-12 04:41:17.021 I/AdrenoVK-0(32294): QUALCOMM build          : 0c393b63cf, I94e2bd5684
05-12 04:41:17.021 I/AdrenoVK-0(32294): Build Date              : 05/02/25
05-12 04:41:17.021 I/AdrenoVK-0(32294): Shader Compiler Version : EV031.36.08.33
05-12 04:41:17.021 I/AdrenoVK-0(32294): Local Branch            : 
05-12 04:41:17.021 I/AdrenoVK-0(32294): Remote Branch           : refs/tags/AU_LINUX_ANDROID_LA.VENDOR.1.0.R1.11.00.00.816.269
05-12 04:41:17.021 I/AdrenoVK-0(32294): Remote Branch           : NONE
05-12 04:41:17.021 I/AdrenoVK-0(32294): Reconstruct Branch      : NOTHING
05-12 04:41:17.021 I/AdrenoVK-0(32294): Build Config            : S P 12.1.1 AArch64
05-12 04:41:17.021 I/AdrenoVK-0(32294): Driver Path             : /vendor/lib64/hw/vulkan.adreno.so
05-12 04:41:17.021 I/AdrenoVK-0(32294): Driver Version          : 0615.98
05-12 04:41:17.021 I/AdrenoVK-0(32294): PFP                     : 0x01730181
05-12 04:41:17.021 I/AdrenoVK-0(32294): ME                      : 0x00000000
05-12 04:41:17.021 I/AdrenoVK-0(32294): Application Name    : 
05-12 04:41:17.021 I/AdrenoVK-0(32294): Application Version : 0x00000001
05-12 04:41:17.021 I/AdrenoVK-0(32294): Engine Name         : 
05-12 04:41:17.021 I/AdrenoVK-0(32294): Engine Version      : 0x00000001
05-12 04:41:17.021 I/AdrenoVK-0(32294): Api Version         : 0x00403000
05-12 04:41:17.021 I/FontLog ( 4147): (REDACTED) Received query %s, URI %s
05-12 04:41:17.021 I/FontLog ( 4147): (REDACTED) Query [%s] resolved to %s
05-12 04:41:17.021 I/AdrenoGLES-0(32294): QUALCOMM build                   : 0c393b63cf, I94e2bd5684
05-12 04:41:17.021 I/AdrenoGLES-0(32294): Build Date                       : 05/02/25
05-12 04:41:17.021 I/AdrenoGLES-0(32294): OpenGL ES Shader Compiler Version: EV031.36.08.33
05-12 04:41:17.021 I/AdrenoGLES-0(32294): Local Branch                     : 
05-12 04:41:17.021 I/AdrenoGLES-0(32294): Remote Branch                    : refs/tags/AU_LINUX_ANDROID_LA.VENDOR.1.0.R1.11.00.00.816.269
05-12 04:41:17.021 I/AdrenoGLES-0(32294): Remote Branch                    : NONE
05-12 04:41:17.021 I/AdrenoGLES-0(32294): Reconstruct Branch               : NOTHING
05-12 04:41:17.021 I/AdrenoGLES-0(32294): Build Config                     : S P 12.1.1 AArch64
05-12 04:41:17.021 I/AdrenoGLES-0(32294): Driver Path                      : /vendor/lib64/egl/libGLESv2_adreno.so
05-12 04:41:17.021 I/AdrenoGLES-0(32294): Driver Version                   : 0615.98
05-12 04:41:17.022 I/FontLog ( 4147): (REDACTED) Fetch %s end status %s
05-12 04:41:17.023 I/AdrenoGLES-0(32294): PFP: 0x01730181, ME: 0x00000000
05-12 04:41:17.023 I/FontLog ( 4147): (REDACTED) Pulling font file for id = %d, cache size = %d
05-12 04:41:17.025 I/FontLog ( 4147): (REDACTED) Received query %s, URI %s
05-12 04:41:17.025 I/FontLog ( 4147): (REDACTED) Query [%s] resolved to %s
05-12 04:41:17.026 I/FontLog ( 4147): (REDACTED) Font PFD returned from cache for %s
05-12 04:41:17.026 I/FontLog ( 4147): (REDACTED) Fetch %s end status %s
05-12 04:41:17.028 I/FontLog ( 4147): (REDACTED) Pulling font file for id = %d, cache size = %d
05-12 04:41:17.032 I/FontLog ( 4147): (REDACTED) Received query %s, URI %s
05-12 04:41:17.032 I/FontLog ( 4147): (REDACTED) Query [%s] resolved to %s
05-12 04:41:17.032 W/ActivityTaskManager( 2878): Activity top resumed state loss timeout for ActivityRecord{10b0733 u0 com.hyeni.calendar/.MainActivity t536}
05-12 04:41:17.032 W/ActivityTaskManager( 2878): Activity pause timeout for ActivityRecord{10b0733 u0 com.hyeni.calendar/.MainActivity t536}
05-12 04:41:17.035 I/FontLog ( 4147): (REDACTED) Font PFD returned from cache for %s
05-12 04:41:17.035 I/FontLog ( 4147): (REDACTED) Fetch %s end status %s
05-12 04:41:17.037 I/FontLog ( 4147): (REDACTED) Pulling font file for id = %d, cache size = %d
05-12 04:41:17.041 I/FontLog ( 4147): (REDACTED) Received query %s, URI %s
05-12 04:41:17.041 I/FontLog ( 4147): (REDACTED) Query [%s] resolved to %s
05-12 04:41:17.042 I/FontLog ( 4147): (REDACTED) Font PFD returned from cache for %s
05-12 04:41:17.042 I/FontLog ( 4147): (REDACTED) Fetch %s end status %s
05-12 04:41:17.049 V/Capacitor/AppPlugin(32294): Notifying listeners for event pause
05-12 04:41:17.049 D/Capacitor/AppPlugin(32294): No listeners found for event pause
05-12 04:41:17.049 W/ActivityManager( 2878): Unbind failed: could not find connection for android.os.BinderProxy@cedfea
05-12 04:41:17.049 D/Capacitor(32294): App paused
05-12 04:41:17.049 I/CameraManagerGlobal(32294): Connecting to camera service
05-12 04:41:17.050 I/FontLog ( 4147): (REDACTED) Pulling font file for id = %d, cache size = %d
05-12 04:41:17.055 I/Choreographer(32294): Skipped 30 frames!  The application may be doing too much work on its main thread.
05-12 04:41:17.063 D/CoreBackPreview( 2878): Window{dca7a63 u0 com.hyeni.calendar/com.hyeni.calendar.MainActivity}: Setting back callback OnBackInvokedCallbackInfo{mCallback=android.window.IOnBackInvokedCallback$Stub$Proxy@17cb178, mPriority=0, mIsAnimationCallback=false}
05-12 04:41:17.064 D/Capacitor(32294): Handling local request: https://localhost/assets/index--250WO3Y.js
05-12 04:41:17.067 D/Capacitor(32294): Handling local request: https://localhost/assets/index-DKLOwjS5.css
05-12 04:41:17.079 W/libc    (32294): Access denied finding property "vendor.display.enable_optimal_refresh_rate"
05-12 04:41:17.079 W/libc    (32294): Access denied finding property "vendor.gpp.create_frc_extension"
05-12 04:41:17.074 W/.hyeni.calendar(32294): type=1400 audit(0.0:8148): avc:  denied  { read } for  name="u:object_r:vendor_display_prop:s0" dev="tmpfs" ino=455 scontext=u:r:untrusted_app:s0:c11,c258,c512,c768 tcontext=u:object_r:vendor_display_prop:s0 tclass=file permissive=0 app=com.hyeni.calendar
05-12 04:41:17.083 I/HWUI    (32294): setGrContext nullptr-->validptr
05-12 04:41:17.093 W/VideoCapabilities(32294): Unsupported mime image/vnd.android.heic
05-12 04:41:17.093 W/VideoCapabilities(32294): Unsupported mime image/vnd.android.heic
05-12 04:41:17.176 I/.hyeni.calendar(32294): Compiler allocated 5189KB to compile void android.view.ViewRootImpl.performTraversals()
05-12 04:41:17.191 W/ActivityTaskManager( 2878): activity boost didn't release as expected
05-12 04:41:17.191 D/PerfTracer( 2878): Delay com.hyeni.calendar/.MainActivity, this launch cost: 725, is bigger than min[209], avg[467], max[725], true, true
05-12 04:41:17.194 I/ActivityTaskManager( 2878): Displayed com.hyeni.calendar/.MainActivity for user 0: +741ms
05-12 04:41:17.199 D/Capacitor(32294): Handling local request: https://localhost/assets/wink-star-Cz6eFUfX.webp
05-12 04:41:17.199 D/Capacitor(32294): Handling local request: https://localhost/assets/calendar-check-5zZ0XQQv.webp
05-12 04:41:17.200 D/Capacitor(32294): Handling local request: https://localhost/assets/heart-D_rW6xiR.webp
05-12 04:41:17.200 D/Capacitor(32294): Handling local request: https://localhost/assets/pin-DKPNiecP.webp
05-12 04:41:17.200 D/Capacitor(32294): Handling local request: https://localhost/assets/wave-Blu8zcB0.webp
05-12 04:41:17.201 D/Capacitor(32294): Handling local request: https://localhost/assets/shield-BiPIS7w6.webp
05-12 04:41:17.202 D/Capacitor(32294): Handling local request: https://localhost/assets/bell-DQy5TvPD.webp
05-12 04:41:17.206 D/Capacitor(32294): Handling local request: https://localhost/fonts/PretendardVariable.woff2
05-12 04:41:17.210 D/Capacitor/AppPlugin(32294): Firing change: false
05-12 04:41:17.210 V/Capacitor/AppPlugin(32294): Notifying listeners for event appStateChange
05-12 04:41:17.210 D/Capacitor/AppPlugin(32294): No listeners found for event appStateChange
05-12 04:41:17.210 D/Capacitor(32294): App stopped
05-12 04:41:17.210 D/Capacitor(32294): Saving instance state!
05-12 04:41:17.214 D/Surface (32294): Surface::disconnect
05-12 04:41:17.214 D/BufferQueueProducer(32294): [com.hyeni.calendar/com.hyeni.calendar.MainActivity#360(BLAST Consumer)pid:32294](id:7e2600000000,api:1,p:32294,c:32294) disconnect: api 1
05-12 04:41:17.232 W/MotoBatteryCareService( 2878): uid: 10523 pkgName:com.hyeni.calendar come to foreground
05-12 04:41:17.233 I/Capacitor/Console(32294): File:  - Line 349 - Msg: [object Object]
05-12 04:41:17.234 D/Capacitor(32294): Handling local request: https://localhost/assets/index-CnAlwrxb.js
05-12 04:41:17.236 D/Capacitor(32294): Handling local request: https://localhost/assets/index-cOrUD8mT.js
05-12 04:41:17.239 V/Capacitor/Plugin(32294): To native (Capacitor plugin): callbackId: 106430317, pluginId: NativeNotification, methodName: getDeliveryHealth
05-12 04:41:17.239 V/Capacitor(32294): callback: 106430317, pluginId: NativeNotification, methodName: getDeliveryHealth, methodData: {}
05-12 04:41:17.240 D/Capacitor(32294): Handling local request: https://localhost/icon-192.png
05-12 04:41:17.242 I/Capacitor/Console(32294): File:  - Line 349 - Msg: [object Object]
05-12 04:41:17.243 I/Capacitor/Console(32294): File:  - Line 349 - Msg: [object Object]
05-12 04:41:17.248 D/Capacitor(32294): Handling local request: https://localhost/assets/phone-B2tmM6ZO.webp
05-12 04:41:17.255 V/Capacitor/Plugin(32294): To native (Capacitor plugin): callbackId: 106430318, pluginId: App, methodName: getLaunchUrl
05-12 04:41:17.255 V/Capacitor(32294): callback: 106430318, pluginId: App, methodName: getLaunchUrl, methodData: {}
05-12 04:41:17.255 V/Capacitor/Plugin(32294): To native (Capacitor plugin): callbackId: 106430319, pluginId: App, methodName: addListener
05-12 04:41:17.255 V/Capacitor(32294): callback: 106430319, pluginId: App, methodName: addListener, methodData: {"eventName":"backButton"}
05-12 04:41:17.255 I/Capacitor/Console(32294): File:  - Line 333 - Msg: {"notificationsEnabled":false,"postPermissionGranted":false,"batteryOptimizationsIgnored":true,"powerSaveMode":false,"backgroundRestricted":false,"fullScreenIntentAllowed":true,"exactAlarmAllowed":true,"channelsEnabled":true,"recordAudioGranted":false,"remoteListenChannelEnabled":true,"remoteListenChannelImportance":3,"remoteListenChannelBlocked":false,"ringerMode":"silent","dndMode":"priority","dndAccess":false,"networkConnected":true,"networkValidated":true,"screenInteractive":true,"keyguardLocked":true,"screenWidthDp":411,"screenHeightDp":1006,"smallestScreenWidthDp":411,"foldState":"not_foldable_or_unknown","locationServiceRunning":false,"sdkInt":35,"manufacturer":"motorola","model":"motorola razr 40 ultra","ready":false}
05-12 04:41:17.261 I/Capacitor/Console(32294): File:  - Line 333 - Msg: undefined
05-12 04:41:17.261 I/Capacitor/Console(32294): File:  - Line 349 - Msg: [object Object]
05-12 04:41:17.261 E/Capacitor/Console(32294): File: https://localhost/assets/index--250WO3Y.js - Line 65 - Msg: Uncaught (in promise) Error: "BackgroundLocation.then()" is not implemented on android
05-12 04:41:17.261 I/Capacitor/Console(32294): File:  - Line 349 - Msg: [object Object]
05-12 04:41:17.263 D/Surface ( 3765): Surface::disconnect
05-12 04:41:17.263 D/BufferQueueProducer( 3765): [Splash Screen com.hyeni.calendar#358(BLAST Consumer)pid:3765](id:eb500000025,api:1,p:3765,c:3765) disconnect: api 1
05-12 04:41:17.264 V/Capacitor/Plugin(32294): To native (Capacitor plugin): callbackId: 106430320, pluginId: App, methodName: addListener
05-12 04:41:17.264 V/Capacitor(32294): callback: 106430320, pluginId: App, methodName: addListener, methodData: {"eventName":"appUrlOpen"}
05-12 04:41:17.264 V/Capacitor/Plugin(32294): To native (Capacitor plugin): callbackId: 106430321, pluginId: NativeNotification, methodName: cancelScheduledNotifications
05-12 04:41:17.264 V/Capacitor(32294): callback: 106430321, pluginId: NativeNotification, methodName: cancelScheduledNotifications, methodData: {}
05-12 04:41:17.265 W/WindowOnBackDispatcher( 3765): sendCancelIfRunning: isInProgress=false callback=android.view.ViewRootImpl$$ExternalSyntheticLambda11@dd19d35
05-12 04:41:17.266 D/CoreBackPreview( 2878): Window{5c90ffa u0 Splash Screen com.hyeni.calendar}: Setting back callback null
05-12 04:41:17.266 W/InputManager-JNI( 2878): Input channel object '5c90ffa Splash Screen com.hyeni.calendar (client)' was disposed without first being removed with the input manager!
05-12 04:41:17.267 I/Capacitor/Console(32294): File:  - Line 333 - Msg: {"success":true}
05-12 04:41:17.315 W/FrameTracker( 3765): Missing HWUI jank callback for vsyncId: 1992357, CUJ=J<SPLASHSCREEN_EXIT_ANIM>
05-12 04:41:17.315 W/FrameTracker( 3765): Missing SF jank callback for vsyncId: 1992379, CUJ=J<SPLASHSCREEN_EXIT_ANIM>
05-12 04:41:17.468 W/ProcessStats( 2878): Tracking association SourceState{6ffd8b5 com.hyeni.calendar/10523 Top #20670} whose proc state 1 is better than process ProcessState{48683d8 com.google.android.gms/10217 pkg=com.google.android.gms} proc state 6 (33 skipped)
05-12 04:41:17.470 I/ejla    (28894): (REDACTED) HDM. appOpsListener %s %s
05-12 04:41:17.470 I/ejla    (28894): (REDACTED) HDM. Ignoring irrelevant audio permission changes for package %s
05-12 04:41:17.470 I/ejla    (28894): (REDACTED) HDM. appOpsListener %s %s
05-12 04:41:17.470 I/ejla    (28894): (REDACTED) HDM. Ignoring irrelevant audio permission changes for package %s
05-12 04:41:17.472 D/ForegroundUtils( 6501): Foreground UID status: 10199, false; 10348, false; 10380, true; 10390, true; 10399, false; 10523, false; 99016, true; 
05-12 04:41:17.474 W/JobScheduler.JobStatus( 2878): Exempted app com.dti.motorola considered buggy
05-12 04:41:17.474 W/JobScheduler.JobStatus( 2878): Exempted app com.dti.motorola considered buggy
05-12 04:41:17.479 E/ANDR-PERF-LM( 1836): VmRssMeter:: start() 358: Could not find pid, can not collect vmrss data
05-12 04:41:17.481 E/ANDR-PERF-LM( 1836): VmRssMeter:: start() 358: Could not find pid, can not collect vmrss data
05-12 04:41:17.481 E/ANDR-PERF-LM( 1836): AdaptiveLaunch: writeToDataBase() 64: Meter aborted or could not get meter data for this run
05-12 04:41:17.527 I/FontLog ( 4147): (REDACTED) Received query %s, URI %s
05-12 04:41:17.527 I/FontLog ( 4147): (REDACTED) Query [%s] resolved to %s
05-12 04:41:17.528 I/FontLog ( 4147): (REDACTED) Fetch %s end status %s
05-12 04:41:17.531 I/FontLog ( 4147): (REDACTED) Pulling font file for id = %d, cache size = %d
05-12 04:41:17.537 I/FontLog ( 4147): (REDACTED) Pulling font file for id = %d, cache size = %d
05-12 04:41:17.544 D/WifiStaIfaceHidlImpl( 2878): getCachedScanData is not implemented by HIDL
05-12 04:41:17.563 I/AppMetrica(32308): AppMetrica [92-IAA-CDE-1] Activate reporter with APIKey 478cb909-xxxx-xxxx-xxxx-xxxxxxxx9f93
05-12 04:41:17.656 I/Capacitor/Console(32294): File: https://localhost/assets/index--250WO3Y.js - Line 65 - Msg: [KakaoMap] SDK ready
05-12 04:41:17.678 D/ActivityManager( 2878): freezing 30724 com.android.keychain, reason = oom_cached
05-12 04:41:17.680 D/ActivityManager( 2878): freezing 20982 com.android.settings, reason = oom_cached
05-12 04:41:17.848 D/ActivityManager( 2878): freezing 30890 android.process.acore, reason = oom_cached
05-12 04:41:17.850 D/ActivityManager( 2878): freezing 27578 com.google.android.apps.wellbeing, reason = oom_cached
05-12 04:41:17.854 D/InetDiagMessage( 2878): Destroyed 0 sockets, proto=IPPROTO_TCP, family=AF_INET, states=14
05-12 04:41:17.855 D/InetDiagMessage( 2878): Destroyed 0 sockets, proto=IPPROTO_TCP, family=AF_INET6, states=14
05-12 04:41:17.855 D/InetDiagMessage( 2878): Destroyed live tcp sockets for uids={10131} in 4ms
05-12 04:41:17.857 D/InetDiagMessage( 2878): Destroyed 0 sockets, proto=IPPROTO_TCP, family=AF_INET, states=14
05-12 04:41:17.858 D/InetDiagMessage( 2878): Destroyed 0 sockets, proto=IPPROTO_TCP, family=AF_INET6, states=14
05-12 04:41:17.859 D/InetDiagMessage( 2878): Destroyed live tcp sockets for uids={10280} in 3ms
05-12 04:41:17.868 I/AppsFilter( 2878): interaction: PackageSetting{8e57afe com.hyeni.calendar/10523} -> PackageSetting{d6e4bd8 helectronsoft.com.live.wallpaper.pixel4d/10464} BLOCKED
05-12 04:41:17.869 I/AppsFilter( 2878): interaction: PackageSetting{3534f2d com.oem.euiccpartnerapp/10289} -> PackageSetting{d6e4bd8 helectronsoft.com.live.wallpaper.pixel4d/10464} BLOCKED
05-12 04:41:17.873 D/CompatChangeReporter( 2878): Compat change id reported: 262645982; UID 10464; state: ENABLED
05-12 04:41:17.873 W/PackageManager( 2878): Missing required system package: com.themekit.lite.widgets.themes, but found with extended search.
05-12 04:41:17.874 D/ShortcutService( 2878): received package broadcast intent: Intent { act=android.intent.action.PACKAGE_CHANGED dat=package: flg=0x45000010 (has extras) }
05-12 04:41:17.874 D/ShortcutService( 2878): changing package: helectronsoft.com.live.wallpaper.pixel4d userId0
05-12 04:41:17.874 D/ShortcutService( 2878): handlePackageChanged: helectronsoft.com.live.wallpaper.pixel4d user=0
05-12 04:41:17.874 D/ShortcutService( 2878): rescanPackageIfNeeded 0@helectronsoft.com.live.wallpaper.pixel4d, forceRescan=true , isNewApp=true
05-12 04:41:17.874 W/PackageManager( 2878): Missing required system package: helectronsoft.com.live.wallpaper.pixel4d, but found with extended search.
05-12 04:41:17.874 D/ShortcutService( 2878): Package helectronsoft.com.live.wallpaper.pixel4d has 0 manifest shortcut(s), and 0 share target(s)
05-12 04:41:17.877 D/CarrierSvcBindHelper( 3966): onPackageModified: helectronsoft.com.live.wallpaper.pixel4d
05-12 04:41:17.877 W/JobScheduler.JobStatus( 2878): Exempted app com.dti.motorola considered buggy
05-12 04:41:17.878 I/TrafficStatsCollector( 2878): Receive intent: android.intent.action.PACKAGE_CHANGED
05-12 04:41:17.878 I/TrafficStatsCollector( 2878): Not com.tmobile.echolocate.system, pkgName=helectronsoft.com.live.wallpaper.pixel4d
05-12 04:41:17.878 D/CarrierSvcBindHelper( 3966): No carrier app for: 0
05-12 04:41:17.880 I/PermissionControllerServiceImpl( 4181): Updating user sensitive for uid 10464
05-12 04:41:17.885 I/RegisteredComponentCache( 6501): New Components => 
05-12 04:41:17.885 I/RegisteredComponentCache( 6501): ComponentInfo: ResolveInfo{40af378 com.google.android.tag/com.android.apps.tag.TagViewer m=0x108000 userHandle=UserHandle{0}}, techs: android.nfc.tech.Ndef, 
05-12 04:41:17.885 I/RegisteredComponentCache( 6501): Removed Components => 
05-12 04:41:17.885 I/RegisteredComponentCache( 6501): ComponentInfo: ResolveInfo{fb14463 com.google.android.tag/com.android.apps.tag.TagViewer m=0x108000 userHandle=UserHandle{0}}, techs: android.nfc.tech.Ndef, 
05-12 04:41:17.885 W/PackageManager( 2878): Missing required system package: helectronsoft.com.live.wallpaper.pixel4d, but found with extended search.
05-12 04:41:17.886 W/PackageManager( 2878): Missing required system package: helectronsoft.com.live.wallpaper.pixel4d, but found with extended search.
05-12 04:41:17.890 E/SmsApplication( 3966): isSystemPackage NameNotFoundException:com.motorola.cn.devicemigration
05-12 04:41:17.890 W/AppOpService( 2878): Ignored setUidMode call for runtime permission app op: uid = 1001, code = READ_SMS, mode = allow, callingUid = 1001, oldMode = allow
05-12 04:41:17.890 W/AppOpService( 2878): Ignored setUidMode call for runtime permission app op: uid = 1001, code = RECEIVE_SMS, mode = allow, callingUid = 1001, oldMode = allow
05-12 04:41:17.890 W/AppOpService( 2878): Ignored setUidMode call for runtime permission app op: uid = 1001, code = RECEIVE_WAP_PUSH, mode = allow, callingUid = 1001, oldMode = allow
05-12 04:41:17.890 W/AppOpService( 2878): Ignored setUidMode call for runtime permission app op: uid = 1001, code = SEND_SMS, mode = allow, callingUid = 1001, oldMode = allow
05-12 04:41:17.891 W/AppOpService( 2878): Ignored setUidMode call for runtime permission app op: uid = 1001, code = READ_CELL_BROADCASTS, mode = allow, callingUid = 1001, oldMode = allow
05-12 04:41:17.890 D/Tile.ScreenshotTile( 3765): update state
05-12 04:41:17.892 D/ImsResolver( 3966): maybeAddedImsService, packageName: helectronsoft.com.live.wallpaper.pixel4d
05-12 04:41:17.902 W/MagnificationConnectionManager( 2878): requestConnection duplicated request: connect=false, mConnectionState=DISCONNECTED
05-12 04:41:17.903 W/PackageManager( 2878): Missing required system package: com.kakao.talk, but found with extended search.
05-12 04:41:17.903 W/PackageManager( 2878): Missing required system package: com.duolingo, but found with extended search.
05-12 04:41:17.903 W/PackageManager( 2878): Missing required system package: com.commsource.beautyplus, but found with extended search.
05-12 04:41:17.906 W/PackageManager( 2878): Unable to load service info ResolveInfo{8dba20a com.commsource.beautyplus/com.meitu.library.account.sso.AuthenticatorService m=0x108000 userHandle=null}
05-12 04:41:17.915 I/SQLiteCacheHelper( 6593): SqliteCacheHelper---->delete whereClause = componentName LIKE ? AND profileId = ?, whereArgs = helectronsoft.com.live.wallpaper.pixel4d/%;0;
05-12 04:41:17.916 I/PackageUpdatedTask(12748): Packages updated: [helectronsoft.com.live.wallpaper.pixel4d], mOp: 2, mUser: UserHandle{0}
05-12 04:41:17.916 D/PackageUpdatedTask(12748): Package updated: mOp=UPDATE packages=[helectronsoft.com.live.wallpaper.pixel4d]
05-12 04:41:17.916 I/SQLiteCacheHelper(12748): SqliteCacheHelper---->delete whereClause = componentName LIKE ? AND profileId = ?, whereArgs = helectronsoft.com.live.wallpaper.pixel4d/%;0;
05-12 04:41:17.921 W/PackageManager( 2878): Missing required system package: helectronsoft.com.live.wallpaper.pixel4d, but found with extended search.
05-12 04:41:17.921 W/PackageManager( 2878): Missing required system package: helectronsoft.com.live.wallpaper.pixel4d, but found with extended search.
05-12 04:41:17.923 E/PersistenceController( 2878): SettingNotFoundException: sv_custom_ai_icon_enabled
05-12 04:41:17.923 E/PersistenceController( 2878): SettingNotFoundException: sv_custom_ai_icon_enabled
05-12 04:41:17.942 W/PackageManager( 2878): Missing required system package: helectronsoft.com.live.wallpaper.pixel4d, but found with extended search.
05-12 04:41:17.942 D/AllWidgetModel( 6593): updatePackage:pkg:helectronsoft.com.live.wallpaper.pixel4d user:UserHandle{0}
05-12 04:41:17.943 D/AllWidgetModel( 6593): updatePackage: no exist info for pkg:helectronsoft.com.live.wallpaper.pixel4d user:UserHandle{0}
05-12 04:41:17.943 D/AllWidgetModel( 6593): updatePackage:finish, current app size = 6
05-12 04:41:17.946 D/BoundBrokerSvc( 4147): onRebind: Intent { act=com.google.android.gms.libs.gmscorelogger.service.START dat=chimera-action:/... cmp=com.google.android.gms/.chimera.PersistentDirectBootAwareApiService }
05-12 04:41:17.949 W/PackageManager( 2878): Missing required system package: helectronsoft.com.live.wallpaper.pixel4d, but found with extended search.
05-12 04:41:17.951 E/PersistenceController( 2878): SettingNotFoundException: sv_custom_ai_icon_enabled
05-12 04:41:17.972 W/PackageManager( 2878): Missing required system package: helectronsoft.com.live.wallpaper.pixel4d, but found with extended search.
05-12 04:41:17.972 E/SafeInvoker( 2878): Service invocation returned exception
05-12 04:41:17.972 E/SafeInvoker( 2878): android.content.pm.PackageManager$NameNotFoundException: com.motorola.securevault
05-12 04:41:17.972 E/SafeInvoker( 2878): 	at android.app.ApplicationPackageManager.getApplicationInfoAsUser(ApplicationPackageManager.java:528)
05-12 04:41:17.972 E/SafeInvoker( 2878): 	at android.app.ApplicationPackageManager.getApplicationInfo(ApplicationPackageManager.java:511)
05-12 04:41:17.972 E/SafeInvoker( 2878): 	at android.app.ApplicationPackageManager.getApplicationInfo(ApplicationPackageManager.java:505)
05-12 04:41:17.972 E/SafeInvoker( 2878): 	at android.app.ApplicationPackageManager.getResourcesForApplication(ApplicationPackageManager.java:2134)
05-12 04:41:17.972 E/SafeInvoker( 2878): 	at com.motorola.server.security.securevault.utils.Utils.getApplicationResourceIdentifier(Utils.java:82)
05-12 04:41:17.972 E/SafeInvoker( 2878): 	at com.motorola.server.security.securevault.utils.Utils.getVaultProfileFilterList(Utils.java:132)
05-12 04:41:17.972 E/SafeInvoker( 2878): 	at com.motorola.server.security.securevault.UserFilteringPolicy.lambda$shouldExcludeVaultProfile$0(UserFilteringPolicy.java:22)
05-12 04:41:17.972 E/SafeInvoker( 2878): 	at com.motorola.server.security.securevault.UserFilteringPolicy.$r8$lambda$jR7E2mX-Lw2CinGTcPdwj0zFoNY(UserFilteringPolicy.java:0)
05-12 04:41:17.972 E/SafeInvoker( 2878): 	at com.motorola.server.security.securevault.UserFilteringPolicy$$ExternalSyntheticLambda0.call(R8$$SyntheticClass:0)
05-12 04:41:17.972 E/SafeInvoker( 2878): 	at com.motorola.server.security.securevault.invoker.SafeInvoker.invokeWithClearCallingReturnable(SafeInvoker.java:65)
05-12 04:41:17.972 E/SafeInvoker( 2878): 	at com.motorola.server.security.securevault.invoker.SafeInvoker.invokeWithClearCallingWithBooleanReturn(SafeInvoker.java:99)
05-12 04:41:17.972 E/SafeInvoker( 2878): 	at com.motorola.server.security.securevault.UserFilteringPolicy.shouldExcludeVaultProfile(UserFilteringPolicy.java:19)
05-12 04:41:17.972 E/SafeInvoker( 2878): 	at com.motorola.server.security.securevault.SecureVault.shouldExcludeVaultProfile(SecureVault.java:378)
05-12 04:41:17.972 E/SafeInvoker( 2878): 	at com.motorola.server.security.MotoSecurityManagerService$1.shouldExcludeVaultProfile(MotoSecurityManagerService.java:449)
05-12 04:41:17.972 E/SafeInvoker( 2878): 	at com.motorola.internal.security.MotoSecurityManager.shouldExcludeVaultProfile(MotoSecurityManager.java:735)
05-12 04:41:17.972 E/SafeInvoker( 2878): 	at com.motorola.internal.security.MotoSecurityUtils.shouldExcludeVaultProfile(MotoSecurityUtils.java:240)
05-12 04:41:17.972 E/SafeInvoker( 2878): 	at com.android.server.pm.UserManagerService.getProfileIds(UserManagerService.java:1534)
05-12 04:41:17.972 E/SafeInvoker( 2878): 	at com.android.server.pm.UserManagerService.getProfileIds(UserManagerService.java:1517)
05-12 04:41:17.972 E/SafeInvoker( 2878): 	at android.os.IUserManager$Stub.onTransact(IUserManager.java:1151)
05-12 04:41:17.972 E/SafeInvoker( 2878): 	at android.os.Binder.execTransactInternal(Binder.java:1515)
05-12 04:41:17.972 E/SafeInvoker( 2878): 	at android.os.Binder.execTransact(Binder.java:1453)
05-12 04:41:17.973 D/StatsLog(12748): LAUNCHER_ALLAPPS_COUNT
05-12 04:41:18.168 D/ApplicationLoaders(32308): Returning zygote-cached class loader: /system/framework/org.apache.http.legacy.jar
05-12 04:41:18.171 D/nativeloader(32308): Configuring clns-9 for other apk /system/framework/com.android.location.provider.jar. target_sdk_version=37, uses_libraries=ALL, library_path=/data/app/~~gwOe2i16dXusvLeTmxkadA==/com.google.android.gms-lxT52zEWP6nBuqbDcou80Q==/lib/arm64:/data/app/~~gwOe2i16dXusvLeTmxkadA==/com.google.android.gms-lxT52zEWP6nBuqbDcou80Q==/base.apk!/lib/arm64-v8a, permitted_path=/data:/mnt/expand:/data/user/0/com.google.android.gms
05-12 04:41:18.171 D/nativeloader(32308): Extending system_exposed_libraries: libbinauralrenderer_wrapper.qti.so:libhoaeffects.qti.so:libjni_helper.motocameradesktop.so:libimgTuner_jni.motoimagetuner.so:libparamupdater_jni.motoparamupdater.so:libupdateprof.qti.so:libdiag_system.qti.so:libqape.qti.so:libqesdk_ndk_platform.qti.so:liblistenjni.qti.so
05-12 04:41:18.175 D/nativeloader(32308): Configuring clns-10 for other apk /system/framework/com.android.media.remotedisplay.jar. target_sdk_version=37, uses_libraries=ALL, library_path=/data/app/~~gwOe2i16dXusvLeTmxkadA==/com.google.android.gms-lxT52zEWP6nBuqbDcou80Q==/lib/arm64:/data/app/~~gwOe2i16dXusvLeTmxkadA==/com.google.android.gms-lxT52zEWP6nBuqbDcou80Q==/base.apk!/lib/arm64-v8a, permitted_path=/data:/mnt/expand:/data/user/0/com.google.android.gms
05-12 04:41:18.175 D/nativeloader(32308): Extending system_exposed_libraries: libbinauralrenderer_wrapper.qti.so:libhoaeffects.qti.so:libjni_helper.motocameradesktop.so:libimgTuner_jni.motoimagetuner.so:libparamupdater_jni.motoparamupdater.so:libupdateprof.qti.so:libdiag_system.qti.so:libqape.qti.so:libqesdk_ndk_platform.qti.so:liblistenjni.qti.so
05-12 04:41:18.176 D/ApplicationLoaders(32308): Returning zygote-cached class loader: /system_ext/framework/androidx.window.extensions.jar
05-12 04:41:18.176 D/ApplicationLoaders(32308): Returning zygote-cached class loader: /system_ext/framework/androidx.window.sidecar.jar
05-12 04:41:18.251 D/nativeloader(32308): Configuring clns-11 for other apk /data/app/~~gwOe2i16dXusvLeTmxkadA==/com.google.android.gms-lxT52zEWP6nBuqbDcou80Q==/base.apk. target_sdk_version=37, uses_libraries=, library_path=/data/app/~~gwOe2i16dXusvLeTmxkadA==/com.google.android.gms-lxT52zEWP6nBuqbDcou80Q==/lib/arm64:/data/app/~~gwOe2i16dXusvLeTmxkadA==/com.google.android.gms-lxT52zEWP6nBuqbDcou80Q==/base.apk!/lib/arm64-v8a, permitted_path=/data:/mnt/expand:/data/user/0/com.google.android.gms
05-12 04:41:18.281 W/llpaper.pixel4d(32308): ClassLoaderContext classpath element checksum mismatch. expected=2282369222, found=2699361014 (DLC[];PCL[base.apk*2282369222]{PCL[/system/framework/org.apache.http.legacy.jar*437079508]#PCL[/system/framework/com.android.location.provider.jar*3414091812]#PCL[/system/framework/com.android.media.remotedisplay.jar*2042759013]#PCL[/system_ext/framework/androidx.window.extensions.jar*402613946]#PCL[/system_ext/framework/androidx.window.sidecar.jar*3501034208]} | DLC[];PCL[/data/app/~~BBQB_J7MqhHHx-armEzZnA==/helectronsoft.com.live.wallpaper.pixel4d-KbWL6HZnYZxokE4PAhpN2w==/base.apk*2699361014]{PCL[/system_ext/framework/androidx.window.extensions.jar*402613946]#PCL[/system_ext/framework/androidx.window.sidecar.jar*3501034208]})
05-12 04:41:18.352 D/ConnectivityService( 2878): requestNetwork for uid/pid:10464/32308 activeRequest: null callbackRequest: 583 [NetworkRequest [ REQUEST id=584, [ Capabilities: INTERNET&NOT_RESTRICTED&TRUSTED&NOT_VCN_MANAGED&NOT_BANDWIDTH_CONSTRAINED Uid: 10464 RequestorUid: 10464 RequestorPkg: helectronsoft.com.live.wallpaper.pixel4d UnderlyingNetworks: Null] ]] callback flags: 0 order: 2147483647 isUidTracked: false declaredMethods: AVAIL|LOST
05-12 04:41:18.354 D/WifiNetworkFactory( 2878): got request NetworkRequest [ REQUEST id=584, [ Capabilities: INTERNET&NOT_RESTRICTED&TRUSTED&NOT_VCN_MANAGED&NOT_BANDWIDTH_CONSTRAINED Uid: 10464 RequestorUid: 10464 RequestorPkg: helectronsoft.com.live.wallpaper.pixel4d UnderlyingNetworks: Null] ]
05-12 04:41:18.354 D/UntrustedWifiNetworkFactory( 2878): got request NetworkRequest [ REQUEST id=584, [ Capabilities: INTERNET&NOT_RESTRICTED&TRUSTED&NOT_VCN_MANAGED&NOT_BANDWIDTH_CONSTRAINED Uid: 10464 RequestorUid: 10464 RequestorPkg: helectronsoft.com.live.wallpaper.pixel4d UnderlyingNetworks: Null] ]
05-12 04:41:18.354 D/ConnectivityService( 2878): NetReassign [584 : null → 103] [c 0] [a 0] [i 1]
05-12 04:41:18.354 D/OemPaidWifiNetworkFactory( 2878): got request NetworkRequest [ REQUEST id=584, [ Capabilities: INTERNET&NOT_RESTRICTED&TRUSTED&NOT_VCN_MANAGED&NOT_BANDWIDTH_CONSTRAINED Uid: 10464 RequestorUid: 10464 RequestorPkg: helectronsoft.com.live.wallpaper.pixel4d UnderlyingNetworks: Null] ]
05-12 04:41:18.354 D/MultiInternetWifiNetworkFactory( 2878): got request NetworkRequest [ REQUEST id=584, [ Capabilities: INTERNET&NOT_RESTRICTED&TRUSTED&NOT_VCN_MANAGED&NOT_BANDWIDTH_CONSTRAINED Uid: 10464 RequestorUid: 10464 RequestorPkg: helectronsoft.com.live.wallpaper.pixel4d UnderlyingNetworks: Null] ]
05-12 04:41:18.358 I/Ads     (32308): Updating ad debug logging enablement.
05-12 04:41:18.362 W/Ads     (32308): Update ad debug logging enablement as false
05-12 04:41:18.373 I/SAPackageEventReceiver( 5026): The current enabled state for helectronsoft.com.live.wallpaper.pixel4d : 0
05-12 04:41:18.373 I/SAPackageEventReceiver( 5026): registerService : helectronsoft.com.live.wallpaper.pixel4d
05-12 04:41:18.373 D/ControlsListingControllerImpl( 3765): ServiceConfig reloaded, count: 0
05-12 04:41:18.376 D/FreeformGesture( 3765): onStateChanged: State{mIsPackageAvailable=true, mPillGestureEnabled=false, mVibrationEnabled=true, mShortcutPanelShowing=false, mSwipeInEnabled=false, mHunFreeformEnabled=true, mIsInGameMode=false, mIsRecentsShowing=false, mIsInTutorialMode=false, mIsDoubleTapPowerEnabled=false, mIsPillMoving=false, mPillXPosition=1, mPillYPosition=388}
05-12 04:41:18.377 I/keystore2( 1239): system/security/keystore2/watchdog/src/lib.rs:319 - Watchdog thread idle -> terminating. Have a great day.
05-12 04:41:18.396 I/WebViewFactory(32308): Loading com.google.android.webview version 147.0.7727.138 (code 772713803)
05-12 04:41:18.405 V/ResourcesManager(32308): The following library key has been added: ResourcesKey{ mHash=2c4efe90 mResDir=null mSplitDirs=[] mOverlayDirs=[/product/overlay/NavigationBarMode3Button/NavigationBarMode3ButtonOverlay.apk,/product/overlay/IconShapeRoundedRect/IconShapeRoundedRectOverlay.apk,/product/overlay/FontExo2RegularSource/FontExo2RegularSourceOverlay.apk,/data/resource-cache/com.android.systemui-neutral-zkZ2.frro,/data/resource-cache/com.android.systemui-accent-kIxr.frro,/data/resource-cache/com.android.systemui-dynamic-ENsj.frro] mLibDirs=[/data/app/~~AgYwycswZduHCKSLalvhkA==/com.google.android.webview-yarYKlzPKoJVS4vuQnwivg==/base.apk,/system/framework/android.test.base.jar,/system_ext/framework/androidx.window.extensions.jar] mDisplayId=0 mOverrideConfig=v35 mCompatInfo={420dpi always-compat} mLoaders=[]}
05-12 04:41:18.406 D/ApplicationLoaders(32308): Returning zygote-cached class loader: /system/framework/android.test.base.jar
05-12 04:41:18.406 D/ApplicationLoaders(32308): Returning zygote-cached class loader: /system_ext/framework/androidx.window.extensions.jar
05-12 04:41:18.409 D/nativeloader(32308): Configuring clns-12 for other apk /data/app/~~AgYwycswZduHCKSLalvhkA==/com.google.android.webview-yarYKlzPKoJVS4vuQnwivg==/base.apk. target_sdk_version=36, uses_libraries=, library_path=/data/app/~~AgYwycswZduHCKSLalvhkA==/com.google.android.webview-yarYKlzPKoJVS4vuQnwivg==/lib/arm64:/data/app/~~AgYwycswZduHCKSLalvhkA==/com.google.android.webview-yarYKlzPKoJVS4vuQnwivg==/base.apk!/lib/arm64-v8a, permitted_path=/data:/mnt/expand
05-12 04:41:18.440 I/cr_WVCFactoryProvider(32308): version=147.0.7727.138 (772713803) minSdkVersion=29 multiprocess=true packageId=2 splits=config.arm64_v8a,config.ko,config.xxhdpi
05-12 04:41:18.445 D/nativeloader(32308): Load /data/app/~~AgYwycswZduHCKSLalvhkA==/com.google.android.webview-yarYKlzPKoJVS4vuQnwivg==/base.apk!/lib/arm64-v8a/libwebviewchromium.so using class loader ns clns-12 (caller=/data/app/~~AgYwycswZduHCKSLalvhkA==/com.google.android.webview-yarYKlzPKoJVS4vuQnwivg==/base.apk): ok
05-12 04:41:18.447 D/nativeloader(32308): Load /system/lib64/libwebviewchromium_plat_support.so using class loader ns clns-12 (caller=/data/app/~~AgYwycswZduHCKSLalvhkA==/com.google.android.webview-yarYKlzPKoJVS4vuQnwivg==/base.apk): ok
05-12 04:41:18.451 E/chromium(32308): [0512/044118.450668:ERROR:android_webview/browser/variations/variations_seed_loader.cc:39] Seed missing signature.
05-12 04:41:18.465 I/cr_LibraryLoader(32308): Successfully loaded native library
05-12 04:41:18.467 I/cr_CachingUmaRecorder(32308): Flushed 22 samples from 21 histograms, 0 samples were dropped.
05-12 04:41:18.469 I/cr_ChildProcLH(32308): ScopedServiceBindingBatch.tryActivate: false
05-12 04:41:18.472 I/cr_CombinedPProvider(32308): #registerProvider() provider:WV.yk@83204ef isPolicyCacheEnabled:false policyProvidersSize:0
05-12 04:41:18.474 I/cr_PolicyProvider(32308): #setManagerAndSource() 0
05-12 04:41:18.476 I/cr_DisplayManager(32308): Is Display Topology available: false
05-12 04:41:18.478 V/GrammaticalInflectionUtils( 2878): AttributionSource: android.content.AttributionSource@84858932 does not have READ_SYSTEM_GRAMMATICAL_GENDER permission.
05-12 04:41:18.490 D/Zygote  ( 3751): Forked child process 32574
05-12 04:41:18.493 I/ActivityManager( 2878): Start proc 32574:com.google.android.webview:sandboxed_process0:org.chromium.content.app.SandboxedProcessService0:0/u0i17 for  {helectronsoft.com.live.wallpaper.pixel4d/org.chromium.content.app.SandboxedProcessService0:0}
05-12 04:41:18.495 E/libc    (32574): SetHeapTaggingLevel: re-enabling tagging after it was disabled is not supported
05-12 04:41:18.500 I/ocessService0:0(32574): Using CollectorTypeCMC GC.
05-12 04:41:18.502 I/cr_CombinedPProvider(32308): #linkNativeInternal() 1
05-12 04:41:18.503 I/cr_AppResProvider(32308): #getApplicationRestrictionsFromUserManager() Bundle[EMPTY_PARCEL]
05-12 04:41:18.503 I/cr_PolicyProvider(32308): #notifySettingsAvailable() 0
05-12 04:41:18.503 I/cr_CombinedPProvider(32308): #onSettingsAvailable() 0
05-12 04:41:18.503 I/cr_CombinedPProvider(32308): #flushPolicies()
05-12 04:41:18.505 D/nativeloader(32574): Load libframework-connectivity-tiramisu-jni.so using APEX ns com_android_tethering for caller /apex/com.android.tethering/javalib/framework-connectivity-t.jar: ok
05-12 04:41:18.516 D/ForegroundUtils( 6501): Foreground UID status: 10199, false; 10348, false; 10380, true; 10390, true; 10399, false; 10523, false; 99016, true; 
05-12 04:41:18.526 D/ApplicationLoaders(32574): Returning zygote-cached class loader: /system/framework/android.test.base.jar
05-12 04:41:18.526 D/ApplicationLoaders(32574): Returning zygote-cached class loader: /system_ext/framework/androidx.window.extensions.jar
05-12 04:41:18.531 I/ThermalEngine( 6129): Monitor:ACTIVE:MON-CHG-BATT:battery=8:FUSE_TEMP=33099
05-12 04:41:18.535 I/cr_WebViewApkApp(32574): version=147.0.7727.138 (772713803) minSdkVersion=29 processName=com.google.android.webview:sandboxed_process0:org.chromium.content.app.SandboxedProcessService0:0 splits=<none>
05-12 04:41:18.537 I/Typeface(32574): updateThemeFont new=Exo2-Regular;old=sans-serif;new=Exo2-Stacked;old=
05-12 04:41:18.538 I/ActivityManager( 2878): Flag disabled. Ignoring finishAttachApplication from uid: 99017. pid: 32574
05-12 04:41:18.540 I/cr_ChildProcessService(32574): Creating new ChildProcessService pid=32574
05-12 04:41:18.583 W/chromium(32308): [WARNING:android_webview/browser/network_service/net_helpers.cc:137] HTTP Cache size is: 20971520
05-12 04:41:18.619 D/ConnectivityService( 2878): requestNetwork for uid/pid:10464/32308 activeRequest: null callbackRequest: 585 [NetworkRequest [ REQUEST id=586, [ Capabilities: INTERNET&NOT_RESTRICTED&TRUSTED&NOT_VCN_MANAGED&NOT_BANDWIDTH_CONSTRAINED Uid: 10464 RequestorUid: 10464 RequestorPkg: helectronsoft.com.live.wallpaper.pixel4d UnderlyingNetworks: Null] ]] callback flags: 0 order: 2147483647 isUidTracked: false declaredMethods: AVAIL|LOST|NC|LP
05-12 04:41:18.621 E/adservices.measurement( 7069): Measurement API is disabled by kill-switch.
05-12 04:41:18.622 D/WifiNetworkFactory( 2878): got request NetworkRequest [ REQUEST id=586, [ Capabilities: INTERNET&NOT_RESTRICTED&TRUSTED&NOT_VCN_MANAGED&NOT_BANDWIDTH_CONSTRAINED Uid: 10464 RequestorUid: 10464 RequestorPkg: helectronsoft.com.live.wallpaper.pixel4d UnderlyingNetworks: Null] ]
05-12 04:41:18.622 D/UntrustedWifiNetworkFactory( 2878): got request NetworkRequest [ REQUEST id=586, [ Capabilities: INTERNET&NOT_RESTRICTED&TRUSTED&NOT_VCN_MANAGED&NOT_BANDWIDTH_CONSTRAINED Uid: 10464 RequestorUid: 10464 RequestorPkg: helectronsoft.com.live.wallpaper.pixel4d UnderlyingNetworks: Null] ]
05-12 04:41:18.623 D/OemPaidWifiNetworkFactory( 2878): got request NetworkRequest [ REQUEST id=586, [ Capabilities: INTERNET&NOT_RESTRICTED&TRUSTED&NOT_VCN_MANAGED&NOT_BANDWIDTH_CONSTRAINED Uid: 10464 RequestorUid: 10464 RequestorPkg: helectronsoft.com.live.wallpaper.pixel4d UnderlyingNetworks: Null] ]
05-12 04:41:18.623 D/MultiInternetWifiNetworkFactory( 2878): got request NetworkRequest [ REQUEST id=586, [ Capabilities: INTERNET&NOT_RESTRICTED&TRUSTED&NOT_VCN_MANAGED&NOT_BANDWIDTH_CONSTRAINED Uid: 10464 RequestorUid: 10464 RequestorPkg: helectronsoft.com.live.wallpaper.pixel4d UnderlyingNetworks: Null] ]
05-12 04:41:18.623 W/adservices( 7069): Skip logging because Cobalt is disabled.
05-12 04:41:18.623 D/ConnectivityService( 2878): NetReassign [586 : null → 103] [c 0] [a 1] [i 1]
05-12 04:41:18.623 W/adservices( 7069): Skip logging because Cobalt logger is null
05-12 04:41:18.625 D/ConnectivityService( 2878): NetReassign [no changes] [c 1] [a 0] [i 2]
05-12 04:41:18.670 I/CameraManagerGlobal(32308): Connecting to camera service
05-12 04:41:18.677 W/cr_media(32308): BLUETOOTH_CONNECT permission is missing.
05-12 04:41:18.678 W/cr_media(32308): getBluetoothAdapter() requires BLUETOOTH permission
05-12 04:41:18.678 W/cr_media(32308): registerBluetoothIntentsIfNeeded: Requires BLUETOOTH permission
05-12 04:41:18.687 I/cr_LibraryLoader(32574): Successfully loaded native library
05-12 04:41:18.689 W/AidlConversionCppNdk( 1893): legacy2aidl_audio_channel_mask_t_AudioChannelLayout: no AudioChannelLayout found for legacy output audio_channel_mask_t value 0x10
05-12 04:41:18.689 I/cr_CachingUmaRecorder(32574): Flushed 2 samples from 2 histograms, 0 samples were dropped.
05-12 04:41:18.690 W/chromium(32574): [WARNING:content/app/android/content_main_android.cc:82] android_setCpu already initialized
05-12 04:41:18.690 W/AidlConversionCppNdk(32308): aidl2legacy_AudioChannelLayout_audio_channel_mask_t: no legacy output audio_channel_mask_t found for AudioChannelLayout{layoutMask: 16}
05-12 04:41:18.720 D/vulkan  (32308): searching for layers in '/data/app/~~BBQB_J7MqhHHx-armEzZnA==/helectronsoft.com.live.wallpaper.pixel4d-KbWL6HZnYZxokE4PAhpN2w==/lib/arm64'
05-12 04:41:18.721 D/vulkan  (32308): searching for layers in '/data/app/~~BBQB_J7MqhHHx-armEzZnA==/helectronsoft.com.live.wallpaper.pixel4d-KbWL6HZnYZxokE4PAhpN2w==/base.apk!/lib/arm64-v8a'
05-12 04:41:18.721 D/vulkan  (32308): searching for layers in '/data/app/~~BBQB_J7MqhHHx-armEzZnA==/helectronsoft.com.live.wallpaper.pixel4d-KbWL6HZnYZxokE4PAhpN2w==/split_config.arm64_v8a.apk!/lib/arm64-v8a'
05-12 04:41:18.722 D/vulkan  (32308): searching for layers in '/data/app/~~BBQB_J7MqhHHx-armEzZnA==/helectronsoft.com.live.wallpaper.pixel4d-KbWL6HZnYZxokE4PAhpN2w==/split_config.ko.apk!/lib/arm64-v8a'
05-12 04:41:18.722 D/vulkan  (32308): searching for layers in '/data/app/~~BBQB_J7MqhHHx-armEzZnA==/helectronsoft.com.live.wallpaper.pixel4d-KbWL6HZnYZxokE4PAhpN2w==/split_config.xxhdpi.apk!/lib/arm64-v8a'
05-12 04:41:18.726 W/chromium(32574): [WARNING:content/child/runtime_features.cc:537] Fenced frames cannot be enabled in this configuration. Use --enable-features=FencedFrames instead.
05-12 04:41:18.726 W/chromium(32574): [WARNING:content/child/runtime_features.cc:562] Topics cannot be enabled in this configuration. Use --enable-features=BrowsingTopics in addition.
05-12 04:41:18.726 W/chromium(32574): [WARNING:content/child/runtime_features.cc:583] SharedStorage cannot be enabled in this configuration. Use --enable-features=SharedStorageAPI in addition.
05-12 04:41:18.742 I/AdrenoVK-0(32308): ===== BEGIN DUMP OF OVERRIDDEN SETTINGS =====
05-12 04:41:18.742 I/AdrenoVK-0(32308): ===== END DUMP OF OVERRIDDEN SETTINGS =====
05-12 04:41:18.746 I/FontLog ( 4147): (REDACTED) Received query %s, URI %s
05-12 04:41:18.746 I/AdrenoVK-0(32308): QUALCOMM build          : 0c393b63cf, I94e2bd5684
05-12 04:41:18.746 I/AdrenoVK-0(32308): Build Date              : 05/02/25
05-12 04:41:18.746 I/AdrenoVK-0(32308): Shader Compiler Version : EV031.36.08.33
05-12 04:41:18.746 I/AdrenoVK-0(32308): Local Branch            : 
05-12 04:41:18.746 I/AdrenoVK-0(32308): Remote Branch           : refs/tags/AU_LINUX_ANDROID_LA.VENDOR.1.0.R1.11.00.00.816.269
05-12 04:41:18.746 I/AdrenoVK-0(32308): Remote Branch           : NONE
05-12 04:41:18.746 I/AdrenoVK-0(32308): Reconstruct Branch      : NOTHING
05-12 04:41:18.746 I/AdrenoVK-0(32308): Build Config            : S P 12.1.1 AArch64
05-12 04:41:18.746 I/FontLog ( 4147): (REDACTED) Query [%s] resolved to %s
05-12 04:41:18.746 I/AdrenoVK-0(32308): Driver Path             : /vendor/lib64/hw/vulkan.adreno.so
05-12 04:41:18.746 I/AdrenoVK-0(32308): Driver Version          : 0615.98
05-12 04:41:18.746 I/AdrenoVK-0(32308): PFP                     : 0x01730181
05-12 04:41:18.746 I/AdrenoVK-0(32308): ME                      : 0x00000000
05-12 04:41:18.746 I/AdrenoVK-0(32308): Application Name    : 
05-12 04:41:18.746 I/AdrenoVK-0(32308): Application Version : 0x00000001
05-12 04:41:18.746 I/AdrenoVK-0(32308): Engine Name         : 
05-12 04:41:18.746 I/AdrenoVK-0(32308): Engine Version      : 0x00000001
05-12 04:41:18.746 I/AdrenoVK-0(32308): Api Version         : 0x00403000
05-12 04:41:18.747 I/AdrenoGLES-0(32308): QUALCOMM build                   : 0c393b63cf, I94e2bd5684
05-12 04:41:18.747 I/AdrenoGLES-0(32308): Build Date                       : 05/02/25
05-12 04:41:18.747 I/AdrenoGLES-0(32308): OpenGL ES Shader Compiler Version: EV031.36.08.33
05-12 04:41:18.747 I/AdrenoGLES-0(32308): Local Branch                     : 
05-12 04:41:18.747 I/AdrenoGLES-0(32308): Remote Branch                    : refs/tags/AU_LINUX_ANDROID_LA.VENDOR.1.0.R1.11.00.00.816.269
05-12 04:41:18.747 I/AdrenoGLES-0(32308): Remote Branch                    : NONE
05-12 04:41:18.747 I/AdrenoGLES-0(32308): Reconstruct Branch               : NOTHING
05-12 04:41:18.747 I/AdrenoGLES-0(32308): Build Config                     : S P 12.1.1 AArch64
05-12 04:41:18.747 I/AdrenoGLES-0(32308): Driver Path                      : /vendor/lib64/egl/libGLESv2_adreno.so
05-12 04:41:18.747 I/AdrenoGLES-0(32308): Driver Version                   : 0615.98
05-12 04:41:18.747 I/FontLog ( 4147): (REDACTED) Font PFD returned from cache for %s
05-12 04:41:18.747 I/FontLog ( 4147): (REDACTED) Fetch %s end status %s
05-12 04:41:18.749 I/FontLog ( 4147): (REDACTED) Pulling font file for id = %d, cache size = %d
05-12 04:41:18.749 I/AdrenoGLES-0(32308): PFP: 0x01730181, ME: 0x00000000
05-12 04:41:18.752 I/FontLog ( 4147): (REDACTED) Received query %s, URI %s
05-12 04:41:18.752 I/FontLog ( 4147): (REDACTED) Query [%s] resolved to %s
05-12 04:41:18.753 I/FontLog ( 4147): (REDACTED) Fetch %s end status %s
05-12 04:41:18.757 I/FontLog ( 4147): (REDACTED) Pulling font file for id = %d, cache size = %d
05-12 04:41:18.760 I/FontLog ( 4147): (REDACTED) Received query %s, URI %s
05-12 04:41:18.760 I/FontLog ( 4147): (REDACTED) Query [%s] resolved to %s
05-12 04:41:18.761 I/FontLog ( 4147): (REDACTED) Font PFD returned from cache for %s
05-12 04:41:18.761 I/FontLog ( 4147): (REDACTED) Fetch %s end status %s
05-12 04:41:18.762 I/FontLog ( 4147): (REDACTED) Pulling font file for id = %d, cache size = %d
05-12 04:41:18.765 I/FontLog ( 4147): (REDACTED) Received query %s, URI %s
05-12 04:41:18.765 I/FontLog ( 4147): (REDACTED) Query [%s] resolved to %s
05-12 04:41:18.766 I/FontLog ( 4147): (REDACTED) Font PFD returned from cache for %s
05-12 04:41:18.766 I/FontLog ( 4147): (REDACTED) Fetch %s end status %s
05-12 04:41:18.767 I/FontLog ( 4147): (REDACTED) Pulling font file for id = %d, cache size = %d
05-12 04:41:18.770 I/FontLog ( 4147): (REDACTED) Received query %s, URI %s
05-12 04:41:18.770 I/FontLog ( 4147): (REDACTED) Query [%s] resolved to %s
05-12 04:41:18.771 I/FontLog ( 4147): (REDACTED) Font PFD returned from cache for %s
05-12 04:41:18.771 I/FontLog ( 4147): (REDACTED) Fetch %s end status %s
05-12 04:41:18.772 I/FontLog ( 4147): (REDACTED) Pulling font file for id = %d, cache size = %d
05-12 04:41:18.848 I/cn_CronetUrlRequestContext( 6985): destroyNativeStreamLocked android.net.http.internal.org.chromium.net.impl.CronetBidirectionalStream@4bb045c
05-12 04:41:18.870 D/Volley  ( 6985): [57] bbvu.run: Could not delete cache entry for key=[Bgl8IVUBotpz_QaUQL28iqbIaTF-RpM0evOCODowGT4], filename=A30oZ1UccbKnAqCPJOrNbgaeD0s
05-12 04:41:18.878 W/VideoCapabilities(32308): Unsupported mime image/vnd.android.heic
05-12 04:41:18.878 W/VideoCapabilities(32308): Unsupported mime image/vnd.android.heic
05-12 04:41:19.356 I/MainActivity(32294): FCM token primed: eP81z47fR6KucJViq-WN...
05-12 04:41:19.358 I/FCMService(32294): FCM token refreshed
05-12 04:41:19.359 W/FCMService(32294): FCM token sync skipped: push context not ready yet
05-12 04:41:19.365 D/ActivityManager( 2878): unfreezing ProcessRecord{81fa941 31092:com.google.android.webview:webview_service/u0a312}, reason = unfreezeTemporarily, adj = 955, adjType = cch-empty, adjSource = null
05-12 04:41:19.366 D/ActivityManager( 2878): sync unfroze 31092 com.google.android.webview:webview_service for 27
05-12 04:41:19.370 W/ActivityManager( 2878): Unable to start service Intent { act=android.support.customtabs.action.CustomTabsService pkg=com.android.chrome } U=0: not found
05-12 04:41:19.376 D/ActivityThread(31092): Package [com.hyeni.calendar] reported as REPLACED, but missing application info. Assuming REMOVED.
05-12 04:41:19.377 D/ActivityThread(31092): Package [com.hyeni.calendar] reported as REPLACED, but missing application info. Assuming REMOVED.
05-12 04:41:19.377 D/ActivityThread(31092): Package [com.hyeni.calendar] reported as REPLACED, but missing application info. Assuming REMOVED.
05-12 04:41:19.377 D/ActivityThread(31092): Package [com.hyeni.calendar] reported as REPLACED, but missing application info. Assuming REMOVED.
05-12 04:41:19.392 W/webview_service(31092): userfaultfd: MOVE ioctl seems unsupported: Connection timed out
05-12 04:41:19.394 D/PhoneInterfaceManager( 3966): getIccId from phone
05-12 04:41:19.395 D/PhoneInterfaceManager( 3966): getIccId from phone
05-12 04:41:19.396 W/webview_service(31092): Reducing the number of considered missed Gc histogram windows from 227 to 100
05-12 04:41:19.405 E/DatabaseUtils( 3966): Writing exception to parcel
05-12 04:41:19.405 E/DatabaseUtils( 3966): java.lang.SecurityException: No permission to access APN settings
05-12 04:41:19.405 E/DatabaseUtils( 3966): 	at com.android.providers.telephony.TelephonyProvider.checkPermissionForApnTable(TelephonyProvider.java:5927)
05-12 04:41:19.405 E/DatabaseUtils( 3966): 	at com.android.providers.telephony.TelephonyProvider.checkPermission(TelephonyProvider.java:5899)
05-12 04:41:19.405 E/DatabaseUtils( 3966): 	at com.android.providers.telephony.TelephonyProvider.checkPermissionCompat(TelephonyProvider.java:5944)
