--------- beginning of main
05-12 05:06:17.275 E/SafeInvoker( 2878): Service invocation returned exception
05-12 05:06:17.275 E/SafeInvoker( 2878): android.content.pm.PackageManager$NameNotFoundException: com.motorola.securevault
05-12 05:06:17.275 E/SafeInvoker( 2878): 	at android.app.ApplicationPackageManager.getApplicationInfoAsUser(ApplicationPackageManager.java:528)
05-12 05:06:17.275 E/SafeInvoker( 2878): 	at android.app.ApplicationPackageManager.getApplicationInfo(ApplicationPackageManager.java:511)
05-12 05:06:17.275 E/SafeInvoker( 2878): 	at android.app.ApplicationPackageManager.getApplicationInfo(ApplicationPackageManager.java:505)
05-12 05:06:17.275 E/SafeInvoker( 2878): 	at android.app.ApplicationPackageManager.getResourcesForApplication(ApplicationPackageManager.java:2134)
05-12 05:06:17.275 E/SafeInvoker( 2878): 	at com.motorola.server.security.securevault.utils.Utils.getApplicationResourceIdentifier(Utils.java:82)
05-12 05:06:17.275 E/SafeInvoker( 2878): 	at com.motorola.server.security.securevault.utils.Utils.getVaultProfileFilterList(Utils.java:132)
05-12 05:06:17.275 E/SafeInvoker( 2878): 	at com.motorola.server.security.securevault.UserFilteringPolicy.lambda$shouldExcludeVaultProfile$0(UserFilteringPolicy.java:22)
05-12 05:06:17.275 E/SafeInvoker( 2878): 	at com.motorola.server.security.securevault.UserFilteringPolicy.$r8$lambda$jR7E2mX-Lw2CinGTcPdwj0zFoNY(UserFilteringPolicy.java:0)
05-12 05:06:17.275 E/SafeInvoker( 2878): 	at com.motorola.server.security.securevault.UserFilteringPolicy$$ExternalSyntheticLambda0.call(R8$$SyntheticClass:0)
05-12 05:06:17.275 E/SafeInvoker( 2878): 	at com.motorola.server.security.securevault.invoker.SafeInvoker.invokeWithClearCallingReturnable(SafeInvoker.java:65)
05-12 05:06:17.275 E/SafeInvoker( 2878): 	at com.motorola.server.security.securevault.invoker.SafeInvoker.invokeWithClearCallingWithBooleanReturn(SafeInvoker.java:99)
05-12 05:06:17.275 E/SafeInvoker( 2878): 	at com.motorola.server.security.securevault.UserFilteringPolicy.shouldExcludeVaultProfile(UserFilteringPolicy.java:19)
05-12 05:06:17.275 E/SafeInvoker( 2878): 	at com.motorola.server.security.securevault.SecureVault.shouldExcludeVaultProfile(SecureVault.java:378)
05-12 05:06:17.275 E/SafeInvoker( 2878): 	at com.motorola.server.security.MotoSecurityManagerService$1.shouldExcludeVaultProfile(MotoSecurityManagerService.java:449)
05-12 05:06:17.275 E/SafeInvoker( 2878): 	at com.motorola.internal.security.MotoSecurityManager.shouldExcludeVaultProfile(MotoSecurityManager.java:735)
05-12 05:06:17.275 E/SafeInvoker( 2878): 	at com.motorola.internal.security.MotoSecurityUtils.shouldExcludeVaultProfile(MotoSecurityUtils.java:240)
05-12 05:06:17.275 E/SafeInvoker( 2878): 	at com.android.server.pm.UserManagerService.getProfileIds(UserManagerService.java:1534)
05-12 05:06:17.275 E/SafeInvoker( 2878): 	at com.android.server.pm.UserManagerService.getProfileIds(UserManagerService.java:1517)
05-12 05:06:17.275 E/SafeInvoker( 2878): 	at com.android.server.wm.ActivityTaskManagerService.getTasks(ActivityTaskManagerService.java:2699)
05-12 05:06:17.275 E/SafeInvoker( 2878): 	at android.app.IActivityTaskManager$Stub.onTransact(IActivityTaskManager.java:1380)
05-12 05:06:17.275 E/SafeInvoker( 2878): 	at com.android.server.wm.ActivityTaskManagerService.onTransact(ActivityTaskManagerService.java:6149)
05-12 05:06:17.275 E/SafeInvoker( 2878): 	at android.os.Binder.execTransactInternal(Binder.java:1515)
05-12 05:06:17.275 E/SafeInvoker( 2878): 	at android.os.Binder.execTransact(Binder.java:1453)
05-12 05:06:17.276 E/SafeInvoker( 2878): Service invocation returned exception
05-12 05:06:17.276 E/SafeInvoker( 2878): android.content.pm.PackageManager$NameNotFoundException: com.motorola.securevault
05-12 05:06:17.276 E/SafeInvoker( 2878): 	at android.app.ApplicationPackageManager.getApplicationInfoAsUser(ApplicationPackageManager.java:528)
05-12 05:06:17.276 E/SafeInvoker( 2878): 	at android.app.ApplicationPackageManager.getApplicationInfo(ApplicationPackageManager.java:511)
05-12 05:06:17.276 E/SafeInvoker( 2878): 	at android.app.ApplicationPackageManager.getApplicationInfo(ApplicationPackageManager.java:505)
05-12 05:06:17.276 E/SafeInvoker( 2878): 	at android.app.ApplicationPackageManager.getResourcesForApplication(ApplicationPackageManager.java:2134)
05-12 05:06:17.276 E/SafeInvoker( 2878): 	at com.motorola.server.security.securevault.utils.Utils.getApplicationResourceIdentifier(Utils.java:82)
05-12 05:06:17.276 E/SafeInvoker( 2878): 	at com.motorola.server.security.securevault.utils.Utils.getVaultProfileFilterList(Utils.java:132)
05-12 05:06:17.276 E/SafeInvoker( 2878): 	at com.motorola.server.security.securevault.UserFilteringPolicy.lambda$shouldExcludeVaultProfile$0(UserFilteringPolicy.java:22)
05-12 05:06:17.276 E/SafeInvoker( 2878): 	at com.motorola.server.security.securevault.UserFilteringPolicy.$r8$lambda$jR7E2mX-Lw2CinGTcPdwj0zFoNY(UserFilteringPolicy.java:0)
05-12 05:06:17.276 E/SafeInvoker( 2878): 	at com.motorola.server.security.securevault.UserFilteringPolicy$$ExternalSyntheticLambda0.call(R8$$SyntheticClass:0)
05-12 05:06:17.276 E/SafeInvoker( 2878): 	at com.motorola.server.security.securevault.invoker.SafeInvoker.invokeWithClearCallingReturnable(SafeInvoker.java:65)
05-12 05:06:17.276 E/SafeInvoker( 2878): 	at com.motorola.server.security.securevault.invoker.SafeInvoker.invokeWithClearCallingWithBooleanReturn(SafeInvoker.java:99)
05-12 05:06:17.276 E/SafeInvoker( 2878): 	at com.motorola.server.security.securevault.UserFilteringPolicy.shouldExcludeVaultProfile(UserFilteringPolicy.java:19)
05-12 05:06:17.276 E/SafeInvoker( 2878): 	at com.motorola.server.security.securevault.SecureVault.shouldExcludeVaultProfile(SecureVault.java:378)
05-12 05:06:17.276 E/SafeInvoker( 2878): 	at com.motorola.server.security.MotoSecurityManagerService$1.shouldExcludeVaultProfile(MotoSecurityManagerService.java:449)
05-12 05:06:17.276 E/SafeInvoker( 2878): 	at com.motorola.internal.security.MotoSecurityManager.shouldExcludeVaultProfile(MotoSecurityManager.java:735)
05-12 05:06:17.276 E/SafeInvoker( 2878): 	at com.motorola.internal.security.MotoSecurityUtils.shouldExcludeVaultProfile(MotoSecurityUtils.java:240)
05-12 05:06:17.276 E/SafeInvoker( 2878): 	at com.android.server.pm.UserManagerService.getProfileIds(UserManagerService.java:1534)
05-12 05:06:17.276 E/SafeInvoker( 2878): 	at com.android.server.pm.UserManagerService.getProfileIds(UserManagerService.java:1517)
05-12 05:06:17.276 E/SafeInvoker( 2878): 	at com.android.server.wm.RecentTasks.getProfileIds(RecentTasks.java:955)
05-12 05:06:17.276 E/SafeInvoker( 2878): 	at com.android.server.wm.RecentTasks.getRecentTasksImpl(RecentTasks.java:987)
05-12 05:06:17.276 E/SafeInvoker( 2878): 	at com.android.server.wm.RecentTasks.getRecentTasks(RecentTasks.java:977)
05-12 05:06:17.276 E/SafeInvoker( 2878): 	at com.android.server.wm.ActivityTaskManagerService.getRecentTasks(ActivityTaskManagerService.java:2796)
05-12 05:06:17.276 E/SafeInvoker( 2878): 	at android.app.IActivityTaskManager$Stub.onTransact(IActivityTaskManager.java:1411)
05-12 05:06:17.276 E/SafeInvoker( 2878): 	at com.android.server.wm.ActivityTaskManagerService.onTransact(ActivityTaskManagerService.java:6149)
05-12 05:06:17.276 E/SafeInvoker( 2878): 	at android.os.Binder.execTransactInternal(Binder.java:1515)
05-12 05:06:17.276 E/SafeInvoker( 2878): 	at android.os.Binder.execTransact(Binder.java:1453)
05-12 05:06:17.276 E/SafeInvoker( 2878): Service invocation returned exception
05-12 05:06:17.276 E/SafeInvoker( 2878): android.content.pm.PackageManager$NameNotFoundException: com.motorola.securevault
05-12 05:06:17.276 E/SafeInvoker( 2878): 	at android.app.ApplicationPackageManager.getApplicationInfoAsUser(ApplicationPackageManager.java:528)
05-12 05:06:17.276 E/SafeInvoker( 2878): 	at android.app.ApplicationPackageManager.getApplicationInfo(ApplicationPackageManager.java:511)
05-12 05:06:17.276 E/SafeInvoker( 2878): 	at android.app.ApplicationPackageManager.getApplicationInfo(ApplicationPackageManager.java:505)
05-12 05:06:17.276 E/SafeInvoker( 2878): 	at android.app.ApplicationPackageManager.getResourcesForApplication(ApplicationPackageManager.java:2134)
05-12 05:06:17.276 E/SafeInvoker( 2878): 	at com.motorola.server.security.securevault.utils.Utils.getApplicationResourceIdentifier(Utils.java:82)
05-12 05:06:17.276 E/SafeInvoker( 2878): 	at com.motorola.server.security.securevault.utils.Utils.getVaultProfileFilterList(Utils.java:132)
05-12 05:06:17.276 E/SafeInvoker( 2878): 	at com.motorola.server.security.securevault.UserFilteringPolicy.lambda$shouldExcludeVaultProfile$0(UserFilteringPolicy.java:22)
05-12 05:06:17.276 E/SafeInvoker( 2878): 	at com.motorola.server.security.securevault.UserFilteringPolicy.$r8$lambda$jR7E2mX-Lw2CinGTcPdwj0zFoNY(UserFilteringPolicy.java:0)
05-12 05:06:17.276 E/SafeInvoker( 2878): 	at com.motorola.server.security.securevault.UserFilteringPolicy$$ExternalSyntheticLambda0.call(R8$$SyntheticClass:0)
05-12 05:06:17.276 E/SafeInvoker( 2878): 	at com.motorola.server.security.securevault.invoker.SafeInvoker.invokeWithClearCallingReturnable(SafeInvoker.java:65)
05-12 05:06:17.276 E/SafeInvoker( 2878): 	at com.motorola.server.security.securevault.invoker.SafeInvoker.invokeWithClearCallingWithBooleanReturn(SafeInvoker.java:99)
05-12 05:06:17.276 E/SafeInvoker( 2878): 	at com.motorola.server.security.securevault.UserFilteringPolicy.shouldExcludeVaultProfile(UserFilteringPolicy.java:19)
05-12 05:06:17.276 E/SafeInvoker( 2878): 	at com.motorola.server.security.securevault.SecureVault.shouldExcludeVaultProfile(SecureVault.java:378)
05-12 05:06:17.276 E/SafeInvoker( 2878): 	at com.motorola.server.security.MotoSecurityManagerService$1.shouldExcludeVaultProfile(MotoSecurityManagerService.java:449)
05-12 05:06:17.276 E/SafeInvoker( 2878): 	at com.motorola.internal.security.MotoSecurityManager.shouldExcludeVaultProfile(MotoSecurityManager.java:735)
05-12 05:06:17.276 E/SafeInvoker( 2878): 	at com.motorola.internal.security.MotoSecurityUtils.shouldExcludeVaultProfile(MotoSecurityUtils.java:240)
05-12 05:06:17.276 E/SafeInvoker( 2878): 	at com.android.server.pm.UserManagerService.getProfileIds(UserManagerService.java:1534)
05-12 05:06:17.276 E/SafeInvoker( 2878): 	at com.android.server.pm.UserManagerService.getProfileIds(UserManagerService.java:1517)
05-12 05:06:17.276 E/SafeInvoker( 2878): 	at com.android.server.wm.RecentTasks.getProfileIds(RecentTasks.java:955)
05-12 05:06:17.276 E/SafeInvoker( 2878): 	at com.android.server.wm.RecentTasks.getRecentTasksImpl(RecentTasks.java:987)
05-12 05:06:17.276 E/SafeInvoker( 2878): 	at com.android.server.wm.RecentTasks.getRecentTasks(RecentTasks.java:977)
05-12 05:06:17.276 E/SafeInvoker( 2878): 	at com.android.server.wm.ActivityTaskManagerService.getRecentTasks(ActivityTaskManagerService.java:2796)
05-12 05:06:17.276 E/SafeInvoker( 2878): 	at android.app.IActivityTaskManager$Stub.onTransact(IActivityTaskManager.java:1411)
05-12 05:06:17.276 E/SafeInvoker( 2878): 	at com.android.server.wm.ActivityTaskManagerService.onTransact(ActivityTaskManagerService.java:6149)
05-12 05:06:17.276 E/SafeInvoker( 2878): 	at android.os.Binder.execTransactInternal(Binder.java:1515)
05-12 05:06:17.276 E/SafeInvoker( 2878): 	at android.os.Binder.execTransact(Binder.java:1453)
05-12 05:06:17.279 D/SafetySourceDataValidat( 2878): No cert check requested for package com.google.android.permissioncontroller
05-12 05:06:17.283 D/PersistedStoragePackageUninstalledReceiver( 4181): Received android.intent.action.PACKAGE_DATA_CLEARED for com.hyeni.calendar for u0
--------- beginning of system
05-12 05:06:17.329 D/ShortcutService( 2878): Saving package item com.motorola.launcher.secondarydisplay to /data/system_ce/0/shortcut_service/launchers/com.motorola.launcher.secondarydisplay0.xml
05-12 05:06:17.338 D/ShortcutService( 2878): Saving package item android to /data/system_ce/0/shortcut_service/launchers/android0.xml
05-12 05:06:17.343 D/ShortcutService( 2878): Saving package item com.google.android.as to /data/system_ce/0/shortcut_service/launchers/com.google.android.as0.xml
05-12 05:06:17.348 D/ShortcutService( 2878): Saving package item com.motorola.launcher3 to /data/system_ce/0/shortcut_service/launchers/com.motorola.launcher30.xml
05-12 05:06:17.353 D/ShortcutService( 2878): Saving package item com.android.systemui to /data/system_ce/0/shortcut_service/launchers/com.android.systemui0.xml
05-12 05:06:18.861 D/BoundBrokerSvc( 4147): onUnbind: Intent { act=com.google.android.gms.libs.gmscorelogger.service.START dat=chimera-action:/... cmp=com.google.android.gms/.chimera.PersistentDirectBootAwareApiService }
05-12 05:06:20.165 D/WifiStaIfaceHidlImpl( 2878): getCachedScanData is not implemented by HIDL
05-12 05:06:21.621 I/android.hardware.thermal@2.0-service.qti-v2( 3383): Sensor Name:skin1 temp: 33.308. prev severity:0. cur severity:0 New severity:0
05-12 05:06:23.215 D/WifiStaIfaceHidlImpl( 2878): getCachedScanData is not implemented by HIDL
05-12 05:06:24.121 W/JobScheduler.JobStatus( 2878): Exempted app com.dti.motorola considered buggy
05-12 05:06:24.121 D/PowerManagerService( 2878): nativeAcquireSuspendBlocker name:PowerManagerService.WakeLocks duration ms: 4
05-12 05:06:24.140 I/Finsky  ( 6985): [2] SCH: job service start with id 9581.
05-12 05:06:24.147 I/Finsky  ( 6985): [260] SCH: Satisfied jobs for 9581 are: 12-1
05-12 05:06:24.147 I/Finsky  ( 6985): [269] SCH: Job 12-1 starting
05-12 05:06:24.148 I/Finsky  ( 6985): [2] WM::SCH: Logging work start for 12-1
05-12 05:06:24.148 I/Finsky  ( 6985): [2] [ContentSync] job started
05-12 05:06:24.157 I/NetworkScheduler.Stats( 4147): (REDACTED) Task %s/%s started execution. cause:%s exec_start_elapsed_seconds: %s
05-12 05:06:24.158 I/NetworkScheduler.Stats( 4147): (REDACTED) Task %s/%s started execution. cause:%s exec_start_elapsed_seconds: %s
05-12 05:06:24.160 I/SupervisionStateMachine( 4341): Platform supervision is not available on this device. [CONTEXT service_id=42 ]
05-12 05:06:24.162 I/SupervisionStateMachine( 4341): Platform supervision is not available on this device. [CONTEXT service_id=42 ]
05-12 05:06:24.173 I/SupervisionStateUtils( 4341): State all good [CONTEXT service_id=42 ]
05-12 05:06:24.174 I/SupervisionStateUtils( 4341): State all good [CONTEXT service_id=42 ]
05-12 05:06:24.179 I/SupervisionEnforcementS( 4341): (REDACTED) %s State Machine evaluation: current state: %s, trigger action: %s
05-12 05:06:24.181 W/GLSActivity( 4147): Package not matching uid 10199 com.google.android.gms [CONTEXT service_id=153 ]
05-12 05:06:24.181 W/GLSActivity( 4147): Package not matching uid 10199 com.google.android.gms [CONTEXT service_id=153 ]
05-12 05:06:24.182 I/SupervisionStateMachine( 4341): Platform supervision is not available on this device. [CONTEXT service_id=42 ]
05-12 05:06:24.188 I/SupervisionEnforcementS( 4341): (REDACTED) %s State Machine evaluation: current state: %s, trigger action: %s
05-12 05:06:24.190 I/SupervisionStateMachine( 4341): Platform supervision is not available on this device. [CONTEXT service_id=42 ]
05-12 05:06:24.194 I/SupervisionStateUtils( 4341): State all good [CONTEXT service_id=42 ]
05-12 05:06:24.195 W/GLSActivity( 4147): Package not matching uid 10199 com.google.android.gms [CONTEXT service_id=153 ]
05-12 05:06:24.196 W/CCTFlatFileLogStore( 4147): Excessive logging: 128 events, 111983 bytes from log source KIDS_SUPERVISION last 907s
05-12 05:06:24.198 I/SupervisionEnforcementS( 4341): (REDACTED) %s State Machine evaluation: current state: %s, trigger action: %s
05-12 05:06:24.201 I/SupervisionStateUtils( 4341): State all good [CONTEXT service_id=42 ]
05-12 05:06:24.202 W/GLSActivity( 4147): Package not matching uid 10199 com.google.android.gms [CONTEXT service_id=153 ]
05-12 05:06:24.204 I/PeriodicLocationRefresh( 4341): Triggering PeriodicLocationRefreshJob [CONTEXT service_id=42 ]
05-12 05:06:24.205 I/SupervisionEnforcementS( 4341): (REDACTED) %s State Machine evaluation: current state: %s, trigger action: %s
05-12 05:06:24.210 I/SupervisionStateMachine( 4341): Platform supervision is not available on this device. [CONTEXT service_id=42 ]
05-12 05:06:24.210 D/BoundBrokerSvc( 4848): onRebind: Intent { act=com.google.android.gms.locationsharingreporter.service.START dat=chimera-action:/... cmp=com.google.android.gms/.chimera.GmsApiService }
05-12 05:06:24.214 I/LocationRefresherV2( 4341): (REDACTED) Location refresh v2 started, session id %s
05-12 05:06:24.217 I/artd    ( 1609): GetBestInfo: odex next to the dex file (/data/app/~~gi6FF1zy-1z4yXLax-mYcA==/go.forest.foresttrip--iKZeUUS15Je7PCStXQCGQ==/oat/arm64/base.odex) is kOatUpToDate with filter 'speed-profile' executable 'false'
05-12 05:06:24.218 I/SupervisionStateUtils( 4341): State all good [CONTEXT service_id=42 ]
05-12 05:06:24.219 W/GLSActivity( 4147): Package not matching uid 10199 com.google.android.gms [CONTEXT service_id=153 ]
05-12 05:06:24.221 I/artd    ( 1609): GetBestInfo: odex next to the dex file (/data/app/~~dlfhrEZbEXMMMCGeLuMQtA==/com.motorola.mobiledesktop-EFGW9raOz7i33YOa4HB0-Q==/oat/arm64/base.odex) is kOatUpToDate with filter 'speed-profile' executable 'false'
05-12 05:06:24.223 I/artd    ( 1609): GetBestInfo: odex next to the dex file (/data/app/~~5B9_k-gEis1518cDWro6Og==/com.eland.mall.member-I9OnRNTZioqMmT0ImNv7Tg==/oat/arm64/base.odex) is kOatUpToDate with filter 'speed-profile' executable 'false'
05-12 05:06:24.224 I/artd    ( 1609): GetBestInfo: odex next to the dex file (/data/app/~~Yj7IXAsF4gzvLaCLW9V8Tg==/kr.go.hf.hfappandroid-dBZeuBQOpi5Hwj5dU747MQ==/oat/arm64/base.odex) is kOatUpToDate with filter 'speed-profile' executable 'false'
05-12 05:06:24.225 I/SupervisionEnforcementS( 4341): (REDACTED) %s State Machine evaluation: current state: %s, trigger action: %s
05-12 05:06:24.226 I/artd    ( 1609): GetBestInfo: odex next to the dex file (/data/app/~~ob9UZil2RA567F3jciZNCA==/com.google.ar.core-SnBElwn3cB7jrIr0ylGg5w==/oat/arm64/base.odex) is kOatUpToDate with filter 'speed-profile' executable 'false'
05-12 05:06:24.226 I/SupervisionStateMachine( 4341): Platform supervision is not available on this device. [CONTEXT service_id=42 ]
05-12 05:06:24.228 I/artd    ( 1609): GetBestInfo: odex next to the dex file (/data/app/~~E3FkMvWh0yusiv6fNOO7xw==/com.dsi.ant.service.socket-dCwNmCdK728s0ngcDvLHPA==/oat/arm64/base.odex) is kOatUpToDate with filter 'speed-profile' executable 'false'
05-12 05:06:24.235 I/SupervisionStateUtils( 4341): State all good [CONTEXT service_id=42 ]
05-12 05:06:24.236 W/GLSActivity( 4147): Package not matching uid 10199 com.google.android.gms [CONTEXT service_id=153 ]
05-12 05:06:24.241 I/artd    ( 1609): GetBestInfo: odex next to the dex file (/data/app/~~onV68-Duduh-lWxRigH1BQ==/com.hanasec.stock-W4t5GF6iJGnKH1tpwCWjZg==/oat/arm64/base.odex) is kOatUpToDate with filter 'speed-profile' executable 'false'
05-12 05:06:24.242 I/SupervisionEnforcementS( 4341): (REDACTED) %s State Machine evaluation: current state: %s, trigger action: %s
05-12 05:06:24.242 I/SetupUtils( 4341): Maybe transfer ownership. [CONTEXT service_id=42 ]
05-12 05:06:24.243 I/Job     ( 4341): (REDACTED) Job:%s success
05-12 05:06:24.244 I/artd    ( 1609): GetBestInfo: odex next to the dex file (/data/app/~~8XmuCCMdwY6i6rXQ0tfCrw==/com.google.android.partnersetup-pgViwcMhOCtiCr542_KzyQ==/oat/arm64/base.odex) is kOatUpToDate with filter 'speed-profile' executable 'false'
05-12 05:06:24.245 I/artd    ( 1609): GetBestInfo: odex next to the dex file (/data/app/~~ZxuIIGhgv9UEMsR6DBmdVQ==/com.google.android.as-oQFp2YFIkeZkczt-29eWGQ==/oat/arm64/base.odex) is kOatUpToDate with filter 'speed-profile' executable 'false'
05-12 05:06:24.247 I/artd    ( 1609): GetBestInfo: odex next to the dex file (/data/app/~~6jCcqcjTGET5zeXPFj0fRw==/com.raonsecure.touchen_mguard_4_0.hanwhasfa-aZfch-I8FJxRiSm2BCbmyw==/oat/arm64/base.odex) is kOatUpToDate with filter 'speed' executable 'false'
05-12 05:06:24.249 I/artd    ( 1609): GetBestInfo: odex next to the dex file (/data/app/~~19RqwBg7pv8ksJPbkJyuQA==/com.google.android.tts-0FBKFKFVNFGRO9yFEnvvYg==/oat/arm64/base.odex) is kOatUpToDate with filter 'speed-profile' executable 'false'
05-12 05:06:24.251 I/artd    ( 1609): GetBestInfo: odex next to the dex file (/data/app/~~ce3dFWAqrss0BSftOMz1UA==/kr.co.waug.waug-c6baeBuDuFCi61xMXDYxcg==/oat/arm64/base.odex) is kOatUpToDate with filter 'speed-profile' executable 'false'
05-12 05:06:24.252 I/NetworkScheduler.Stats( 4147): (REDACTED) Task %s/%s finished executing. cause:%s result: %s elapsed_millis: %s uptime_millis: %s exec_start_elapsed_seconds: %s
05-12 05:06:24.254 W/Finsky  ( 6985): [2] STU: Failed to get storage stats for package 'com.google.mainline.primary.libs' (1601: Error getting stats: android.content.pm.PackageManager.NameNotFoundException)
05-12 05:06:24.255 I/GmsCoreXrpcWrapper( 4848): (REDACTED) Creating a custom channel provider with trafficStatsTag=%d trafficStatsUid=%d
05-12 05:06:24.256 I/artd    ( 1609): GetBestInfo: odex next to the dex file (/data/app/~~6OHsI3lP09EL4DZ-6rDGow==/com.namyangi.namyangimall-6Moi_junsgVWUN-oBxV8gQ==/oat/arm64/base.odex) is kOatUpToDate with filter 'speed-profile' executable 'false'
05-12 05:06:24.264 I/artd    ( 1609): GetBestInfo: odex next to the dex file (/data/app/~~iIc1wq94y-UG3Yz-y9cw3A==/com.outfit7.talkingtomgoldrun-Cc7Vm8r5JyjFtZkg_fTrOg==/oat/arm64/base.odex) is kOatUpToDate with filter 'speed-profile' executable 'false'
05-12 05:06:24.264 I/artd    ( 1609): GetBestInfo: vdex next to the dex file (/data/user/0/com.outfit7.talkingtomgoldrun/app_pccache/5/A4A3883B62E64477497A21E502C207B1868F77D8/oat/arm64/pcam.vdex) is kOatUpToDate with filter 'verify' executable 'false'
05-12 05:06:24.266 I/artd    ( 1609): GetBestInfo: odex next to the dex file (/data/app/~~ebt_bHdhCZCh5bCnsdqLPg==/com.motorola.gamemode-sKe4I2WbZoh_NUwFpWb0GQ==/oat/arm64/base.odex) is kOatUpToDate with filter 'speed-profile' executable 'false'
05-12 05:06:24.270 I/artd    ( 1609): GetBestInfo: odex next to the dex file (/data/app/~~AwyxKk9saX_G3AJiiW3g-A==/com.fidgettrading.game-PYG05dQCXq2tMEnkjQcXrA==/oat/arm64/base.odex) is kOatUpToDate with filter 'speed-profile' executable 'false'
05-12 05:06:24.271 I/artd    ( 1609): GetBestInfo: vdex next to the dex file (/data/user/0/com.fidgettrading.game/cache/oat/arm64/app_resources_lib.vdex) is kOatUpToDate with filter 'verify' executable 'false'
05-12 05:06:24.272 I/artd    ( 1609): GetBestInfo: vdex next to the dex file (/data/user/0/com.fidgettrading.game/cache/oat/arm64/remote_config_resources_lib.vdex) is kOatUpToDate with filter 'verify' executable 'false'
05-12 05:06:24.272 I/artd    ( 1609): GetBestInfo: vdex next to the dex file (/data/user/0/com.fidgettrading.game/cache/oat/arm64/google_api_resources_lib.vdex) is kOatUpToDate with filter 'verify' executable 'false'
05-12 05:06:24.273 I/artd    ( 1609): GetBestInfo: vdex next to the dex file (/data/user/0/com.fidgettrading.game/app_pccache/5/A4A3883B62E64477497A21E502C207B1868F77D8/oat/arm64/pcam.vdex) is kOatUpToDate with filter 'verify' executable 'false'
05-12 05:06:24.274 I/NetworkScheduler.Stats( 4147): (REDACTED) Task %s/%s started execution. cause:%s exec_start_elapsed_seconds: %s
05-12 05:06:24.276 W/Finsky  ( 6985): [2] STU: Failed to get storage stats for package 'com.android.nfcservices' (1601: Error getting stats: android.content.pm.PackageManager.NameNotFoundException)
05-12 05:06:24.277 I/PlayGamesServices[GamesSyncAdapter]( 4848): Starting sync for 5785a693
05-12 05:06:24.278 I/PlayGamesServices[GamesSyncAdapter]( 4848): Sync duration for 5785a693: 0
05-12 05:06:24.281 I/artd    ( 1609): GetBestInfo: odex next to the dex file (/data/app/~~TLP__Q5PrqGl6lAwSqdf7A==/com.google.android.apps.gcs-TuNSbV1aRTLuYVkAGdVOmQ==/oat/arm64/base.odex) is kOatUpToDate with filter 'speed-profile' executable 'false'
05-12 05:06:24.283 I/NetworkScheduler.Stats( 4147): (REDACTED) Task %s/%s finished executing. cause:%s result: %s elapsed_millis: %s uptime_millis: %s exec_start_elapsed_seconds: %s
05-12 05:06:24.285 I/artd    ( 1609): GetBestInfo: odex next to the dex file (/data/app/~~PQpM8AObpl8dULNYgNyfiw==/com.shinhan.sbanking-r8FGnkZZr2TXjanRAr6UPg==/oat/arm64/base.odex) is kOatUpToDate with filter 'speed-profile' executable 'false'
05-12 05:06:24.285 W/PlayGamesServices[UiUtils]( 4848): AppVersion: Cannot find the installed destination app.
05-12 05:06:24.286 I/GetServiceValidatorImpl( 4848): (REDACTED) onGetService() from Client SDK version [%s], Module version [%s], PGA version [%s], Account [%s], Calling package [%s], Game package [%s]
05-12 05:06:24.286 W/GetGamesServiceReqFacto( 4848): Parsing request with ignored arguments. signInOptionsBundle [Bundle[{com.google.android.gms.signin.internal.serverClientId=null, com.google.android.gms.signin.internal.usePromptModeForAuthCode=true, com.google.android.gms.signin.internal.logSessionId=null, com.google.android.gms.signin.internal.hostedDomain=null, com.google.android.gms.signin.internal.offlineAccessRequested=false, com.google.android.gms.signin.internal.waitForAccessTokenRefresh=false, com.google.android.gms.signin.internal.clientRequestedAccount=Account {name=<<default account>>, type=com.google}, com.google.android.gms.signin.internal.idTokenRequested=false, com.google.android.gms.signin.internal.forceCodeForRefreshToken=false}]], isRetryingSignIn [false], skipWelcomePopup [false], requireGooglePlus [false]
05-12 05:06:24.286 I/GetGamesServiceReqFacto( 4848): Replacing request for `games` scope with `games_lite`
05-12 05:06:24.288 I/artd    ( 1609): GetBestInfo: odex next to the dex file (/data/app/~~pge04MdiFPcvWithhdwx0Q==/kr.co.playtime.playtime-X7VY1yb-W4Va62kXV5V6nA==/oat/arm64/base.odex) is kOatUpToDate with filter 'speed-profile' executable 'false'
05-12 05:06:24.289 E/jtbn    ( 4848): *~*~*~ Previous channel {0} was garbage collected without being shut down! ~*~*~*
05-12 05:06:24.289 E/jtbn    ( 4848):     Make sure to call shutdown()/shutdownNow()
05-12 05:06:24.289 E/jtbn    ( 4848): java.lang.RuntimeException: ManagedChannel allocation site
05-12 05:06:24.289 E/jtbn    ( 4848): 	at jtbm.<init>(:com.google.android.gms@261631035@26.16.31 (260400-900800821):21)
05-12 05:06:24.289 E/jtbn    ( 4848): 	at jtbn.<init>(:com.google.android.gms@261631035@26.16.31 (260400-900800821):10)
05-12 05:06:24.289 E/jtbn    ( 4848): 	at jtbl.a(:com.google.android.gms@261631035@26.16.31 (260400-900800821):300)
05-12 05:06:24.289 E/jtbn    ( 4848): 	at jsjd.a(:com.google.android.gms@261631035@26.16.31 (260400-900800821):5)
05-12 05:06:24.289 E/jtbn    ( 4848): 	at daxq.h(:com.google.android.gms@261631035@26.16.31 (260400-900800821):154)
05-12 05:06:24.289 E/jtbn    ( 4848): 	at hoqu.a(:com.google.android.gms@261631035@26.16.31 (260400-900800821):142)
05-12 05:06:24.289 E/jtbn    ( 4848): 	at hccf.a(:com.google.android.gms@261631035@26.16.31 (260400-900800821):17)
05-12 05:06:24.289 E/jtbn    ( 4848): 	at hlct.a(:com.google.android.gms@261631035@26.16.31 (260400-900800821):3)
05-12 05:06:24.289 E/jtbn    ( 4848): 	at hlbu.run(:com.google.android.gms@261631035@26.16.31 (260400-900800821):19)
05-12 05:06:24.289 E/jtbn    ( 4848): 	at hlcv.run(:com.google.android.gms@261631035@26.16.31 (260400-900800821):5)
05-12 05:06:24.289 E/jtbn    ( 4848): 	at bjwm.c(:com.google.android.gms@261631035@26.16.31 (260400-900800821):50)
05-12 05:06:24.289 E/jtbn    ( 4848): 	at bjwm.run(:com.google.android.gms@261631035@26.16.31 (260400-900800821):66)
05-12 05:06:24.289 E/jtbn    ( 4848): 	at java.util.concurrent.ThreadPoolExecutor.runWorker(ThreadPoolExecutor.java:1154)
05-12 05:06:24.289 E/jtbn    ( 4848): 	at java.util.concurrent.ThreadPoolExecutor$Worker.run(ThreadPoolExecutor.java:652)
05-12 05:06:24.289 E/jtbn    ( 4848): 	at bkcd.run(:com.google.android.gms@261631035@26.16.31 (260400-900800821):8)
05-12 05:06:24.289 E/jtbn    ( 4848): 	at java.lang.Thread.run(Thread.java:1564)
05-12 05:06:24.296 I/NetworkScheduler.Stats( 4147): (REDACTED) Task %s/%s started execution. cause:%s exec_start_elapsed_seconds: %s
05-12 05:06:24.296 I/SignInPerformer-8( 4848): (REDACTED) Handling request [%s], isFirstPartyCaller [%s]
05-12 05:06:24.296 I/SupervisionStateMachine( 4341): Platform supervision is not available on this device. [CONTEXT service_id=42 ]
05-12 05:06:24.298 I/SignInPerformer-8( 4848): Successfully brokered first-party unauthenticated GamesService [CONTEXT service_id=1 ]
05-12 05:06:24.298 I/GetGamesServiceV2Op( 4848): (REDACTED) Successfully brokered GamesService for request %s
05-12 05:06:24.298 I/artd    ( 1609): GetBestInfo: odex next to the dex file (/data/app/~~yn0T_CfJAkAgwL8UzVT69w==/com.jmcoffee-Cc0jbqc19lhlldVw8Waq7A==/oat/arm64/base.odex) is kOatUpToDate with filter 'speed-profile' executable 'false'
05-12 05:06:24.299 W/PlayGamesServices[UiUtils]( 4848): AppVersion: Cannot find the installed destination app.
05-12 05:06:24.299 W/PlayGamesServices[UiUtils]( 4848): AppVersionName: Cannot find the installed destination app.
05-12 05:06:24.302 I/artd    ( 1609): GetBestInfo: odex next to the dex file (/data/app/~~yWFOimNNe7suLoxayCVUAw==/com.miral.membership-Sk208iYEEbJ9przGS1N2_A==/oat/arm64/base.odex) is kOatUpToDate with filter 'speed-profile' executable 'false'
05-12 05:06:24.307 I/artd    ( 1609): GetBestInfo: odex next to the dex file (/data/app/~~zwCt8fsPNY1JdpdhZu9ODg==/ctrip.english-lXzxLtbvZw8xFP0Lf8vAGA==/oat/arm64/base.odex) is kOatUpToDate with filter 'speed-profile' executable 'false'
05-12 05:06:24.308 I/artd    ( 1609): GetBestInfo: vdex next to the dex file (/data/user/0/ctrip.english/files/hotfixV2/29391843/hf_ibu-android-common/des/oat/arm64/patch.vdex) is kOatUpToDate with filter 'verify' executable 'false'
05-12 05:06:24.310 I/SupervisionStateUtils( 4341): State all good [CONTEXT service_id=42 ]
05-12 05:06:24.311 W/GLSActivity( 4147): Package not matching uid 10199 com.google.android.gms [CONTEXT service_id=153 ]
05-12 05:06:24.312 I/artd    ( 1609): GetBestInfo: odex next to the dex file (/data/app/~~mndWxxNCogN1oLcyimjjTA==/com.google.android.apps.googleassistant-OIDxf1uU4KjH7OkzOrJm5Q==/oat/arm64/base.odex) is kOatUpToDate with filter 'speed-profile' executable 'false'
05-12 05:06:24.315 W/Finsky  ( 6985): [2] STU: Failed to get storage stats for package 'com.google.android.devicelock' (1601: Error getting stats: android.content.pm.PackageManager.NameNotFoundException)
05-12 05:06:24.315 I/artd    ( 1609): GetBestInfo: odex next to the dex file (/data/app/~~mxhhE9Wf7mNU6EPXAkZ3Dw==/com.motorola.spaces-uwxTM5uhkPKrH350eoABzQ==/oat/arm64/base.odex) is kOatUpToDate with filter 'speed-profile' executable 'false'
05-12 05:06:24.318 I/artd    ( 1609): GetBestInfo: odex next to the dex file (/data/app/~~c76xg5sa-Ec9FMDchgZRPQ==/com.tocaboca.tocalifeworld-f7pxqEjE6VR56JVZSReRug==/oat/arm64/base.odex) is kOatUpToDate with filter 'speed-profile' executable 'false'
05-12 05:06:24.318 I/SupervisionEnforcementS( 4341): (REDACTED) %s State Machine evaluation: current state: %s, trigger action: %s
05-12 05:06:24.320 I/SupervisionStateMachine( 4341): Platform supervision is not available on this device. [CONTEXT service_id=42 ]
05-12 05:06:24.320 I/artd    ( 1609): GetBestInfo: odex next to the dex file (/data/app/~~E5bl1V7njh2-TO6VNvVXRA==/com.xs2theworld.cxmobile-s761ARdLiYYuRXVZL0YDoQ==/oat/arm64/base.odex) is kOatUpToDate with filter 'speed-profile' executable 'false'
05-12 05:06:24.323 I/artd    ( 1609): GetBestInfo: odex next to the dex file (/data/app/~~D3YdtURJu5ZXKG1atFGBFQ==/com.google.android.apps.youtube.music-lbxsNd9WPjQa6hbbwliv7g==/oat/arm64/base.odex) is kOatUpToDate with filter 'speed-profile' executable 'false'
05-12 05:06:24.326 I/artd    ( 1609): GetBestInfo: odex next to the dex file (/data/app/~~ufMgVm42iZP81AEv5O1CbA==/com.kakao.taxi-jhYR86rfHPhYUwVwtcxkKQ==/oat/arm64/base.odex) is kOatUpToDate with filter 'speed-profile' executable 'false'
05-12 05:06:24.328 I/artd    ( 1609): GetBestInfo: odex next to the dex file (/data/app/~~N0vPbU8APjH6xMwP7Dg9uw==/com.kfmes.subway-VzOS7atf-W9I5dscFFtr9A==/oat/arm64/base.odex) is kOatUpToDate with filter 'speed-profile' executable 'false'
05-12 05:06:24.329 I/artd    ( 1609): GetBestInfo: vdex next to the dex file (/data/user/0/com.kfmes.subway/app_pccache/5/0DB12F04482D5EE6F1C4FAFDFA9C30C300995A35/oat/arm64/pcam.vdex) is kOatUpToDate with filter 'verify' executable 'false'
05-12 05:06:24.329 I/artd    ( 1609): GetBestInfo: vdex next to the dex file (/data/user/0/com.kfmes.subway/app_pccache/5/092940B270D6635C3081F004DD99A26CC95EADE3/oat/arm64/pcam.vdex) is kOatUpToDate with filter 'verify' executable 'false'
05-12 05:06:24.332 I/SupervisionStateUtils( 4341): State all good [CONTEXT service_id=42 ]
05-12 05:06:24.334 W/GLSActivity( 4147): Package not matching uid 10199 com.google.android.gms [CONTEXT service_id=153 ]
05-12 05:06:24.337 I/artd    ( 1609): GetBestInfo: odex next to the dex file (/data/app/~~41TNXowtEU1uvALKyf1Gjg==/com.tplink.iot-89109CG5GVzPQNeEcaZMxA==/oat/arm64/base.odex) is kOatUpToDate with filter 'speed-profile' executable 'false'
05-12 05:06:24.341 I/artd    ( 1609): GetBestInfo: odex next to the dex file (/data/app/~~FiGDVH7thncmRVKYP9BwlQ==/com.mwm.procolor-6MTNK0qxV6HmyLPhNGBCXQ==/oat/arm64/base.odex) is kOatUpToDate with filter 'speed-profile' executable 'false'
05-12 05:06:24.342 I/SupervisionEnforcementS( 4341): (REDACTED) %s State Machine evaluation: current state: %s, trigger action: %s
05-12 05:06:24.342 I/artd    ( 1609): GetBestInfo: vdex next to the dex file (/data/user/0/com.mwm.procolor/app_pccache/5/591C52BA23C4E0E4C6EB8A94DE92F532A215A628/oat/arm64/pcam.vdex) is kOatUpToDate with filter 'verify' executable 'false'
05-12 05:06:24.342 I/artd    ( 1609): GetBestInfo: vdex next to the dex file (/data/user/0/com.mwm.procolor/app_pccache/5/A4A3883B62E64477497A21E502C207B1868F77D8/oat/arm64/pcam.vdex) is kOatUpToDate with filter 'verify' executable 'false'
05-12 05:06:24.345 I/artd    ( 1609): GetBestInfo: odex next to the dex file (/data/app/~~AgYwycswZduHCKSLalvhkA==/com.google.android.webview-yarYKlzPKoJVS4vuQnwivg==/oat/arm64/base.odex) is kOatUpToDate with filter 'speed-profile' executable 'false'
05-12 05:06:24.346 I/artd    ( 1609): GetBestInfo: odex next to the dex file (/data/app/~~AgYwycswZduHCKSLalvhkA==/com.google.android.webview-yarYKlzPKoJVS4vuQnwivg==/oat/arm/base.odex) is kOatUpToDate with filter 'speed-profile' executable 'false'
05-12 05:06:24.351 I/DeviceStatesUploader( 4341): (REDACTED) Start reporting states: fullReport = %s, syncTrigger = %s
05-12 05:06:24.352 W/Finsky  ( 6985): [2] STU: Failed to get storage stats for package 'com.motorola.motosecure' (1601: Error getting stats: android.content.pm.PackageManager.NameNotFoundException)
05-12 05:06:24.354 I/artd    ( 1609): GetBestInfo: odex next to the dex file (/data/app/~~M1kqLtYF8KELTwJ1c1axkg==/com.google.android.apps.docs.editors.docs-43HBtW6w2tt0O3qCoPjbaQ==/oat/arm64/base.odex) is kOatUpToDate with filter 'speed-profile' executable 'false'
05-12 05:06:24.357 W/Finsky  ( 6985): [2] STU: Failed to get storage stats for package 'com.android.apex.cts.shim' (1601: Error getting stats: android.content.pm.PackageManager.NameNotFoundException)
05-12 05:06:24.358 I/artd    ( 1609): GetBestInfo: odex next to the dex file (/data/app/~~BBQB_J7MqhHHx-armEzZnA==/helectronsoft.com.live.wallpaper.pixel4d-KbWL6HZnYZxokE4PAhpN2w==/oat/arm64/base.odex) is kOatUpToDate with filter 'speed-profile' executable 'false'
05-12 05:06:24.358 I/artd    ( 1609): GetBestInfo: odex next to the dex file (/data/user/0/helectronsoft.com.live.wallpaper.pixel4d/app_pccache/5/A6422CD2CF82BB9C0EAF521C1BF6CC70ABCF649F/oat/arm64/pcam.odex) is kOatUpToDate with filter 'verify' executable 'false'
05-12 05:06:24.367 I/artd    ( 1609): GetBestInfo: odex next to the dex file (/data/app/~~ybZ0fz_Bpp1NL7JRTAo4zg==/com.shinhan.smartcaremgr--MAEq06sZrXoBRXLbqrL1g==/oat/arm64/base.odex) is kOatUpToDate with filter 'speed-profile' executable 'false'
05-12 05:06:24.369 I/artd    ( 1609): GetBestInfo: odex next to the dex file (/data/app/~~LTh6wR9ibtyVWHHGakUxlw==/com.google.android.apps.docs-z309WTkCmVnVhmzEi_kPGg==/oat/arm64/base.odex) is kOatUpToDate with filter 'speed-profile' executable 'false'
05-12 05:06:24.372 I/artd    ( 1609): GetBestInfo: odex next to the dex file (/data/app/~~trQiN4CVne2lZ1HSDiDD7Q==/kr.go.wetax.android-JDv2higdI1ObDUPF5FKifQ==/oat/arm64/base.odex) is kOatUpToDate with filter 'speed-profile' executable 'false'
05-12 05:06:24.374 I/artd    ( 1609): GetBestInfo: odex next to the dex file (/data/app/~~tXwZU1pBsPWHEgNTS8oAoA==/kr.co.Outback-f9on3XThz0Uv6_7XhuiQCw==/oat/arm64/base.odex) is kOatUpToDate with filter 'speed-profile' executable 'false'
05-12 05:06:24.377 I/artd    ( 1609): GetBestInfo: odex next to the dex file (/data/app/~~pzp0SkXDumv_hxfDeDmMzw==/com.alibaba.aliexpresshd-tDCZDDlUlDUzNqM8rG4Arg==/oat/arm64/base.odex) is kOatUpToDate with filter 'speed-profile' executable 'false'
05-12 05:06:24.378 I/artd    ( 1609): GetBestInfo: dm (/data/app/~~pzp0SkXDumv_hxfDeDmMzw==/com.alibaba.aliexpresshd-tDCZDDlUlDUzNqM8rG4Arg==/split_aeocr.dm) is kOatUpToDate with filter 'verify' executable 'false'
05-12 05:06:24.378 I/artd    ( 1609): GetBestInfo: dm (/data/app/~~pzp0SkXDumv_hxfDeDmMzw==/com.alibaba.aliexpresshd-tDCZDDlUlDUzNqM8rG4Arg==/split_aiFoundation.dm) is kOatUpToDate with filter 'verify' executable 'false'
05-12 05:06:24.380 I/artd    ( 1609): GetBestInfo: dm (/data/app/~~pzp0SkXDumv_hxfDeDmMzw==/com.alibaba.aliexpresshd-tDCZDDlUlDUzNqM8rG4Arg==/split_koreaOnly.dm) is kOatUpToDate with filter 'verify' executable 'false'
05-12 05:06:24.381 I/artd    ( 1609): GetBestInfo: dm (/data/app/~~pzp0SkXDumv_hxfDeDmMzw==/com.alibaba.aliexpresshd-tDCZDDlUlDUzNqM8rG4Arg==/split_push.dm) is kOatUpToDate with filter 'verify' executable 'false'
05-12 05:06:24.382 I/artd    ( 1609): GetBestInfo: dm (/data/app/~~pzp0SkXDumv_hxfDeDmMzw==/com.alibaba.aliexpresshd-tDCZDDlUlDUzNqM8rG4Arg==/split_ugc.dm) is kOatUpToDate with filter 'verify' executable 'false'
05-12 05:06:24.383 I/artd    ( 1609): GetBestInfo: dm (/data/app/~~pzp0SkXDumv_hxfDeDmMzw==/com.alibaba.aliexpresshd-tDCZDDlUlDUzNqM8rG4Arg==/split_wallet.dm) is kOatUpToDate with filter 'verify' executable 'false'
05-12 05:06:24.385 I/artd    ( 1609): GetBestInfo: odex next to the dex file (/data/app/~~pzp0SkXDumv_hxfDeDmMzw==/com.alibaba.aliexpresshd-tDCZDDlUlDUzNqM8rG4Arg==/oat/arm64/split_widget.odex) is kOatUpToDate with filter 'speed-profile' executable 'false'
05-12 05:06:24.385 I/artd    ( 1609): GetBestInfo: vdex next to the dex file (/data/user/0/com.alibaba.aliexpresshd/app_u4sdk/dlibs/1296757221/oat/arm64/core.vdex) is kOatUpToDate with filter 'verify' executable 'false'
05-12 05:06:24.385 I/artd    ( 1609): GetBestInfo: vdex next to the dex file (/data/user/0/com.alibaba.aliexpresshd/app_u4sdk/dlibs/_155314004/oat/arm64/core.vdex) is kOatUpToDate with filter 'verify' executable 'false'
05-12 05:06:24.409 I/artd    ( 1609): GetBestInfo: odex next to the dex file (/data/app/~~s4FIAhTHjeADAgNgcVYaQw==/com.ssg.serviceapp.android.egiftcertificate-IJofzCW3pi04uVXw2ix_uA==/oat/arm64/base.odex) is kOatUpToDate with filter 'speed-profile' executable 'false'
05-12 05:06:24.412 I/artd    ( 1609): GetBestInfo: odex next to the dex file (/data/app/~~JNmNuPKRdJ3jjDpD4GNvWw==/com.komsco.kpay-_WOeZu-21pe_hyFc0W_dWA==/oat/arm64/base.odex) is kOatUpToDate with filter 'speed-profile' executable 'false'
05-12 05:06:24.414 I/artd    ( 1609): GetBestInfo: odex next to the dex file (/data/app/~~06FC02Vwv1kVUNRPWrWpuw==/com.spotify.music-XNe30xtm17CH2vIJLZ66dA==/oat/arm64/base.odex) is kOatUpToDate with filter 'speed-profile' executable 'false'
05-12 05:06:24.416 I/artd    ( 1609): GetBestInfo: odex next to the dex file (/data/app/~~PN1VCjeY6BsmSLiCtwZRRw==/com.jt.alimee-SPgOAHDbDa59grrUOEsyNg==/oat/arm64/base.odex) is kOatUpToDate with filter 'speed-profile' executable 'false'
05-12 05:06:24.417 W/Finsky  ( 6985): [2] STU: Failed to get storage stats for package 'com.google.android.appsearch' (1601: Error getting stats: android.content.pm.PackageManager.NameNotFoundException)
05-12 05:06:24.418 I/artd    ( 1609): GetBestInfo: odex next to the dex file (/data/app/~~W2QWFCQIFL5SC4YMD41f8A==/com.toflux.cozytimer-s7JKj7_JMa6j4VGBLL-lJw==/oat/arm64/base.odex) is kOatUpToDate with filter 'speed-profile' executable 'false'
05-12 05:06:24.418 I/artd    ( 1609): GetBestInfo: vdex next to the dex file (/data/user/0/com.toflux.cozytimer/app_pccache/5/1CEDD60EE1DEB4A5D57108096C421D8F03173B2C/oat/arm64/pcam.vdex) is kOatUpToDate with filter 'verify' executable 'false'
05-12 05:06:24.419 I/artd    ( 1609): GetBestInfo: vdex next to the dex file (/data/user/0/com.toflux.cozytimer/app_pccache/5/61E3BEF53C4C6C7A8A86EA4DABAC482FCBC6B298/oat/arm64/pcam.vdex) is kOatUpToDate with filter 'verify' executable 'false'
05-12 05:06:24.422 I/artd    ( 1609): GetBestInfo: odex next to the dex file (/data/app/~~2wRXyR56-xcxi-6TKK0T3g==/com.google.android.videos-GcSV7OSXvIFV_C50EhKGRQ==/oat/arm64/base.odex) is kOatUpToDate with filter 'speed-profile' executable 'false'
05-12 05:06:24.423 W/Finsky  ( 6985): [2] STU: Failed to get storage stats for package 'com.google.android.art' (1601: Error getting stats: android.content.pm.PackageManager.NameNotFoundException)
05-12 05:06:24.423 I/artd    ( 1609): GetBestInfo: odex next to the dex file (/data/app/~~K_x80JtGFfsz_ebzfzT4ug==/com.google.android.marvin.talkback-MBWs_0i6sv8PoQ1qhbf3iw==/oat/arm64/base.odex) is kOatUpToDate with filter 'speed-profile' executable 'false'
05-12 05:06:24.425 I/artd    ( 1609): GetBestInfo: odex next to the dex file (/data/app/~~I08MwPL1KFg2hu24cZMjAQ==/net.skyscanner.android.main-pPVsyELZmJ70sM_b9OCB1Q==/oat/arm64/base.odex) is kOatUpToDate with filter 'speed-profile' executable 'false'
05-12 05:06:24.427 I/artd    ( 1609): GetBestInfo: odex next to the dex file (/data/app/~~HSMl5Qq6piwnFCXugrCyOA==/com.xd.xdtglobal.gp-xAKHjmCzPyGzUt7KzVOh-w==/oat/arm64/base.odex) is kOatUpToDate with filter 'speed-profile' executable 'false'
05-12 05:06:24.431 I/artd    ( 1609): GetBestInfo: odex next to the dex file (/data/app/~~X3A4DsHSCu2CVCQrybGCNg==/com.sec.android.app.sbrowser-Pt-h0Bov9gwWdOg2uWEUfg==/oat/arm64/base.odex) is kOatUpToDate with filter 'speed-profile' executable 'false'
05-12 05:06:24.433 I/artd    ( 1609): GetBestInfo: odex next to the dex file (/data/app/~~1yRKgy8UFwjoQ5ucJ934bA==/com.apple.movetoios-r1NPzobvwIKG6TYhXnqZqA==/oat/arm64/base.odex) is kOatUpToDate with filter 'speed-profile' executable 'false'
05-12 05:06:24.436 I/artd    ( 1609): GetBestInfo: odex next to the dex file (/data/app/~~lj2EbHpFzmHHKI3Tc4PKZA==/com.duolingo-jEpzSQxYPLg3f8kW5UzZuQ==/oat/arm64/base.odex) is kOatUpToDate with filter 'speed-profile' executable 'false'
05-12 05:06:24.438 I/artd    ( 1609): GetBestInfo: odex next to the dex file (/data/app/~~WOoJrMpxhYlHeMvMFhONHw==/com.dreamsecurity.MobileRelay.SampleCrypto-4suXqAO6h2XthFH8wFUrkg==/oat/arm64/base.odex) is kOatUpToDate with filter 'speed-profile' executable 'false'
05-12 05:06:24.440 I/artd    ( 1609): GetBestInfo: odex next to the dex file (/data/app/~~J2Eaq97AtgtDCuAUitn3_g==/com.google.android.safetycore-PlXPLNC4AYqb1J5AJz4P7w==/oat/arm64/base.odex) is kOatUpToDate with filter 'speed-profile' executable 'false'
05-12 05:06:24.445 I/artd    ( 1609): GetBestInfo: odex next to the dex file (/data/app/~~y4mm_DQokGGqhLUECsn_Tg==/com.nhn.android.search--DhS4EHCZzjPtUmXpjg8RQ==/oat/arm64/base.odex) is kOatUpToDate with filter 'speed-profile' executable 'false'
05-12 05:06:24.447 I/artd    ( 1609): GetBestInfo: dm (/data/app/~~y4mm_DQokGGqhLUECsn_Tg==/com.nhn.android.search--DhS4EHCZzjPtUmXpjg8RQ==/split_Clova.dm) is kOatUpToDate with filter 'verify' executable 'false'
05-12 05:06:24.448 I/artd    ( 1609): GetBestInfo: dm (/data/app/~~y4mm_DQokGGqhLUECsn_Tg==/com.nhn.android.search--DhS4EHCZzjPtUmXpjg8RQ==/split_MyPlace.dm) is kOatUpToDate with filter 'verify' executable 'false'
05-12 05:06:24.450 I/artd    ( 1609): GetBestInfo: dm (/data/app/~~y4mm_DQokGGqhLUECsn_Tg==/com.nhn.android.search--DhS4EHCZzjPtUmXpjg8RQ==/split_PrismMediaApi.dm) is kOatUpToDate with filter 'verify' executable 'false'
05-12 05:06:24.458 D/AndroidRuntime( 1949): >>>>>> START com.android.internal.os.RuntimeInit uid 2000 <<<<<<
05-12 05:06:24.460 I/app_process( 1949): MMAP_TRYLOCK is supported in uffd errno:2 addr:0x78f782c000 size:4096
05-12 05:06:24.461 I/AndroidRuntime( 1949): Using default boot image
05-12 05:06:24.461 I/AndroidRuntime( 1949): Leaving lock profiling enabled
05-12 05:06:24.463 I/app_process( 1949): Using CollectorTypeCMC GC.
05-12 05:06:24.463 I/artd    ( 1609): GetBestInfo: vdex next to the dex file (/data/app/~~cCrXLYMVsb6BEVM6HDuxTw==/android.autoinstalls.config.motorola.layout-aOvj6wggS45LICnEgIjlEg==/oat/arm64/base.vdex) is kOatUpToDate with filter 'verify' executable 'false'
05-12 05:06:24.470 I/artd    ( 1609): GetBestInfo: odex next to the dex file (/data/app/~~Wqal5ebGPaqkIOsJILg_Fw==/com.commsource.beautyplus-vGP8GQFg51BS70jj__LEZw==/oat/arm64/base.odex) is kOatUpToDate with filter 'speed-profile' executable 'false'
05-12 05:06:24.471 I/artd    ( 1609): GetBestInfo: odex next to the dex file (/data/user/0/com.commsource.beautyplus/app_pccache/5/A6422CD2CF82BB9C0EAF521C1BF6CC70ABCF649F/oat/arm64/pcam.odex) is kOatUpToDate with filter 'verify' executable 'false'
05-12 05:06:24.473 W/Finsky  ( 6985): [2] STU: Failed to get storage stats for package 'com.google.android.mediaprovider' (1601: Error getting stats: android.content.pm.PackageManager.NameNotFoundException)
05-12 05:06:24.474 I/artd    ( 1609): GetBestInfo: odex next to the dex file (/data/app/~~bJwmyEeijqR6utNbuVxrWA==/com.google.android.apps.magazines-HCNBZj9ybMGgaTnebJ9xPw==/oat/arm64/base.odex) is kOatUpToDate with filter 'speed-profile' executable 'false'
05-12 05:06:24.478 I/artd    ( 1609): GetBestInfo: odex next to the dex file (/data/app/~~I9CfWxYoEnit_ar4b84vug==/com.azmobile.themepack-iOoctsmRdIprbi-7hDbaeg==/oat/arm64/base.odex) is kOatUpToDate with filter 'speed-profile' executable 'false'
05-12 05:06:24.478 I/artd    ( 1609): GetBestInfo: vdex next to the dex file (/data/user/0/com.azmobile.themepack/app_pccache/5/591C52BA23C4E0E4C6EB8A94DE92F532A215A628/oat/arm64/pcam.vdex) is kOatUpToDate with filter 'verify' executable 'false'
05-12 05:06:24.479 I/artd    ( 1609): GetBestInfo: odex next to the dex file (/data/user/0/com.azmobile.themepack/app_pccache/5/A4A3883B62E64477497A21E502C207B1868F77D8/oat/arm64/pcam.odex) is kOatUpToDate with filter 'speed-profile' executable 'false'
05-12 05:06:24.482 I/artd    ( 1609): GetBestInfo: odex next to the dex file (/data/app/~~aYPNPlNSh6DNcvfGE-rMfA==/com.coupang.mobile.eats-xpvkANDkBcURW8waNTjVdw==/oat/arm64/base.odex) is kOatUpToDate with filter 'speed-profile' executable 'false'
05-12 05:06:24.484 I/artd    ( 1609): GetBestInfo: odex next to the dex file (/data/app/~~KFLRNIsnvD5kO23RFTFYag==/com.cs.android.SlifeCustomer-qfcDM3IbWIWLF0gR_Hm7wA==/oat/arm64/base.odex) is kOatUpToDate with filter 'speed-profile' executable 'false'
05-12 05:06:24.487 I/artd    ( 1609): GetBestInfo: odex next to the dex file (/data/app/~~v6xv6zlnMsdc5Y_mtYLwIg==/com.tss21.input.korean-Qg2QkEuVXgiPNjFZoUPyMA==/oat/arm64/base.odex) is kOatUpToDate with filter 'speed-profile' executable 'false'
05-12 05:06:24.489 I/artd    ( 1609): GetBestInfo: odex next to the dex file (/data/app/~~KxyYCsplCPvZYQrRo4BHdQ==/com.nhn.android.navercafe-reAhhnALChX7V0Wb4MD3Eg==/oat/arm64/base.odex) is kOatUpToDate with filter 'speed-profile' executable 'false'
05-12 05:06:24.493 I/artd    ( 1609): GetBestInfo: odex next to the dex file (/data/app/~~uBCJlaR2jna3K43s_7dI9g==/net.ib.android.smcard-pXZeNsytrJGazFuhwfj3WQ==/oat/arm64/base.odex) is kOatUpToDate with filter 'speed-profile' executable 'false'
05-12 05:06:24.495 I/artd    ( 1609): GetBestInfo: odex next to the dex file (/data/app/~~qdKx3cWy3wUpmV0zdgMilg==/com.carrotins.www-L6UfG5i7nHOdRz5ZEgm_5g==/oat/arm64/base.odex) is kOatUpToDate with filter 'speed-profile' executable 'false'
05-12 05:06:24.497 I/artd    ( 1609): GetBestInfo: odex next to the dex file (/data/app/~~GYsPvp4IaPwbc772bqWPtg==/com.helectronsoft.free.live.wallpaper.parallax.background-Kj8qpDE-no7cTdAElQr7oQ==/oat/arm64/base.odex) is kOatUpToDate with filter 'speed-profile' executable 'false'
05-12 05:06:24.498 I/artd    ( 1609): GetBestInfo: odex next to the dex file (/data/user/0/com.helectronsoft.free.live.wallpaper.parallax.background/app_pccache/5/A6422CD2CF82BB9C0EAF521C1BF6CC70ABCF649F/oat/arm64/pcam.odex) is kOatUpToDate with filter 'verify' executable 'false'
05-12 05:06:24.501 I/artd    ( 1609): GetBestInfo: odex next to the dex file (/data/app/~~hNvdZYKovV2so5c_6hqa0w==/com.lotte-t0H2_yrtHlGFASQDjb0-dQ==/oat/arm64/base.odex) is kOatUpToDate with filter 'speed-profile' executable 'false'
05-12 05:06:24.505 I/artd    ( 1609): GetBestInfo: odex next to the dex file (/data/app/~~EbTYWe3Ji7tRH6MvAgGVsw==/com.motorola.timeweatherwidget-oAUJsfAJgIIM_PsAfU_5xA==/oat/arm64/base.odex) is kOatUpToDate with filter 'speed-profile' executable 'false'
05-12 05:06:24.506 W/Finsky  ( 6985): [2] STU: Failed to get storage stats for package 'com.android.virt' (1601: Error getting stats: android.content.pm.PackageManager.NameNotFoundException)
05-12 05:06:24.508 I/artd    ( 1609): GetBestInfo: odex next to the dex file (/data/app/~~4hU2bvb8FS_efoS8Oyp4Vw==/kr.perfectree.heydealer-hmbSdwx1OoxcE7_Tk-W5CQ==/oat/arm64/base.odex) is kOatUpToDate with filter 'speed-profile' executable 'false'
