05-12 04:51:41.675 D/VRI[MainActivity]@c237712( 9856): reportNextDraw android.view.ViewRootImpl.performTraversals:5443 android.view.ViewRootImpl.doTraversal:3924 android.view.ViewRootImpl$TraversalRunnable.run:12903 android.view.Choreographer$CallbackRecord.run:1901 android.view.Choreographer$CallbackRecord.run:1910 
05-12 04:51:41.675 D/VRI[MainActivity]@c237712( 9856): Setup new sync=wmsSync-VRI[MainActivity]@c237712#0
05-12 04:51:41.675 I/VRI[MainActivity]@c237712( 9856): Creating new active sync group VRI[MainActivity]@c237712#1
05-12 04:51:41.677 I/SurfaceFlinger( 1004): [LayerHierarchy{RequestedLayerState{b04eed9 NavigationBar0#94 parentId=5321} 1 children}] reparent to LayerHierarchy{RequestedLayerState{Surface(name=b04eed9 NavigationBar0)/@0xdea2e36 - animation-leash of insets_animation#5321 parentId=93} 1 children}
05-12 04:51:41.677 I/SurfaceFlinger( 1004): [LayerHierarchy{RequestedLayerState{5094ae5 StatusBar#98 parentId=5320} 1 children}] reparent to LayerHierarchy{RequestedLayerState{Surface(name=5094ae5 StatusBar)/@0x21e0a99 - animation-leash of insets_animation#5320 parentId=97} 1 children}
05-12 04:51:41.677 I/SurfaceFlinger( 1004): [LayerHierarchy{RequestedLayerState{Surface(name=b04eed9 NavigationBar0)/@0xdea2e36 - animation-leash of insets_animation#5316} no children}] reparent to OffscreenRoot
05-12 04:51:41.677 I/SurfaceFlinger( 1004): [LayerHierarchy{RequestedLayerState{Surface(name=b04eed9 NavigationBar0)/@0xdea2e36 - animation-leash of insets_animation#5316} no children}] RelativeParent to null
05-12 04:51:41.677 I/SurfaceFlinger( 1004): [LayerHierarchy{RequestedLayerState{Surface(name=5094ae5 StatusBar)/@0x21e0a99 - animation-leash of insets_animation#5315} no children}] reparent to OffscreenRoot
05-12 04:51:41.677 I/SurfaceFlinger( 1004): [LayerHierarchy{RequestedLayerState{Surface(name=5094ae5 StatusBar)/@0x21e0a99 - animation-leash of insets_animation#5315} no children}] RelativeParent to null
05-12 04:51:41.682 I/AttributionAndPermissionUtils( 1096): checkPermission (forDataDelivery 0 startDataDelivery 0): Permission hard denied for client attribution [uid 10340, pid 9856, packageName "<unknown>"]
05-12 04:51:41.682 I/CameraService( 1096): getUidProcessState uid(10340) = (2)
05-12 04:51:41.682 D/BackgroundInstallControlService( 1232): Package event received: 0
05-12 04:51:41.682 D/CameraService( 1096): addListenerHelper: CameraDeviceState for CameraManager
05-12 04:51:41.683 I/CameraManager( 9856): registerAvailabilityCallback: Is device callback = false
05-12 04:51:41.684 I/CameraManagerGlobal( 9856): postSingleUpdate device: camera id 0 status STATUS_PRESENT
05-12 04:51:41.684 D/SurfaceFlinger( 1004): [input] setFocusedWindow: 886ce85 com.hyeni.calendar/com.hyeni.calendar.MainActivity
05-12 04:51:41.684 I/CameraManagerGlobal( 9856): postSingleUpdate device: camera id 1 status STATUS_PRESENT
05-12 04:51:41.684 I/CameraManagerGlobal( 9856): postSingleUpdate device: camera id 2 status STATUS_PRESENT
05-12 04:51:41.684 I/CameraManagerGlobal( 9856): postSingleUpdate device: camera id 3 status STATUS_PRESENT
05-12 04:51:41.684 I/FontLog (27703): (REDACTED) Received query %s, URI %s
05-12 04:51:41.684 I/FontLog (27703): (REDACTED) Query [%s] resolved to %s
05-12 04:51:41.685 I/WindowManager( 1232): notifyInsetsControlChanged, removed=false, win=Window{de42fa5 u0 Splash Screen com.hyeni.calendar}, caller=com.android.server.wm.InsetsStateController$$ExternalSyntheticLambda1.run:137 com.android.server.wm.WindowAnimator$$ExternalSyntheticLambda2.onTransactionCommitted:26 android.view.SurfaceControl$Transaction$$ExternalSyntheticLambda4.run:0 android.os.Handler.handleCallback:995 android.os.Handler.dispatchMessage:103 android.os.Looper.loopOnce:273 
05-12 04:51:41.685 I/FontLog (27703): (REDACTED) Font PFD returned from cache for %s
05-12 04:51:41.685 I/FontLog (27703): (REDACTED) Fetch %s end status %s
05-12 04:51:41.685 D/VRI[MainActivity]@c237712( 9856): registerCallbacksForSync syncBuffer=false
05-12 04:51:41.687 I/VRI[calendar]@148004c( 1899): onActiveControlsChanged, removed=false, mAdded=true, caller=android.view.ViewRootImpl.handleInsetsControlChanged:3002 android.view.ViewRootImpl$ViewRootHandler.handleMessageImpl:8352 android.view.ViewRootImpl$ViewRootHandler.handleMessage:8301 android.os.Handler.dispatchMessage:110 android.os.Looper.loopOnce:273 
05-12 04:51:41.687 I/SurfaceFlinger( 1004): id=5315 Removed Surface(name=5094ae5 StatusBar)/@0x21e0a99 - animation-leash of insets_animation#5315 (138)
05-12 04:51:41.687 I/View    ( 9856): setRequestedFrameRate frameRate=-4.0, this=com.getcapacitor.CapacitorWebView{76845b5 VFEDHVC.. .F...... 0,89-1080,2205 #7f080172 app:id/webview}, caller=android.view.ViewGroup.setRequestedFrameRate:9952 WV.zf.p:1 WV.zg.h:117 WV.zg.onDraw:7 com.android.webview.chromium.WebViewChromium.onDraw:19 
05-12 04:51:41.688 I/SurfaceFlinger( 1004): id=5316 Removed Surface(name=b04eed9 NavigationBar0)/@0xdea2e36 - animation-leash of insets_animation#5316 (138)
05-12 04:51:41.689 D/InputDispatcher( 1232): Once focus requested (0): 886ce85 com.hyeni.calendar/com.hyeni.calendar.MainActivity
05-12 04:51:41.689 D/InputDispatcher( 1232): Focus request (0): 886ce85 com.hyeni.calendar/com.hyeni.calendar.MainActivity but waiting because NO_WINDOW
05-12 04:51:41.689 D/VRI[MainActivity]@c237712( 9856): Received frameDrawingCallback syncResult=0 frameNum=1.
05-12 04:51:41.690 I/CameraManagerGlobal( 9856): Camera 0 facing CAMERA_FACING_BACK state now CAMERA_STATE_CLOSED for client android.system API Level 2 User Id 0Device Id 0
05-12 04:51:41.690 I/VRI[MainActivity]@c237712( 9856): mWNT: t=0xb40000747b48fa90 mBlastBufferQueue=0xb4000074fb514e70 fn= 1 HdrRenderState mRenderHdrSdrRatio=1.0 caller= android.view.ViewRootImpl$12.onFrameDraw:15441 android.view.ThreadedRenderer$1.onFrameDraw:718 <bottom of call stack> 
05-12 04:51:41.690 I/VRI[MainActivity]@c237712( 9856): Setting up sync and frameCommitCallback
05-12 04:51:41.691 I/CameraManagerGlobal( 9856): Camera 1 facing CAMERA_FACING_FRONT state now CAMERA_STATE_CLOSED for client android.system API Level 2 User Id 0Device Id 0
05-12 04:51:41.691 I/CameraManagerGlobal( 9856): Camera 2 facing CAMERA_FACING_BACK state now CAMERA_STATE_CLOSED for client android.system API Level 2 User Id 0Device Id 0
05-12 04:51:41.691 I/SurfaceFlinger( 1004): destroyed Surface(name=b04eed9 NavigationBar0)/@0xdea2e36 - animation-leash of insets_animation#5316
05-12 04:51:41.691 I/SurfaceFlinger( 1004): destroyed Surface(name=5094ae5 StatusBar)/@0x21e0a99 - animation-leash of insets_animation#5315
05-12 04:51:41.691 I/CameraManagerGlobal( 9856): Camera 20 facing CAMERA_FACING_BACK state now CAMERA_STATE_CLOSED for client com.sec.android.app.camera API Level 2 User Id 0Device Id 0
05-12 04:51:41.692 I/Layer   ( 1004): id=5316 Destroyed Surface(name=b04eed9 NavigationBar0)/@0xdea2e36 - animation-leash of insets_animation#5316
05-12 04:51:41.692 I/Layer   ( 1004): id=5315 Destroyed Surface(name=5094ae5 StatusBar)/@0x21e0a99 - animation-leash of insets_animation#5315
05-12 04:51:41.692 I/CameraManagerGlobal( 9856): Camera 23 facing CAMERA_FACING_BACK state now CAMERA_STATE_CLOSED for client android.system API Level 2 User Id 0Device Id 0
05-12 04:51:41.692 I/CameraManagerGlobal( 9856): Camera 3 facing CAMERA_FACING_FRONT state now CAMERA_STATE_CLOSED for client android.system API Level 2 User Id 0Device Id 0
05-12 04:51:41.692 I/CameraManagerGlobal( 9856): Camera 4 facing CAMERA_FACING_FRONT state now CAMERA_STATE_CLOSED for client android.system API Level 2 User Id 0Device Id 0
05-12 04:51:41.692 I/CameraManagerGlobal( 9856): Camera 56 facing CAMERA_FACING_BACK state now CAMERA_STATE_CLOSED for client android.system API Level 2 User Id 0Device Id 0
05-12 04:51:41.692 I/CameraManagerGlobal( 9856): Camera 58 facing CAMERA_FACING_BACK state now CAMERA_STATE_CLOSED for client android.system API Level 2 User Id 0Device Id 0
05-12 04:51:41.692 I/CameraManagerGlobal( 9856): Camera 60 facing CAMERA_FACING_BACK state now CAMERA_STATE_CLOSED for client android.system API Level 2 User Id 0Device Id 0
05-12 04:51:41.693 I/FontLog (27703): (REDACTED) Pulling font file for id = %d, cache size = %d
05-12 04:51:41.698 I/FontLog (27703): (REDACTED) Received query %s, URI %s
05-12 04:51:41.698 I/FontLog (27703): (REDACTED) Query [%s] resolved to %s
05-12 04:51:41.699 I/VSyncReactor( 1004): Current= 120, Period= 120, hwcPeriod= 120
05-12 04:51:41.701 I/FontLog (27703): (REDACTED) Font PFD returned from cache for %s
05-12 04:51:41.701 I/FontLog (27703): (REDACTED) Fetch %s end status %s
05-12 04:51:41.703 I/FontLog (27703): (REDACTED) Pulling font file for id = %d, cache size = %d
05-12 04:51:41.709 I/FontLog (27703): (REDACTED) Received query %s, URI %s
05-12 04:51:41.709 I/FontLog (27703): (REDACTED) Query [%s] resolved to %s
05-12 04:51:41.711 I/FontLog (27703): (REDACTED) Font PFD returned from cache for %s
05-12 04:51:41.711 I/FontLog (27703): (REDACTED) Fetch %s end status %s
05-12 04:51:41.713 I/FontLog (27703): (REDACTED) Pulling font file for id = %d, cache size = %d
05-12 04:51:41.724 I/GSC     ( 9856): SID[0] : fe6ff4e467193f9c, Kind: 1, time : 10.971 ms
05-12 04:51:41.730 I/GSC     ( 9856): SID[1] : 9fb7104710fc7e74, Kind: 0, time : 5.636 ms
05-12 04:51:41.732 I/BLASTBufferQueue( 9856): [VRI[MainActivity]@c237712#0](f:0,a:0,s:0) onFrameAvailable the first frame is available
05-12 04:51:41.732 I/VRI[MainActivity]@c237712( 9856): Received frameCommittedCallback lastAttemptedDrawFrameNum=1 didProduceBuffer=true
05-12 04:51:41.733 D/HWUI    ( 9856): CFMS:: SetUp Pid : 9856    Tid : 9889
05-12 04:51:41.733 I/SurfaceFlinger( 1004): [com.hyeni.calendar/com.hyeni.calendar.MainActivity$_9856#5319] setTransactionState with the first frame. bufferData(ID: 42331197669379, frameNumber: 1)
05-12 04:51:41.734 D/VRI[MainActivity]@c237712( 9856): reportDrawFinished seqId=0
05-12 04:51:41.734 D/WindowManager( 1232): finishDrawingWindow: Window{886ce85 u0 com.hyeni.calendar/com.hyeni.calendar.MainActivity} mDrawState=DRAW_PENDING seqId=0
05-12 04:51:41.736 D/SurfaceComposerClient( 1232): setCornerRadius ## de42fa5 Splash Screen com.hyeni.calendar#5312 cornerRadius=0.000000
05-12 04:51:41.736 D/SurfaceComposerClient( 1232): setCornerRadius ## 886ce85 com.hyeni.calendar/com.hyeni.calendar.MainActivity#5318 cornerRadius=0.000000
05-12 04:51:41.736 D/Capacitor( 9856): Handling local request: https://localhost/assets/index-BQmQpOSh.js
05-12 04:51:41.737 D/SurfaceComposerClient( 1232): setCornerRadius ## de42fa5 Splash Screen com.hyeni.calendar#5312 cornerRadius=0.000000
05-12 04:51:41.738 V/WindowManager( 1232): Finish starting ActivityRecord{235933493 u0 com.hyeni.calendar/.MainActivity t118}: first real window is shown, no animation
05-12 04:51:41.739 D/Capacitor( 9856): Handling local request: https://localhost/assets/index-DKLOwjS5.css
05-12 04:51:41.739 V/WindowManager( 1232): Schedule remove starting ActivityRecord{235933493 u0 com.hyeni.calendar/.MainActivity t118} startingWindow=Window{de42fa5 u0 Splash Screen com.hyeni.calendar} animate=true Callers=com.android.server.wm.ActivityRecord.removeStartingWindow:178 com.android.server.wm.WindowState.performShowLocked:155 com.android.server.wm.WindowStateAnimator.commitFinishDrawingLocked:73 com.android.server.wm.DisplayContent$$ExternalSyntheticLambda1.accept$com$android$server$wm$DisplayContent$$ExternalSyntheticLambda37:23 com.android.server.wm.DisplayContent$$ExternalSyntheticLambda1.accept:143 
05-12 04:51:41.740 D/TaskOrganizerController( 1232): applyStartingWindowAnimation, window=Window{886ce85 u0 com.hyeni.calendar/com.hyeni.calendar.MainActivity}, caller=com.android.server.wm.TaskOrganizerController.removeStartingWindow:132 com.android.server.wm.StartingSurfaceController$StartingSurface.remove:23 com.android.server.wm.ActivityRecord.removeStartingWindowAnimation:171 
05-12 04:51:41.740 I/WindowManager( 1232): Reparenting to leash, surface=Surface(name=886ce85 com.hyeni.calendar/com.hyeni.calendar.MainActivity)/@0xabb983a, leashParent=Surface(name=ActivityRecord{235933493 u0 com.hyeni.calendar/.MainActivity t118})/@0x11daceb
05-12 04:51:41.740 I/SurfaceFlinger( 1004): id=5322 createSurf, flag=24000, Surface(name=886ce85 com.hyeni.calendar/com.hyeni.calendar.MainActivity)/@0xabb983a - animation-leash of starting_reveal#5322
05-12 04:51:41.741 D/WindowManager( 1232): makeSurface duration=1 leash=Surface(name=Surface(name=886ce85 com.hyeni.calendar/com.hyeni.calendar.MainActivity)/@0xabb983a - animation-leash of starting_reveal)/@0xd146a48
05-12 04:51:41.741 I/SurfaceFlinger( 1004): [Surface(name=886ce85 com.hyeni.calendar/com.hyeni.calendar.MainActivity)/@0xabb983a - animation-leash of starting_reveal#5322] attach to parent LayerHierarchy{RequestedLayerState{ActivityRecord{235933493 u0 com.hyeni.calendar/.MainActivity t118}#5311 parentId=5310} 4 children}
05-12 04:51:41.742 V/WindowManager( 1232): performShowLocked: mDrawState=HAS_DRAWN in Window{886ce85 u0 com.hyeni.calendar/com.hyeni.calendar.MainActivity}
05-12 04:51:41.742 D/SurfaceComposerClient( 1232): setCornerRadius ## 886ce85 com.hyeni.calendar/com.hyeni.calendar.MainActivity#5318 cornerRadius=0.000000
05-12 04:51:41.743 D/HWUI    ( 9856): HWUI - treat SMPTE_170M as sRGB
05-12 04:51:41.743 D/SurfaceComposerClient( 1232): setCornerRadius ## de42fa5 Splash Screen com.hyeni.calendar#5312 cornerRadius=0.000000
05-12 04:51:41.743 D/SurfaceComposerClient( 1232): setCornerRadius ## 886ce85 com.hyeni.calendar/com.hyeni.calendar.MainActivity#5318 cornerRadius=0.000000
05-12 04:51:41.744 D/[secipm]( 1232): mSecIpmManager report to nap
05-12 04:51:41.744 I/PkgPredictorService-SecIpmManagerServiceImpl( 1232): reportToNAP uid:10340 com.hyeni.calendar/com.hyeni.calendar.MainActivity thisTime:856
05-12 04:51:41.744 D/PkgPredictorService-SecIpmManagerServiceImpl( 1232): reportToNAP: mHeavyLaunchCounter is false
05-12 04:51:41.744 D/SurfaceComposerClient( 1232): setCornerRadius ## de42fa5 Splash Screen com.hyeni.calendar#5312 cornerRadius=0.000000
05-12 04:51:41.744 D/SurfaceComposerClient( 1232): setCornerRadius ## 886ce85 com.hyeni.calendar/com.hyeni.calendar.MainActivity#5318 cornerRadius=0.000000
05-12 04:51:41.745 D/ShellTaskOrganizer( 1899): removeStartingWindow, removalInfo=StartingWindowRemovalInfo{taskId=118 frame=Rect(0, 0 - 1080, 2340) playRevealAnimation=true roundedCornerRadius=0.0 deferRemoveMode=0 windowlessSurface=false removeImmediately=false}
05-12 04:51:41.747 I/ActivityTaskManager( 1232): Displayed com.hyeni.calendar/.MainActivity for user 0: +856ms
05-12 04:51:41.747 I/Pageboost( 1232): Launch time gathered : pid 9856 com.hyeni.calendar 856
05-12 04:51:41.747 E/pageboostd( 2795): Received HALT command code 2
05-12 04:51:41.748 D/BBA2    ( 1232): updateWindowVisible for pid : 9856, visible : 1
05-12 04:51:41.750 I/SurfaceFlinger( 1004): [Display 0 name="기본으로 제공되는 화면"#49] setFrameRateCategory: High
05-12 04:51:41.750 I/SurfaceFlinger( 1004): RequestedLayer [com.hyeni.calendar/com.hyeni.calendar.MainActivity$_9856#5319] hidden!! flag  from(1) --> to(0)
05-12 04:51:41.750 I/SurfaceFlinger( 1004): [LayerHierarchy{RequestedLayerState{886ce85 com.hyeni.calendar/com.hyeni.calendar.MainActivity#5318 parentId=5322} 1 children}] reparent to LayerHierarchy{RequestedLayerState{Surface(name=886ce85 com.hyeni.calendar/com.hyeni.calendar.MainActivity)/@0xabb983a - animation-leash of starting_reveal#5322 parentId=5311} 1 children}
05-12 04:51:41.750 I/View    ( 9856): setRequestedFrameRate frameRate=-4.0, this=com.getcapacitor.CapacitorWebView{76845b5 VFEDHVC.. .F...... 0,89-1080,2205 #7f080172 app:id/webview}, caller=android.view.ViewGroup.setRequestedFrameRate:9952 WV.zf.p:1 WV.zg.h:117 WV.zg.onDraw:7 com.android.webview.chromium.WebViewChromium.onDraw:19 
05-12 04:51:41.752 I/InsetsSourceConsumer( 9856): applyRequestedVisibilityToControl: visible=true, type=statusBars, host=com.hyeni.calendar/com.hyeni.calendar.MainActivity
05-12 04:51:41.754 E/CompositionEngine( 1004): [com.hyeni.calendar/com.hyeni.calendar.MainActivity$_9856#5319] Invalid device requested composition type change: Device (2) --> Device (2)
05-12 04:51:41.754 E/CompositionEngine( 1004): [Splash Screen com.hyeni.calendar$_1899#5313] Invalid device requested composition type change: Device (2) --> Device (2)
05-12 04:51:41.754 E/CompositionEngine( 1004): [StatusBar$_1899#103] Invalid device requested composition type change: Device (2) --> Device (2)
05-12 04:51:41.754 E/CompositionEngine( 1004): [com.sec.android.app.launcher/com.samsung.app.honeyspace.edge.edgepanel.app.CocktailBarService$_2350#5258] Invalid device requested composition type change: Device (2) --> Device (2)
05-12 04:51:41.754 E/CompositionEngine( 1004): [NavigationBar0$_1899#101] Invalid device requested composition type change: Device (2) --> Device (2)
05-12 04:51:41.754 E/CompositionEngine( 1004): [ScreenDecorHwcOverlay$_1899#107] Invalid device requested composition type change: DisplayDecoration (6) --> DisplayDecoration (6)
05-12 04:51:41.754 I/DisplayDeviceRepository( 1232): Display device changed render timings: "기본으로 제공되는 화면", renderFrameRate=120.00001, presentationDeadlineNanos=9333333, appVsyncOffsetNanos=8333333, frameRateOverrides=[{uid=10055 frameRateHz=120.00001}, {uid=10153 frameRateHz=120.00001}, {uid=10340 frameRateHz=120.00001}]
05-12 04:51:41.754 W/AudioCapabilities( 9856): Unsupported mediaType audio/x-ima
05-12 04:51:41.754 W/AudioCapabilities( 9856): Unsupported mediaType audio/mpeg-L1
05-12 04:51:41.754 W/AudioCapabilities( 9856): Unsupported mediaType audio/mpeg-L2
05-12 04:51:41.754 W/VideoCapabilities( 9856): Unsupported mime video/wvc1
05-12 04:51:41.755 D/DisplayLifecycle( 1899): updateDisplay id = 0
05-12 04:51:41.755 D/SurfaceFlinger( 1004): Display 4633128672291735939 HWC layers:
05-12 04:51:41.755 D/SurfaceFlinger( 1004):        DEVICE |           42331197669379 | 00002102 | RGBA_8888    |    0.0    0.0 1080.0 2340.0 |    0    0 1080 2340 | com.hyeni.calendar/com.hyeni.calendar.MainActivity$_9856#5319 (1)
05-12 04:51:41.755 D/SurfaceFlinger( 1004):        DEVICE |            8156142970192 | 00002100 | RGBA_8888    |    0.0    0.0 1080.0 2340.0 |    0    0 1080 2340 | Splash Screen com.hyeni.calendar$_1899#5313 (1)
05-12 04:51:41.755 D/SurfaceFlinger( 1004):        DEVICE |            8156142970161 | 00002100 | RGBA_8888    |    0.0    0.0 1080.0   89.0 |    0    0 1080   89 | StatusBar$_1899#103 (17456)
05-12 04:51:41.755 D/SurfaceFlinger( 1004):        DEVICE |           10093173146846 | 00002100 | RGBA_8888    |    0.0    0.0   67.0  342.0 | 1013  438 1080  780 | com.sec.android.app.launcher/com.sam[...]el.app.CocktailBarService$_2350#5258 (1)
05-12 04:51:41.755 D/SurfaceFlinger( 1004):        DEVICE |            8156142970172 | 00002100 | RGBA_8888    |    0.0    0.0 1080.0  135.0 |    0 2205 1080 2340 | NavigationBar0$_1899#101 (8674)
05-12 04:51:41.755 D/SurfaceFlinger( 1004):  DISPLAY_DECO |            8156142969894 | 00002340 | 0x0000038    |    0.0    0.0 1080.0 2340.0 |    0    0 1080 2340 | S
05-12 04:51:41.755 D/SurfaceFlinger( 1004): creenDecorHwcOverlay$_1899#107 (19)
05-12 04:51:41.755 D/SurfaceFlinger( 1004): 
05-12 04:51:41.755 I/InsetsSourceConsumer( 9856): applyRequestedVisibilityToControl: visible=true, type=navigationBars, host=com.hyeni.calendar/com.hyeni.calendar.MainActivity
05-12 04:51:41.755 I/HoneySpace.Memory-Monitor( 2350): current state = 2, didTrim = false
05-12 04:51:41.755 D/WifiDisplayAdapter( 1232): isFitToActiveDisplayLocked : false
05-12 04:51:41.756 D/InputDispatcher( 1232): Focus entered window (0): 886ce85 com.hyeni.calendar/com.hyeni.calendar.MainActivity
05-12 04:51:41.756 W/VideoCapabilities( 9856): Unsupported mime video/x-ms-wmv
05-12 04:51:41.756 I/VRI[calendar]@148004c( 1899): mWNT: t=0xb40000747b48b2d0 mBlastBufferQueue=0xb4000074fb4e3b60 fn= 2 HdrRenderState mRenderHdrSdrRatio=1.0 caller= android.view.SyncRtSurfaceTransactionApplier.applyTransaction:100 android.view.SyncRtSurfaceTransactionApplier.lambda$scheduleApply$0:73 android.view.SyncRtSurfaceTransactionApplier.$r8$lambda$afI4fXg3U3-nBZQEDQMiNy-B06s:0 
05-12 04:51:41.756 I/VRI[calendar]@148004c( 1899): mWNT: t=0xb40000747b51a210 mBlastBufferQueue=0xb4000074fb4e3b60 fn= 2 HdrRenderState mRenderHdrSdrRatio=1.0 caller= android.view.SyncRtSurfaceTransactionApplier.applyTransaction:100 android.view.SyncRtSurfaceTransactionApplier.lambda$scheduleApply$0:73 android.view.SyncRtSurfaceTransactionApplier.$r8$lambda$afI4fXg3U3-nBZQEDQMiNy-B06s:0 
05-12 04:51:41.757 D/VRI[MainActivity]@c237712( 9856): mThreadedRenderer.initializeIfNeeded()#2 mSurface={isValid=true 0xb40000744b454430}
05-12 04:51:41.757 D/StackScroller( 1899): onDisplayChanged for predraw skip to 2
05-12 04:51:41.759 I/VRI[calendar]@148004c( 1899): mWNT: t=0xb40000747b560750 mBlastBufferQueue=0xb4000074fb4e3b60 fn= 3 HdrRenderState mRenderHdrSdrRatio=1.0 caller= android.view.SyncRtSurfaceTransactionApplier.applyTransaction:100 android.view.SyncRtSurfaceTransactionApplier.lambda$scheduleApply$0:73 android.view.SyncRtSurfaceTransactionApplier.$r8$lambda$afI4fXg3U3-nBZQEDQMiNy-B06s:0 
05-12 04:51:41.761 D/InputMethodManagerUtils( 9856): startInputInner - Id : 0
05-12 04:51:41.761 I/InputMethodManager( 9856): startInputInner - IInputMethodManagerGlobalInvoker.startInputOrWindowGainedFocus
05-12 04:51:41.761 D/SemWifiUsabilityStatsMonitor( 1232): onWifiUsabilityStats - seqNum 11768, isSameBssidAndFreq true
05-12 04:51:41.762 E/CompositionEngine( 1004): [com.hyeni.calendar/com.hyeni.calendar.MainActivity$_9856#5319] Invalid device requested composition type change: Device (2) --> Device (2)
05-12 04:51:41.762 E/CompositionEngine( 1004): [Splash Screen com.hyeni.calendar$_1899#5313] Invalid device requested composition type change: Device (2) --> Device (2)
05-12 04:51:41.762 E/CompositionEngine( 1004): [StatusBar$_1899#103] Invalid device requested composition type change: Device (2) --> Device (2)
05-12 04:51:41.762 E/CompositionEngine( 1004): [com.sec.android.app.launcher/com.samsung.app.honeyspace.edge.edgepanel.app.CocktailBarService$_2350#5258] Invalid device requested composition type change: Device (2) --> Device (2)
05-12 04:51:41.762 E/CompositionEngine( 1004): [NavigationBar0$_1899#101] Invalid device requested composition type change: Device (2) --> Device (2)
05-12 04:51:41.762 E/CompositionEngine( 1004): [ScreenDecorHwcOverlay$_1899#107] Invalid device requested composition type change: DisplayDecoration (6) --> DisplayDecoration (6)
05-12 04:51:41.762 D/Tile.WifiTile( 1899): handleUpdateState isTransient=false transientEnabling =false cb.isTransient=false state.state = 2 mStateBeforeClick.value =false enabled =true
05-12 04:51:41.762 D/SurfaceComposerClient( 1232): setCornerRadius ## de42fa5 Splash Screen com.hyeni.calendar#5312 cornerRadius=0.000000
05-12 04:51:41.762 D/SurfaceComposerClient( 1232): setCornerRadius ## 886ce85 com.hyeni.calendar/com.hyeni.calendar.MainActivity#5318 cornerRadius=0.000000
05-12 04:51:41.764 W/VideoCapabilities( 9856): Unrecognized profile/level 32768/256 for video/mp4v-es
05-12 04:51:41.764 V/InputMethodManagerService( 1232): startInputOrWindowGainedFocusInternalLocked: reason=WINDOW_FOCUS_GAIN client=android.os.BinderProxy@609d0b8 inputContext=null editorInfo=android.view.inputmethod.EditorInfo@329e2f4 startInputFlags=VIEW_HAS_FOCUS|INITIAL_CONNECTION softInputMode=STATE_UNSPECIFIED|ADJUST_RESIZE|IS_FORWARD_NAVIGATION windowFlags=#81810100 unverifiedTargetSdkVersion=36 bindingController=com.android.server.inputmethod.InputMethodBindingController@b23742 imeDispatcher=android.window.ImeOnBackInvokedDispatcher@8b42a1d cs=ClientState{8f8f492 mUid=10340 mPid=9856 mSelfReportedDisplayId=0} imeRequestedVisible=false
05-12 04:51:41.764 V/InputMethodManagerService( 1232): setWindowStateInner, windowToken=android.os.BinderProxy@d5837fc, state=ImeTargetWindowState{ imeToken null imeFocusChanged true hasEditorFocused false requestedImeVisible false imeDisplayId 0 softInputModeState STATE_UNSPECIFIED|ADJUST_RESIZE|IS_FORWARD_NAVIGATION isStartInputByGainFocus true}
05-12 04:51:41.764 V/InputMethodManagerService( 1232): Unspecified window will hide input
05-12 04:51:41.765 I/ImeTracker( 1232): com.hyeni.calendar:60a41779: onRequestHide at ORIGIN_SERVER reason HIDE_UNSPECIFIED_WINDOW fromUser false
05-12 04:51:41.765 V/InputMethodManagerService( 1232): applyImeVisibility state=6
05-12 04:51:41.765 D/SemInputMethodManagerServiceUtil( 1232): restorePreviousUsedInputMethod : failed to return the previous ime becuase the stored info is null or do not need restore
05-12 04:51:41.765 V/InputMethodManagerService( 1232): semComputeImeDisplayIdForTarget: displayToShowIme=0
05-12 04:51:41.765 V/InputMethodManagerService( 1232): unbindCurrentInputLocked: client=android.os.BinderProxy@f2d00c1
05-12 04:51:41.765 V/InputMethodManagerService( 1232): Creating new session for client ClientState{8f8f492 mUid=10340 mPid=9856 mSelfReportedDisplayId=0}
05-12 04:51:41.765 V/InputMethodManagerService( 1232): Creating new session for client ClientState{8f8f492 mUid=10340 mPid=9856 mSelfReportedDisplayId=0}
05-12 04:51:41.765 D/InputTransport( 1232): Input channel constructed: 'ClientS', fd=1061
05-12 04:51:41.765 D/InputTransport( 1232): Input channel constructed: 'ClientS', fd=1094
05-12 04:51:41.766 D/InputTransport( 1232): Input channel destroyed: 'ClientS', fd=1094
05-12 04:51:41.766 V/InputMethodManagerService( 1232): Creating new accessibility sessions for client ClientState{8f8f492 mUid=10340 mPid=9856 mSelfReportedDisplayId=0}
05-12 04:51:41.767 E/CompositionEngine( 1004): [com.hyeni.calendar/com.hyeni.calendar.MainActivity$_9856#5319] Invalid device requested composition type change: Device (2) --> Device (2)
05-12 04:51:41.767 E/CompositionEngine( 1004): [Splash Screen com.hyeni.calendar$_1899#5313] Invalid device requested composition type change: Device (2) --> Device (2)
05-12 04:51:41.767 E/CompositionEngine( 1004): [StatusBar$_1899#103] Invalid device requested composition type change: Device (2) --> Device (2)
05-12 04:51:41.767 E/CompositionEngine( 1004): [com.sec.android.app.launcher/com.samsung.app.honeyspace.edge.edgepanel.app.CocktailBarService$_2350#5258] Invalid device requested composition type change: Device (2) --> Device (2)
05-12 04:51:41.767 E/CompositionEngine( 1004): [NavigationBar0$_1899#101] Invalid device requested composition type change: Device (2) --> Device (2)
05-12 04:51:41.767 E/CompositionEngine( 1004): [ScreenDecorHwcOverlay$_1899#107] Invalid device requested composition type change: DisplayDecoration (6) --> DisplayDecoration (6)
05-12 04:51:41.768 I/InputMethodManager( 9856): handleMessage: setImeVisibility visible=false
05-12 04:51:41.768 D/InsetsController( 9856): hide(ime(), fromIme=false)
05-12 04:51:41.768 I/ImeTracker( 9856): com.hyeni.calendar:60a41779: onCancelled at PHASE_CLIENT_ALREADY_HIDDEN
05-12 04:51:41.768 I/SemDvfsHyPerManager( 1232): acquire hyper - AMS_RESUME_TAIL/1232@17, type = -999
05-12 04:51:41.769 I/SemDvfsHyPerManager( 1232): acquire hyper - AMS_ACT_LAZY/1232@18, type = -999
05-12 04:51:41.769 D/ActivityManagerPerformance( 1232): AMP_acquire() TAIL
05-12 04:51:41.769 D/ActivityManagerPerformance( 1232): AMP_release() APP_SWITCH
05-12 04:51:41.769 I/VRI[calendar]@148004c( 1899): mWNT: t=0xb40000747b49d1d0 mBlastBufferQueue=0xb4000074fb4e3b60 fn= 4 HdrRenderState mRenderHdrSdrRatio=1.0 caller= android.view.SyncRtSurfaceTransactionApplier.applyTransaction:100 android.view.SyncRtSurfaceTransactionApplier.lambda$scheduleApply$0:73 android.view.SyncRtSurfaceTransactionApplier.$r8$lambda$afI4fXg3U3-nBZQEDQMiNy-B06s:0 
05-12 04:51:41.769 I/HYPER-HAL(  935): [RequestManager.cpp]acquire(): Acquired ID : 780642  [1232 / 17]    HINT : AMS_RESUME_TAIL    list : 
05-12 04:51:41.772 D/InputMethodManagerService( 1232): isImeSwitcherDisabledPackage : false
05-12 04:51:41.772 I/HYPER-HAL(  935): [RequestManager.cpp]releaseLocked(): Released ID : 789420
05-12 04:51:41.772 D/InputMethodManagerService( 1232): shouldShowImeSwitcherLocked : checking vis : 3
05-12 04:51:41.773 V/InputMethodManagerService( 1232): Disabling: SessionState{uid=10153 pid=2350 method=562d374 session=200fd9d channel=ClientState{ac43386 mUid=10153 mPid=2350 mSelfReportedDisplayId=0} userId=0}
05-12 04:51:41.773 V/InputMethodManagerService( 1232): Enabling: SessionState{uid=10340 pid=9856 method=562d374 session=b97edbf channel=ClientState{8f8f492 mUid=10340 mPid=9856 mSelfReportedDisplayId=0} userId=0}
05-12 04:51:41.773 D/InputMethodManagerService( 1232): checkDisplayOfStartInputAndUpdateKeyboard: displayId=0, mFocusedDisplayId=0
05-12 04:51:41.773 D/InputTransport( 1232): Input channel constructed: 'ClientS', fd=1094
05-12 04:51:41.773 D/InputTransport( 1232): Input channel destroyed: 'ClientS', fd=1094
05-12 04:51:41.773 I/ActivityManager( 1232): Changes in 10153 2 to 5, 255 to 184
05-12 04:51:41.774 I/SearchHoneyPot( 2350): onViewCreated: onStop
05-12 04:51:41.775 I/HBD     (12566): HoneyBoardService onFinishInput 
05-12 04:51:41.775 W/AudioCapabilities( 9856): Unsupported mime audio/x-ima
05-12 04:51:41.775 I/HBD     (12566): a IC have been unbinding,  RemoteInputConnection{idHash=#ecad9fa}
05-12 04:51:41.775 I/HBD     (12566): HoneyBoardService [PF_CL][onFinishInput]  0 ms 
05-12 04:51:41.775 I/HBD     (12566): HoneyBoardService [IMI] onStartInput - caller pid : 9856 , caller uid : 10340 
05-12 04:51:41.775 I/HBD     (12566): r updateConfigs 
05-12 04:51:41.775 I/HBD     (12566): r isEnabledNightMode : false 
05-12 04:51:41.775 I/HBD     (12566): a IC have been binding, RemoteInputConnection{idHash=#c252bab} 
05-12 04:51:41.775 I/HBD     (12566): h [EditorInputType]setPrivateImeOptionsToTable privateImeOptions ( null )
05-12 04:51:41.775 I/HBD     (12566): b incognitoMode : false 
05-12 04:51:41.775 I/HBD     (12566): f needOff = true , isForceOff = false, isNullInputClass : true 
05-12 04:51:41.775 I/HBD     (12566): h getDefaultInputRange : UNKNOWN 
05-12 04:51:41.775 I/HBD     (12566): h getDefaultInputRange : UNKNOWN 
05-12 04:51:41.775 I/HBD     (12566): h getDefaultInputRange : UNKNOWN 
05-12 04:51:41.775 D/RestrictionPolicy( 1232): isScreenCaptureEnabled : ret=true userId=0
05-12 04:51:41.776 I/WindowManager( 1232): Cancelling animation restarting=true, leash=Surface(name=Surface(name=8f4fd6 InputMethod)/@0xbe083ae - animation-leash of insets_animation)/@0xa0e08ec
05-12 04:51:41.776 I/WindowManager( 1232): Reparenting to original parent: Surface(name=WindowToken{a5308c1 type=2011 android.os.Binder@9bc45a8})/@0xd4b454f, destroy=false, surface=Surface(name=8f4fd6 InputMethod)/@0xbe083ae
05-12 04:51:41.776 E/CompositionEngine( 1004): [com.hyeni.calendar/com.hyeni.calendar.MainActivity$_9856#5319] Invalid device requested composition type change: Device (2) --> Device (2)
05-12 04:51:41.776 E/CompositionEngine( 1004): [Splash Screen com.hyeni.calendar$_1899#5313] Invalid device requested composition type change: Device (2) --> Device (2)
05-12 04:51:41.776 E/CompositionEngine( 1004): [StatusBar$_1899#103] Invalid device requested composition type change: Device (2) --> Device (2)
05-12 04:51:41.776 E/CompositionEngine( 1004): [com.sec.android.app.launcher/com.samsung.app.honeyspace.edge.edgepanel.app.CocktailBarService$_2350#5258] Invalid device requested composition type change: Device (2) --> Device (2)
05-12 04:51:41.776 E/CompositionEngine( 1004): [NavigationBar0$_1899#101] Invalid device requested composition type change: Device (2) --> Device (2)
05-12 04:51:41.776 E/CompositionEngine( 1004): [ScreenDecorHwcOverlay$_1899#107] Invalid device requested composition type change: DisplayDecoration (6) --> DisplayDecoration (6)
05-12 04:51:41.776 I/WindowManager( 1232): Reparenting to leash, surface=Surface(name=8f4fd6 InputMethod)/@0xbe083ae, leashParent=Surface(name=WindowToken{a5308c1 type=2011 android.os.Binder@9bc45a8})/@0xd4b454f
05-12 04:51:41.776 I/SurfaceFlinger( 1004): id=5323 createSurf, flag=24004, Surface(name=8f4fd6 InputMethod)/@0xbe083ae - animation-leash of insets_animation#5323
05-12 04:51:41.776 D/WindowManager( 1232): makeSurface duration=0 leash=Surface(name=Surface(name=8f4fd6 InputMethod)/@0xbe083ae - animation-leash of insets_animation)/@0x24a83ea
05-12 04:51:41.776 I/HBD     (12566): f needOff = true , isForceOff = false, isNullInputClass : true 
05-12 04:51:41.776 D/InsetsSourceProvider( 1232): updateControlForTarget: control=InsetsSourceControl: {3 mType=ime mSurfacePosition=Point(0, 89) mInsetsHint=Insets{left=0, top=0, right=0, bottom=1008}}, target=Window{886ce85 u0 com.hyeni.calendar/com.hyeni.calendar.MainActivity}, from=com.android.server.wm.ImeInsetsSourceProvider.updateControlForTarget:17 com.android.server.wm.InsetsStateController.onControlTargetChanged:83 com.android.server.wm.DisplayContent.updateImeControlTarget:21 com.android.server.wm.DisplayContent.updateImeInputAndControlTarget:156 com.android.server.wm.WindowManagerService$LocalService.updateInputMethodTargetWindow:64 
05-12 04:51:41.776 I/HBD     (12566): f update cached prediction status : false 
05-12 04:51:41.776 I/HBD     (12566): h getDefaultInputRange : UNKNOWN 
05-12 04:51:41.776 I/HBD     (12566): h getDefaultInputRange : UNKNOWN 
05-12 04:51:41.776 I/HBD     (12566): a currentState : 0 
05-12 04:51:41.776 W/AudioCapabilities( 9856): Unsupported mime audio/mpeg-L1
05-12 04:51:41.776 I/ImeTracker( 1232): system_server:244310e4: onRequestHide at ORIGIN_SERVER reason IME_REQUESTED_CHANGED_LISTENER fromUser false
05-12 04:51:41.777 I/HBD     (12566): a [UpdatePolicy] [post] a: 0 cl: 65537 kit: [0/0] vt: 0 ir: 1 
05-12 04:51:41.778 I/VRI[calendar]@148004c( 1899): mWNT: t=0xb40000747b4c5410 mBlastBufferQueue=0xb4000074fb4e3b60 fn= 5 HdrRenderState mRenderHdrSdrRatio=1.0 caller= android.view.SyncRtSurfaceTransactionApplier.applyTransaction:100 android.view.SyncRtSurfaceTransactionApplier.lambda$scheduleApply$0:73 android.view.SyncRtSurfaceTransactionApplier.$r8$lambda$afI4fXg3U3-nBZQEDQMiNy-B06s:0 
05-12 04:51:41.778 D/SurfaceComposerClient( 1232): setCornerRadius ## de42fa5 Splash Screen com.hyeni.calendar#5312 cornerRadius=0.000000
05-12 04:51:41.778 D/SurfaceComposerClient( 1232): setCornerRadius ## 886ce85 com.hyeni.calendar/com.hyeni.calendar.MainActivity#5318 cornerRadius=0.000000
05-12 04:51:41.778 D/InputTransport( 9856): Input channel constructed: 'ClientS', fd=235
05-12 04:51:41.779 I/HoneySpace.ContentsAnimator( 2350): end call
05-12 04:51:41.779 I/HoneySpace.BlurAnimator( 2350): end
05-12 04:51:41.779 I/HoneySpace.BlurAnimator( 2350): reset
05-12 04:51:41.779 I/VRI[LauncherActivity]@6fa98b1( 2350): stopped(true) old = false
05-12 04:51:41.780 I/HBD     (12566): a [NRIC] resetNoResponseState 
05-12 04:51:41.780 I/HBD     (12566): f needOff = true , isForceOff = false, isNullInputClass : true 
05-12 04:51:41.780 I/HBD     (12566): f update cached prediction status : false 
05-12 04:51:41.780 I/HBD     (12566): b [AiWriter] setContact : com.hyeni.calendar
05-12 04:51:41.780 I/HBD     (12566): a [AiWriter] setContact : com.hyeni.calendar
05-12 04:51:41.780 I/HBD     (12566): F EBD si S 0 
05-12 04:51:41.780 I/HBD     (12566): m updateContactDBLanguage : 65537 
05-12 04:51:41.780 I/HBD     (12566): g isCoverDisplay : false, cached selected json info : SelectedLanguageInfo(languageVersion=4.2, currentLanguageOrder=1, selectedLanguageList=[SelectedLanguage(id=4521984, isUsed=true, engName=Korean, inputType=qwerty, activeOptionList=[auto_spacing, prediction], bilingualId=-1), SelectedLanguage(id=65537, isUsed=true, engName=English, inputType=qwerty, activeOptionList=[auto_replace, auto_spacing, writing_assistant, prediction], bilingualId=-1)]) 
05-12 04:51:41.780 I/HBD     (12566): g updateSelectedLanguageCache is succeeded. English 
05-12 04:51:41.781 I/HBD     (12566): h writeToFile path : /data/user/0/com.samsung.android.honeyboard/files/selected.json 
05-12 04:51:41.781 I/HBD     (12566): h writeToFile json : {"version":"4.2","currentLanguageOrder":1,"selected":[{"activeOptionList":["auto_spacing","prediction"],"bilingualId":-1,"engName":"Korean","id":4521984,"inputType":"qwerty","isUsed":true},{"activeOptionList":["auto_replace","auto_spacing","writing_assistant","prediction"],"bilingualId":-1,"engName":"English","id":65537,"inputType":"qwerty","isUsed":true}]} 
05-12 04:51:41.781 I/HoneySpace.Launcher( 2350): !@Boot_EBS_D: Launcher.onStop()
05-12 04:51:41.781 V/InputMethodManagerService( 1232): Client requesting input be hidden
05-12 04:51:41.782 V/InputMethodManagerService( 1232): setWindowStateInner, windowToken=android.os.BinderProxy@d5837fc, state=ImeTargetWindowState{ imeToken android.os.Binder@7d54451 imeFocusChanged true hasEditorFocused false requestedImeVisible false imeDisplayId 0 softInputModeState STATE_UNSPECIFIED|ADJUST_RESIZE|IS_FORWARD_NAVIGATION isStartInputByGainFocus true}
05-12 04:51:41.782 I/ImeTracker( 1232): system_server:244310e4: onCancelled at PHASE_SERVER_SHOULD_HIDE
05-12 04:51:41.782 V/InputMethodManagerService( 1232): hideCurrentInputLocked : canceled, shouldHideSoftInput=false, mInputShown=false, mImeWindowVis=0
05-12 04:51:41.782 W/AudioCapabilities( 9856): Unsupported mime audio/mpeg-L2
05-12 04:51:41.782 I/HoneySpace.Memory-Monitor( 2350): scheduleTrim delayTime=30000
05-12 04:51:41.782 I/HBD     (12566): h writeToFile complete 
05-12 04:51:41.783 W/VideoCapabilities( 9856): Unsupported mime video/wvc1
05-12 04:51:41.783 I/HoneySpace.OneUiSpace( 2350): onSaveInstanceState honeyScreen=e3.M@4f29cb7
05-12 04:51:41.783 I/SurfaceFlinger( 1004): RequestedLayer [Surface(name=8f4fd6 InputMethod)/@0x[...]ation-leash of insets_animation#5323] hidden!! flag  from(1) --> to(0)
05-12 04:51:41.783 E/SurfaceFlinger( 1004): alpha changed 1.000 -> 0.000 - Surface(name=8f4fd6 InputMethod)/@0xbe083ae - animation-leash of insets_animation#5323
05-12 04:51:41.783 I/SurfaceFlinger( 1004): [LayerHierarchy{RequestedLayerState{ImeContainer#15 parentId=5311 relativeParentId=5311 z=3} 1 children}] reparent to LayerHierarchy{RequestedLayerState{ActivityRecord{235933493 u0 com.hyeni.calendar/.MainActivity t118}#5311 parentId=5310} 4 children}
05-12 04:51:41.783 I/SurfaceFlinger( 1004): [LayerHierarchy{RequestedLayerState{ImeContainer#15 parentId=5311 relativeParentId=5311 z=3} 1 children}] RelativeParent to null
05-12 04:51:41.783 I/HBD     (12566): g isCoverDisplay : false, cached selected json info : SelectedLanguageInfo(languageVersion=4.2, currentLanguageOrder=1, selectedLanguageList=[SelectedLanguage(id=4521984, isUsed=true, engName=Korean, inputType=qwerty, activeOptionList=[auto_spacing, prediction], bilingualId=-1), SelectedLanguage(id=65537, isUsed=true, engName=English, inputType=qwerty, activeOptionList=[auto_replace, auto_spacing, writing_assistant, prediction], bilingualId=-1)]) 
05-12 04:51:41.783 I/SurfaceFlinger( 1004): [LayerHierarchy{RequestedLayerState{8f4fd6 InputMethod#187 parentId=5323} no children}] reparent to LayerHierarchy{RequestedLayerState{Surface(name=8f4fd6 InputMethod)/@0xbe083ae - animation-leash of insets_animation#5323 parentId=186} 1 children}
05-12 04:51:41.783 I/HBD     (12566): o updateActionOptionFromPreference isCover = false 
05-12 04:51:41.783 I/HBD     (12566): o before lang.activeOptionList =  [auto_replace, auto_spacing, writing_assistant, prediction] 
05-12 04:51:41.783 I/SurfaceFlinger( 1004): [LayerHierarchy{RequestedLayerState{Surface(name=8f4fd6 InputMethod)/@0xbe083ae - animation-leash of insets_animation#5308} no children}] reparent to OffscreenRoot
05-12 04:51:41.783 I/SurfaceFlinger( 1004): [LayerHierarchy{RequestedLayerState{Surface(name=8f4fd6 InputMethod)/@0xbe083ae - animation-leash of insets_animation#5308} no children}] RelativeParent to null
05-12 04:51:41.783 W/VideoCapabilities( 9856): Unsupported mime video/wvc1
05-12 04:51:41.783 I/SurfaceFlinger( 1004): [Surface(name=8f4fd6 InputMethod)/@0xbe083ae - animation-leash of insets_animation#5323] attach to parent LayerHierarchy{RequestedLayerState{WindowToken{a5308c1 type=2011 android.os.Binder@9bc45a8}#186 parentId=15} 1 children}
05-12 04:51:41.784 I/HoneySpace.HoneyAppWidgetHost( 2350): stopListening, host: @d34d272, hostId: 1024
05-12 04:51:41.784 I/HBD     (12566): o after lang.activeOptionList = [auto_replace, auto_spacing, writing_assistant, prediction] 
05-12 04:51:41.784 I/AppWidgetServiceImpl( 1232): stopListening callbacks : null
05-12 04:51:41.784 W/VideoCapabilities( 9856): Unsupported mime video/x-ms-wmv
05-12 04:51:41.784 I/HBD     (12566): h writeToFile path : /data/user/0/com.samsung.android.honeyboard/files/selected.json 
05-12 04:51:41.784 I/HBD     (12566): h writeToFile json : {"version":"4.2","currentLanguageOrder":1,"selected":[{"activeOptionList":["auto_spacing","prediction"],"bilingualId":-1,"engName":"Korean","id":4521984,"inputType":"qwerty","isUsed":true},{"activeOptionList":["auto_replace","auto_spacing","writing_assistant","prediction"],"bilingualId":-1,"engName":"English","id":65537,"inputType":"qwerty","isUsed":true}]} 
05-12 04:51:41.785 I/HBD     (12566): h Write selected lang for DE  
05-12 04:51:41.785 I/VRI[calendar]@148004c( 1899): mWNT: t=0xb40000747b5729d0 mBlastBufferQueue=0xb4000074fb4e3b60 fn= 6 HdrRenderState mRenderHdrSdrRatio=1.0 caller= android.view.SyncRtSurfaceTransactionApplier.applyTransaction:100 android.view.SyncRtSurfaceTransactionApplier.lambda$scheduleApply$0:73 android.view.SyncRtSurfaceTransactionApplier.$r8$lambda$afI4fXg3U3-nBZQEDQMiNy-B06s:0 
05-12 04:51:41.785 I/HBD     (12566): h writeToFile path : /data/user_de/0/com.samsung.android.honeyboard/files/selected.json 
05-12 04:51:41.785 I/HBD     (12566): h writeToFile json : {"version":"4.2","currentLanguageOrder":1,"selected":[{"activeOptionList":["auto_spacing","prediction"],"bilingualId":-1,"engName":"Korean","id":4521984,"inputType":"qwerty","isUsed":true},{"activeOptionList":["auto_replace","auto_spacing","writing_assistant","prediction"],"bilingualId":-1,"engName":"English","id":65537,"inputType":"qwerty","isUsed":true}]} 
05-12 04:51:41.787 I/HBD     (12566): h writeToFile complete 
05-12 04:51:41.787 I/HBD     (12566): m normal : updateLanguage : English 
05-12 04:51:41.787 E/CompositionEngine( 1004): [com.hyeni.calendar/com.hyeni.calendar.MainActivity$_9856#5319] Invalid device requested composition type change: Device (2) --> Device (2)
05-12 04:51:41.787 E/CompositionEngine( 1004): [Splash Screen com.hyeni.calendar$_1899#5313] Invalid device requested composition type change: Device (2) --> Device (2)
05-12 04:51:41.787 E/CompositionEngine( 1004): [StatusBar$_1899#103] Invalid device requested composition type change: Device (2) --> Device (2)
05-12 04:51:41.787 E/CompositionEngine( 1004): [com.sec.android.app.launcher/com.samsung.app.honeyspace.edge.edgepanel.app.CocktailBarService$_2350#5258] Invalid device requested composition type change: Device (2) --> Device (2)
05-12 04:51:41.787 I/HBD     (12566): g isCoverDisplay : false, cached selected json info : SelectedLanguageInfo(languageVersion=4.2, currentLanguageOrder=1, selectedLanguageList=[SelectedLanguage(id=4521984, isUsed=true, engName=Korean, inputType=qwerty, activeOptionList=[auto_spacing, prediction], bilingualId=-1), SelectedLanguage(id=65537, isUsed=true, engName=English, inputType=qwerty, activeOptionList=[auto_replace, auto_spacing, writing_assistant, prediction], bilingualId=-1)]) 
05-12 04:51:41.787 E/CompositionEngine( 1004): [NavigationBar0$_1899#101] Invalid device requested composition type change: Device (2) --> Device (2)
05-12 04:51:41.787 E/CompositionEngine( 1004): [ScreenDecorHwcOverlay$_1899#107] Invalid device requested composition type change: DisplayDecoration (6) --> DisplayDecoration (6)
05-12 04:51:41.787 I/HBD     (12566): g isCoverDisplay : false, cached selected json info : SelectedLanguageInfo(languageVersion=4.2, currentLanguageOrder=1, selectedLanguageList=[SelectedLanguage(id=4521984, isUsed=true, engName=Korean, inputType=qwerty, activeOptionList=[auto_spacing, prediction], bilingualId=-1), SelectedLanguage(id=65537, isUsed=true, engName=English, inputType=qwerty, activeOptionList=[auto_replace, auto_spacing, writing_assistant, prediction], bilingualId=-1)]) 
05-12 04:51:41.787 I/HBD     (12566): o updateActionOptionFromPreference isCover = false 
05-12 04:51:41.787 I/HBD     (12566): o before lang.activeOptionList =  [auto_replace, auto_spacing, writing_assistant, prediction] 
05-12 04:51:41.788 I/HBD     (12566): o after lang.activeOptionList = [auto_replace, auto_spacing, writing_assistant, prediction] 
05-12 04:51:41.788 I/HBD     (12566): h Write selected lang for DE  
05-12 04:51:41.788 I/HBD     (12566): h writeToFile path : /data/user_de/0/com.samsung.android.honeyboard/files/selected.json 
05-12 04:51:41.788 I/HBD     (12566): h writeToFile json : {"version":"4.2","currentLanguageOrder":1,"selected":[{"activeOptionList":["auto_spacing","prediction"],"bilingualId":-1,"engName":"Korean","id":4521984,"inputType":"qwerty","isUsed":true},{"activeOptionList":["auto_replace","auto_spacing","writing_assistant","prediction"],"bilingualId":-1,"engName":"English","id":65537,"inputType":"qwerty","isUsed":true}]} 
05-12 04:51:41.788 I/HBD     (12566): h writeToFile path : /data/user/0/com.samsung.android.honeyboard/files/selected.json 
05-12 04:51:41.788 I/HBD     (12566): h writeToFile json : {"version":"4.2","currentLanguageOrder":1,"selected":[{"activeOptionList":["auto_spacing","prediction"],"bilingualId":-1,"engName":"Korean","id":4521984,"inputType":"qwerty","isUsed":true},{"activeOptionList":["auto_replace","auto_spacing","writing_assistant","prediction"],"bilingualId":-1,"engName":"English","id":65537,"inputType":"qwerty","isUsed":true}]} 
05-12 04:51:41.789 I/SurfaceFlinger( 1004): id=5308 Removed Surface(name=8f4fd6 InputMethod)/@0xbe083ae - animation-leash of insets_animation#5308 (138)
05-12 04:51:41.790 I/HBD     (12566): h writeToFile complete 
05-12 04:51:41.791 I/HBD     (12566): m normal : updateLanguage : English 
05-12 04:51:41.791 I/HBD     (12566): g isCoverDisplay : false, cached selected json info : SelectedLanguageInfo(languageVersion=4.2, currentLanguageOrder=1, selectedLanguageList=[SelectedLanguage(id=4521984, isUsed=true, engName=Korean, inputType=qwerty, activeOptionList=[auto_spacing, prediction], bilingualId=-1), SelectedLanguage(id=65537, isUsed=true, engName=English, inputType=qwerty, activeOptionList=[auto_replace, auto_spacing, writing_assistant, prediction], bilingualId=-1)]) 
05-12 04:51:41.791 I/HBD     (12566): g isCoverDisplay : false, cached selected json info : SelectedLanguageInfo(languageVersion=4.2, currentLanguageOrder=1, selectedLanguageList=[SelectedLanguage(id=4521984, isUsed=true, engName=Korean, inputType=qwerty, activeOptionList=[auto_spacing, prediction], bilingualId=-1), SelectedLanguage(id=65537, isUsed=true, engName=English, inputType=qwerty, activeOptionList=[auto_replace, auto_spacing, writing_assistant, prediction], bilingualId=-1)]) 
05-12 04:51:41.791 I/HBD     (12566): g updateSelectedLanguageCache is succeeded. English 
05-12 04:51:41.791 I/bxmb    ( 6984): onStop
05-12 04:51:41.791 I/SurfaceFlinger( 1004): destroyed Surface(name=8f4fd6 InputMethod)/@0xbe083ae - animation-leash of insets_animation#5308
05-12 04:51:41.792 I/HBD     (12566): h writeToFile path : /data/user/0/com.samsung.android.honeyboard/files/selected.json 
05-12 04:51:41.792 I/HBD     (12566): h writeToFile json : {"version":"4.2","currentLanguageOrder":1,"selected":[{"activeOptionList":["auto_spacing","prediction"],"bilingualId":-1,"engName":"Korean","id":4521984,"inputType":"qwerty","isUsed":true},{"activeOptionList":["auto_replace","auto_spacing","writing_assistant","prediction"],"bilingualId":-1,"engName":"English","id":65537,"inputType":"qwerty","isUsed":true}]} 
05-12 04:51:41.792 E/WindowManager( 1232): win=Window{70766f4 u0 com.sec.android.app.launcher/com.sec.android.app.launcher.activities.LauncherActivity} destroySurfaces: appStopped=true cleanupOnResume=false win.mWindowRemovalAllowed=false win.mRemoveOnExit=false win.mViewVisibility=8 caller=com.android.server.wm.ActivityRecord.destroySurfaces:25 com.android.server.wm.ActivityRecord.activityStopped:192 com.android.server.wm.ActivityClientController.activityStopped:97 android.app.IActivityClientController$Stub.onTransact:740 com.android.server.wm.ActivityClientController.onTransact:1 android.os.Binder.execTransactInternal:1462 android.os.Binder.execTransact:1401 
05-12 04:51:41.792 D/SGM:FgCheckThread( 1232): getForegroundApp(), foregroundPkgName=com.hyeni.calendar
05-12 04:51:41.793 D/SGM:FgCheckThread( 1232): pkgName: com.sec.android.app.launcher is not in foreground
05-12 04:51:41.793 D/SGM:FgCheckThread( 1232): noteStopComponent(), received pkgName: com.sec.android.app.launcher, focusedPkgName: com.hyeni.calendar, userId: 0
05-12 04:51:41.793 I/Layer   ( 1004): id=5308 Destroyed Surface(name=8f4fd6 InputMethod)/@0xbe083ae - animation-leash of insets_animation#5308
05-12 04:51:41.794 I/HBD     (12566): h writeToFile complete 
05-12 04:51:41.795 I/HBD     (12566): h Write selected lang for DE  
05-12 04:51:41.795 I/HBD     (12566): h writeToFile path : /data/user_de/0/com.samsung.android.honeyboard/files/selected.json 
05-12 04:51:41.795 I/HBD     (12566): h writeToFile json : {"version":"4.2","currentLanguageOrder":1,"selected":[{"activeOptionList":["auto_spacing","prediction"],"bilingualId":-1,"engName":"Korean","id":4521984,"inputType":"qwerty","isUsed":true},{"activeOptionList":["auto_replace","auto_spacing","writing_assistant","prediction"],"bilingualId":-1,"engName":"English","id":65537,"inputType":"qwerty","isUsed":true}]} 
05-12 04:51:41.796 I/HBD     (12566): h writeToFile complete 
05-12 04:51:41.796 E/CompositionEngine( 1004): [com.hyeni.calendar/com.hyeni.calendar.MainActivity$_9856#5319] Invalid device requested composition type change: Device (2) --> Device (2)
