05-12 05:06:33.451 D/BackgroundInstallControlService( 1232): Package event received: 0
05-12 05:06:33.480 D/Zygote  (  893): Forked child process 11280
05-12 05:06:33.482 I/ActivityManager( 1232): Start proc 11280:com.samsung.android.privacydashboard/u0a104 for content provider {com.samsung.android.privacydashboard/com.samsung.android.privacydashboard.provider.PermissionAccessInformationContentProvider}
05-12 05:06:33.482 I/ActivityManager( 1232): ProcessObserver broadcast disabled
05-12 05:06:33.502 I/rivacydashboard(11280): Using CollectorTypeCMC GC.
05-12 05:06:33.506 E/rivacydashboard(11280): Not starting debugger since process cannot load the jdwp agent.
05-12 05:06:33.547 W/Binder  ( 1232): Outgoing transactions from this process must be FLAG_ONEWAY
05-12 05:06:33.547 W/Binder  ( 1232): java.lang.Throwable
05-12 05:06:33.547 W/Binder  ( 1232): 	at android.os.BinderProxy.transact(BinderProxy.java:566)
05-12 05:06:33.547 W/Binder  ( 1232): 	at android.content.ContentProviderProxy.bulkInsert(ContentProviderNative.java:610)
05-12 05:06:33.547 W/Binder  ( 1232): 	at android.content.ContentResolver.bulkInsert(ContentResolver.java:2305)
05-12 05:06:33.547 W/Binder  ( 1232): 	at com.samsung.android.privacydashboard.PermissionAccessInformationWriter.write(PermissionAccessInformationWriter.java:52)
05-12 05:06:33.547 W/Binder  ( 1232): 	at com.samsung.android.privacydashboard.PermissionAccessInformationController.flush(PermissionAccessInformationController.java:99)
05-12 05:06:33.547 W/Binder  ( 1232): 	at com.samsung.android.privacydashboard.PermissionAccessInformationController$1.run(PermissionAccessInformationController.java:78)
05-12 05:06:33.547 W/Binder  ( 1232): 	at java.util.concurrent.ThreadPoolExecutor.runWorker(ThreadPoolExecutor.java:1156)
05-12 05:06:33.547 W/Binder  ( 1232): 	at java.util.concurrent.ThreadPoolExecutor$Worker.run(ThreadPoolExecutor.java:651)
05-12 05:06:33.547 W/Binder  ( 1232): 	at java.lang.Thread.run(Thread.java:1119)
05-12 05:06:33.547 I/a       (11280): setConfiguration start
05-12 05:06:33.548 I/SamsungAnalytics605079(11280): Tracker start:6.05.079
05-12 05:06:33.549 I/ActivityManager( 1232): Changes in 10104 19 to 5, 0 to 144
05-12 05:06:33.550 D/BackgroundInstallControlService( 1232): Package event received: 0
05-12 05:06:33.557 E/ashmem  (11280): Pinning is deprecated since Android Q. Please use trim or other methods.
05-12 05:06:33.578 I/PrivacyDashboard(11280): PermissionAccessInformationContentProvider  bulkInsert : 5
05-12 05:06:33.638 D/Tile.MobileDataTile( 1899): registerPhoneStateListener
05-12 05:06:33.653 I/LocationAccessPolicy( 1232): com.android.systemui is aware of fine but the app-ops permission is specifically denied.
05-12 05:06:33.653 I/LocationAccessPolicy( 1232): checkLocationPermission - callingUid: 10055, callingPid: 1899, resultForFine: DENIED_SOFT
05-12 05:06:33.653 I/LocationAccessPolicy( 1232): com.android.systemui is aware of coarse but the app-ops permission is specifically denied.
05-12 05:06:33.653 I/LocationAccessPolicy( 1232): checkLocationPermission - callingUid: 10055, callingPid: 1899, resultForCoarse: DENIED_SOFT
05-12 05:06:33.658 D/Tile.MobileDataTile( 1899): service state changed : {mVoiceRegState=1(OUT_OF_SERVICE), mDataRegState=1(OUT_OF_SERVICE), mChannelNumber=100, duplexMode()=1, mCellBandwidths=[], mOperatorAlphaLong=null, mOperatorAlphaShort=null, isManualNetworkSelection=false(automatic), getRilVoiceRadioTechnology=14(LTE), getRilDataRadioTechnology=14(LTE), mCssIndicator=unsupported, mNetworkId=*1, mSystemId=*1, mCdmaRoamingIndicator=-1, mCdmaDefaultRoamingIndicator=-1, NonCellular=false, Snap=0, PsOnly=false, SprDisplayRoam=false, OptRadioTech=0, MsimSubmode=0, IsVoiceCallAvailable=false, mIsEmergencyOnly=true, isUsingCarrierAggregation=false, mArfcnRsrpBoost=0, mNetworkRegistrationInfos=[NetworkRegistrationInfo{ domain=PS transportType=WLAN registrationState=UNKNOWN networkRegistrationState=UNKNOWN roamingType=NOT_ROAMING accessNetworkTechnology=IWLAN rejectCause=0 emergencyEnabled=false availableServices=[] cellIdentity=null voiceSpecificInfo=null dataSpecificInfo=null nrState=**** rRplmn= isUsingCarrierAggregation=false isNonTerrestrialNetwork=TERRESTRIAL}, NetworkRegistrationInfo{ domain=CS transportType=WWAN registrationState=DENIED networkRegistrationState=DENIED roamingType=NOT_ROAMING accessNetworkTechnology=LTE rejectCause=0 emergencyEnabled=true availableServices=[EMERGENCY] cellIdentity=null voiceSpecificInfo=VoiceSpecificRegistrationInfo { mCssSupported=false mRoamingIndicator=0 mSystemIsInPrl=0 mDefaultRoamingIndicator=0} dataSpecificInfo=null nrState=**** rRplmn=45006 isUsingCarrierAggregation=false isNonTerrestrialNetwork=TERRESTRIAL}, NetworkRegistrationInfo{ domain=PS transportType=WWAN registrationState=DENIED networkRegistrationState=DENIED roamingType=NOT_ROAMING accessNetworkTechnology=LTE rejectCause=0 emergencyEnabled=true availableServices=[EMERGENCY] cellIdentity=null voiceSpecificInfo=null dataSpecificInfo=android.telephony.DataSpecificRegistrationInfo :{ maxDataCalls = 16 isDcNrRestricted = false isNrAvailable = true isEnDcAvailable = true mLteAttachResultType = 0 mLteAttachExtraInfo = 0 LteVopsSupportInfo :  mVopsSupport = 3 mEmcBearerSupport = 2 } nrState=**** rRplmn=45006 isUsingCarrierAggregation=false isNonTerrestrialNetwork=TERRESTRIAL}], mNrFrequencyRange=0, mOperatorAlphaLongRaw=LG U+, mOperatorAlphaShortRaw=LG U+, mIsDataRoamingFromRegistration=false, mIsIwlanPreferred=false, mIsUsingNonTerrestrialNetwork=false},isRoaming = false
05-12 05:06:33.658 E/Tile.MobileDataTile( 1899): onCallStatesChanged: CallStateList = []
05-12 05:06:33.660 D/Tile.MobileDataTile( 1899): onCallAttributesChanged state changed : [] isVOLteCall : false isVolteVideoCall : false
05-12 05:06:33.661 D/Tile.MobileDataTile( 1899): getDefaultDataPhoneId 0
05-12 05:06:33.663 I/LocationAccessPolicy( 2102): com.android.systemui is aware of fine but the app-ops permission is specifically denied.
05-12 05:06:33.664 I/LocationAccessPolicy( 2102): checkLocationPermission - callingUid: 10055, callingPid: 1899, resultForFine: DENIED_SOFT
05-12 05:06:33.665 I/LocationAccessPolicy( 2102): com.android.systemui is aware of coarse but the app-ops permission is specifically denied.
05-12 05:06:33.665 I/LocationAccessPolicy( 2102): checkLocationPermission - callingUid: 10055, callingPid: 1899, resultForCoarse: DENIED_SOFT
05-12 05:06:33.673 D/Tile.MobileDataTile( 1899): handleUpdateState : state true
05-12 05:06:33.674 D/Tile.MobileDataTile( 1899): getDefaultDataPhoneId 0
05-12 05:06:33.674 I/LocationAccessPolicy( 2102): com.android.systemui is aware of fine but the app-ops permission is specifically denied.
05-12 05:06:33.675 I/LocationAccessPolicy( 2102): checkLocationPermission - callingUid: 10055, callingPid: 1899, resultForFine: DENIED_SOFT
05-12 05:06:33.675 I/LocationAccessPolicy( 2102): com.android.systemui is aware of coarse but the app-ops permission is specifically denied.
05-12 05:06:33.675 I/LocationAccessPolicy( 2102): checkLocationPermission - callingUid: 10055, callingPid: 1899, resultForCoarse: DENIED_SOFT
05-12 05:06:33.678 D/Tile.MobileDataTile( 1899): handleUpdateState : state true
05-12 05:06:33.679 D/Tile.MobileDataTile( 1899): getDefaultDataPhoneId 0
05-12 05:06:33.679 I/LocationAccessPolicy( 2102): com.android.systemui is aware of fine but the app-ops permission is specifically denied.
05-12 05:06:33.679 I/LocationAccessPolicy( 2102): checkLocationPermission - callingUid: 10055, callingPid: 1899, resultForFine: DENIED_SOFT
05-12 05:06:33.679 I/LocationAccessPolicy( 2102): com.android.systemui is aware of coarse but the app-ops permission is specifically denied.
05-12 05:06:33.679 I/LocationAccessPolicy( 2102): checkLocationPermission - callingUid: 10055, callingPid: 1899, resultForCoarse: DENIED_SOFT
05-12 05:06:33.682 D/Tile.MobileDataTile( 1899): handleUpdateState : state true
05-12 05:06:33.682 D/Tile.MobileDataTile( 1899): unregisterPhoneStateListener
05-12 05:06:33.870 D/io_stats(  659): !@   8,0 r 3176943 101511392 w 2826670 73470140 d 743479 157175716 f 436981 344088 iot 3838032 0 th 0 0 0 pt 0 inp 0 0 907469.156
05-12 05:06:34.208 I/Capacitor/Console(11093): File:  - Line 349 - Msg: [object Object]
05-12 05:06:34.213 V/Capacitor/Plugin(11093): To native (Capacitor plugin): callbackId: 9827717, pluginId: NativeNotification, methodName: getDeliveryHealth
05-12 05:06:34.214 V/Capacitor(11093): callback: 9827717, pluginId: NativeNotification, methodName: getDeliveryHealth, methodData: {}
05-12 05:06:34.253 I/Capacitor/Console(11093): File:  - Line 333 - Msg: {"notificationsEnabled":false,"postPermissionGranted":false,"batteryOptimizationsIgnored":true,"powerSaveMode":false,"backgroundRestricted":false,"fullScreenIntentAllowed":true,"exactAlarmAllowed":true,"channelsEnabled":true,"recordAudioGranted":false,"remoteListenChannelEnabled":true,"remoteListenChannelImportance":3,"remoteListenChannelBlocked":false,"ringerMode":"vibrate","dndMode":"all","dndAccess":false,"networkConnected":true,"networkValidated":true,"screenInteractive":true,"keyguardLocked":false,"screenWidthDp":384,"screenHeightDp":832,"smallestScreenWidthDp":384,"foldState":"not_foldable_or_unknown","locationServiceRunning":false,"sdkInt":36,"manufacturer":"samsung","model":"SM-A556S","ready":false}
05-12 05:06:34.255 I/Capacitor/Console(11093): File:  - Line 349 - Msg: [object Object]
05-12 05:06:34.259 V/Capacitor/Plugin(11093): To native (Capacitor plugin): callbackId: 9827718, pluginId: BackgroundLocation, methodName: checkBackgroundLocationPermission
05-12 05:06:34.259 V/Capacitor(11093): callback: 9827718, pluginId: BackgroundLocation, methodName: checkBackgroundLocationPermission, methodData: {}
05-12 05:06:34.268 I/Capacitor/Console(11093): File:  - Line 333 - Msg: {"fineLocation":false,"backgroundLocation":false}
05-12 05:06:35.524 D/WifiConnectivityMonitor( 1232): Stop WCM Poll. cnt : 5
05-12 05:06:35.525 D/WifiConnectivityMonitor( 1232): Unregister WifiLinkQualityMonitorCallback
05-12 05:06:35.526 I/SemWifiLinkQualityMonitor( 1232): LQ callback unregistered
05-12 05:06:35.822 I/SDHMS:LOAD( 3129): type: LoadsFreqs, value: 43:34:0:1035999:2750000:0:1035999:2750000:0:55:544:0
05-12 05:06:35.874 D/io_stats(  659): !@   8,0 r 3176943 101511392 w 2826694 73470312 d 743479 157175716 f 436981 344088 iot 3838060 0 th 0 0 0 pt 0 inp 0 0 907471.161
05-12 05:06:35.875 D/io_stats(  659): !@ Read_top(KB): rivacydashboard(11280) 208
05-12 05:06:35.875 D/io_stats(  659): !@ Write_top(KB): kworker/u16:1(10351) 160 .hyeni.calendar(11093) 12
05-12 05:06:35.934 D/SemWifiUsabilityStatsMonitor( 1232): onWifiUsabilityStats - seqNum 12061, isSameBssidAndFreq true
05-12 05:06:36.209 I/Capacitor/Console(11093): File:  - Line 349 - Msg: [object Object]
05-12 05:06:36.215 V/Capacitor/Plugin(11093): To native (Capacitor plugin): callbackId: 9827719, pluginId: NativeNotification, methodName: getDeliveryHealth
05-12 05:06:36.215 V/Capacitor(11093): callback: 9827719, pluginId: NativeNotification, methodName: getDeliveryHealth, methodData: {}
05-12 05:06:36.247 I/Capacitor/Console(11093): File:  - Line 333 - Msg: {"notificationsEnabled":false,"postPermissionGranted":false,"batteryOptimizationsIgnored":true,"powerSaveMode":false,"backgroundRestricted":false,"fullScreenIntentAllowed":true,"exactAlarmAllowed":true,"channelsEnabled":true,"recordAudioGranted":false,"remoteListenChannelEnabled":true,"remoteListenChannelImportance":3,"remoteListenChannelBlocked":false,"ringerMode":"vibrate","dndMode":"all","dndAccess":false,"networkConnected":true,"networkValidated":true,"screenInteractive":true,"keyguardLocked":false,"screenWidthDp":384,"screenHeightDp":832,"smallestScreenWidthDp":384,"foldState":"not_foldable_or_unknown","locationServiceRunning":false,"sdkInt":36,"manufacturer":"samsung","model":"SM-A556S","ready":false}
05-12 05:06:36.251 I/Capacitor/Console(11093): File:  - Line 349 - Msg: [object Object]
05-12 05:06:36.256 V/Capacitor/Plugin(11093): To native (Capacitor plugin): callbackId: 9827720, pluginId: BackgroundLocation, methodName: checkBackgroundLocationPermission
05-12 05:06:36.257 V/Capacitor(11093): callback: 9827720, pluginId: BackgroundLocation, methodName: checkBackgroundLocationPermission, methodData: {}
05-12 05:06:36.269 I/Capacitor/Console(11093): File:  - Line 333 - Msg: {"fineLocation":false,"backgroundLocation":false}
05-12 05:06:36.350 I/.hyeni.calendar(11093): Background concurrent mark compact GC freed 8923KB AllocSpace bytes, 53(2368KB) LOS objects, 80% free, 5781KB/29MB, paused 171us,2.065ms total 111.203ms
05-12 05:06:37.815 I/NearbyMediums(27703): No BLE Fast/GATT advertisements found in the latest cycle.
05-12 05:06:37.818 I/NearbyMediums(27703): Current Tracked Scanning Clients are : {NearbyConnections.EnvironmentMonitor, NearbySharing}
05-12 05:06:37.878 D/io_stats(  659): !@   8,0 r 3176943 101511392 w 2826699 73470328 d 743479 157175716 f 436983 344089 iot 3838072 0 th 0 0 0 pt 0 inp 0 0 907473.165
05-12 05:06:38.209 I/Capacitor/Console(11093): File:  - Line 349 - Msg: [object Object]
05-12 05:06:38.215 V/Capacitor/Plugin(11093): To native (Capacitor plugin): callbackId: 9827721, pluginId: NativeNotification, methodName: getDeliveryHealth
05-12 05:06:38.215 V/Capacitor(11093): callback: 9827721, pluginId: NativeNotification, methodName: getDeliveryHealth, methodData: {}
05-12 05:06:38.256 I/Capacitor/Console(11093): File:  - Line 333 - Msg: {"notificationsEnabled":false,"postPermissionGranted":false,"batteryOptimizationsIgnored":true,"powerSaveMode":false,"backgroundRestricted":false,"fullScreenIntentAllowed":true,"exactAlarmAllowed":true,"channelsEnabled":true,"recordAudioGranted":false,"remoteListenChannelEnabled":true,"remoteListenChannelImportance":3,"remoteListenChannelBlocked":false,"ringerMode":"vibrate","dndMode":"all","dndAccess":false,"networkConnected":true,"networkValidated":true,"screenInteractive":true,"keyguardLocked":false,"screenWidthDp":384,"screenHeightDp":832,"smallestScreenWidthDp":384,"foldState":"not_foldable_or_unknown","locationServiceRunning":false,"sdkInt":36,"manufacturer":"samsung","model":"SM-A556S","ready":false}
05-12 05:06:38.258 I/Capacitor/Console(11093): File:  - Line 349 - Msg: [object Object]
05-12 05:06:38.262 V/Capacitor/Plugin(11093): To native (Capacitor plugin): callbackId: 9827722, pluginId: BackgroundLocation, methodName: checkBackgroundLocationPermission
05-12 05:06:38.262 V/Capacitor(11093): callback: 9827722, pluginId: BackgroundLocation, methodName: checkBackgroundLocationPermission, methodData: {}
05-12 05:06:38.270 I/Capacitor/Console(11093): File:  - Line 333 - Msg: {"fineLocation":false,"backgroundLocation":false}
05-12 05:06:38.395 D/WifiConnectivityMonitor.NetworkStatsAnalyzer( 1232): Backhaul result - RSSI:-29, CE:10, PE:10, TI:10, PTI:11, TW:0, PTW:0, Tx:2, Rx:4, TxS:0, RxS:0, RESULT:true, IC:0, ICT:5, WC:0, WCT:5, R:0, RC:0, IE:0, EC:0
05-12 05:06:38.867 D/ActivityManager( 1232): freezing 15283 com.android.settings
05-12 05:06:38.875 D/ActivityManager( 1232): freezing 9556 com.samsung.android.lool
05-12 05:06:38.876 D/ActivityManager( 1232): freezing 10288 com.samsung.android.scpm
05-12 05:06:38.878 D/ActivityManager( 1232): freezing 10744 com.samsung.android.provider.filterprovider
05-12 05:06:38.879 D/ActivityManager( 1232): freezing 10638 com.android.keychain
05-12 05:06:38.885 D/InetDiagMessage( 1232): Destroyed 0 sockets, proto=IPPROTO_TCP, family=AF_INET, states=14
05-12 05:06:38.887 I/SDHMS:x ( 3129): SIOP:: AP:274 BAT:267 USB:269 CHG:280 PA:273 WIFI:275 CF:270 BLK:0 SUBBAT:0 SKIN:286 SKINF:282 SKINB:286 LRP2:286 LRF2:282 LRB2:286 AP2:286 CHG2:285 MEM2:286 WIFI2:285 RCV2:284 SPK2:280 UPSPK:267 DNSPK:267 VAP:270 AVGCUR:-2 AVGSYS:0 POWER:-8
05-12 05:06:38.888 D/InetDiagMessage( 1232): Destroyed 0 sockets, proto=IPPROTO_TCP, family=AF_INET6, states=14
05-12 05:06:38.888 D/InetDiagMessage( 1232): Destroyed live tcp sockets for uids={5009} in 8ms
05-12 05:06:38.942 I/wpa_supplicant(21252): Heartbeat 36007
05-12 05:06:38.959 D/SemWifiUsabilityStatsMonitor( 1232): onWifiUsabilityStats - seqNum 12062, isSameBssidAndFreq true
05-12 05:06:39.616 I/ActivityManager( 1232): Changes in 10104 5 to 15, 144 to 0
05-12 05:06:39.880 D/io_stats(  659): !@   8,0 r 3176943 101511392 w 2826705 73474480 d 743479 157175716 f 436983 344089 iot 3838088 0 th 0 0 0 pt 0 inp 0 0 907475.167
05-12 05:06:39.882 D/io_stats(  659): !@ Write_top(KB): kworker/u16:0(4653) 4152 soft.appmanager(10952) 8 martsuggestions(3070) 4
05-12 05:06:40.209 I/Capacitor/Console(11093): File:  - Line 349 - Msg: [object Object]
05-12 05:06:40.216 V/Capacitor/Plugin(11093): To native (Capacitor plugin): callbackId: 9827723, pluginId: NativeNotification, methodName: getDeliveryHealth
05-12 05:06:40.216 V/Capacitor(11093): callback: 9827723, pluginId: NativeNotification, methodName: getDeliveryHealth, methodData: {}
05-12 05:06:40.256 I/Capacitor/Console(11093): File:  - Line 333 - Msg: {"notificationsEnabled":false,"postPermissionGranted":false,"batteryOptimizationsIgnored":true,"powerSaveMode":false,"backgroundRestricted":false,"fullScreenIntentAllowed":true,"exactAlarmAllowed":true,"channelsEnabled":true,"recordAudioGranted":false,"remoteListenChannelEnabled":true,"remoteListenChannelImportance":3,"remoteListenChannelBlocked":false,"ringerMode":"vibrate","dndMode":"all","dndAccess":false,"networkConnected":true,"networkValidated":true,"screenInteractive":true,"keyguardLocked":false,"screenWidthDp":384,"screenHeightDp":832,"smallestScreenWidthDp":384,"foldState":"not_foldable_or_unknown","locationServiceRunning":false,"sdkInt":36,"manufacturer":"samsung","model":"SM-A556S","ready":false}
05-12 05:06:40.259 I/Capacitor/Console(11093): File:  - Line 349 - Msg: [object Object]
05-12 05:06:40.263 V/Capacitor/Plugin(11093): To native (Capacitor plugin): callbackId: 9827724, pluginId: BackgroundLocation, methodName: checkBackgroundLocationPermission
05-12 05:06:40.263 V/Capacitor(11093): callback: 9827724, pluginId: BackgroundLocation, methodName: checkBackgroundLocationPermission, methodData: {}
05-12 05:06:40.270 I/Capacitor/Console(11093): File:  - Line 333 - Msg: {"fineLocation":false,"backgroundLocation":false}
05-12 05:06:40.855 D/BoundBrokerSvc(27738): onUnbind: Intent { act=com.google.android.gms.safetynet.service.START xflg=0x4 pkg=com.google.android.gms }
05-12 05:06:40.865 D/BoundBrokerSvc(27738): onUnbind: Intent { act=com.google.android.gms.safebrowsing.SafeBrowsingService.START dat=chimera-action:/... xflg=0x4 cmp=com.google.android.gms/.chimera.GmsBoundBrokerService }
05-12 05:06:40.893 D/BoundBrokerSvc(27738): onUnbind: Intent { act=com.google.android.gms.checkin.START xflg=0x4 pkg=com.google.android.gms }
05-12 05:06:40.901 I/ActivityManager( 1232): Killing 10442:com.samsung.android.rubin.app/u0a105 (adj 985): empty #33
05-12 05:06:40.963 I/libprocessgroup( 1232): Removed cgroup /sys/fs/cgroup/apps/uid_10105/pid_10442
05-12 05:06:40.963 I/Zygote  (  893): Process 10442 exited due to signal 9 (Killed)
05-12 05:06:42.015 D/SemWifiUsabilityStatsMonitor( 1232): onWifiUsabilityStats - seqNum 12063, isSameBssidAndFreq true
05-12 05:06:42.022 D/Tile.WifiTile( 1899): handleUpdateState isTransient=false transientEnabling =false cb.isTransient=false state.state = 2 mStateBeforeClick.value =false enabled =true
05-12 05:06:42.059 D/DisplayModeController( 1004): setDesiredMode 4633128672291735939 {mode={fps=120.00 Hz, modePtr={id=0, vsyncRate=120.00 Hz, peakRefreshRate=120.00 Hz}}, emitEvent=true, force=false}
05-12 05:06:42.060 I/VSyncReactor( 1004): Current= 60, Period= 120, hwcPeriod= 60
05-12 05:06:42.073 I/LayerHistory( 1004): StatusBar$_1899#103 voted NoVote (0.00 Hz)
05-12 05:06:42.074 I/SurfaceFlinger( 1004): No layers with votes - choose 120.00 Hz
05-12 05:06:42.076 I/HWComposer( 1004): [4633128672291735939] ActiveConfigToHWC, ID : 2
05-12 05:06:42.079 I/VSyncReactor( 1004): Current= 60, Period= 120, hwcPeriod= 60
05-12 05:06:42.081 I/display (  932): Current VRR MODE is 3
05-12 05:06:42.081 I/display (  932): setActiveConfigWithConstraints:: HFR match - config: 2, base: 2, try: 1
05-12 05:06:42.081 I/display (  932): setActiveConfigWithConstraints::update 1080x2340@120hs
05-12 05:06:42.105 I/VSyncReactor( 1004): Current= 60, Period= 120, hwcPeriod= 120
05-12 05:06:42.106 D/SurfaceFlinger( 1004): GPIS:: requestGpisForSFSluggish
05-12 05:06:42.106 I/SurfaceFlinger( 1004): finalizeDisplayModeChange 4633128672291735939
05-12 05:06:42.111 E/CompositionEngine( 1004): [com.hyeni.calendar/com.hyeni.calendar.MainActivity$_11093#5342] Invalid device requested composition type change: Device (2) --> Device (2)
05-12 05:06:42.111 E/CompositionEngine( 1004): [StatusBar$_1899#103] Invalid device requested composition type change: Device (2) --> Device (2)
05-12 05:06:42.111 E/CompositionEngine( 1004): [com.sec.android.app.launcher/com.samsung.app.honeyspace.edge.edgepanel.app.CocktailBarService$_2350#5258] Invalid device requested composition type change: Device (2) --> Device (2)
05-12 05:06:42.111 E/CompositionEngine( 1004): [NavigationBar0$_1899#101] Invalid device requested composition type change: Device (2) --> Device (2)
05-12 05:06:42.111 E/CompositionEngine( 1004): [ScreenDecorHwcOverlay$_1899#107] Invalid device requested composition type change: DisplayDecoration (6) --> DisplayDecoration (6)
05-12 05:06:42.208 I/Capacitor/Console(11093): File:  - Line 349 - Msg: [object Object]
05-12 05:06:42.212 V/Capacitor/Plugin(11093): To native (Capacitor plugin): callbackId: 9827725, pluginId: NativeNotification, methodName: getDeliveryHealth
05-12 05:06:42.212 V/Capacitor(11093): callback: 9827725, pluginId: NativeNotification, methodName: getDeliveryHealth, methodData: {}
05-12 05:06:42.247 I/Capacitor/Console(11093): File:  - Line 333 - Msg: {"notificationsEnabled":false,"postPermissionGranted":false,"batteryOptimizationsIgnored":true,"powerSaveMode":false,"backgroundRestricted":false,"fullScreenIntentAllowed":true,"exactAlarmAllowed":true,"channelsEnabled":true,"recordAudioGranted":false,"remoteListenChannelEnabled":true,"remoteListenChannelImportance":3,"remoteListenChannelBlocked":false,"ringerMode":"vibrate","dndMode":"all","dndAccess":false,"networkConnected":true,"networkValidated":true,"screenInteractive":true,"keyguardLocked":false,"screenWidthDp":384,"screenHeightDp":832,"smallestScreenWidthDp":384,"foldState":"not_foldable_or_unknown","locationServiceRunning":false,"sdkInt":36,"manufacturer":"samsung","model":"SM-A556S","ready":false}
05-12 05:06:42.250 I/Capacitor/Console(11093): File:  - Line 349 - Msg: [object Object]
05-12 05:06:42.253 V/Capacitor/Plugin(11093): To native (Capacitor plugin): callbackId: 9827726, pluginId: BackgroundLocation, methodName: checkBackgroundLocationPermission
05-12 05:06:42.254 V/Capacitor(11093): callback: 9827726, pluginId: BackgroundLocation, methodName: checkBackgroundLocationPermission, methodData: {}
05-12 05:06:42.263 I/Capacitor/Console(11093): File:  - Line 333 - Msg: {"fineLocation":false,"backgroundLocation":false}
05-12 05:06:42.312 D/DisplayModeController( 1004): setDesiredMode 4633128672291735939 {mode={fps=60.00 Hz, modePtr={id=1, vsyncRate=60.00 Hz, peakRefreshRate=60.00 Hz}}, emitEvent=false, force=false}
05-12 05:06:42.316 I/LayerHistory( 1004): StatusBar$_1899#103 voted NoVote (0.00 Hz)
05-12 05:06:42.316 I/SurfaceFlinger( 1004): Idle - choose 60.00 Hz
05-12 05:06:42.317 I/HWComposer( 1004): [4633128672291735939] ActiveConfigToHWC, ID : 3
05-12 05:06:42.319 I/display (  932): Current VRR MODE is 3
05-12 05:06:42.319 I/display (  932): setActiveConfigWithConstraints:: HFR match - config: 4, base: 3, try: 0
05-12 05:06:42.319 I/display (  932): setActiveConfigWithConstraints::update 1080x2340@60phs
05-12 05:06:42.347 I/SurfaceFlinger( 1004): finalizeDisplayModeChange 4633128672291735939
05-12 05:06:42.348 I/VSyncReactor( 1004): Current= 120, Period= 60, hwcPeriod= 60
05-12 05:06:43.337 E/BatteryDump(  951): !@new_battery_dump : 4413,-2,3000,3150,100,267,269,279,0,0,285,279,0,Full,NO_CHARGING,None,Good,PDIC,0,Normal,0,0,8370,0x0,0x10000,0x0,0,0,0000,0000,00000000,0,0,0,0,101,44089,9916,989,0,
05-12 05:06:43.344 I/seh_thermal_service(  956): getTemperaturesWithType SehTemperatureType: 3
05-12 05:06:43.346 I/sehhealth-service(  951): updateLrpSysfs: write: 286
05-12 05:06:43.888 D/io_stats(  659): !@   8,0 r 3176943 101511392 w 2826778 73475084 d 743479 157175716 f 436987 344092 iot 3838112 0 th 0 0 0 pt 0 inp 0 0 907479.175
05-12 05:06:43.889 D/io_stats(  659): !@ Write_top(KB): f2fs_ckpt-254:8(2366) 232 vendor.samsung.(951) 8 rivacydashboard(11280) 4
05-12 05:06:44.207 I/Capacitor/Console(11093): File:  - Line 349 - Msg: [object Object]
05-12 05:06:44.213 V/Capacitor/Plugin(11093): To native (Capacitor plugin): callbackId: 9827727, pluginId: NativeNotification, methodName: getDeliveryHealth
05-12 05:06:44.213 V/Capacitor(11093): callback: 9827727, pluginId: NativeNotification, methodName: getDeliveryHealth, methodData: {}
05-12 05:06:44.254 I/Capacitor/Console(11093): File:  - Line 333 - Msg: {"notificationsEnabled":false,"postPermissionGranted":false,"batteryOptimizationsIgnored":true,"powerSaveMode":false,"backgroundRestricted":false,"fullScreenIntentAllowed":true,"exactAlarmAllowed":true,"channelsEnabled":true,"recordAudioGranted":false,"remoteListenChannelEnabled":true,"remoteListenChannelImportance":3,"remoteListenChannelBlocked":false,"ringerMode":"vibrate","dndMode":"all","dndAccess":false,"networkConnected":true,"networkValidated":true,"screenInteractive":true,"keyguardLocked":false,"screenWidthDp":384,"screenHeightDp":832,"smallestScreenWidthDp":384,"foldState":"not_foldable_or_unknown","locationServiceRunning":false,"sdkInt":36,"manufacturer":"samsung","model":"SM-A556S","ready":false}
05-12 05:06:44.255 I/Capacitor/Console(11093): File:  - Line 349 - Msg: [object Object]
05-12 05:06:44.258 V/Capacitor/Plugin(11093): To native (Capacitor plugin): callbackId: 9827728, pluginId: BackgroundLocation, methodName: checkBackgroundLocationPermission
05-12 05:06:44.258 V/Capacitor(11093): callback: 9827728, pluginId: BackgroundLocation, methodName: checkBackgroundLocationPermission, methodData: {}
05-12 05:06:44.264 I/Capacitor/Console(11093): File:  - Line 333 - Msg: {"fineLocation":false,"backgroundLocation":false}
05-12 05:06:45.077 D/SemWifiUsabilityStatsMonitor( 1232): onWifiUsabilityStats - seqNum 12064, isSameBssidAndFreq true
05-12 05:06:45.084 D/Tile.WifiTile( 1899): handleUpdateState isTransient=false transientEnabling =false cb.isTransient=false state.state = 2 mStateBeforeClick.value =false enabled =true
05-12 05:06:45.096 I/VSyncReactor( 1004): Current= 60, Period= 60, hwcPeriod= 60
05-12 05:06:45.114 D/DisplayModeController( 1004): setDesiredMode 4633128672291735939 {mode={fps=120.00 Hz, modePtr={id=0, vsyncRate=120.00 Hz, peakRefreshRate=120.00 Hz}}, emitEvent=true, force=false}
05-12 05:06:45.114 I/VSyncReactor( 1004): Current= 60, Period= 120, hwcPeriod= 60
05-12 05:06:45.121 I/SurfaceFlinger( 1004): SFWD update time=907480408741127
05-12 05:06:45.125 I/LayerHistory( 1004): StatusBar$_1899#103 voted NoVote (0.00 Hz)
05-12 05:06:45.125 I/SurfaceFlinger( 1004): No layers with votes - choose 120.00 Hz
05-12 05:06:45.127 I/HWComposer( 1004): [4633128672291735939] ActiveConfigToHWC, ID : 2
05-12 05:06:45.130 I/VSyncReactor( 1004): Current= 60, Period= 120, hwcPeriod= 60
05-12 05:06:45.131 E/CompositionEngine( 1004): [com.hyeni.calendar/com.hyeni.calendar.MainActivity$_11093#5342] Invalid device requested composition type change: Device (2) --> Device (2)
05-12 05:06:45.131 E/CompositionEngine( 1004): [StatusBar$_1899#103] Invalid device requested composition type change: Device (2) --> Device (2)
05-12 05:06:45.131 E/CompositionEngine( 1004): [com.sec.android.app.launcher/com.samsung.app.honeyspace.edge.edgepanel.app.CocktailBarService$_2350#5258] Invalid device requested composition type change: Device (2) --> Device (2)
05-12 05:06:45.131 E/CompositionEngine( 1004): [NavigationBar0$_1899#101] Invalid device requested composition type change: Device (2) --> Device (2)
05-12 05:06:45.131 E/CompositionEngine( 1004): [ScreenDecorHwcOverlay$_1899#107] Invalid device requested composition type change: DisplayDecoration (6) --> DisplayDecoration (6)
05-12 05:06:45.132 I/display (  932): Current VRR MODE is 3
05-12 05:06:45.132 I/display (  932): setActiveConfigWithConstraints:: HFR match - config: 2, base: 2, try: 1
05-12 05:06:45.132 I/display (  932): setActiveConfigWithConstraints::update 1080x2340@120hs
05-12 05:06:45.157 D/SurfaceFlinger( 1004): GPIS:: requestGpisForSFSluggish
05-12 05:06:45.157 I/VSyncReactor( 1004): Current= 60, Period= 120, hwcPeriod= 120
05-12 05:06:45.158 I/SurfaceFlinger( 1004): finalizeDisplayModeChange 4633128672291735939
05-12 05:06:45.162 E/CompositionEngine( 1004): [com.hyeni.calendar/com.hyeni.calendar.MainActivity$_11093#5342] Invalid device requested composition type change: Device (2) --> Device (2)
05-12 05:06:45.162 E/CompositionEngine( 1004): [StatusBar$_1899#103] Invalid device requested composition type change: Device (2) --> Device (2)
05-12 05:06:45.163 E/CompositionEngine( 1004): [com.sec.android.app.launcher/com.samsung.app.honeyspace.edge.edgepanel.app.CocktailBarService$_2350#5258] Invalid device requested composition type change: Device (2) --> Device (2)
05-12 05:06:45.163 E/CompositionEngine( 1004): [NavigationBar0$_1899#101] Invalid device requested composition type change: Device (2) --> Device (2)
05-12 05:06:45.163 E/CompositionEngine( 1004): [ScreenDecorHwcOverlay$_1899#107] Invalid device requested composition type change: DisplayDecoration (6) --> DisplayDecoration (6)
05-12 05:06:45.367 D/DisplayModeController( 1004): setDesiredMode 4633128672291735939 {mode={fps=60.00 Hz, modePtr={id=1, vsyncRate=60.00 Hz, peakRefreshRate=60.00 Hz}}, emitEvent=false, force=false}
05-12 05:06:45.370 I/LayerHistory( 1004): StatusBar$_1899#103 voted NoVote (0.00 Hz)
05-12 05:06:45.370 I/SurfaceFlinger( 1004): Idle - choose 60.00 Hz
05-12 05:06:45.371 I/HWComposer( 1004): [4633128672291735939] ActiveConfigToHWC, ID : 3
05-12 05:06:45.373 I/display (  932): Current VRR MODE is 3
05-12 05:06:45.373 I/display (  932): setActiveConfigWithConstraints:: HFR match - config: 4, base: 3, try: 0
05-12 05:06:45.374 I/display (  932): setActiveConfigWithConstraints::update 1080x2340@60phs
05-12 05:06:45.396 I/SurfaceFlinger( 1004): finalizeDisplayModeChange 4633128672291735939
05-12 05:06:45.397 I/VSyncReactor( 1004): Current= 120, Period= 60, hwcPeriod= 60
05-12 05:06:45.399 E/CompositionEngine( 1004): [com.hyeni.calendar/com.hyeni.calendar.MainActivity$_11093#5342] Invalid device requested composition type change: Device (2) --> Device (2)
05-12 05:06:45.399 E/CompositionEngine( 1004): [StatusBar$_1899#103] Invalid device requested composition type change: Device (2) --> Device (2)
05-12 05:06:45.399 E/CompositionEngine( 1004): [com.sec.android.app.launcher/com.samsung.app.honeyspace.edge.edgepanel.app.CocktailBarService$_2350#5258] Invalid device requested composition type change: Device (2) --> Device (2)
05-12 05:06:45.399 E/CompositionEngine( 1004): [NavigationBar0$_1899#101] Invalid device requested composition type change: Device (2) --> Device (2)
05-12 05:06:45.399 E/CompositionEngine( 1004): [ScreenDecorHwcOverlay$_1899#107] Invalid device requested composition type change: DisplayDecoration (6) --> DisplayDecoration (6)
