05-12 05:06:24.720 I/artd    ( 1609): GetBestInfo: dm (/data/app/~~oLyvimJm_tWQIOeWuPZVzg==/com.android.chrome-sKHygpO6zj8-60KjeXzjFQ==/split_chrome.dm) is kOatUpToDate with filter 'verify' executable 'false'
05-12 05:06:24.720 I/artd    ( 1609): GetBestInfo: dm (/data/app/~~oLyvimJm_tWQIOeWuPZVzg==/com.android.chrome-sKHygpO6zj8-60KjeXzjFQ==/split_dev_ui.dm) is kOatUpToDate with filter 'verify' executable 'false'
05-12 05:06:24.721 I/artd    ( 1609): GetBestInfo: dm (/data/app/~~oLyvimJm_tWQIOeWuPZVzg==/com.android.chrome-sKHygpO6zj8-60KjeXzjFQ==/split_on_demand.dm) is kOatUpToDate with filter 'verify' executable 'false'
05-12 05:06:24.722 I/artd    ( 1609): GetBestInfo: dm (/data/app/~~oLyvimJm_tWQIOeWuPZVzg==/com.android.chrome-sKHygpO6zj8-60KjeXzjFQ==/split_stack_unwinder.dm) is kOatUpToDate with filter 'verify' executable 'false'
05-12 05:06:24.723 I/artd    ( 1609): GetBestInfo: dm (/data/app/~~oLyvimJm_tWQIOeWuPZVzg==/com.android.chrome-sKHygpO6zj8-60KjeXzjFQ==/split_test_dummy.dm) is kOatUpToDate with filter 'verify' executable 'false'
05-12 05:06:24.745 E/MotoSxfService( 2878): ModeUsage or ActivityState is null.
05-12 05:06:24.747 I/artd    ( 1609): GetBestInfo: vdex next to the dex file (/data/app/~~GokssQUs2kXQ7GFOrAaC9Q==/com.facebook.services-Fwo4xvUs9wLwscU9SLBdiQ==/oat/arm64/base.vdex) is kOatUpToDate with filter 'verify' executable 'false'
05-12 05:06:24.753 W/Finsky  ( 6985): [2] STU: Failed to get storage stats for package 'com.android.runtime' (1601: Error getting stats: android.content.pm.PackageManager.NameNotFoundException)
05-12 05:06:24.754 I/artd    ( 1609): GetBestInfo: odex next to the dex file (/data/app/~~3Fl9B0Hox5T8Kn8EgxgkuA==/com.google.android.gms.supervision-gKVZkAp3wAiiIsumBeWtGg==/oat/arm64/base.odex) is kOatUpToDate with filter 'speed-profile' executable 'false'
05-12 05:06:24.757 I/artd    ( 1609): GetBestInfo: odex next to the dex file (/data/app/~~tH_cRu2q5ATYl4aZRnr5bw==/com.google.android.apps.subscriptions.red-IQ5xPXPETtSDgtn5ndJe2A==/oat/arm64/base.odex) is kOatUpToDate with filter 'speed-profile' executable 'false'
05-12 05:06:24.764 I/artd    ( 1609): GetBestInfo: odex next to the dex file (/data/app/~~L7F1NlI9EStT_QOUrJVRvQ==/com.translater.language.translator.voice.photo-JgHmJmxVNV-mX7cbdosauQ==/oat/arm64/base.odex) is kOatUpToDate with filter 'speed-profile' executable 'false'
05-12 05:06:24.767 I/artd    ( 1609): GetBestInfo: odex next to the dex file (/data/app/~~jhEYM7dO70IG8GhnAU34Sw==/com.google.android.contacts-7cYzN4yKt8PVB8IvYw5Q9g==/oat/arm64/base.odex) is kOatUpToDate with filter 'speed-profile' executable 'false'
05-12 05:06:24.769 I/artd    ( 1609): GetBestInfo: odex next to the dex file (/data/app/~~l_fQQixHHVsdm0v7LcWoFQ==/com.hanwha.insurance.sfa.applicant-EdE8YbejGbLhZgnUPZF-aA==/oat/arm64/base.odex) is kOatUpToDate with filter 'speed-profile' executable 'false'
05-12 05:06:24.773 W/Finsky  ( 6985): [2] STU: Failed to get storage stats for package 'com.google.android.cellbroadcast' (1601: Error getting stats: android.content.pm.PackageManager.NameNotFoundException)
05-12 05:06:24.775 I/artd    ( 1609): GetBestInfo: odex next to the dex file (/data/app/~~Mnni5V6WoVgeq08OJfgRfA==/translate.all.language.translator.cameratranslator-CE_J4GlrQtczCF1yXSvlMg==/oat/arm64/base.odex) is kOatUpToDate with filter 'speed-profile' executable 'false'
05-12 05:06:24.779 I/artd    ( 1609): GetBestInfo: odex next to the dex file (/data/app/~~mGXT9zfQOilxlkFGXoXN2Q==/com.dicedpixel.foodrun-N89oObA8ka9ewpxyEAPU8Q==/oat/arm64/base.odex) is kOatUpToDate with filter 'speed-profile' executable 'false'
05-12 05:06:24.780 I/artd    ( 1609): GetBestInfo: odex next to the dex file (/data/user/0/com.dicedpixel.foodrun/app_pccache/5/A4A3883B62E64477497A21E502C207B1868F77D8/oat/arm64/pcam.odex) is kOatUpToDate with filter 'speed-profile' executable 'false'
05-12 05:06:24.781 I/artd    ( 1609): GetBestInfo: odex next to the dex file (/data/user/0/com.dicedpixel.foodrun/app_pccache/5/591C52BA23C4E0E4C6EB8A94DE92F532A215A628/oat/arm64/pcam.odex) is kOatUpToDate with filter 'speed-profile' executable 'false'
05-12 05:06:24.791 I/artd    ( 1609): GetBestInfo: odex next to the dex file (/data/app/~~wZzPPelXUdFh6mt5fc6dmQ==/com.wooricard.smartapp-fhlhq4_eZe1xJ6ohTOoLlQ==/oat/arm64/base.odex) is kOatUpToDate with filter 'speed-profile' executable 'false'
05-12 05:06:24.799 I/artd    ( 1609): GetBestInfo: odex next to the dex file (/data/app/~~Jya6Quh_BsEuj8AC_8F5eQ==/com.google.android.accessibility.switchaccess-Z7rW-CZFUFrNOcTeo0HeHQ==/oat/arm64/base.odex) is kOatUpToDate with filter 'speed-profile' executable 'false'
05-12 05:06:24.802 I/artd    ( 1609): GetBestInfo: odex next to the dex file (/data/app/~~0HWFnNH8nd59HfiMci1UKg==/kr.co.emart.emartmall-Rik2yGN4VfA22AgN3vpugA==/oat/arm64/base.odex) is kOatUpToDate with filter 'speed-profile' executable 'false'
05-12 05:06:24.802 D/nativeloader( 1978): Configuring clns-7 for other apk /data/app/~~EJbFQ1lECbTqKMp7EC8agg==/com.hyeni.calendar-minUHA739evZKRVbLNuaYA==/base.apk. target_sdk_version=36, uses_libraries=, library_path=/data/app/~~EJbFQ1lECbTqKMp7EC8agg==/com.hyeni.calendar-minUHA739evZKRVbLNuaYA==/lib/arm64:/data/app/~~EJbFQ1lECbTqKMp7EC8agg==/com.hyeni.calendar-minUHA739evZKRVbLNuaYA==/base.apk!/lib/arm64-v8a, permitted_path=/data:/mnt/expand:/data/user/0/com.hyeni.calendar
05-12 05:06:24.807 V/GraphicsEnvironment( 1978): Currently set values for:
05-12 05:06:24.807 V/GraphicsEnvironment( 1978):   angle_gl_driver_selection_pkgs=[]
05-12 05:06:24.807 V/GraphicsEnvironment( 1978):   angle_gl_driver_selection_values=[]
05-12 05:06:24.807 V/GraphicsEnvironment( 1978): Global.Settings values are invalid: number of packages: 0, number of values: 0
05-12 05:06:24.807 V/GraphicsEnvironment( 1978): Updatable production driver is not supported on the device.
05-12 05:06:24.810 I/artd    ( 1609): GetBestInfo: odex next to the dex file (/data/app/~~EHDkYqSQFlBfuz6yO-X07A==/kr.co.elandmall.elandmall-Wyspk2GlcU6GJFAsIwVyxg==/oat/arm64/base.odex) is kOatUpToDate with filter 'speed-profile' executable 'false'
05-12 05:06:24.813 I/artd    ( 1609): GetBestInfo: odex next to the dex file (/data/app/~~GJtY1gUMu93dbqr-uxlkHQ==/com.google.android.apps.carrier.carrierwifi-f-_5eOatA624TISjZez9zg==/oat/arm64/base.odex) is kOatUpToDate with filter 'speed-profile' executable 'false'
05-12 05:06:24.818 I/artd    ( 1609): GetBestInfo: odex next to the dex file (/data/app/~~mnY4W4veqNEc4f9GMk7RxA==/com.google.android.apps.wellbeing-4A9NjoMm1qKL_twH2dRThw==/oat/arm64/base.odex) is kOatUpToDate with filter 'speed-profile' executable 'false'
05-12 05:06:24.820 I/FirebaseApp( 1978): Device unlocked: initializing all Firebase APIs for app [DEFAULT]
05-12 05:06:24.825 I/FirebaseInitProvider( 1978): FirebaseApp initialization successful
05-12 05:06:24.825 I/artd    ( 1609): GetBestInfo: odex next to the dex file (/data/app/~~l5v_sg6TzWv2WS8DR5ddhA==/ai.face.future.futureme-Ob4Vk9v-Bg5YFKTcyAchaQ==/oat/arm64/base.odex) is kOatUpToDate with filter 'speed-profile' executable 'false'
05-12 05:06:24.830 I/artd    ( 1609): GetBestInfo: odex next to the dex file (/data/app/~~jSWbgNBjRyBSXGSBBphkww==/com.banana.cat.hidenseek-vFgI_JHBq_lmi0aPGUB7KA==/oat/arm64/base.odex) is kOatUpToDate with filter 'speed-profile' executable 'false'
05-12 05:06:24.830 D/WM-WrkMgrInitializer( 1978): Initializing WorkManager with default configuration.
05-12 05:06:24.833 I/artd    ( 1609): GetBestInfo: vdex next to the dex file (/data/user/0/com.banana.cat.hidenseek/cache/oat/arm64/google_api_resources_lib.vdex) is kOatUpToDate with filter 'verify' executable 'false'
05-12 05:06:24.834 I/artd    ( 1609): GetBestInfo: vdex next to the dex file (/data/user/0/com.banana.cat.hidenseek/cache/oat/arm64/remote_config_resources_lib.vdex) is kOatUpToDate with filter 'verify' executable 'false'
05-12 05:06:24.837 I/artd    ( 1609): GetBestInfo: vdex next to the dex file (/data/user/0/com.banana.cat.hidenseek/cache/oat/arm64/app_resources_lib.vdex) is kOatUpToDate with filter 'verify' executable 'false'
05-12 05:06:24.838 I/artd    ( 1609): GetBestInfo: vdex next to the dex file (/data/user/0/com.banana.cat.hidenseek/app_pccache/5/A4A3883B62E64477497A21E502C207B1868F77D8/oat/arm64/pcam.vdex) is kOatUpToDate with filter 'verify' executable 'false'
05-12 05:06:24.842 D/WM-PackageManagerHelper( 1978): Skipping component enablement for androidx.work.impl.background.systemjob.SystemJobService
05-12 05:06:24.842 D/WM-Schedulers( 1978): Created SystemJobScheduler and enabled SystemJobService
05-12 05:06:24.850 I/Typeface( 1978): updateThemeFont new=Exo2-Regular;old=sans-serif;new=Exo2-Stacked;old=
05-12 05:06:24.850 I/ActivityManager( 2878): Flag disabled. Ignoring finishAttachApplication from uid: 10523. pid: 1978
05-12 05:06:24.854 I/artd    ( 1609): GetBestInfo: odex next to the dex file (/data/app/~~7AFZU96HwNQp1Hy3b7zAUA==/com.motorola.om-hwIQO3sDEFe2QRpIFz2dDw==/oat/arm64/base.odex) is kOatUpToDate with filter 'speed-profile' executable 'false'
05-12 05:06:24.858 I/artd    ( 1609): GetBestInfo: odex next to the dex file (/data/app/~~bUspFDpE1GEv43B1eOhIBA==/com.google.android.apps.restore-DNK9zMhxeEz6PufF5OnvqA==/oat/arm64/base.odex) is kOatUpToDate with filter 'speed-profile' executable 'false'
05-12 05:06:24.863 I/artd    ( 1609): GetBestInfo: odex next to the dex file (/data/app/~~XS4orlsl9iYsMgVsfwq_2g==/com.naver.smartplace-hpGZuFc1o2c8aVNEA1loTA==/oat/arm64/base.odex) is kOatUpToDate with filter 'speed-profile' executable 'false'
05-12 05:06:24.866 D/AppCompatDelegate( 1978): Checking for metadata for AppLocalesMetadataHolderService : Service not found
05-12 05:06:24.872 I/artd    ( 1609): GetBestInfo: odex next to the dex file (/data/app/~~8GqZd08gCS7ow_ATYCyRDw==/com.ice.ball.snow.race-sRcqcOho2slXU325yMcykg==/oat/arm64/base.odex) is kOatUpToDate with filter 'speed-profile' executable 'false'
05-12 05:06:24.873 I/artd    ( 1609): GetBestInfo: vdex next to the dex file (/data/user/0/com.ice.ball.snow.race/app_pccache/5/A4A3883B62E64477497A21E502C207B1868F77D8/oat/arm64/pcam.vdex) is kOatUpToDate with filter 'verify' executable 'false'
05-12 05:06:24.876 I/artd    ( 1609): GetBestInfo: vdex next to the dex file (/data/user/0/com.ice.ball.snow.race/cache/oat/arm64/google_api_resources_lib.vdex) is kOatUpToDate with filter 'verify' executable 'false'
05-12 05:06:24.876 I/artd    ( 1609): GetBestInfo: vdex next to the dex file (/data/user/0/com.ice.ball.snow.race/cache/oat/arm64/remote_config_resources_lib.vdex) is kOatUpToDate with filter 'verify' executable 'false'
05-12 05:06:24.877 I/artd    ( 1609): GetBestInfo: vdex next to the dex file (/data/user/0/com.ice.ball.snow.race/cache/oat/arm64/app_resources_lib.vdex) is kOatUpToDate with filter 'verify' executable 'false'
05-12 05:06:24.885 I/artd    ( 1609): GetBestInfo: odex next to the dex file (/data/app/~~p6lfDJi3w3TiHhdu_cyTrw==/com.hanwha.hima-4ku-7t8KABN1dQnVKwj_cQ==/oat/arm64/base.odex) is kOatUpToDate with filter 'speed-profile' executable 'false'
05-12 05:06:24.887 W/Finsky  ( 6985): [2] STU: Failed to get storage stats for package 'com.motorola.enterprise' (1601: Error getting stats: android.content.pm.PackageManager.NameNotFoundException)
05-12 05:06:24.890 I/.hyeni.calendar( 1978): hiddenapi: Accessing hidden method Landroid/view/ViewGroup;->makeOptionalFitsSystemWindows()V (runtime_flags=0, domain=platform, api=unsupported) from Landroidx/appcompat/widget/ViewUtils; (domain=app, TargetSdkVersion=36) using reflection: allowed
05-12 05:06:24.890 I/artd    ( 1609): GetBestInfo: odex next to the dex file (/data/app/~~A0yMNJypQqUd_qaAllXOoA==/com.motorola.genie-AXOjo2OAwbS_NHepuHcyRg==/oat/arm64/base.odex) is kOatUpToDate with filter 'speed-profile' executable 'false'
05-12 05:06:24.896 I/WebViewFactory( 1978): Loading com.google.android.webview version 147.0.7727.138 (code 772713803)
05-12 05:06:24.896 I/artd    ( 1609): GetBestInfo: odex next to the dex file (/data/app/~~Rt-rS3ZQafa-vVUHQ3QiXw==/com.google.android.apps.photos-Qg3vFOJuGjyV7KGe2ryDRA==/oat/arm64/base.odex) is kOatUpToDate with filter 'speed-profile' executable 'false'
05-12 05:06:24.899 V/ResourcesManager( 1978): The following library key has been added: ResourcesKey{ mHash=2c4efe90 mResDir=null mSplitDirs=[] mOverlayDirs=[/product/overlay/NavigationBarMode3Button/NavigationBarMode3ButtonOverlay.apk,/product/overlay/IconShapeRoundedRect/IconShapeRoundedRectOverlay.apk,/product/overlay/FontExo2RegularSource/FontExo2RegularSourceOverlay.apk,/data/resource-cache/com.android.systemui-neutral-zkZ2.frro,/data/resource-cache/com.android.systemui-accent-kIxr.frro,/data/resource-cache/com.android.systemui-dynamic-ENsj.frro] mLibDirs=[/data/app/~~AgYwycswZduHCKSLalvhkA==/com.google.android.webview-yarYKlzPKoJVS4vuQnwivg==/base.apk,/system/framework/android.test.base.jar,/system_ext/framework/androidx.window.extensions.jar] mDisplayId=0 mOverrideConfig=v35 mCompatInfo={420dpi always-compat} mLoaders=[]}
05-12 05:06:24.899 D/ApplicationLoaders( 1978): Returning zygote-cached class loader: /system/framework/android.test.base.jar
05-12 05:06:24.899 D/ApplicationLoaders( 1978): Returning zygote-cached class loader: /system_ext/framework/androidx.window.extensions.jar
05-12 05:06:24.900 W/.hyeni.calendar( 1978): Loading /data/app/~~AgYwycswZduHCKSLalvhkA==/com.google.android.webview-yarYKlzPKoJVS4vuQnwivg==/oat/arm64/base.odex non-executable as it requires an image which we failed to load
05-12 05:06:24.901 D/nativeloader( 1978): Configuring clns-8 for other apk /data/app/~~AgYwycswZduHCKSLalvhkA==/com.google.android.webview-yarYKlzPKoJVS4vuQnwivg==/base.apk. target_sdk_version=36, uses_libraries=, library_path=/data/app/~~AgYwycswZduHCKSLalvhkA==/com.google.android.webview-yarYKlzPKoJVS4vuQnwivg==/lib/arm64:/data/app/~~AgYwycswZduHCKSLalvhkA==/com.google.android.webview-yarYKlzPKoJVS4vuQnwivg==/base.apk!/lib/arm64-v8a, permitted_path=/data:/mnt/expand
05-12 05:06:24.901 I/artd    ( 1609): GetBestInfo: odex next to the dex file (/data/app/~~1VRKzxyT0_8dXkgIBOdA1g==/com.samsung.android.oneconnect-JMiIMTnTrGPi6QFSnsMFeQ==/oat/arm64/base.odex) is kOatUpToDate with filter 'speed-profile' executable 'false'
05-12 05:06:24.909 I/artd    ( 1609): GetBestInfo: odex next to the dex file (/data/app/~~3DBjZ9Ce3WL4HY9OAwQ6VQ==/com.aura.oobe.motorola-I4Lvb4QEycrEIOhyrR1wbQ==/oat/arm64/base.odex) is kOatUpToDate with filter 'speed-profile' executable 'false'
05-12 05:06:24.910 I/cr_WVCFactoryProvider( 1978): version=147.0.7727.138 (772713803) minSdkVersion=29 multiprocess=true packageId=2 splits=<none>
05-12 05:06:24.913 I/artd    ( 1609): GetBestInfo: odex next to the dex file (/data/app/~~Hj7cpkbFmf5vyiLkuVXZmw==/com.genigames.prison.escape.jailbreak.adventure-vuUvRM8VcCnZrYDemHjkCg==/oat/arm64/base.odex) is kOatUpToDate with filter 'speed-profile' executable 'false'
05-12 05:06:24.913 I/artd    ( 1609): GetBestInfo: vdex next to the dex file (/data/user/0/com.genigames.prison.escape.jailbreak.adventure/app_pccache/5/A4A3883B62E64477497A21E502C207B1868F77D8/oat/arm64/pcam.vdex) is kOatUpToDate with filter 'verify' executable 'false'
05-12 05:06:24.914 I/artd    ( 1609): GetBestInfo: vdex next to the dex file (/data/user/0/com.genigames.prison.escape.jailbreak.adventure/app_pccache/5/EEE20DEE2B9E8FD13D3BD7940C93E19263473270/oat/arm64/pcam.vdex) is kOatUpToDate with filter 'verify' executable 'false'
05-12 05:06:24.914 I/artd    ( 1609): GetBestInfo: vdex next to the dex file (/data/user/0/com.genigames.prison.escape.jailbreak.adventure/cache/oat/arm64/app_resources_lib.vdex) is kOatUpToDate with filter 'verify' executable 'false'
05-12 05:06:24.914 I/artd    ( 1609): GetBestInfo: vdex next to the dex file (/data/user/0/com.genigames.prison.escape.jailbreak.adventure/cache/oat/arm64/google_api_resources_lib.vdex) is kOatUpToDate with filter 'verify' executable 'false'
05-12 05:06:24.922 I/artd    ( 1609): GetBestInfo: odex next to the dex file (/data/app/~~esg0bDa2ruEBdLGNJ-dMBg==/com.sec.spp.push-txbbCp-I7DYyuhpWvX07SA==/oat/arm64/base.odex) is kOatUpToDate with filter 'speed-profile' executable 'false'
05-12 05:06:24.923 D/nativeloader( 1978): Load /data/app/~~AgYwycswZduHCKSLalvhkA==/com.google.android.webview-yarYKlzPKoJVS4vuQnwivg==/base.apk!/lib/arm64-v8a/libwebviewchromium.so using class loader ns clns-8 (caller=/data/app/~~AgYwycswZduHCKSLalvhkA==/com.google.android.webview-yarYKlzPKoJVS4vuQnwivg==/base.apk): ok
05-12 05:06:24.924 D/nativeloader( 1978): Load /system/lib64/libwebviewchromium_plat_support.so using class loader ns clns-8 (caller=/data/app/~~AgYwycswZduHCKSLalvhkA==/com.google.android.webview-yarYKlzPKoJVS4vuQnwivg==/base.apk): ok
05-12 05:06:24.925 I/artd    ( 1609): GetBestInfo: odex next to the dex file (/data/app/~~OEyx1_fd1d3OFrG5C0Gj9g==/com.google.android.ims-znapJE0GAzgeXTPy7K7d-g==/oat/arm64/base.odex) is kOatUpToDate with filter 'speed-profile' executable 'false'
05-12 05:06:24.928 I/chromium( 1978): [0512/050624.927544:INFO:android_webview/browser/variations/variations_seed_loader.cc:67] Failed to open file for reading.: No such file or directory (2)
05-12 05:06:24.928 I/chromium( 1978): [0512/050624.928445:INFO:android_webview/browser/variations/variations_seed_loader.cc:67] Failed to open file for reading.: No such file or directory (2)
05-12 05:06:24.928 W/Finsky  ( 6985): [2] STU: Failed to get storage stats for package 'com.google.android.tzdata6' (1601: Error getting stats: android.content.pm.PackageManager.NameNotFoundException)
05-12 05:06:24.929 I/cr_LibraryLoader( 1978): Successfully loaded native library
05-12 05:06:24.930 I/cr_CachingUmaRecorder( 1978): Flushed 22 samples from 21 histograms, 0 samples were dropped.
05-12 05:06:24.931 I/cr_ChildProcLH( 1978): ScopedServiceBindingBatch.tryActivate: false
05-12 05:06:24.932 I/cr_CombinedPProvider( 1978): #registerProvider() provider:WV.yk@ae157a6 isPolicyCacheEnabled:false policyProvidersSize:0
05-12 05:06:24.933 I/cr_PolicyProvider( 1978): #setManagerAndSource() 0
05-12 05:06:24.934 I/cr_DisplayManager( 1978): Is Display Topology available: false
05-12 05:06:24.936 I/artd    ( 1609): GetBestInfo: odex next to the dex file (/data/app/~~0gkiDLzrcIdHg6fADlemAw==/com.hanwhalife.hiw-tR6VxQAf84gyh7Q0YtyT7Q==/oat/arm64/base.odex) is kOatUpToDate with filter 'speed-profile' executable 'false'
05-12 05:06:24.938 V/GrammaticalInflectionUtils( 2878): AttributionSource: android.content.AttributionSource@89a4130f does not have READ_SYSTEM_GRAMMATICAL_GENDER permission.
05-12 05:06:24.940 W/MotoBatteryCareService( 2878): uid: 10523 pkgName:com.hyeni.calendar come to foreground
05-12 05:06:24.944 W/Finsky  ( 6985): [2] STU: Failed to get storage stats for package 'com.google.android.permission' (1601: Error getting stats: android.content.pm.PackageManager.NameNotFoundException)
05-12 05:06:24.945 I/cr_CombinedPProvider( 1978): #linkNativeInternal() 1
05-12 05:06:24.945 I/artd    ( 1609): GetBestInfo: odex next to the dex file (/data/app/~~I5bEg1-YarZCzoljWTVr7A==/com.starbucks.co-TjfCjryWRqi9c9EGM9OduQ==/oat/arm64/base.odex) is kOatUpToDate with filter 'speed-profile' executable 'false'
05-12 05:06:24.945 I/cr_AppResProvider( 1978): #getApplicationRestrictionsFromUserManager() Bundle[EMPTY_PARCEL]
05-12 05:06:24.945 I/cr_PolicyProvider( 1978): #notifySettingsAvailable() 0
05-12 05:06:24.945 I/cr_CombinedPProvider( 1978): #onSettingsAvailable() 0
05-12 05:06:24.945 I/cr_CombinedPProvider( 1978): #flushPolicies()
05-12 05:06:24.948 D/Zygote  ( 3751): Forked child process 2041
05-12 05:06:24.951 I/ActivityManager( 2878): Start proc 2041:com.google.android.webview:sandboxed_process0:org.chromium.content.app.SandboxedProcessService0:0/u0i20 for  {com.hyeni.calendar/org.chromium.content.app.SandboxedProcessService0:0}
05-12 05:06:24.951 E/libc    ( 2041): SetHeapTaggingLevel: re-enabling tagging after it was disabled is not supported
05-12 05:06:24.955 I/ocessService0:0( 2041): Using CollectorTypeCMC GC.
05-12 05:06:24.960 I/artd    ( 1609): GetBestInfo: odex next to the dex file (/data/app/~~7oxxVYhTTkCK69Ab2NiryQ==/com.coupang.mobile-4P7x3f8ijg0K-B7QnqdPbw==/oat/arm64/base.odex) is kOatUpToDate with filter 'speed-profile' executable 'false'
05-12 05:06:24.962 D/nativeloader( 2041): Load libframework-connectivity-tiramisu-jni.so using APEX ns com_android_tethering for caller /apex/com.android.tethering/javalib/framework-connectivity-t.jar: ok
05-12 05:06:24.962 W/chromium( 1978): [WARNING:android_webview/browser/network_service/net_helpers.cc:137] HTTP Cache size is: 58441707
05-12 05:06:24.968 I/artd    ( 1609): GetBestInfo: vdex next to the dex file (/data/app/~~wjpPsW1zjjbet2a7W5Ym3w==/com.facebook.system-L8bR-vHWD7sAJPHGYa9FaA==/oat/arm64/base.vdex) is kOatUpToDate with filter 'verify' executable 'false'
05-12 05:06:24.970 D/BoundBrokerSvc( 4848): onBind: Intent { act=com.google.android.gms.safetynet.service.START pkg=com.google.android.gms }
05-12 05:06:24.970 D/BoundBrokerSvc( 4848): Loading bound service for intent: Intent { act=com.google.android.gms.safetynet.service.START pkg=com.google.android.gms }
05-12 05:06:24.973 I/ejla    (28894): (REDACTED) HDM. appOpsListener %s %s
05-12 05:06:24.973 I/ejla    (28894): (REDACTED) HDM. Ignoring irrelevant audio permission changes for package %s
05-12 05:06:24.973 I/ejla    (28894): (REDACTED) HDM. appOpsListener %s %s
05-12 05:06:24.973 I/ejla    (28894): (REDACTED) HDM. Ignoring irrelevant audio permission changes for package %s
05-12 05:06:24.977 D/ForegroundUtils( 6501): Foreground UID status: 10199, false; 10348, false; 10380, true; 10390, true; 10399, false; 10523, true; 
05-12 05:06:24.981 D/ConnectivityService( 2878): requestNetwork for uid/pid:10523/1978 activeRequest: null callbackRequest: 623 [NetworkRequest [ REQUEST id=624, [ Capabilities: INTERNET&NOT_RESTRICTED&TRUSTED&NOT_VCN_MANAGED&NOT_BANDWIDTH_CONSTRAINED Uid: 10523 RequestorUid: 10523 RequestorPkg: com.hyeni.calendar UnderlyingNetworks: Null] ]] callback flags: 0 order: 2147483647 isUidTracked: false declaredMethods: AVAIL|LOST|NC|LP
05-12 05:06:24.982 D/BoundBrokerSvc( 4848): onBind: Intent { act=com.google.android.gms.safebrowsing.SafeBrowsingService.START dat=chimera-action:/... cmp=com.google.android.gms/.chimera.GmsBoundBrokerService }
05-12 05:06:24.982 D/BoundBrokerSvc( 4848): Loading bound service for intent: Intent { act=com.google.android.gms.safebrowsing.SafeBrowsingService.START dat=chimera-action:/... cmp=com.google.android.gms/.chimera.GmsBoundBrokerService }
05-12 05:06:24.983 D/WifiNetworkFactory( 2878): got request NetworkRequest [ REQUEST id=624, [ Capabilities: INTERNET&NOT_RESTRICTED&TRUSTED&NOT_VCN_MANAGED&NOT_BANDWIDTH_CONSTRAINED Uid: 10523 RequestorUid: 10523 RequestorPkg: com.hyeni.calendar UnderlyingNetworks: Null] ]
05-12 05:06:24.983 D/ApplicationLoaders( 2041): Returning zygote-cached class loader: /system/framework/android.test.base.jar
05-12 05:06:24.984 D/ApplicationLoaders( 2041): Returning zygote-cached class loader: /system_ext/framework/androidx.window.extensions.jar
05-12 05:06:24.984 D/UntrustedWifiNetworkFactory( 2878): got request NetworkRequest [ REQUEST id=624, [ Capabilities: INTERNET&NOT_RESTRICTED&TRUSTED&NOT_VCN_MANAGED&NOT_BANDWIDTH_CONSTRAINED Uid: 10523 RequestorUid: 10523 RequestorPkg: com.hyeni.calendar UnderlyingNetworks: Null] ]
05-12 05:06:24.984 D/ConnectivityService( 2878): NetReassign [624 : null → 103] [c 0] [a 1] [i 1]
05-12 05:06:24.985 D/ConnectivityService( 2878): NetReassign [no changes] [c 1] [a 0] [i 0]
05-12 05:06:24.985 D/OemPaidWifiNetworkFactory( 2878): got request NetworkRequest [ REQUEST id=624, [ Capabilities: INTERNET&NOT_RESTRICTED&TRUSTED&NOT_VCN_MANAGED&NOT_BANDWIDTH_CONSTRAINED Uid: 10523 RequestorUid: 10523 RequestorPkg: com.hyeni.calendar UnderlyingNetworks: Null] ]
05-12 05:06:24.985 D/MultiInternetWifiNetworkFactory( 2878): got request NetworkRequest [ REQUEST id=624, [ Capabilities: INTERNET&NOT_RESTRICTED&TRUSTED&NOT_VCN_MANAGED&NOT_BANDWIDTH_CONSTRAINED Uid: 10523 RequestorUid: 10523 RequestorPkg: com.hyeni.calendar UnderlyingNetworks: Null] ]
05-12 05:06:24.989 I/cr_WebViewApkApp( 2041): version=147.0.7727.138 (772713803) minSdkVersion=29 processName=com.google.android.webview:sandboxed_process0:org.chromium.content.app.SandboxedProcessService0:0 splits=<none>
05-12 05:06:24.990 I/Typeface( 2041): updateThemeFont new=Exo2-Regular;old=sans-serif;new=Exo2-Stacked;old=
05-12 05:06:24.990 I/ActivityManager( 2878): Flag disabled. Ignoring finishAttachApplication from uid: 99020. pid: 2041
05-12 05:06:24.990 I/artd    ( 1609): GetBestInfo: odex next to the dex file (/data/app/~~WsxMJmN8bcA2W_4AHyjILg==/com.facebook.katana-AcXEI2__-W1Y46REHm_ZPg==/oat/arm64/base.odex) is kOatUpToDate with filter 'speed-profile' executable 'false'
05-12 05:06:24.991 I/cr_ChildProcessService( 2041): Creating new ChildProcessService pid=2041
05-12 05:06:24.997 I/artd    ( 1609): GetBestInfo: odex next to the dex file (/data/app/~~AiL5aaKOnKS8aFdYNOM_ZQ==/com.pub.fm-8-LjYFjbQlUaEfX44Ipgug==/oat/arm64/base.odex) is kOatUpToDate with filter 'speed-profile' executable 'false'
05-12 05:06:25.001 D/Capacitor( 1978): Starting BridgeActivity
05-12 05:06:25.001 I/artd    ( 1609): GetBestInfo: odex next to the dex file (/data/app/~~MBQCfdKS1sVeJyKsdUt2MQ==/eduland.myapplication-lixiO_4ggSDkjv97Yb6BVA==/oat/arm64/base.odex) is kOatUpToDate with filter 'speed-profile' executable 'false'
05-12 05:06:25.004 I/artd    ( 1609): GetBestInfo: odex next to the dex file (/data/app/~~6uvgCo3ruWU0CnN2agsz2w==/com.ewut.allealimi-pAwFK2OrHKeos8xFShQo1g==/oat/arm64/base.odex) is kOatUpToDate with filter 'speed-profile' executable 'false'
05-12 05:06:25.011 D/Capacitor( 1978): Registering plugin instance: CapacitorCookies
05-12 05:06:25.013 D/Capacitor( 1978): Registering plugin instance: WebView
05-12 05:06:25.014 I/artd    ( 1609): GetBestInfo: odex next to the dex file (/data/app/~~ahDme9pzoCpailh5pjgVow==/com.airbnb.android-S3tfg9U3mu5bLDJt56Ghsg==/oat/arm64/base.odex) is kOatUpToDate with filter 'speed-profile' executable 'false'
05-12 05:06:25.014 D/Capacitor( 1978): Registering plugin instance: CapacitorHttp
05-12 05:06:25.015 D/Capacitor( 1978): Registering plugin instance: SystemBars
05-12 05:06:25.017 D/Capacitor( 1978): Registering plugin instance: BackgroundLocation
05-12 05:06:25.017 I/artd    ( 1609): GetBestInfo: odex next to the dex file (/data/app/~~kcX96qkEQRBOEyS2E1WwHw==/com.homeplus.myhomeplus-IuWiYgv8P_hlkLMenR5Brw==/oat/arm64/base.odex) is kOatUpToDate with filter 'speed-profile' executable 'false'
05-12 05:06:25.018 D/Capacitor( 1978): Registering plugin instance: SpeechRecognition
05-12 05:06:25.019 D/Capacitor( 1978): Registering plugin instance: NativeNotification
05-12 05:06:25.019 I/artd    ( 1609): GetBestInfo: odex next to the dex file (/data/app/~~0oRhTvLchsS7t1NBUHofBw==/com.appg.ebridge-ECRzWleksyTzcAWEBnzDLw==/oat/arm64/base.odex) is kOatUpToDate with filter 'speed-profile' executable 'false'
05-12 05:06:25.022 I/artd    ( 1609): GetBestInfo: odex next to the dex file (/data/app/~~9yRFU2e8BeBLYyjGyz4Agg==/com.tourvis.app-t4P9zB_QV7o4IX9zW4eNJg==/oat/arm64/base.odex) is kOatUpToDate with filter 'speed-profile' executable 'false'
05-12 05:06:25.024 D/Capacitor( 1978): Registering plugin instance: AmbientListen
05-12 05:06:25.025 I/artd    ( 1609): GetBestInfo: odex next to the dex file (/data/app/~~D2EHo2QKxRqz7NRXCivjeQ==/kvp.jjy.MispAndroid320-b4DV7SApgfbBoFprhsZgsA==/oat/arm64/base.odex) is kOatUpToDate with filter 'speed-profile' executable 'false'
05-12 05:06:25.025 D/Capacitor( 1978): Registering plugin instance: KakaoMapLauncher
05-12 05:06:25.026 D/Capacitor( 1978): Registering plugin instance: CameraPermission
05-12 05:06:25.027 D/Capacitor( 1978): Registering plugin instance: ExternalBrowser
05-12 05:06:25.027 D/Capacitor( 1978): Registering plugin instance: App
05-12 05:06:25.028 D/Capacitor( 1978): Registering plugin instance: NoCodes
05-12 05:06:25.029 I/artd    ( 1609): GetBestInfo: odex next to the dex file (/data/app/~~OZ4MvE-Q3olgitplepSxdQ==/com.sec.android.app.shealth-EheWmer40b_2cYHCr2W7HQ==/oat/arm64/base.odex) is kOatUpToDate with filter 'speed-profile' executable 'false'
05-12 05:06:25.029 D/Capacitor( 1978): Registering plugin instance: Qonversion
05-12 05:06:25.033 W/Finsky  ( 6985): [2] STU: Failed to get storage stats for package 'com.google.android.wifi' (1601: Error getting stats: android.content.pm.PackageManager.NameNotFoundException)
05-12 05:06:25.035 I/artd    ( 1609): GetBestInfo: odex next to the dex file (/data/app/~~v01aesUmzkCDomasTsWL7A==/kr.co.hanamembers.hmscustomer-nfW0xJ6RMB0UEBaxXHDcIg==/oat/arm64/base.odex) is kOatUpToDate with filter 'speed-profile' executable 'false'
05-12 05:06:25.035 I/artd    ( 1609): GetBestInfo: vdex next to the dex file (/data/user/0/kr.co.hanamembers.hmscustomer/app_pccache/5/570F2F567A7BD29610D50DF58B388F1BEB118159/oat/arm64/pcam.vdex) is kOatUpToDate with filter 'verify' executable 'false'
05-12 05:06:25.036 I/artd    ( 1609): GetBestInfo: vdex next to the dex file (/data/user/0/kr.co.hanamembers.hmscustomer/app_pccache/5/31A608BBC774481EC4B6A2274A0729389E78E19D/oat/arm64/pcam.vdex) is kOatUpToDate with filter 'verify' executable 'false'
05-12 05:06:25.042 I/artd    ( 1609): GetBestInfo: odex next to the dex file (/data/app/~~u6ogdE40F1Kru9LkOv_JDg==/com.caketower.building.jump.capybara-zxwWcI9LfulB0gOu2DIf5g==/oat/arm64/base.odex) is kOatUpToDate with filter 'speed-profile' executable 'false'
05-12 05:06:25.042 I/artd    ( 1609): GetBestInfo: vdex next to the dex file (/data/user/0/com.caketower.building.jump.capybara/app_pccache/5/591C52BA23C4E0E4C6EB8A94DE92F532A215A628/oat/arm64/pcam.vdex) is kOatUpToDate with filter 'verify' executable 'false'
05-12 05:06:25.043 I/artd    ( 1609): GetBestInfo: vdex next to the dex file (/data/user/0/com.caketower.building.jump.capybara/cache/oat/arm64/app_resources_lib.vdex) is kOatUpToDate with filter 'verify' executable 'false'
05-12 05:06:25.043 I/artd    ( 1609): GetBestInfo: vdex next to the dex file (/data/user/0/com.caketower.building.jump.capybara/cache/oat/arm64/google_api_resources_lib.vdex) is kOatUpToDate with filter 'verify' executable 'false'
05-12 05:06:25.044 I/artd    ( 1609): GetBestInfo: vdex next to the dex file (/data/user/0/com.caketower.building.jump.capybara/cache/oat/arm64/remote_config_resources_lib.vdex) is kOatUpToDate with filter 'verify' executable 'false'
05-12 05:06:25.044 I/artd    ( 1609): GetBestInfo: vdex next to the dex file (/data/user/0/com.caketower.building.jump.capybara/app_pccache/5/A4A3883B62E64477497A21E502C207B1868F77D8/oat/arm64/pcam.vdex) is kOatUpToDate with filter 'verify' executable 'false'
05-12 05:06:25.045 W/Capacitor( 1978): Unable to read file at path public/plugins
05-12 05:06:25.045 I/artd    ( 1609): GetBestInfo: vdex next to the dex file (/data/user/0/com.caketower.building.jump.capybara/cache/oat/arm64/auth_resources_lib.vdex) is kOatUpToDate with filter 'verify' executable 'false'
05-12 05:06:25.047 D/Capacitor( 1978): Loading app at https://localhost
05-12 05:06:25.053 I/artd    ( 1609): GetBestInfo: odex next to the dex file (/data/app/~~6IM3ZzXwnysu7DYm6qrFGA==/com.linkedin.android-kRqfcbq_pKBxl8iecDhY0A==/oat/arm64/base.odex) is kOatUpToDate with filter 'speed-profile' executable 'false'
05-12 05:06:25.055 I/artd    ( 1609): GetBestInfo: odex next to the dex file (/data/app/~~YCxTk6_XwKq-EVVidYjFaw==/com.socialapps.homeplus-E4GEJB7a3PsKYJr1LrptCQ==/oat/arm64/base.odex) is kOatUpToDate with filter 'speed-profile' executable 'false'
05-12 05:06:25.056 W/cr_media( 1978): BLUETOOTH_CONNECT permission is missing.
05-12 05:06:25.056 W/cr_media( 1978): getBluetoothAdapter() requires BLUETOOTH permission
05-12 05:06:25.056 W/cr_media( 1978): registerBluetoothIntentsIfNeeded: Requires BLUETOOTH permission
05-12 05:06:25.062 I/artd    ( 1609): GetBestInfo: odex next to the dex file (/data/app/~~ZrmYz21bMGKDinkBDDLbqA==/com.baedalyakgook_user-VXlCgfuGB_K4H9lfzI1wCw==/oat/arm64/base.odex) is kOatUpToDate with filter 'speed-profile' executable 'false'
05-12 05:06:25.063 I/cr_LibraryLoader( 2041): Successfully loaded native library
05-12 05:06:25.064 I/cr_CachingUmaRecorder( 2041): Flushed 2 samples from 2 histograms, 0 samples were dropped.
05-12 05:06:25.064 D/Capacitor( 1978): Handling local request: https://localhost/
05-12 05:06:25.064 W/chromium( 2041): [WARNING:content/app/android/content_main_android.cc:82] android_setCpu already initialized
05-12 05:06:25.066 I/DeviceStatesUploader( 4341): (REDACTED) Successfully report states: fullReport = %s, syncTrigger = %s
05-12 05:06:25.066 I/Job     ( 4341): (REDACTED) Job:%s success
05-12 05:06:25.066 D/Capacitor( 1978): App started
05-12 05:06:25.067 W/WindowOnBackDispatcher( 1978): OnBackInvokedCallback is not enabled for the application.
05-12 05:06:25.067 W/WindowOnBackDispatcher( 1978): Set 'android:enableOnBackInvokedCallback="true"' in the application manifest.
05-12 05:06:25.068 D/Capacitor/AppPlugin( 1978): Firing change: true
05-12 05:06:25.068 I/artd    ( 1609): GetBestInfo: odex next to the dex file (/data/app/~~qKLRWTlRaj_KQqJkfu0xyA==/net.nshc.droidx3-dCJpV8n_LWa57SPh3hPn5g==/oat/arm64/base.odex) is kOatUpToDate with filter 'speed-profile' executable 'false'
05-12 05:06:25.068 V/Capacitor/AppPlugin( 1978): Notifying listeners for event appStateChange
05-12 05:06:25.068 D/Capacitor/AppPlugin( 1978): No listeners found for event appStateChange
05-12 05:06:25.068 D/Capacitor( 1978): App resumed
05-12 05:06:25.072 W/AidlConversionCppNdk( 1893): legacy2aidl_audio_channel_mask_t_AudioChannelLayout: no AudioChannelLayout found for legacy output audio_channel_mask_t value 0x10
05-12 05:06:25.073 W/AidlConversionCppNdk( 1978): aidl2legacy_AudioChannelLayout_audio_channel_mask_t: no legacy output audio_channel_mask_t found for AudioChannelLayout{layoutMask: 16}
05-12 05:06:25.077 D/vulkan  ( 1978): searching for layers in '/data/app/~~EJbFQ1lECbTqKMp7EC8agg==/com.hyeni.calendar-minUHA739evZKRVbLNuaYA==/lib/arm64'
05-12 05:06:25.077 D/vulkan  ( 1978): searching for layers in '/data/app/~~EJbFQ1lECbTqKMp7EC8agg==/com.hyeni.calendar-minUHA739evZKRVbLNuaYA==/base.apk!/lib/arm64-v8a'
05-12 05:06:25.078 W/chromium( 2041): [WARNING:content/child/runtime_features.cc:537] Fenced frames cannot be enabled in this configuration. Use --enable-features=FencedFrames instead.
05-12 05:06:25.078 W/chromium( 2041): [WARNING:content/child/runtime_features.cc:562] Topics cannot be enabled in this configuration. Use --enable-features=BrowsingTopics in addition.
05-12 05:06:25.078 W/chromium( 2041): [WARNING:content/child/runtime_features.cc:583] SharedStorage cannot be enabled in this configuration. Use --enable-features=SharedStorageAPI in addition.
05-12 05:06:25.080 I/artd    ( 1609): GetBestInfo: odex next to the dex file (/data/app/~~UnGSMSKnkm5IwI2EfGNv2g==/com.samsung.wearable.fit3plugin-W5yFyAF4gl9z9E24chTOFg==/oat/arm64/base.odex) is kOatUpToDate with filter 'speed-profile' executable 'false'
05-12 05:06:25.090 I/NetworkScheduler.Stats( 4147): (REDACTED) Task %s/%s finished executing. cause:%s result: %s elapsed_millis: %s uptime_millis: %s exec_start_elapsed_seconds: %s
05-12 05:06:25.091 I/AdrenoVK-0( 1978): ===== BEGIN DUMP OF OVERRIDDEN SETTINGS =====
05-12 05:06:25.091 I/AdrenoVK-0( 1978): ===== END DUMP OF OVERRIDDEN SETTINGS =====
05-12 05:06:25.098 I/CameraManagerGlobal( 1978): Connecting to camera service
05-12 05:06:25.098 V/Capacitor/AppPlugin( 1978): Notifying listeners for event pause
05-12 05:06:25.098 D/Capacitor/AppPlugin( 1978): No listeners found for event pause
05-12 05:06:25.098 D/Capacitor( 1978): App paused
05-12 05:06:25.103 I/artd    ( 1609): GetBestInfo: odex next to the dex file (/data/app/~~ie5_MzqtSCB8uN7J7Ykgew==/filemanager.files.fileexplorer-75l98ltOIw47bdW-3pXU2Q==/oat/arm64/base.odex) is kOatUpToDate with filter 'speed-profile' executable 'false'
05-12 05:06:25.104 I/FontLog ( 4147): (REDACTED) Received query %s, URI %s
05-12 05:06:25.104 I/FontLog ( 4147): (REDACTED) Query [%s] resolved to %s
05-12 05:06:25.105 I/AdrenoVK-0( 1978): QUALCOMM build          : 0c393b63cf, I94e2bd5684
05-12 05:06:25.105 I/AdrenoVK-0( 1978): Build Date              : 05/02/25
05-12 05:06:25.105 I/AdrenoVK-0( 1978): Shader Compiler Version : EV031.36.08.33
05-12 05:06:25.105 I/AdrenoVK-0( 1978): Local Branch            : 
05-12 05:06:25.105 I/AdrenoVK-0( 1978): Remote Branch           : refs/tags/AU_LINUX_ANDROID_LA.VENDOR.1.0.R1.11.00.00.816.269
05-12 05:06:25.105 I/AdrenoVK-0( 1978): Remote Branch           : NONE
05-12 05:06:25.105 I/AdrenoVK-0( 1978): Reconstruct Branch      : NOTHING
05-12 05:06:25.105 I/AdrenoVK-0( 1978): Build Config            : S P 12.1.1 AArch64
05-12 05:06:25.105 I/AdrenoVK-0( 1978): Driver Path             : /vendor/lib64/hw/vulkan.adreno.so
05-12 05:06:25.105 I/AdrenoVK-0( 1978): Driver Version          : 0615.98
05-12 05:06:25.105 I/AdrenoVK-0( 1978): PFP                     : 0x01730181
05-12 05:06:25.105 I/AdrenoVK-0( 1978): ME                      : 0x00000000
05-12 05:06:25.105 I/AdrenoVK-0( 1978): Application Name    : 
05-12 05:06:25.105 I/AdrenoVK-0( 1978): Application Version : 0x00000001
05-12 05:06:25.105 I/AdrenoVK-0( 1978): Engine Name         : 
05-12 05:06:25.105 I/AdrenoVK-0( 1978): Engine Version      : 0x00000001
05-12 05:06:25.105 I/AdrenoVK-0( 1978): Api Version         : 0x00403000
05-12 05:06:25.106 I/AdrenoGLES-0( 1978): QUALCOMM build                   : 0c393b63cf, I94e2bd5684
05-12 05:06:25.106 I/AdrenoGLES-0( 1978): Build Date                       : 05/02/25
05-12 05:06:25.106 I/AdrenoGLES-0( 1978): OpenGL ES Shader Compiler Version: EV031.36.08.33
05-12 05:06:25.106 I/AdrenoGLES-0( 1978): Local Branch                     : 
05-12 05:06:25.106 I/AdrenoGLES-0( 1978): Remote Branch                    : refs/tags/AU_LINUX_ANDROID_LA.VENDOR.1.0.R1.11.00.00.816.269
05-12 05:06:25.106 I/AdrenoGLES-0( 1978): Remote Branch                    : NONE
05-12 05:06:25.106 I/AdrenoGLES-0( 1978): Reconstruct Branch               : NOTHING
05-12 05:06:25.106 I/AdrenoGLES-0( 1978): Build Config                     : S P 12.1.1 AArch64
05-12 05:06:25.106 I/AdrenoGLES-0( 1978): Driver Path                      : /vendor/lib64/egl/libGLESv2_adreno.so
05-12 05:06:25.106 I/AdrenoGLES-0( 1978): Driver Version                   : 0615.98
05-12 05:06:25.106 I/FontLog ( 4147): (REDACTED) Font PFD returned from cache for %s
05-12 05:06:25.106 I/FontLog ( 4147): (REDACTED) Fetch %s end status %s
05-12 05:06:25.109 I/FontLog ( 4147): (REDACTED) Pulling font file for id = %d, cache size = %d
05-12 05:06:25.110 I/AdrenoGLES-0( 1978): PFP: 0x01730181, ME: 0x00000000
05-12 05:06:25.110 D/CoreBackPreview( 2878): Window{108b5b6 u0 com.hyeni.calendar/com.hyeni.calendar.MainActivity}: Setting back callback OnBackInvokedCallbackInfo{mCallback=android.window.IOnBackInvokedCallback$Stub$Proxy@b2489bc, mPriority=0, mIsAnimationCallback=false}
05-12 05:06:25.114 I/FontLog ( 4147): (REDACTED) Received query %s, URI %s
05-12 05:06:25.114 I/FontLog ( 4147): (REDACTED) Query [%s] resolved to %s
05-12 05:06:25.116 I/artd    ( 1609): GetBestInfo: odex next to the dex file (/data/app/~~kwKrSc6K-jyALq7n1aLE8g==/com.emart.today-chO_8P2dAMlfSBQ9dQsVyQ==/oat/arm64/base.odex) is kOatUpToDate with filter 'speed-profile' executable 'false'
05-12 05:06:25.118 I/FontLog ( 4147): (REDACTED) Fetch %s end status %s
05-12 05:06:25.119 I/FontLog ( 4147): (REDACTED) Pulling font file for id = %d, cache size = %d
05-12 05:06:25.120 W/libc    ( 1978): Access denied finding property "vendor.display.enable_optimal_refresh_rate"
05-12 05:06:25.120 W/libc    ( 1978): Access denied finding property "vendor.gpp.create_frc_extension"
05-12 05:06:25.114 W/.hyeni.calendar( 1978): type=1400 audit(0.0:8181): avc:  denied  { read } for  name="u:object_r:vendor_display_prop:s0" dev="tmpfs" ino=455 scontext=u:r:untrusted_app:s0:c11,c258,c512,c768 tcontext=u:object_r:vendor_display_prop:s0 tclass=file permissive=0 app=com.hyeni.calendar
05-12 05:06:25.124 I/HWUI    ( 1978): setGrContext nullptr-->validptr
05-12 05:06:25.125 I/FontLog ( 4147): (REDACTED) Received query %s, URI %s
05-12 05:06:25.125 I/FontLog ( 4147): (REDACTED) Query [%s] resolved to %s
05-12 05:06:25.125 I/artd    ( 1609): GetBestInfo: odex next to the dex file (/data/app/~~t92OV5zPQ5ndP7yKbU-9YA==/com.truefriend.neosmartarenewal-Q_lBZ4Q4UgDDnHjkyBA_Cw==/oat/arm64/base.odex) is kOatUpToDate with filter 'speed-profile' executable 'false'
05-12 05:06:25.125 I/FontLog ( 4147): (REDACTED) Font PFD returned from cache for %s
05-12 05:06:25.125 I/FontLog ( 4147): (REDACTED) Fetch %s end status %s
05-12 05:06:25.130 I/FontLog ( 4147): (REDACTED) Pulling font file for id = %d, cache size = %d
05-12 05:06:25.130 I/artd    ( 1609): GetBestInfo: odex next to the dex file (/data/app/~~cOWuiJiJ7Zl8tvnMiR1wzA==/com.google.android.apps.adm-lq2FyllYhVFZPT90nfLzXw==/oat/arm64/base.odex) is kOatUpToDate with filter 'speed-profile' executable 'false'
05-12 05:06:25.133 I/FontLog ( 4147): (REDACTED) Received query %s, URI %s
05-12 05:06:25.133 I/FontLog ( 4147): (REDACTED) Query [%s] resolved to %s
05-12 05:06:25.133 I/FontLog ( 4147): (REDACTED) Font PFD returned from cache for %s
05-12 05:06:25.133 I/FontLog ( 4147): (REDACTED) Fetch %s end status %s
05-12 05:06:25.135 I/FontLog ( 4147): (REDACTED) Pulling font file for id = %d, cache size = %d
05-12 05:06:25.140 I/FontLog ( 4147): (REDACTED) Received query %s, URI %s
05-12 05:06:25.140 I/FontLog ( 4147): (REDACTED) Query [%s] resolved to %s
05-12 05:06:25.141 I/FontLog ( 4147): (REDACTED) Font PFD returned from cache for %s
05-12 05:06:25.141 I/FontLog ( 4147): (REDACTED) Fetch %s end status %s
05-12 05:06:25.151 D/Capacitor( 1978): Handling local request: https://localhost/assets/index-DKLOwjS5.css
05-12 05:06:25.152 D/Capacitor( 1978): Handling local request: https://localhost/assets/index-DNk5qsZM.js
05-12 05:06:25.154 I/FontLog ( 4147): (REDACTED) Pulling font file for id = %d, cache size = %d
05-12 05:06:25.174 W/ActivityTaskManager( 2878): activity boost didn't release as expected
05-12 05:06:25.177 I/ActivityTaskManager( 2878): Displayed com.hyeni.calendar/.MainActivity for user 0: +604ms
05-12 05:06:25.182 D/Capacitor/AppPlugin( 1978): Firing change: false
05-12 05:06:25.182 V/Capacitor/AppPlugin( 1978): Notifying listeners for event appStateChange
05-12 05:06:25.182 D/Capacitor/AppPlugin( 1978): No listeners found for event appStateChange
05-12 05:06:25.182 D/Capacitor( 1978): App stopped
05-12 05:06:25.182 D/Capacitor( 1978): Saving instance state!
05-12 05:06:25.183 W/Finsky  ( 6985): [2] STU: Failed to get storage stats for package 'com.google.android.media.swcodec' (1601: Error getting stats: android.content.pm.PackageManager.NameNotFoundException)
05-12 05:06:25.186 D/Surface ( 1978): Surface::disconnect
05-12 05:06:25.186 D/BufferQueueProducer( 1978): [com.hyeni.calendar/com.hyeni.calendar.MainActivity#378(BLAST Consumer)pid:1978](id:7ba00000000,api:1,p:1978,c:1978) disconnect: api 1
05-12 05:06:25.189 I/artd    ( 1609): GetBestInfo: odex next to the dex file (/data/app/~~guqVkvudGRdnIRNgrdUIBg==/com.lotteworld.android.adventure-HFVVJYI-vhGXZKpJ3XF36A==/oat/arm64/base.odex) is kOatUpToDate with filter 'speed-profile' executable 'false'
05-12 05:06:25.192 D/BoundBrokerSvc( 4147): onRebind: Intent { act=com.google.android.gms.libs.gmscorelogger.service.START dat=chimera-action:/... cmp=com.google.android.gms/.chimera.PersistentDirectBootAwareApiService }
05-12 05:06:25.198 W/MotoBatteryCareService( 2878): uid: 10523 pkgName:com.hyeni.calendar come to foreground
05-12 05:06:25.201 I/artd    ( 1609): GetBestInfo: odex next to the dex file (/data/app/~~fS1cVJPrYXPgiJveCxGtkg==/com.smilelab.drugs-V5oKkZ1A8IMC-8t32hki1g==/oat/arm64/base.odex) is kOatUpToDate with filter 'speed-profile' executable 'false'
05-12 05:06:25.206 I/artd    ( 1609): GetBestInfo: odex next to the dex file (/data/app/~~mbh0vseNbKuPqGWbF2Hzfg==/com.google.android.projection.gearhead-puJ0csPHKO4boZbnafGH4A==/oat/arm64/base.odex) is kOatUpToDate with filter 'speed-profile' executable 'false'
05-12 05:06:25.207 I/artd    ( 1609): GetBestInfo: vdex next to the dex file (/data/user/0/com.google.android.projection.gearhead/app_impl/oat/arm64/sdk_impl.vdex) is kOatUpToDate with filter 'verify' executable 'false'
05-12 05:06:25.211 W/Finsky  ( 6985): [2] STU: Failed to get storage stats for package 'com.android.profiling' (1601: Error getting stats: android.content.pm.PackageManager.NameNotFoundException)
05-12 05:06:25.222 I/artd    ( 1609): GetBestInfo: odex next to the dex file (/data/app/~~yWqmwMMp8MarzqSegoiMqA==/com.nhn.android.naverdic-Yj0r-f9iCteZYHRHCN6tbA==/oat/arm64/base.odex) is kOatUpToDate with filter 'speed-profile' executable 'false'
05-12 05:06:25.226 I/artd    ( 1609): GetBestInfo: odex next to the dex file (/data/app/~~t1k6rXDlGtmRpJwKCM_4Zw==/app.diy.wallpaper.collage.craft.photocollage.collagemaker.wallpaper3d.parallax-YffuR1F0fzxag_lgpYKiSg==/oat/arm64/base.odex) is kOatUpToDate with filter 'speed-profile' executable 'false'
05-12 05:06:25.226 W/VideoCapabilities( 1978): Unsupported mime image/vnd.android.heic
05-12 05:06:25.227 W/VideoCapabilities( 1978): Unsupported mime image/vnd.android.heic
05-12 05:06:25.227 I/artd    ( 1609): GetBestInfo: odex next to the dex file (/data/user/0/app.diy.wallpaper.collage.craft.photocollage.collagemaker.wallpaper3d.parallax/app_pccache/5/F2FF627D940052495BF0C0AF15E5A0B2723F5469/oat/arm64/pcam.odex) is kOatUpToDate with filter 'speed-profile' executable 'false'
05-12 05:06:25.228 I/artd    ( 1609): GetBestInfo: vdex next to the dex file (/data/user/0/app.diy.wallpaper.collage.craft.photocollage.collagemaker.wallpaper3d.parallax/app_pccache/5/EEE20DEE2B9E8FD13D3BD7940C93E19263473270/oat/arm64/pcam.vdex) is kOatUpToDate with filter 'verify' executable 'false'
05-12 05:06:25.253 I/artd    ( 1609): GetBestInfo: odex next to the dex file (/data/app/~~T1RVtun7C-b4SjuyPQEUtg==/com.shcard.smartpay-OXkzeWOy9HfiVSg2xZKBgg==/oat/arm64/base.odex) is kOatUpToDate with filter 'speed-profile' executable 'false'
05-12 05:06:25.259 I/artd    ( 1609): GetBestInfo: odex next to the dex file (/data/app/~~CPUWuEe8L_ChFr6Rna7RSg==/com.kwalee.transformhunt-5QJEulh6mOKX2dk29C815g==/oat/arm64/base.odex) is kOatUpToDate with filter 'speed-profile' executable 'false'
05-12 05:06:25.261 I/artd    ( 1609): GetBestInfo: vdex next to the dex file (/data/user/0/com.kwalee.transformhunt/cache/oat/arm64/google_api_resources_lib.vdex) is kOatUpToDate with filter 'verify' executable 'false'
05-12 05:06:25.262 I/artd    ( 1609): GetBestInfo: vdex next to the dex file (/data/user/0/com.kwalee.transformhunt/cache/oat/arm64/app_resources_lib.vdex) is kOatUpToDate with filter 'verify' executable 'false'
05-12 05:06:25.263 I/artd    ( 1609): GetBestInfo: vdex next to the dex file (/data/user/0/com.kwalee.transformhunt/app_pccache/5/591C52BA23C4E0E4C6EB8A94DE92F532A215A628/oat/arm64/pcam.vdex) is kOatUpToDate with filter 'verify' executable 'false'
05-12 05:06:25.264 I/artd    ( 1609): GetBestInfo: vdex next to the dex file (/data/user/0/com.kwalee.transformhunt/cache/oat/arm64/remote_config_resources_lib.vdex) is kOatUpToDate with filter 'verify' executable 'false'
05-12 05:06:25.273 I/artd    ( 1609): GetBestInfo: odex next to the dex file (/data/app/~~5V_plPLDIsb-n1SmwCUyKA==/com.google.ambient.streaming-gNDKogveioKxIIVAuNjozw==/oat/arm64/base.odex) is kOatUpToDate with filter 'speed-profile' executable 'false'
05-12 05:06:25.277 I/artd    ( 1609): GetBestInfo: odex next to the dex file (/data/app/~~w53mdV28TmoWzTxdR1KgEg==/com.google.android.apps.docs.editors.sheets-O3axmPU8ghmknkMf83erTg==/oat/arm64/base.odex) is kOatUpToDate with filter 'speed-profile' executable 'false'
05-12 05:06:25.278 D/Surface ( 3765): Surface::disconnect
05-12 05:06:25.278 D/BufferQueueProducer( 3765): [Splash Screen com.hyeni.calendar#376(BLAST Consumer)pid:3765](id:eb500000027,api:1,p:3765,c:3765) disconnect: api 1
05-12 05:06:25.283 W/WindowOnBackDispatcher( 3765): sendCancelIfRunning: isInProgress=false callback=android.view.ViewRootImpl$$ExternalSyntheticLambda11@ea7bdfc
05-12 05:06:25.284 W/InputManager-JNI( 2878): Input channel object '941dd41 Splash Screen com.hyeni.calendar (client)' was disposed without first being removed with the input manager!
05-12 05:06:25.286 W/WindowManager( 2878): Failed looking up window session=Session{24f11e8 3765:u0a10380} callers=com.android.server.wm.WindowManagerService.windowForClientLocked:6943 com.android.server.wm.Session.setOnBackInvokedCallbackInfo:1065 android.view.IWindowSession$Stub.onTransact:1258 
05-12 05:06:25.286 W/WindowManager( 2878): win is null client=android.os.BinderProxy@b879c28
05-12 05:06:25.286 I/WindowManager( 2878): setOnBackInvokedCallback(): No window state for package:com.android.systemui
05-12 05:06:25.288 I/artd    ( 1609): GetBestInfo: odex next to the dex file (/data/app/~~WOuG6zUmsrW6x5M9N8xyFA==/jp.cocone.livly-8Ihm6xoLM1IXLpqz_2cx3g==/oat/arm64/base.odex) is kOatUpToDate with filter 'speed-profile' executable 'false'
05-12 05:06:25.290 I/artd    ( 1609): GetBestInfo: vdex next to the dex file (/data/user/0/jp.cocone.livly/cache/oat/arm64/app_resources_lib.vdex) is kOatUpToDate with filter 'verify' executable 'false'
05-12 05:06:25.290 I/artd    ( 1609): GetBestInfo: vdex next to the dex file (/data/user/0/jp.cocone.livly/cache/oat/arm64/google_api_resources_lib.vdex) is kOatUpToDate with filter 'verify' executable 'false'
05-12 05:06:25.294 I/artd    ( 1609): GetBestInfo: odex next to the dex file (/data/app/~~fv6d4-_HFRC6uLp8Bhefxg==/com.google.android.apps.podcasts-_EMeii2_giU7QAS4U24ZJA==/oat/arm64/base.odex) is kOatUpToDate with filter 'speed-profile' executable 'false'
