05-12 04:41:17.073 E/CompositionEngine( 1004): [ScreenDecorHwcOverlay$_1899#107] Invalid device requested composition type change: DisplayDecoration (6) --> DisplayDecoration (6)
05-12 04:41:17.075 D/SurfaceComposerClient( 1899): setCornerRadius ## Task=117#5286 cornerRadius=118.000000
05-12 04:41:17.080 D/CompatChangeReporter( 1232): Compat change id reported: 311208629; UID 10092; state: ENABLED
05-12 04:41:17.080 D/SurfaceComposerClient( 1899): setCornerRadius ## Task=117#5286 cornerRadius=118.000000
05-12 04:41:17.080 I/ActivityManager( 1232): Changes in 10092 8 to 10, 128 to 0
05-12 04:41:17.085 E/CompositionEngine( 1004): [Wallpaper BBQ wrapper 5_system#92] Invalid device requested composition type change: Device (2) --> Device (2)
05-12 04:41:17.085 E/CompositionEngine( 1004): [com.sec.android.app.launcher/com.sec.android.app.launcher.activities.LauncherActivity$_2350#5277] Invalid device requested composition type change: Device (2) --> Device (2)
05-12 04:41:17.085 E/CompositionEngine( 1004): [Splash Screen com.hyeni.calendar$_1899#5289] Invalid device requested composition type change: Client (1) --> Client (1)
05-12 04:41:17.085 E/CompositionEngine( 1004): [StatusBar$_1899#103] Invalid device requested composition type change: Device (2) --> Device (2)
05-12 04:41:17.085 E/CompositionEngine( 1004): [com.sec.android.app.launcher/com.samsung.app.honeyspace.edge.edgepanel.app.CocktailBarService$_2350#5258] Invalid device requested composition type change: Device (2) --> Device (2)
05-12 04:41:17.085 E/CompositionEngine( 1004): [NavigationBar0$_1899#101] Invalid device requested composition type change: Device (2) --> Device (2)
05-12 04:41:17.085 E/CompositionEngine( 1004): [ScreenDecorHwcOverlay$_1899#107] Invalid device requested composition type change: DisplayDecoration (6) --> DisplayDecoration (6)
05-12 04:41:17.088 D/SurfaceComposerClient( 1899): setCornerRadius ## Task=117#5286 cornerRadius=118.000000
05-12 04:41:17.090 E/CompositionEngine( 1004): [Wallpaper BBQ wrapper 5_system#92] Invalid device requested composition type change: Device (2) --> Device (2)
05-12 04:41:17.090 E/CompositionEngine( 1004): [com.sec.android.app.launcher/com.sec.android.app.launcher.activities.LauncherActivity$_2350#5277] Invalid device requested composition type change: Device (2) --> Device (2)
05-12 04:41:17.090 E/CompositionEngine( 1004): [Splash Screen com.hyeni.calendar$_1899#5289] Invalid device requested composition type change: Client (1) --> Client (1)
05-12 04:41:17.090 E/CompositionEngine( 1004): [StatusBar$_1899#103] Invalid device requested composition type change: Device (2) --> Device (2)
05-12 04:41:17.090 E/CompositionEngine( 1004): [com.sec.android.app.launcher/com.samsung.app.honeyspace.edge.edgepanel.app.CocktailBarService$_2350#5258] Invalid device requested composition type change: Device (2) --> Device (2)
05-12 04:41:17.090 E/CompositionEngine( 1004): [NavigationBar0$_1899#101] Invalid device requested composition type change: Device (2) --> Device (2)
05-12 04:41:17.090 E/CompositionEngine( 1004): [ScreenDecorHwcOverlay$_1899#107] Invalid device requested composition type change: DisplayDecoration (6) --> DisplayDecoration (6)
05-12 04:41:17.097 D/SurfaceComposerClient( 1899): setCornerRadius ## Task=117#5286 cornerRadius=118.000000
05-12 04:41:17.100 E/CompositionEngine( 1004): [Wallpaper BBQ wrapper 5_system#92] Invalid device requested composition type change: Device (2) --> Device (2)
05-12 04:41:17.100 E/CompositionEngine( 1004): [com.sec.android.app.launcher/com.sec.android.app.launcher.activities.LauncherActivity$_2350#5277] Invalid device requested composition type change: Device (2) --> Device (2)
05-12 04:41:17.100 E/CompositionEngine( 1004): [Splash Screen com.hyeni.calendar$_1899#5289] Invalid device requested composition type change: Client (1) --> Client (1)
05-12 04:41:17.100 E/CompositionEngine( 1004): [StatusBar$_1899#103] Invalid device requested composition type change: Device (2) --> Device (2)
05-12 04:41:17.100 E/CompositionEngine( 1004): [com.sec.android.app.launcher/com.samsung.app.honeyspace.edge.edgepanel.app.CocktailBarService$_2350#5258] Invalid device requested composition type change: Device (2) --> Device (2)
05-12 04:41:17.100 E/CompositionEngine( 1004): [NavigationBar0$_1899#101] Invalid device requested composition type change: Device (2) --> Device (2)
05-12 04:41:17.100 E/CompositionEngine( 1004): [ScreenDecorHwcOverlay$_1899#107] Invalid device requested composition type change: DisplayDecoration (6) --> DisplayDecoration (6)
05-12 04:41:17.105 D/SurfaceComposerClient( 1899): setCornerRadius ## Task=117#5286 cornerRadius=118.000000
05-12 04:41:17.109 E/CompositionEngine( 1004): [Wallpaper BBQ wrapper 5_system#92] Invalid device requested composition type change: Device (2) --> Device (2)
05-12 04:41:17.109 E/CompositionEngine( 1004): [com.sec.android.app.launcher/com.sec.android.app.launcher.activities.LauncherActivity$_2350#5277] Invalid device requested composition type change: Device (2) --> Device (2)
05-12 04:41:17.109 E/CompositionEngine( 1004): [Splash Screen com.hyeni.calendar$_1899#5289] Invalid device requested composition type change: Client (1) --> Client (1)
05-12 04:41:17.109 E/CompositionEngine( 1004): [StatusBar$_1899#103] Invalid device requested composition type change: Device (2) --> Device (2)
05-12 04:41:17.109 E/CompositionEngine( 1004): [com.sec.android.app.launcher/com.samsung.app.honeyspace.edge.edgepanel.app.CocktailBarService$_2350#5258] Invalid device requested composition type change: Device (2) --> Device (2)
05-12 04:41:17.109 E/CompositionEngine( 1004): [NavigationBar0$_1899#101] Invalid device requested composition type change: Device (2) --> Device (2)
05-12 04:41:17.109 E/CompositionEngine( 1004): [ScreenDecorHwcOverlay$_1899#107] Invalid device requested composition type change: DisplayDecoration (6) --> DisplayDecoration (6)
05-12 04:41:17.113 D/SurfaceComposerClient( 1899): setCornerRadius ## Task=117#5286 cornerRadius=118.000000
05-12 04:41:17.117 E/CompositionEngine( 1004): [Wallpaper BBQ wrapper 5_system#92] Invalid device requested composition type change: Device (2) --> Device (2)
05-12 04:41:17.117 E/CompositionEngine( 1004): [com.sec.android.app.launcher/com.sec.android.app.launcher.activities.LauncherActivity$_2350#5277] Invalid device requested composition type change: Device (2) --> Device (2)
05-12 04:41:17.117 E/CompositionEngine( 1004): [Splash Screen com.hyeni.calendar$_1899#5289] Invalid device requested composition type change: Client (1) --> Client (1)
05-12 04:41:17.117 E/CompositionEngine( 1004): [StatusBar$_1899#103] Invalid device requested composition type change: Device (2) --> Device (2)
05-12 04:41:17.117 E/CompositionEngine( 1004): [com.sec.android.app.launcher/com.samsung.app.honeyspace.edge.edgepanel.app.CocktailBarService$_2350#5258] Invalid device requested composition type change: Device (2) --> Device (2)
05-12 04:41:17.117 E/CompositionEngine( 1004): [NavigationBar0$_1899#101] Invalid device requested composition type change: Device (2) --> Device (2)
05-12 04:41:17.117 E/CompositionEngine( 1004): [ScreenDecorHwcOverlay$_1899#107] Invalid device requested composition type change: DisplayDecoration (6) --> DisplayDecoration (6)
05-12 04:41:17.122 D/SurfaceComposerClient( 1899): setCornerRadius ## Task=117#5286 cornerRadius=118.000000
05-12 04:41:17.123 E/CompositionEngine( 1004): [Wallpaper BBQ wrapper 5_system#92] Invalid device requested composition type change: Device (2) --> Device (2)
05-12 04:41:17.123 E/CompositionEngine( 1004): [com.sec.android.app.launcher/com.sec.android.app.launcher.activities.LauncherActivity$_2350#5277] Invalid device requested composition type change: Device (2) --> Device (2)
05-12 04:41:17.123 E/CompositionEngine( 1004): [Splash Screen com.hyeni.calendar$_1899#5289] Invalid device requested composition type change: Client (1) --> Client (1)
05-12 04:41:17.123 E/CompositionEngine( 1004): [StatusBar$_1899#103] Invalid device requested composition type change: Device (2) --> Device (2)
05-12 04:41:17.123 E/CompositionEngine( 1004): [com.sec.android.app.launcher/com.samsung.app.honeyspace.edge.edgepanel.app.CocktailBarService$_2350#5258] Invalid device requested composition type change: Device (2) --> Device (2)
05-12 04:41:17.123 E/CompositionEngine( 1004): [NavigationBar0$_1899#101] Invalid device requested composition type change: Device (2) --> Device (2)
05-12 04:41:17.123 E/CompositionEngine( 1004): [ScreenDecorHwcOverlay$_1899#107] Invalid device requested composition type change: DisplayDecoration (6) --> DisplayDecoration (6)
05-12 04:41:17.130 D/SurfaceComposerClient( 1899): setCornerRadius ## Task=117#5286 cornerRadius=118.000000
05-12 04:41:17.133 E/CompositionEngine( 1004): [Wallpaper BBQ wrapper 5_system#92] Invalid device requested composition type change: Device (2) --> Device (2)
05-12 04:41:17.133 E/CompositionEngine( 1004): [com.sec.android.app.launcher/com.sec.android.app.launcher.activities.LauncherActivity$_2350#5277] Invalid device requested composition type change: Device (2) --> Device (2)
05-12 04:41:17.133 E/CompositionEngine( 1004): [Splash Screen com.hyeni.calendar$_1899#5289] Invalid device requested composition type change: Client (1) --> Client (1)
05-12 04:41:17.133 E/CompositionEngine( 1004): [StatusBar$_1899#103] Invalid device requested composition type change: Device (2) --> Device (2)
05-12 04:41:17.133 E/CompositionEngine( 1004): [com.sec.android.app.launcher/com.samsung.app.honeyspace.edge.edgepanel.app.CocktailBarService$_2350#5258] Invalid device requested composition type change: Device (2) --> Device (2)
05-12 04:41:17.133 E/CompositionEngine( 1004): [NavigationBar0$_1899#101] Invalid device requested composition type change: Device (2) --> Device (2)
05-12 04:41:17.133 E/CompositionEngine( 1004): [ScreenDecorHwcOverlay$_1899#107] Invalid device requested composition type change: DisplayDecoration (6) --> DisplayDecoration (6)
05-12 04:41:17.138 D/SurfaceComposerClient( 1899): setCornerRadius ## Task=117#5286 cornerRadius=118.000000
05-12 04:41:17.142 E/CompositionEngine( 1004): [Wallpaper BBQ wrapper 5_system#92] Invalid device requested composition type change: Device (2) --> Device (2)
05-12 04:41:17.142 E/CompositionEngine( 1004): [com.sec.android.app.launcher/com.sec.android.app.launcher.activities.LauncherActivity$_2350#5277] Invalid device requested composition type change: Device (2) --> Device (2)
05-12 04:41:17.142 E/CompositionEngine( 1004): [Splash Screen com.hyeni.calendar$_1899#5289] Invalid device requested composition type change: Client (1) --> Client (1)
05-12 04:41:17.142 E/CompositionEngine( 1004): [StatusBar$_1899#103] Invalid device requested composition type change: Device (2) --> Device (2)
05-12 04:41:17.142 E/CompositionEngine( 1004): [com.sec.android.app.launcher/com.samsung.app.honeyspace.edge.edgepanel.app.CocktailBarService$_2350#5258] Invalid device requested composition type change: Device (2) --> Device (2)
05-12 04:41:17.142 E/CompositionEngine( 1004): [NavigationBar0$_1899#101] Invalid device requested composition type change: Device (2) --> Device (2)
05-12 04:41:17.142 E/CompositionEngine( 1004): [ScreenDecorHwcOverlay$_1899#107] Invalid device requested composition type change: DisplayDecoration (6) --> DisplayDecoration (6)
05-12 04:41:17.145 D/MdnieScenarioControlService( 1232):  packageName : com.hyeni.calendar    className : com.hyeni.calendar.MainActivity
05-12 04:41:17.145 V/MdnieScenarioControlService( 1232): setUIMode from UI function(3)
05-12 04:41:17.147 D/SurfaceComposerClient( 1899): setCornerRadius ## Task=117#5286 cornerRadius=118.000000
05-12 04:41:17.150 E/CompositionEngine( 1004): [Wallpaper BBQ wrapper 5_system#92] Invalid device requested composition type change: Device (2) --> Device (2)
05-12 04:41:17.150 E/CompositionEngine( 1004): [com.sec.android.app.launcher/com.sec.android.app.launcher.activities.LauncherActivity$_2350#5277] Invalid device requested composition type change: Device (2) --> Device (2)
05-12 04:41:17.150 E/CompositionEngine( 1004): [Splash Screen com.hyeni.calendar$_1899#5289] Invalid device requested composition type change: Client (1) --> Client (1)
05-12 04:41:17.150 E/CompositionEngine( 1004): [StatusBar$_1899#103] Invalid device requested composition type change: Device (2) --> Device (2)
05-12 04:41:17.150 E/CompositionEngine( 1004): [com.sec.android.app.launcher/com.samsung.app.honeyspace.edge.edgepanel.app.CocktailBarService$_2350#5258] Invalid device requested composition type change: Device (2) --> Device (2)
05-12 04:41:17.150 E/CompositionEngine( 1004): [NavigationBar0$_1899#101] Invalid device requested composition type change: Device (2) --> Device (2)
05-12 04:41:17.150 E/CompositionEngine( 1004): [ScreenDecorHwcOverlay$_1899#107] Invalid device requested composition type change: DisplayDecoration (6) --> DisplayDecoration (6)
05-12 04:41:17.155 D/SurfaceComposerClient( 1899): setCornerRadius ## Task=117#5286 cornerRadius=118.000000
05-12 04:41:17.159 E/CompositionEngine( 1004): [Wallpaper BBQ wrapper 5_system#92] Invalid device requested composition type change: Device (2) --> Device (2)
05-12 04:41:17.159 E/CompositionEngine( 1004): [com.sec.android.app.launcher/com.sec.android.app.launcher.activities.LauncherActivity$_2350#5277] Invalid device requested composition type change: Device (2) --> Device (2)
05-12 04:41:17.159 E/CompositionEngine( 1004): [Splash Screen com.hyeni.calendar$_1899#5289] Invalid device requested composition type change: Client (1) --> Client (1)
05-12 04:41:17.159 E/CompositionEngine( 1004): [StatusBar$_1899#103] Invalid device requested composition type change: Device (2) --> Device (2)
05-12 04:41:17.159 E/CompositionEngine( 1004): [com.sec.android.app.launcher/com.samsung.app.honeyspace.edge.edgepanel.app.CocktailBarService$_2350#5258] Invalid device requested composition type change: Device (2) --> Device (2)
05-12 04:41:17.159 E/CompositionEngine( 1004): [NavigationBar0$_1899#101] Invalid device requested composition type change: Device (2) --> Device (2)
05-12 04:41:17.159 E/CompositionEngine( 1004): [ScreenDecorHwcOverlay$_1899#107] Invalid device requested composition type change: DisplayDecoration (6) --> DisplayDecoration (6)
05-12 04:41:17.163 D/SurfaceComposerClient( 1899): setCornerRadius ## Task=117#5286 cornerRadius=118.000000
05-12 04:41:17.167 E/CompositionEngine( 1004): [Wallpaper BBQ wrapper 5_system#92] Invalid device requested composition type change: Device (2) --> Device (2)
05-12 04:41:17.167 E/CompositionEngine( 1004): [com.sec.android.app.launcher/com.sec.android.app.launcher.activities.LauncherActivity$_2350#5277] Invalid device requested composition type change: Device (2) --> Device (2)
05-12 04:41:17.167 E/CompositionEngine( 1004): [Splash Screen com.hyeni.calendar$_1899#5289] Invalid device requested composition type change: Client (1) --> Client (1)
05-12 04:41:17.167 E/CompositionEngine( 1004): [StatusBar$_1899#103] Invalid device requested composition type change: Device (2) --> Device (2)
05-12 04:41:17.167 E/CompositionEngine( 1004): [com.sec.android.app.launcher/com.samsung.app.honeyspace.edge.edgepanel.app.CocktailBarService$_2350#5258] Invalid device requested composition type change: Device (2) --> Device (2)
05-12 04:41:17.167 E/CompositionEngine( 1004): [NavigationBar0$_1899#101] Invalid device requested composition type change: Device (2) --> Device (2)
05-12 04:41:17.167 E/CompositionEngine( 1004): [ScreenDecorHwcOverlay$_1899#107] Invalid device requested composition type change: DisplayDecoration (6) --> DisplayDecoration (6)
05-12 04:41:17.172 D/SurfaceComposerClient( 1899): setCornerRadius ## Task=117#5286 cornerRadius=118.000000
05-12 04:41:17.175 E/CompositionEngine( 1004): [Wallpaper BBQ wrapper 5_system#92] Invalid device requested composition type change: Device (2) --> Device (2)
05-12 04:41:17.175 E/CompositionEngine( 1004): [com.sec.android.app.launcher/com.sec.android.app.launcher.activities.LauncherActivity$_2350#5277] Invalid device requested composition type change: Device (2) --> Device (2)
05-12 04:41:17.175 E/CompositionEngine( 1004): [Splash Screen com.hyeni.calendar$_1899#5289] Invalid device requested composition type change: Client (1) --> Client (1)
05-12 04:41:17.175 E/CompositionEngine( 1004): [StatusBar$_1899#103] Invalid device requested composition type change: Device (2) --> Device (2)
05-12 04:41:17.175 E/CompositionEngine( 1004): [com.sec.android.app.launcher/com.samsung.app.honeyspace.edge.edgepanel.app.CocktailBarService$_2350#5258] Invalid device requested composition type change: Device (2) --> Device (2)
05-12 04:41:17.175 E/CompositionEngine( 1004): [NavigationBar0$_1899#101] Invalid device requested composition type change: Device (2) --> Device (2)
05-12 04:41:17.175 E/CompositionEngine( 1004): [ScreenDecorHwcOverlay$_1899#107] Invalid device requested composition type change: DisplayDecoration (6) --> DisplayDecoration (6)
05-12 04:41:17.178 D/nativeloader( 8105): Configuring clns-9 for other apk /data/app/~~QC39K-Xjaoq8OlLEo-eyig==/com.hyeni.calendar-eaujJJ7yFC1j2FfZyc6nYw==/base.apk. target_sdk_version=36, uses_libraries=, library_path=/data/app/~~QC39K-Xjaoq8OlLEo-eyig==/com.hyeni.calendar-eaujJJ7yFC1j2FfZyc6nYw==/lib/arm64:/data/app/~~QC39K-Xjaoq8OlLEo-eyig==/com.hyeni.calendar-eaujJJ7yFC1j2FfZyc6nYw==/base.apk!/lib/arm64-v8a, permitted_path=/data:/mnt/expand:/data/user/0/com.hyeni.calendar
05-12 04:41:17.180 D/SurfaceComposerClient( 1899): setCornerRadius ## Task=117#5286 cornerRadius=118.000000
05-12 04:41:17.183 E/CompositionEngine( 1004): [Wallpaper BBQ wrapper 5_system#92] Invalid device requested composition type change: Device (2) --> Device (2)
05-12 04:41:17.183 E/CompositionEngine( 1004): [com.sec.android.app.launcher/com.sec.android.app.launcher.activities.LauncherActivity$_2350#5277] Invalid device requested composition type change: Device (2) --> Device (2)
05-12 04:41:17.183 E/CompositionEngine( 1004): [Splash Screen com.hyeni.calendar$_1899#5289] Invalid device requested composition type change: Client (1) --> Client (1)
05-12 04:41:17.184 E/CompositionEngine( 1004): [StatusBar$_1899#103] Invalid device requested composition type change: Device (2) --> Device (2)
05-12 04:41:17.184 E/CompositionEngine( 1004): [com.sec.android.app.launcher/com.samsung.app.honeyspace.edge.edgepanel.app.CocktailBarService$_2350#5258] Invalid device requested composition type change: Device (2) --> Device (2)
05-12 04:41:17.184 E/CompositionEngine( 1004): [NavigationBar0$_1899#101] Invalid device requested composition type change: Device (2) --> Device (2)
05-12 04:41:17.184 E/CompositionEngine( 1004): [ScreenDecorHwcOverlay$_1899#107] Invalid device requested composition type change: DisplayDecoration (6) --> DisplayDecoration (6)
05-12 04:41:17.188 V/GraphicsEnvironment( 8105): Currently set values for:
05-12 04:41:17.188 V/GraphicsEnvironment( 8105):   angle_gl_driver_selection_pkgs=[]
05-12 04:41:17.188 V/GraphicsEnvironment( 8105):   angle_gl_driver_selection_values=[]
05-12 04:41:17.188 V/GraphicsEnvironment( 8105): com.hyeni.calendar is not listed in per-application setting
05-12 04:41:17.188 V/GraphicsEnvironment( 8105): ANGLE allowlist from config: 
05-12 04:41:17.188 V/GraphicsEnvironment( 8105): com.hyeni.calendar is not listed in ANGLE allowlist or settings, returning default
05-12 04:41:17.188 V/GraphicsEnvironment( 8105): Neither updatable production driver nor prerelease driver is supported.
05-12 04:41:17.188 D/SurfaceComposerClient( 1899): setCornerRadius ## Task=117#5286 cornerRadius=118.000000
05-12 04:41:17.192 E/CompositionEngine( 1004): [Wallpaper BBQ wrapper 5_system#92] Invalid device requested composition type change: Device (2) --> Device (2)
05-12 04:41:17.192 E/CompositionEngine( 1004): [com.sec.android.app.launcher/com.sec.android.app.launcher.activities.LauncherActivity$_2350#5277] Invalid device requested composition type change: Device (2) --> Device (2)
05-12 04:41:17.192 E/CompositionEngine( 1004): [Splash Screen com.hyeni.calendar$_1899#5289] Invalid device requested composition type change: Client (1) --> Client (1)
05-12 04:41:17.192 E/CompositionEngine( 1004): [StatusBar$_1899#103] Invalid device requested composition type change: Device (2) --> Device (2)
05-12 04:41:17.192 E/CompositionEngine( 1004): [com.sec.android.app.launcher/com.samsung.app.honeyspace.edge.edgepanel.app.CocktailBarService$_2350#5258] Invalid device requested composition type change: Device (2) --> Device (2)
05-12 04:41:17.192 E/CompositionEngine( 1004): [NavigationBar0$_1899#101] Invalid device requested composition type change: Device (2) --> Device (2)
05-12 04:41:17.192 E/CompositionEngine( 1004): [ScreenDecorHwcOverlay$_1899#107] Invalid device requested composition type change: DisplayDecoration (6) --> DisplayDecoration (6)
05-12 04:41:17.197 D/SurfaceComposerClient( 1899): setCornerRadius ## Task=117#5286 cornerRadius=118.000000
05-12 04:41:17.200 E/CompositionEngine( 1004): [Wallpaper BBQ wrapper 5_system#92] Invalid device requested composition type change: Device (2) --> Device (2)
05-12 04:41:17.200 E/CompositionEngine( 1004): [com.sec.android.app.launcher/com.sec.android.app.launcher.activities.LauncherActivity$_2350#5277] Invalid device requested composition type change: Device (2) --> Device (2)
05-12 04:41:17.200 E/CompositionEngine( 1004): [Splash Screen com.hyeni.calendar$_1899#5289] Invalid device requested composition type change: Client (1) --> Client (1)
05-12 04:41:17.200 E/CompositionEngine( 1004): [StatusBar$_1899#103] Invalid device requested composition type change: Device (2) --> Device (2)
05-12 04:41:17.200 E/CompositionEngine( 1004): [com.sec.android.app.launcher/com.samsung.app.honeyspace.edge.edgepanel.app.CocktailBarService$_2350#5258] Invalid device requested composition type change: Device (2) --> Device (2)
05-12 04:41:17.200 E/CompositionEngine( 1004): [NavigationBar0$_1899#101] Invalid device requested composition type change: Device (2) --> Device (2)
05-12 04:41:17.200 E/CompositionEngine( 1004): [ScreenDecorHwcOverlay$_1899#107] Invalid device requested composition type change: DisplayDecoration (6) --> DisplayDecoration (6)
05-12 04:41:17.205 D/SurfaceComposerClient( 1899): setCornerRadius ## Task=117#5286 cornerRadius=118.000000
05-12 04:41:17.208 E/CompositionEngine( 1004): [Wallpaper BBQ wrapper 5_system#92] Invalid device requested composition type change: Device (2) --> Device (2)
05-12 04:41:17.208 E/CompositionEngine( 1004): [com.sec.android.app.launcher/com.sec.android.app.launcher.activities.LauncherActivity$_2350#5277] Invalid device requested composition type change: Device (2) --> Device (2)
05-12 04:41:17.208 E/CompositionEngine( 1004): [Splash Screen com.hyeni.calendar$_1899#5289] Invalid device requested composition type change: Client (1) --> Client (1)
05-12 04:41:17.208 E/CompositionEngine( 1004): [StatusBar$_1899#103] Invalid device requested composition type change: Device (2) --> Device (2)
05-12 04:41:17.208 E/CompositionEngine( 1004): [com.sec.android.app.launcher/com.samsung.app.honeyspace.edge.edgepanel.app.CocktailBarService$_2350#5258] Invalid device requested composition type change: Device (2) --> Device (2)
05-12 04:41:17.208 E/CompositionEngine( 1004): [NavigationBar0$_1899#101] Invalid device requested composition type change: Device (2) --> Device (2)
05-12 04:41:17.208 E/CompositionEngine( 1004): [ScreenDecorHwcOverlay$_1899#107] Invalid device requested composition type change: DisplayDecoration (6) --> DisplayDecoration (6)
05-12 04:41:17.210 D/ActivityManager( 1232): Received BROADCAST intent 0xe21374f Key{broadcastIntent pkg=com.google.android.gms/com.google.android.gms.scheduler intent=act=com.google.android.gms.gcm.ACTION_CHECK_QUEUE xflg=0x4 pkg=com.google.android.gms cmp=com.google.android.gms/.gcm.nts.SchedulerInternalReceiver flags=0x2000000 u=0} requestCode=0 sent=0 from uid 1000
05-12 04:41:17.213 D/SurfaceComposerClient( 1899): setCornerRadius ## Task=117#5286 cornerRadius=118.000000
05-12 04:41:17.217 E/CompositionEngine( 1004): [Wallpaper BBQ wrapper 5_system#92] Invalid device requested composition type change: Device (2) --> Device (2)
05-12 04:41:17.218 E/CompositionEngine( 1004): [com.sec.android.app.launcher/com.sec.android.app.launcher.activities.LauncherActivity$_2350#5277] Invalid device requested composition type change: Device (2) --> Device (2)
05-12 04:41:17.218 E/CompositionEngine( 1004): [Splash Screen com.hyeni.calendar$_1899#5289] Invalid device requested composition type change: Client (1) --> Client (1)
05-12 04:41:17.218 E/CompositionEngine( 1004): [StatusBar$_1899#103] Invalid device requested composition type change: Device (2) --> Device (2)
05-12 04:41:17.218 E/CompositionEngine( 1004): [com.sec.android.app.launcher/com.samsung.app.honeyspace.edge.edgepanel.app.CocktailBarService$_2350#5258] Invalid device requested composition type change: Device (2) --> Device (2)
05-12 04:41:17.218 E/CompositionEngine( 1004): [NavigationBar0$_1899#101] Invalid device requested composition type change: Device (2) --> Device (2)
05-12 04:41:17.218 E/CompositionEngine( 1004): [ScreenDecorHwcOverlay$_1899#107] Invalid device requested composition type change: DisplayDecoration (6) --> DisplayDecoration (6)
05-12 04:41:17.222 I/Finsky  ( 4883): [164] App states replicator found 100 unowned apps
05-12 04:41:17.223 D/SurfaceComposerClient( 1899): setCornerRadius ## Task=117#5286 cornerRadius=118.000000
05-12 04:41:17.226 E/CompositionEngine( 1004): [Wallpaper BBQ wrapper 5_system#92] Invalid device requested composition type change: Device (2) --> Device (2)
05-12 04:41:17.226 E/CompositionEngine( 1004): [com.sec.android.app.launcher/com.sec.android.app.launcher.activities.LauncherActivity$_2350#5277] Invalid device requested composition type change: Device (2) --> Device (2)
05-12 04:41:17.226 E/CompositionEngine( 1004): [Splash Screen com.hyeni.calendar$_1899#5289] Invalid device requested composition type change: Client (1) --> Client (1)
05-12 04:41:17.226 E/CompositionEngine( 1004): [StatusBar$_1899#103] Invalid device requested composition type change: Device (2) --> Device (2)
05-12 04:41:17.226 E/CompositionEngine( 1004): [com.sec.android.app.launcher/com.samsung.app.honeyspace.edge.edgepanel.app.CocktailBarService$_2350#5258] Invalid device requested composition type change: Device (2) --> Device (2)
05-12 04:41:17.226 E/CompositionEngine( 1004): [NavigationBar0$_1899#101] Invalid device requested composition type change: Device (2) --> Device (2)
05-12 04:41:17.226 E/CompositionEngine( 1004): [ScreenDecorHwcOverlay$_1899#107] Invalid device requested composition type change: DisplayDecoration (6) --> DisplayDecoration (6)
05-12 04:41:17.226 D/Zygote  (  893): Forked child process 8145
05-12 04:41:17.227 I/ActivityManager( 1232): Start proc 8145:com.google.android.apps.tachyon/u0a258 for service {com.google.android.apps.tachyon/androidx.work.impl.background.systemjob.SystemJobService}
05-12 04:41:17.227 I/ActivityManager( 1232): ProcessObserver broadcast disabled
05-12 04:41:17.230 D/SurfaceComposerClient( 1899): setCornerRadius ## Task=117#5286 cornerRadius=118.000000
05-12 04:41:17.234 E/CompositionEngine( 1004): [Wallpaper BBQ wrapper 5_system#92] Invalid device requested composition type change: Device (2) --> Device (2)
05-12 04:41:17.234 E/CompositionEngine( 1004): [com.sec.android.app.launcher/com.sec.android.app.launcher.activities.LauncherActivity$_2350#5277] Invalid device requested composition type change: Device (2) --> Device (2)
05-12 04:41:17.234 E/CompositionEngine( 1004): [Splash Screen com.hyeni.calendar$_1899#5289] Invalid device requested composition type change: Client (1) --> Client (1)
05-12 04:41:17.234 E/CompositionEngine( 1004): [StatusBar$_1899#103] Invalid device requested composition type change: Device (2) --> Device (2)
05-12 04:41:17.234 E/CompositionEngine( 1004): [com.sec.android.app.launcher/com.samsung.app.honeyspace.edge.edgepanel.app.CocktailBarService$_2350#5258] Invalid device requested composition type change: Device (2) --> Device (2)
05-12 04:41:17.234 E/CompositionEngine( 1004): [NavigationBar0$_1899#101] Invalid device requested composition type change: Device (2) --> Device (2)
05-12 04:41:17.234 E/CompositionEngine( 1004): [ScreenDecorHwcOverlay$_1899#107] Invalid device requested composition type change: DisplayDecoration (6) --> DisplayDecoration (6)
05-12 04:41:17.235 I/Finsky  ( 4883): [80] Completed 0 account content syncs with 0 successful.
05-12 04:41:17.235 I/Finsky  ( 4883): [2] [ContentSync] Installation state replication succeeded.
05-12 04:41:17.235 I/Finsky  ( 4883): [2] SCH: jobFinished: 12-1. TimeElapsed: 222ms.
05-12 04:41:17.235 I/Finsky  ( 4883): [2] WM::SCH: Logging work end for 12-1
05-12 04:41:17.239 I/id.apps.tachyon( 8145): Using CollectorTypeCMC GC.
05-12 04:41:17.239 E/CompositionEngine( 1004): [Wallpaper BBQ wrapper 5_system#92] Invalid device requested composition type change: Device (2) --> Device (2)
05-12 04:41:17.239 E/CompositionEngine( 1004): [com.sec.android.app.launcher/com.sec.android.app.launcher.activities.LauncherActivity$_2350#5277] Invalid device requested composition type change: Device (2) --> Device (2)
05-12 04:41:17.239 E/CompositionEngine( 1004): [Splash Screen com.hyeni.calendar$_1899#5289] Invalid device requested composition type change: Client (1) --> Client (1)
05-12 04:41:17.239 E/CompositionEngine( 1004): [StatusBar$_1899#103] Invalid device requested composition type change: Device (2) --> Device (2)
05-12 04:41:17.239 E/CompositionEngine( 1004): [com.sec.android.app.launcher/com.samsung.app.honeyspace.edge.edgepanel.app.CocktailBarService$_2350#5258] Invalid device requested composition type change: Device (2) --> Device (2)
05-12 04:41:17.239 E/CompositionEngine( 1004): [NavigationBar0$_1899#101] Invalid device requested composition type change: Device (2) --> Device (2)
05-12 04:41:17.240 E/CompositionEngine( 1004): [ScreenDecorHwcOverlay$_1899#107] Invalid device requested composition type change: DisplayDecoration (6) --> DisplayDecoration (6)
05-12 04:41:17.240 D/SurfaceComposerClient( 1899): setCornerRadius ## Task=117#5286 cornerRadius=118.000000
05-12 04:41:17.243 I/adbd    ( 7043): jdwp connection from 8145
05-12 04:41:17.244 I/FirebaseApp( 8105): Device unlocked: initializing all Firebase APIs for app [DEFAULT]
05-12 04:41:17.246 V/MdnieScenarioControlService( 1232): mAclOffEnabled : false
05-12 04:41:17.247 D/SurfaceComposerClient( 1899): setCornerRadius ## Task=117#5286 cornerRadius=118.000000
05-12 04:41:17.250 I/Finsky  ( 4883): [80] SCH: Scheduling phonesky job Id: 1-1337, CT: 1778497338283, Constraints: [{ L: 43086333, D: 86286333, C: CHARGING_NONE, I: IDLE_NONE, N: NET_ANY, B: BATTERY_ANY }]
05-12 04:41:17.251 D/nativeloader( 8145): Load libframework-connectivity-tiramisu-jni.so using APEX ns com_android_tethering for caller /apex/com.android.tethering/javalib/framework-connectivity-t.jar: ok
05-12 04:41:17.251 D/io_stats(  659): !@   8,0 r 3171309 101362324 w 2818790 73345108 d 740159 156888800 f 436005 343160 iot 3828932 0 th 0 0 0 pt 0 inp 0 0 905952.538
05-12 04:41:17.251 D/io_stats(  659): !@ Read_top(KB): id.app.launcher(2350) 228 ndroid.systemui(1899) 160 kworker/5:1H(513) 8
05-12 04:41:17.251 E/CompositionEngine( 1004): [Wallpaper BBQ wrapper 5_system#92] Invalid device requested composition type change: Device (2) --> Device (2)
05-12 04:41:17.251 E/CompositionEngine( 1004): [com.sec.android.app.launcher/com.sec.android.app.launcher.activities.LauncherActivity$_2350#5277] Invalid device requested composition type change: Device (2) --> Device (2)
05-12 04:41:17.251 E/CompositionEngine( 1004): [Splash Screen com.hyeni.calendar$_1899#5289] Invalid device requested composition type change: Client (1) --> Client (1)
05-12 04:41:17.251 D/io_stats(  659): !@ Write_top(KB): kworker/u16:0(4653) 528 android.vending(4883) 84
05-12 04:41:17.251 E/CompositionEngine( 1004): [StatusBar$_1899#103] Invalid device requested composition type change: Device (2) --> Device (2)
05-12 04:41:17.251 E/CompositionEngine( 1004): [com.sec.android.app.launcher/com.samsung.app.honeyspace.edge.edgepanel.app.CocktailBarService$_2350#5258] Invalid device requested composition type change: Device (2) --> Device (2)
05-12 04:41:17.251 E/CompositionEngine( 1004): [NavigationBar0$_1899#101] Invalid device requested composition type change: Device (2) --> Device (2)
05-12 04:41:17.251 E/CompositionEngine( 1004): [ScreenDecorHwcOverlay$_1899#107] Invalid device requested composition type change: DisplayDecoration (6) --> DisplayDecoration (6)
05-12 04:41:17.253 D/ActivityThread( 8145): setConscryptValidator
05-12 04:41:17.253 I/NetworkScheduler.Stats(27703): (REDACTED) Task %s/%s started execution. cause:%s exec_start_elapsed_seconds: %s
05-12 04:41:17.253 D/ActivityThread( 8145): setConscryptValidator - put
05-12 04:41:17.255 I/Finsky  ( 4883): [82] SCH: Scheduling 1 system job(s)
05-12 04:41:17.256 I/TapAndPay(27703): Sending QUICK_ACCESS_WALLET_STATE_CHANGED broadcast to wallet app. [CONTEXT service_id=79 ]
05-12 04:41:17.256 I/Finsky  ( 4883): [82] SCH: Scheduling system job Id: 9973, L: 11947361, D: 55147361, C: false, I: false, N: 1
05-12 04:41:17.257 D/SurfaceComposerClient( 1899): setCornerRadius ## Task=117#5286 cornerRadius=118.000000
05-12 04:41:17.258 I/FirebaseInitProvider( 8105): FirebaseApp initialization successful
05-12 04:41:17.260 E/CompositionEngine( 1004): [Wallpaper BBQ wrapper 5_system#92] Invalid device requested composition type change: Device (2) --> Device (2)
05-12 04:41:17.260 E/CompositionEngine( 1004): [com.sec.android.app.launcher/com.sec.android.app.launcher.activities.LauncherActivity$_2350#5277] Invalid device requested composition type change: Device (2) --> Device (2)
05-12 04:41:17.260 E/CompositionEngine( 1004): [Splash Screen com.hyeni.calendar$_1899#5289] Invalid device requested composition type change: Client (1) --> Client (1)
05-12 04:41:17.260 E/CompositionEngine( 1004): [StatusBar$_1899#103] Invalid device requested composition type change: Device (2) --> Device (2)
05-12 04:41:17.260 E/CompositionEngine( 1004): [com.sec.android.app.launcher/com.samsung.app.honeyspace.edge.edgepanel.app.CocktailBarService$_2350#5258] Invalid device requested composition type change: Device (2) --> Device (2)
05-12 04:41:17.260 E/CompositionEngine( 1004): [NavigationBar0$_1899#101] Invalid device requested composition type change: Device (2) --> Device (2)
05-12 04:41:17.260 E/CompositionEngine( 1004): [ScreenDecorHwcOverlay$_1899#107] Invalid device requested composition type change: DisplayDecoration (6) --> DisplayDecoration (6)
05-12 04:41:17.262 D/WM-WrkMgrInitializer( 8105): Initializing WorkManager with default configuration.
05-12 04:41:17.264 D/SurfaceComposerClient( 1899): setCornerRadius ## Task=117#5286 cornerRadius=118.000000
05-12 04:41:17.264 I/Finsky  ( 4883): [161] SCH: job service finished with id 9970.
05-12 04:41:17.268 E/CompositionEngine( 1004): [Wallpaper BBQ wrapper 5_system#92] Invalid device requested composition type change: Device (2) --> Device (2)
05-12 04:41:17.268 E/CompositionEngine( 1004): [com.sec.android.app.launcher/com.sec.android.app.launcher.activities.LauncherActivity$_2350#5277] Invalid device requested composition type change: Device (2) --> Device (2)
05-12 04:41:17.268 E/CompositionEngine( 1004): [Splash Screen com.hyeni.calendar$_1899#5289] Invalid device requested composition type change: Client (1) --> Client (1)
05-12 04:41:17.268 E/CompositionEngine( 1004): [StatusBar$_1899#103] Invalid device requested composition type change: Device (2) --> Device (2)
05-12 04:41:17.268 E/CompositionEngine( 1004): [com.sec.android.app.launcher/com.samsung.app.honeyspace.edge.edgepanel.app.CocktailBarService$_2350#5258] Invalid device requested composition type change: Device (2) --> Device (2)
05-12 04:41:17.268 E/CompositionEngine( 1004): [NavigationBar0$_1899#101] Invalid device requested composition type change: Device (2) --> Device (2)
05-12 04:41:17.268 E/CompositionEngine( 1004): [ScreenDecorHwcOverlay$_1899#107] Invalid device requested composition type change: DisplayDecoration (6) --> DisplayDecoration (6)
05-12 04:41:17.272 I/ActivityManager( 1232): Changes in 10254 8 to 10, 128 to 0
05-12 04:41:17.272 D/SurfaceComposerClient( 1899): setCornerRadius ## Task=117#5286 cornerRadius=118.000000
05-12 04:41:17.276 E/CompositionEngine( 1004): [Wallpaper BBQ wrapper 5_system#92] Invalid device requested composition type change: Device (2) --> Device (2)
05-12 04:41:17.276 E/CompositionEngine( 1004): [com.sec.android.app.launcher/com.sec.android.app.launcher.activities.LauncherActivity$_2350#5277] Invalid device requested composition type change: Device (2) --> Device (2)
05-12 04:41:17.276 E/CompositionEngine( 1004): [Splash Screen com.hyeni.calendar$_1899#5289] Invalid device requested composition type change: Client (1) --> Client (1)
05-12 04:41:17.276 E/CompositionEngine( 1004): [StatusBar$_1899#103] Invalid device requested composition type change: Device (2) --> Device (2)
05-12 04:41:17.276 E/CompositionEngine( 1004): [com.sec.android.app.launcher/com.samsung.app.honeyspace.edge.edgepanel.app.CocktailBarService$_2350#5258] Invalid device requested composition type change: Device (2) --> Device (2)
05-12 04:41:17.276 E/CompositionEngine( 1004): [NavigationBar0$_1899#101] Invalid device requested composition type change: Device (2) --> Device (2)
05-12 04:41:17.276 E/CompositionEngine( 1004): [ScreenDecorHwcOverlay$_1899#107] Invalid device requested composition type change: DisplayDecoration (6) --> DisplayDecoration (6)
05-12 04:41:17.276 I/NetworkScheduler.Stats(27703): (REDACTED) Task %s/%s finished executing. cause:%s result: %s elapsed_millis: %s uptime_millis: %s exec_start_elapsed_seconds: %s
05-12 04:41:17.276 I/ActivityManager( 1232): Killing 6867:com.samsung.faceservice/5004 (adj 985): empty #33
05-12 04:41:17.276 I/Finsky  ( 4883): [2] Memory trim requested to level 40
05-12 04:41:17.277 I/Finsky  ( 4883): [2] Flushing in-memory image cache
05-12 04:41:17.280 D/SurfaceComposerClient( 1899): setCornerRadius ## Task=117#5286 cornerRadius=118.000000
05-12 04:41:17.283 D/ApplicationLoaders( 8145): Returning zygote-cached class loader: /system_ext/framework/androidx.window.extensions.jar
05-12 04:41:17.283 D/ApplicationLoaders( 8145): Returning zygote-cached class loader: /system_ext/framework/androidx.window.sidecar.jar
05-12 04:41:17.285 E/CompositionEngine( 1004): [Wallpaper BBQ wrapper 5_system#92] Invalid device requested composition type change: Device (2) --> Device (2)
05-12 04:41:17.285 E/CompositionEngine( 1004): [com.sec.android.app.launcher/com.sec.android.app.launcher.activities.LauncherActivity$_2350#5277] Invalid device requested composition type change: Device (2) --> Device (2)
05-12 04:41:17.285 E/CompositionEngine( 1004): [Splash Screen com.hyeni.calendar$_1899#5289] Invalid device requested composition type change: Client (1) --> Client (1)
05-12 04:41:17.285 E/CompositionEngine( 1004): [StatusBar$_1899#103] Invalid device requested composition type change: Device (2) --> Device (2)
05-12 04:41:17.285 E/CompositionEngine( 1004): [com.sec.android.app.launcher/com.samsung.app.honeyspace.edge.edgepanel.app.CocktailBarService$_2350#5258] Invalid device requested composition type change: Device (2) --> Device (2)
05-12 04:41:17.285 E/CompositionEngine( 1004): [NavigationBar0$_1899#101] Invalid device requested composition type change: Device (2) --> Device (2)
05-12 04:41:17.285 E/CompositionEngine( 1004): [ScreenDecorHwcOverlay$_1899#107] Invalid device requested composition type change: DisplayDecoration (6) --> DisplayDecoration (6)
05-12 04:41:17.289 D/SurfaceComposerClient( 1899): setCornerRadius ## Task=117#5286 cornerRadius=118.000000
05-12 04:41:17.290 D/WM-PackageManagerHelper( 8105): Skipping component enablement for androidx.work.impl.background.systemjob.SystemJobService
05-12 04:41:17.290 D/WM-Schedulers( 8105): Created SystemJobScheduler and enabled SystemJobService
05-12 04:41:17.293 E/CompositionEngine( 1004): [Wallpaper BBQ wrapper 5_system#92] Invalid device requested composition type change: Device (2) --> Device (2)
05-12 04:41:17.293 E/CompositionEngine( 1004): [com.sec.android.app.launcher/com.sec.android.app.launcher.activities.LauncherActivity$_2350#5277] Invalid device requested composition type change: Device (2) --> Device (2)
05-12 04:41:17.294 E/CompositionEngine( 1004): [Splash Screen com.hyeni.calendar$_1899#5289] Invalid device requested composition type change: Client (1) --> Client (1)
05-12 04:41:17.294 E/CompositionEngine( 1004): [StatusBar$_1899#103] Invalid device requested composition type change: Device (2) --> Device (2)
05-12 04:41:17.294 E/CompositionEngine( 1004): [com.sec.android.app.launcher/com.samsung.app.honeyspace.edge.edgepanel.app.CocktailBarService$_2350#5258] Invalid device requested composition type change: Device (2) --> Device (2)
05-12 04:41:17.294 E/CompositionEngine( 1004): [NavigationBar0$_1899#101] Invalid device requested composition type change: Device (2) --> Device (2)
05-12 04:41:17.294 E/CompositionEngine( 1004): [ScreenDecorHwcOverlay$_1899#107] Invalid device requested composition type change: DisplayDecoration (6) --> DisplayDecoration (6)
05-12 04:41:17.296 D/BackgroundInstallControlService( 1232): Package event received: 0
05-12 04:41:17.297 D/SurfaceComposerClient( 1899): setCornerRadius ## Task=117#5286 cornerRadius=118.000000
05-12 04:41:17.302 W/id.apps.tachyon( 8145): Failed to find entry 'classes.dex': Entry not found
05-12 04:41:17.302 E/CompositionEngine( 1004): [Wallpaper BBQ wrapper 5_system#92] Invalid device requested composition type change: Device (2) --> Device (2)
05-12 04:41:17.302 E/CompositionEngine( 1004): [com.sec.android.app.launcher/com.sec.android.app.launcher.activities.LauncherActivity$_2350#5277] Invalid device requested composition type change: Device (2) --> Device (2)
05-12 04:41:17.302 E/CompositionEngine( 1004): [Splash Screen com.hyeni.calendar$_1899#5289] Invalid device requested composition type change: Client (1) --> Client (1)
05-12 04:41:17.302 E/CompositionEngine( 1004): [StatusBar$_1899#103] Invalid device requested composition type change: Device (2) --> Device (2)
05-12 04:41:17.302 E/CompositionEngine( 1004): [com.sec.android.app.launcher/com.samsung.app.honeyspace.edge.edgepanel.app.CocktailBarService$_2350#5258] Invalid device requested composition type change: Device (2) --> Device (2)
05-12 04:41:17.302 E/CompositionEngine( 1004): [NavigationBar0$_1899#101] Invalid device requested composition type change: Device (2) --> Device (2)
05-12 04:41:17.302 E/CompositionEngine( 1004): [ScreenDecorHwcOverlay$_1899#107] Invalid device requested composition type change: DisplayDecoration (6) --> DisplayDecoration (6)
05-12 04:41:17.302 W/id.apps.tachyon( 8145): Failed to find entry 'classes.dex': Entry not found
05-12 04:41:17.303 W/id.apps.tachyon( 8145): Failed to find entry 'classes.dex': Entry not found
05-12 04:41:17.304 D/nativeloader( 8145): Configuring clns-9 for other apk /data/app/~~CF-M4L7-RvRD99xZUjMK4Q==/com.google.android.apps.tachyon-4Kyqxltln6TpC9kOKi2Xvg==/base.apk:/data/app/~~CF-M4L7-RvRD99xZUjMK4Q==/com.google.android.apps.tachyon-4Kyqxltln6TpC9kOKi2Xvg==/split_config.arm64_v8a.apk:/data/app/~~CF-M4L7-RvRD99xZUjMK4Q==/com.google.android.apps.tachyon-4Kyqxltln6TpC9kOKi2Xvg==/split_config.ko.apk:/data/app/~~CF-M4L7-RvRD99xZUjMK4Q==/com.google.android.apps.tachyon-4Kyqxltln6TpC9kOKi2Xvg==/split_config.xxhdpi.apk. target_sdk_version=36, uses_libraries=libOpenCL.so:libsurfaceutil.camera.samsung.so:libhumantracking_util.camera.samsung.so:libsecimaging.camera.samsung.so:libsecimaging_pdk.camera.samsung.so:libexifa.camera.samsung.so:libjpega.camera.samsung.so, library_path=/data/app/~~CF-M4L7-RvRD99xZUjMK4Q==/com.google.android.apps.tachyon-4Kyqxltln6TpC9kOKi2Xvg==/lib/arm64:/data/app/~~CF-M4L7-RvRD99xZUjMK4Q==/com.google.android.apps.tachyon-4Kyqxltln6TpC9kOKi2Xvg==/base.apk!/lib/arm64-v8a:/data/app/~~CF-M4L7-RvRD99xZUjMK4Q==/com.google.and
05-12 04:41:17.304 D/nativeloader( 8145): Extending system_exposed_libraries: libsurfaceutil.camera.samsung.so:libhumantracking_util.camera.samsung.so:libsecimaging.camera.samsung.so:libsecimaging_pdk.camera.samsung.so:libexifa.camera.samsung.so:libjpega.camera.samsung.so
05-12 04:41:17.306 E/CompositionEngine( 1004): [Wallpaper BBQ wrapper 5_system#92] Invalid device requested composition type change: Device (2) --> Device (2)
05-12 04:41:17.306 E/CompositionEngine( 1004): [com.sec.android.app.launcher/com.sec.android.app.launcher.activities.LauncherActivity$_2350#5277] Invalid device requested composition type change: Device (2) --> Device (2)
05-12 04:41:17.306 E/CompositionEngine( 1004): [Splash Screen com.hyeni.calendar$_1899#5289] Invalid device requested composition type change: Client (1) --> Client (1)
05-12 04:41:17.306 E/CompositionEngine( 1004): [StatusBar$_1899#103] Invalid device requested composition type change: Device (2) --> Device (2)
05-12 04:41:17.306 E/CompositionEngine( 1004): [com.sec.android.app.launcher/com.samsung.app.honeyspace.edge.edgepanel.app.CocktailBarService$_2350#5258] Invalid device requested composition type change: Device (2) --> Device (2)
05-12 04:41:17.306 E/CompositionEngine( 1004): [NavigationBar0$_1899#101] Invalid device requested composition type change: Device (2) --> Device (2)
05-12 04:41:17.306 E/CompositionEngine( 1004): [ScreenDecorHwcOverlay$_1899#107] Invalid device requested composition type change: DisplayDecoration (6) --> DisplayDecoration (6)
05-12 04:41:17.307 D/SurfaceComposerClient( 1899): setCornerRadius ## Task=117#5286 cornerRadius=118.000000
05-12 04:41:17.310 V/WindowManager( 1232): Computed rotation=ROTATION_0 (0) for display id=0 based on lastOrientation=SCREEN_ORIENTATION_PORTRAIT (1) and oldRotation=ROTATION_0 (0), caller=com.android.server.wm.DisplayRotation.updateOrientation:79 com.android.server.wm.DisplayContent.updateOrientation:41 com.android.server.wm.DisplayContent.updateOrientationAndComputeConfig:48 com.android.server.wm.RootWindowContainer.ensureVisibilityAndConfig:7 com.android.server.wm.ActivityTaskSupervisor.realStartActivityLocked:182 com.android.server.wm.RootWindowContainer.attachApplication:92 
05-12 04:41:17.311 D/SGM:FgCheckThread( 1232): notifyAppCreated(), packageName: com.hyeni.calendar, userId: 0, sendRet: true
05-12 04:41:17.311 D/SGM:FgCheckThread( 1232): onLooperPrepared(), msg: MSG_APP_CREATE, pkgName: com.hyeni.calendar, userId: 0
05-12 04:41:17.311 D/SGM:FgCheckThread( 1232): TaskStackListener.onTaskFocusChanged(), taskId=16, focused=false
05-12 04:41:17.311 D/SGM:FgCheckThread( 1232): TaskStackListener.onTaskFocusChanged(), taskId=117, focused=true
05-12 04:41:17.312 D/SGM:FgCheckThread( 1232):   sendRunningComponentFocus(), pkgName: com.hyeni.calendar, userId: 0
05-12 04:41:17.312 D/InputDispatcher( 1232): Focused application(0): ActivityRecord{108093622 u0 com.hyeni.calendar/.MainActivity t117}
05-12 04:41:17.312 D/ActivityTaskManager( 1232): scheduleTopResumedActivityChanged, onTop=true, r=ActivityRecord{108093622 u0 com.hyeni.calendar/.MainActivity t117}, caller=com.android.server.wm.ActivityTaskSupervisor.scheduleTopResumedActivityStateIfNeeded:18 com.android.server.wm.ActivityTaskSupervisor.updateTopResumedActivityIfNeeded:54 com.android.server.wm.TaskFragment.setResumedActivity:30 com.android.server.wm.ActivityRecord.setState:100 com.android.server.wm.ActivityTaskSupervisor.realStartActivityLocked:477 com.android.server.wm.RootWindowContainer.attachApplication:92 
05-12 04:41:17.313 V/GraphicsEnvironment( 8145): Currently set values for:
05-12 04:41:17.313 V/GraphicsEnvironment( 8145):   angle_gl_driver_selection_pkgs=[]
05-12 04:41:17.313 V/GraphicsEnvironment( 8145):   angle_gl_driver_selection_values=[]
05-12 04:41:17.313 V/GraphicsEnvironment( 8145): com.google.android.apps.tachyon is not listed in per-application setting
05-12 04:41:17.313 V/GraphicsEnvironment( 8145): ANGLE allowlist from config: 
05-12 04:41:17.313 V/GraphicsEnvironment( 8145): com.google.android.apps.tachyon is not listed in ANGLE allowlist or settings, returning default
05-12 04:41:17.313 V/GraphicsEnvironment( 8145): Neither updatable production driver nor prerelease driver is supported.
05-12 04:41:17.314 D/SurfaceComposerClient( 1899): setCornerRadius ## Task=117#5286 cornerRadius=118.000000
05-12 04:41:17.314 E/CompositionEngine( 1004): [Wallpaper BBQ wrapper 5_system#92] Invalid device requested composition type change: Device (2) --> Device (2)
05-12 04:41:17.314 E/CompositionEngine( 1004): [com.sec.android.app.launcher/com.sec.android.app.launcher.activities.LauncherActivity$_2350#5277] Invalid device requested composition type change: Device (2) --> Device (2)
05-12 04:41:17.314 E/CompositionEngine( 1004): [Splash Screen com.hyeni.calendar$_1899#5289] Invalid device requested composition type change: Client (1) --> Client (1)
05-12 04:41:17.314 E/CompositionEngine( 1004): [StatusBar$_1899#103] Invalid device requested composition type change: Device (2) --> Device (2)
05-12 04:41:17.314 E/CompositionEngine( 1004): [com.sec.android.app.launcher/com.samsung.app.honeyspace.edge.edgepanel.app.CocktailBarService$_2350#5258] Invalid device requested composition type change: Device (2) --> Device (2)
05-12 04:41:17.314 E/CompositionEngine( 1004): [NavigationBar0$_1899#101] Invalid device requested composition type change: Device (2) --> Device (2)
05-12 04:41:17.314 E/CompositionEngine( 1004): [ScreenDecorHwcOverlay$_1899#107] Invalid device requested composition type change: DisplayDecoration (6) --> DisplayDecoration (6)
