05-12 05:06:33.422 V/Capacitor( 1978): callback: 114674547, pluginId: NativeNotification, methodName: getDeliveryHealth, methodData: {}
05-12 05:06:33.436 I/Capacitor/Console( 1978): File:  - Line 333 - Msg: {"notificationsEnabled":false,"postPermissionGranted":false,"batteryOptimizationsIgnored":true,"powerSaveMode":false,"backgroundRestricted":false,"fullScreenIntentAllowed":true,"exactAlarmAllowed":true,"channelsEnabled":true,"recordAudioGranted":false,"remoteListenChannelEnabled":true,"remoteListenChannelImportance":3,"remoteListenChannelBlocked":false,"ringerMode":"silent","dndMode":"priority","dndAccess":false,"networkConnected":true,"networkValidated":true,"screenInteractive":true,"keyguardLocked":true,"screenWidthDp":411,"screenHeightDp":1006,"smallestScreenWidthDp":411,"foldState":"not_foldable_or_unknown","locationServiceRunning":false,"sdkInt":35,"manufacturer":"motorola","model":"motorola razr 40 ultra","ready":false}
05-12 05:06:33.438 I/Capacitor/Console( 1978): File:  - Line 349 - Msg: [object Object]
05-12 05:06:33.441 V/Capacitor/Plugin( 1978): To native (Capacitor plugin): callbackId: 114674548, pluginId: BackgroundLocation, methodName: checkBackgroundLocationPermission
05-12 05:06:33.441 V/Capacitor( 1978): callback: 114674548, pluginId: BackgroundLocation, methodName: checkBackgroundLocationPermission, methodData: {}
05-12 05:06:33.443 I/Capacitor/Console( 1978): File:  - Line 333 - Msg: {"fineLocation":false,"backgroundLocation":false}
05-12 05:06:35.141 D/ActivityManager( 2878): freezing 27578 com.google.android.apps.wellbeing, reason = oom_cached
05-12 05:06:35.145 D/InetDiagMessage( 2878): Destroyed 0 sockets, proto=IPPROTO_TCP, family=AF_INET, states=14
05-12 05:06:35.147 D/InetDiagMessage( 2878): Destroyed 0 sockets, proto=IPPROTO_TCP, family=AF_INET6, states=14
05-12 05:06:35.147 D/InetDiagMessage( 2878): Destroyed live tcp sockets for uids={10280} in 5ms
05-12 05:06:35.320 D/WifiStaIfaceHidlImpl( 2878): getCachedScanData is not implemented by HIDL
05-12 05:06:35.420 I/Capacitor/Console( 1978): File:  - Line 349 - Msg: [object Object]
05-12 05:06:35.422 V/Capacitor/Plugin( 1978): To native (Capacitor plugin): callbackId: 114674549, pluginId: NativeNotification, methodName: getDeliveryHealth
05-12 05:06:35.423 V/Capacitor( 1978): callback: 114674549, pluginId: NativeNotification, methodName: getDeliveryHealth, methodData: {}
05-12 05:06:35.437 I/Capacitor/Console( 1978): File:  - Line 333 - Msg: {"notificationsEnabled":false,"postPermissionGranted":false,"batteryOptimizationsIgnored":true,"powerSaveMode":false,"backgroundRestricted":false,"fullScreenIntentAllowed":true,"exactAlarmAllowed":true,"channelsEnabled":true,"recordAudioGranted":false,"remoteListenChannelEnabled":true,"remoteListenChannelImportance":3,"remoteListenChannelBlocked":false,"ringerMode":"silent","dndMode":"priority","dndAccess":false,"networkConnected":true,"networkValidated":true,"screenInteractive":true,"keyguardLocked":true,"screenWidthDp":411,"screenHeightDp":1006,"smallestScreenWidthDp":411,"foldState":"not_foldable_or_unknown","locationServiceRunning":false,"sdkInt":35,"manufacturer":"motorola","model":"motorola razr 40 ultra","ready":false}
05-12 05:06:35.438 I/Capacitor/Console( 1978): File:  - Line 349 - Msg: [object Object]
05-12 05:06:35.441 V/Capacitor/Plugin( 1978): To native (Capacitor plugin): callbackId: 114674550, pluginId: BackgroundLocation, methodName: checkBackgroundLocationPermission
05-12 05:06:35.441 V/Capacitor( 1978): callback: 114674550, pluginId: BackgroundLocation, methodName: checkBackgroundLocationPermission, methodData: {}
05-12 05:06:35.447 I/Capacitor/Console( 1978): File:  - Line 333 - Msg: {"fineLocation":false,"backgroundLocation":false}
05-12 05:06:35.685 W/.hyeni.calendar( 1978): userfaultfd: MOVE ioctl seems unsupported: Connection timed out
05-12 05:06:35.718 I/.hyeni.calendar( 1978): Background concurrent mark compact GC freed 7942KB AllocSpace bytes, 78(3756KB) LOS objects, 81% free, 5497KB/29MB, paused 600us,9.544ms total 298.324ms
05-12 05:06:35.724 W/.hyeni.calendar( 1978): ApkAssets: Deleting an ApkAssets object '<empty> and /data/app/~~AgYwycswZduHCKSLalvhkA==/com.google.android.webview-yarYKlzPKoJVS4vuQnwivg==/base.apk' with 2 weak references
05-12 05:06:36.232 D/addPss  ( 2878): tracker=ProcessState{b3cb93f com.hyeni.calendar/10523 pkg=com.hyeni.calendar}
05-12 05:06:36.236 D/ActivityManager( 2878): freezing 32308 helectronsoft.com.live.wallpaper.pixel4d, reason = oom_cached
05-12 05:06:36.241 D/InetDiagMessage( 2878): Destroyed 0 sockets, proto=IPPROTO_TCP, family=AF_INET, states=14
05-12 05:06:36.242 D/InetDiagMessage( 2878): Destroyed 0 sockets, proto=IPPROTO_TCP, family=AF_INET6, states=14
05-12 05:06:36.242 D/InetDiagMessage( 2878): Destroyed live tcp sockets for uids={10464} in 3ms
05-12 05:06:36.621 I/android.hardware.thermal@2.0-service.qti-v2( 3383): Sensor Name:skin1 temp: 33.523. prev severity:0. cur severity:0 New severity:0
05-12 05:06:37.420 I/Capacitor/Console( 1978): File:  - Line 349 - Msg: [object Object]
05-12 05:06:37.423 V/Capacitor/Plugin( 1978): To native (Capacitor plugin): callbackId: 114674551, pluginId: NativeNotification, methodName: getDeliveryHealth
05-12 05:06:37.423 V/Capacitor( 1978): callback: 114674551, pluginId: NativeNotification, methodName: getDeliveryHealth, methodData: {}
05-12 05:06:37.437 I/Capacitor/Console( 1978): File:  - Line 333 - Msg: {"notificationsEnabled":false,"postPermissionGranted":false,"batteryOptimizationsIgnored":true,"powerSaveMode":false,"backgroundRestricted":false,"fullScreenIntentAllowed":true,"exactAlarmAllowed":true,"channelsEnabled":true,"recordAudioGranted":false,"remoteListenChannelEnabled":true,"remoteListenChannelImportance":3,"remoteListenChannelBlocked":false,"ringerMode":"silent","dndMode":"priority","dndAccess":false,"networkConnected":true,"networkValidated":true,"screenInteractive":true,"keyguardLocked":true,"screenWidthDp":411,"screenHeightDp":1006,"smallestScreenWidthDp":411,"foldState":"not_foldable_or_unknown","locationServiceRunning":false,"sdkInt":35,"manufacturer":"motorola","model":"motorola razr 40 ultra","ready":false}
05-12 05:06:37.438 I/Capacitor/Console( 1978): File:  - Line 349 - Msg: [object Object]
05-12 05:06:37.440 V/Capacitor/Plugin( 1978): To native (Capacitor plugin): callbackId: 114674552, pluginId: BackgroundLocation, methodName: checkBackgroundLocationPermission
05-12 05:06:37.440 V/Capacitor( 1978): callback: 114674552, pluginId: BackgroundLocation, methodName: checkBackgroundLocationPermission, methodData: {}
05-12 05:06:37.444 I/Capacitor/Console( 1978): File:  - Line 333 - Msg: {"fineLocation":false,"backgroundLocation":false}
05-12 05:06:37.467 D/ActivityManager( 2878): freezing 31092 com.google.android.webview:webview_service, reason = oom_cached
05-12 05:06:37.471 D/InetDiagMessage( 2878): Destroyed 0 sockets, proto=IPPROTO_TCP, family=AF_INET, states=14
05-12 05:06:37.472 D/InetDiagMessage( 2878): Destroyed 0 sockets, proto=IPPROTO_TCP, family=AF_INET6, states=14
05-12 05:06:37.472 D/InetDiagMessage( 2878): Destroyed live tcp sockets for uids={10312} in 3ms
05-12 05:06:38.362 D/WifiStaIfaceHidlImpl( 2878): getCachedScanData is not implemented by HIDL
05-12 05:06:38.412 D/ActivityManager( 2878): freezing 30724 com.android.keychain, reason = oom_cached
05-12 05:06:38.414 D/ActivityManager( 2878): freezing 20982 com.android.settings, reason = oom_cached
05-12 05:06:39.236 W/ProcessStats( 2878): Tracking association SourceState{bc51f47 com.hyeni.calendar/10523 Top #21912} whose proc state 1 is better than process ProcessState{e70ce34 com.google.android.gms.persistent/10217 pkg=com.google.android.gms} proc state 4 (52 skipped)
05-12 05:06:39.254 D/BoundBrokerSvc( 4848): onUnbind: Intent { act=com.google.android.gms.locationsharingreporter.service.START dat=chimera-action:/... cmp=com.google.android.gms/.chimera.GmsApiService }
05-12 05:06:39.420 I/Capacitor/Console( 1978): File:  - Line 349 - Msg: [object Object]
05-12 05:06:39.422 V/Capacitor/Plugin( 1978): To native (Capacitor plugin): callbackId: 114674553, pluginId: NativeNotification, methodName: getDeliveryHealth
05-12 05:06:39.423 V/Capacitor( 1978): callback: 114674553, pluginId: NativeNotification, methodName: getDeliveryHealth, methodData: {}
05-12 05:06:39.437 I/Capacitor/Console( 1978): File:  - Line 333 - Msg: {"notificationsEnabled":false,"postPermissionGranted":false,"batteryOptimizationsIgnored":true,"powerSaveMode":false,"backgroundRestricted":false,"fullScreenIntentAllowed":true,"exactAlarmAllowed":true,"channelsEnabled":true,"recordAudioGranted":false,"remoteListenChannelEnabled":true,"remoteListenChannelImportance":3,"remoteListenChannelBlocked":false,"ringerMode":"silent","dndMode":"priority","dndAccess":false,"networkConnected":true,"networkValidated":true,"screenInteractive":true,"keyguardLocked":true,"screenWidthDp":411,"screenHeightDp":1006,"smallestScreenWidthDp":411,"foldState":"not_foldable_or_unknown","locationServiceRunning":false,"sdkInt":35,"manufacturer":"motorola","model":"motorola razr 40 ultra","ready":false}
05-12 05:06:39.438 I/Capacitor/Console( 1978): File:  - Line 349 - Msg: [object Object]
05-12 05:06:39.440 V/Capacitor/Plugin( 1978): To native (Capacitor plugin): callbackId: 114674554, pluginId: BackgroundLocation, methodName: checkBackgroundLocationPermission
05-12 05:06:39.441 V/Capacitor( 1978): callback: 114674554, pluginId: BackgroundLocation, methodName: checkBackgroundLocationPermission, methodData: {}
05-12 05:06:39.443 I/Capacitor/Console( 1978): File:  - Line 333 - Msg: {"fineLocation":false,"backgroundLocation":false}
05-12 05:06:40.243 D/BoundBrokerSvc( 4848): onUnbind: Intent { act=com.google.android.gms.safetynet.service.START pkg=com.google.android.gms }
05-12 05:06:40.248 D/BoundBrokerSvc( 4848): onUnbind: Intent { act=com.google.android.gms.safebrowsing.SafeBrowsingService.START dat=chimera-action:/... cmp=com.google.android.gms/.chimera.GmsBoundBrokerService }
05-12 05:06:41.394 D/WifiStaIfaceHidlImpl( 2878): getCachedScanData is not implemented by HIDL
05-12 05:06:41.420 I/Capacitor/Console( 1978): File:  - Line 349 - Msg: [object Object]
05-12 05:06:41.423 V/Capacitor/Plugin( 1978): To native (Capacitor plugin): callbackId: 114674555, pluginId: NativeNotification, methodName: getDeliveryHealth
05-12 05:06:41.423 V/Capacitor( 1978): callback: 114674555, pluginId: NativeNotification, methodName: getDeliveryHealth, methodData: {}
05-12 05:06:41.439 I/Capacitor/Console( 1978): File:  - Line 333 - Msg: {"notificationsEnabled":false,"postPermissionGranted":false,"batteryOptimizationsIgnored":true,"powerSaveMode":false,"backgroundRestricted":false,"fullScreenIntentAllowed":true,"exactAlarmAllowed":true,"channelsEnabled":true,"recordAudioGranted":false,"remoteListenChannelEnabled":true,"remoteListenChannelImportance":3,"remoteListenChannelBlocked":false,"ringerMode":"silent","dndMode":"priority","dndAccess":false,"networkConnected":true,"networkValidated":true,"screenInteractive":true,"keyguardLocked":true,"screenWidthDp":411,"screenHeightDp":1006,"smallestScreenWidthDp":411,"foldState":"not_foldable_or_unknown","locationServiceRunning":false,"sdkInt":35,"manufacturer":"motorola","model":"motorola razr 40 ultra","ready":false}
05-12 05:06:41.441 I/Capacitor/Console( 1978): File:  - Line 349 - Msg: [object Object]
05-12 05:06:41.443 V/Capacitor/Plugin( 1978): To native (Capacitor plugin): callbackId: 114674556, pluginId: BackgroundLocation, methodName: checkBackgroundLocationPermission
05-12 05:06:41.444 V/Capacitor( 1978): callback: 114674556, pluginId: BackgroundLocation, methodName: checkBackgroundLocationPermission, methodData: {}
05-12 05:06:41.455 I/Capacitor/Console( 1978): File:  - Line 333 - Msg: {"fineLocation":false,"backgroundLocation":false}
05-12 05:06:41.621 I/android.hardware.thermal@2.0-service.qti-v2( 3383): Sensor Name:skin1 temp: 33.506. prev severity:0. cur severity:0 New severity:0
05-12 05:06:42.293 D/BoundBrokerSvc( 4147): onUnbind: Intent { act=com.google.android.gms.libs.gmscorelogger.service.START dat=chimera-action:/... cmp=com.google.android.gms/.chimera.PersistentDirectBootAwareApiService }
05-12 05:06:43.421 I/Capacitor/Console( 1978): File:  - Line 349 - Msg: [object Object]
05-12 05:06:43.424 V/Capacitor/Plugin( 1978): To native (Capacitor plugin): callbackId: 114674557, pluginId: NativeNotification, methodName: getDeliveryHealth
05-12 05:06:43.425 V/Capacitor( 1978): callback: 114674557, pluginId: NativeNotification, methodName: getDeliveryHealth, methodData: {}
05-12 05:06:43.444 I/Capacitor/Console( 1978): File:  - Line 333 - Msg: {"notificationsEnabled":false,"postPermissionGranted":false,"batteryOptimizationsIgnored":true,"powerSaveMode":false,"backgroundRestricted":false,"fullScreenIntentAllowed":true,"exactAlarmAllowed":true,"channelsEnabled":true,"recordAudioGranted":false,"remoteListenChannelEnabled":true,"remoteListenChannelImportance":3,"remoteListenChannelBlocked":false,"ringerMode":"silent","dndMode":"priority","dndAccess":false,"networkConnected":true,"networkValidated":true,"screenInteractive":true,"keyguardLocked":true,"screenWidthDp":411,"screenHeightDp":1006,"smallestScreenWidthDp":411,"foldState":"not_foldable_or_unknown","locationServiceRunning":false,"sdkInt":35,"manufacturer":"motorola","model":"motorola razr 40 ultra","ready":false}
05-12 05:06:43.445 I/Capacitor/Console( 1978): File:  - Line 349 - Msg: [object Object]
05-12 05:06:43.448 V/Capacitor/Plugin( 1978): To native (Capacitor plugin): callbackId: 114674558, pluginId: BackgroundLocation, methodName: checkBackgroundLocationPermission
05-12 05:06:43.449 V/Capacitor( 1978): callback: 114674558, pluginId: BackgroundLocation, methodName: checkBackgroundLocationPermission, methodData: {}
05-12 05:06:43.452 I/Capacitor/Console( 1978): File:  - Line 333 - Msg: {"fineLocation":false,"backgroundLocation":false}
05-12 05:06:44.441 D/WifiStaIfaceHidlImpl( 2878): getCachedScanData is not implemented by HIDL
05-12 05:06:45.420 I/Capacitor/Console( 1978): File:  - Line 349 - Msg: [object Object]
05-12 05:06:45.424 V/Capacitor/Plugin( 1978): To native (Capacitor plugin): callbackId: 114674559, pluginId: NativeNotification, methodName: getDeliveryHealth
05-12 05:06:45.424 V/Capacitor( 1978): callback: 114674559, pluginId: NativeNotification, methodName: getDeliveryHealth, methodData: {}
05-12 05:06:45.445 I/Capacitor/Console( 1978): File:  - Line 333 - Msg: {"notificationsEnabled":false,"postPermissionGranted":false,"batteryOptimizationsIgnored":true,"powerSaveMode":false,"backgroundRestricted":false,"fullScreenIntentAllowed":true,"exactAlarmAllowed":true,"channelsEnabled":true,"recordAudioGranted":false,"remoteListenChannelEnabled":true,"remoteListenChannelImportance":3,"remoteListenChannelBlocked":false,"ringerMode":"silent","dndMode":"priority","dndAccess":false,"networkConnected":true,"networkValidated":true,"screenInteractive":true,"keyguardLocked":true,"screenWidthDp":411,"screenHeightDp":1006,"smallestScreenWidthDp":411,"foldState":"not_foldable_or_unknown","locationServiceRunning":false,"sdkInt":35,"manufacturer":"motorola","model":"motorola razr 40 ultra","ready":false}
05-12 05:06:45.447 I/Capacitor/Console( 1978): File:  - Line 349 - Msg: [object Object]
05-12 05:06:45.449 V/Capacitor/Plugin( 1978): To native (Capacitor plugin): callbackId: 114674560, pluginId: BackgroundLocation, methodName: checkBackgroundLocationPermission
05-12 05:06:45.449 V/Capacitor( 1978): callback: 114674560, pluginId: BackgroundLocation, methodName: checkBackgroundLocationPermission, methodData: {}
05-12 05:06:45.453 I/Capacitor/Console( 1978): File:  - Line 333 - Msg: {"fineLocation":false,"backgroundLocation":false}
