05-12 04:51:40.437 D/ActivityTaskManager( 2878): getPreferredLaunchDisplay userset_displayid false user set display id 0, current focus display 0
05-12 04:51:40.437 D/ActivityTaskManager( 2878): Force set display id to 0 with lid state 1
05-12 04:51:40.440 D/ActivityTaskManager( 2878): Temporarily retain top process state for launching app
05-12 04:51:40.441 D/PowerManagerService( 2878): nativeSetPowerMode ret:false mode:5 enabled:true duration ms: 0
05-12 04:51:40.442 D/PowerManagerService( 2878): nativeSetPowerMode ret:false mode:5 enabled:false duration ms: 0
05-12 04:51:40.443 I/ActivityTaskManager( 2878): START u0 {act=android.intent.action.MAIN cat=[android.intent.category.LAUNCHER] flg=0x10200000 cmp=com.hyeni.calendar/.MainActivity} with LAUNCH_SINGLE_TASK from uid 2000 (startActivityAsUser) (BAL_ALLOW_PERMISSION) result code=0
05-12 04:51:40.444 I/Monkey  ( 1048): Events injected: 1
05-12 04:51:40.444 D/CLI/Rotation( 2878): Set volume keyswap sysprop for rotation 2 lidState OPEN
05-12 04:51:40.446 D/CLI/Rotation( 2878): Set volume keyswap sysprop for rotation 2 lidState OPEN
05-12 04:51:40.446 V/GrammaticalInflectionUtils( 2878): AttributionSource: android.content.AttributionSource@a3ac0620 does not have READ_SYSTEM_GRAMMATICAL_GENDER permission.
05-12 04:51:40.446 D/ActivityTaskManager( 2878): setActivityController: null,imAMonkey=true
05-12 04:51:40.447 V/WindowManagerShell( 3765): Transition requested (#28): android.os.BinderProxy@b3f2e1 TransitionRequestInfo { type = OPEN, triggerTask = TaskInfo{userId=0 taskId=537 displayId=0 isRunning=true baseIntent=Intent { act=android.intent.action.MAIN cat=[android.intent.category.LAUNCHER] flg=0x10200000 cmp=com.hyeni.calendar/.MainActivity } baseActivity=ComponentInfo{com.hyeni.calendar/com.hyeni.calendar.MainActivity} topActivity=ComponentInfo{com.hyeni.calendar/com.hyeni.calendar.MainActivity} origActivity=null realActivity=ComponentInfo{com.hyeni.calendar/com.hyeni.calendar.MainActivity} numActivities=1 lastActiveTime=27821660 supportsMultiWindow=true supportsGlobalFreeform=true resizeMode=1 isResizeable=true isAppLocked=false isShowDecorCaptionWindowRequest=false canKillAndRestart=false minWidth=-1 minHeight=-1 defaultMinSize=200 token=WCT{android.window.IWindowContainerToken$Stub$Proxy@ba52806} topActivityType=1 pictureInPictureParams=null shouldDockBigOverlays=false launchIntoPipHostTaskId=-1 lastParentTaskIdBeforePip=-1 displayCutoutSafeInsets=Rect(0, 108 - 0, 0) topActivityInfo=ActivityInfo{2280ec7 com.hyeni.calendar.MainActivity} launchCookies=[] positionInParent=Point(0, 0) parentTaskId=-1 isFocused=false isVisible=false isVisibleRequested=false isSleeping=true locusId=null displayAreaFeatureId=1 isTopActivityTransparent=false appCompatTaskInfo=AppCompatTaskInfo { topActivityInSizeCompat=false topActivityEligibleForLetterboxEducation= falseisLetterboxEducationEnabled= false isLetterboxDoubleTapEnabled= false topActivityEligibleForUserAspectRatioButton= false topActivityBoundsLetterboxed= false isFromLetterboxDoubleTap= false topActivityLetterboxVerticalPosition= -1 topActivityLetterboxHorizontalPosition= -1 topActivityLetterboxWidth=1080 topActivityLetterboxHeight=2640 isUserFullscreenOverrideEnabled=false isSystemFullscreenOverrideEnabled=false cameraCompatTaskInfo=CameraCompatTaskInfo { cameraCompatControlState=hidden freeformCameraCompatMode=inactive}}}, pipTask = null, remoteTransition = null, displayChange = null, flags = 0, debugId = 28 }
05-12 04:51:40.448 I/TopTaskTracker(12748): onTaskMovedToFront: (moved taskInfo to front) taskId=537, baseIntent=Intent { act=android.intent.action.MAIN cat=[android.intent.category.LAUNCHER] flg=0x10200000 cmp=com.hyeni.calendar/.MainActivity }
05-12 04:51:40.455 I/Monkey  ( 1048): ## Network stats: elapsed time=21ms (0ms mobile, 0ms wifi, 21ms not connected)
05-12 04:51:40.455 I/app_process( 1048): System.exit called, status: 0
05-12 04:51:40.455 I/AndroidRuntime( 1048): VM exiting with result code 0.
05-12 04:51:40.457 E/SafeInvoker( 2878): Service invocation returned exception
05-12 04:51:40.457 E/SafeInvoker( 2878): android.content.pm.PackageManager$NameNotFoundException: com.motorola.securevault
05-12 04:51:40.457 E/SafeInvoker( 2878): 	at android.app.ApplicationPackageManager.getApplicationInfoAsUser(ApplicationPackageManager.java:528)
05-12 04:51:40.457 E/SafeInvoker( 2878): 	at android.app.ApplicationPackageManager.getApplicationInfo(ApplicationPackageManager.java:511)
05-12 04:51:40.457 E/SafeInvoker( 2878): 	at android.app.ApplicationPackageManager.getApplicationInfo(ApplicationPackageManager.java:505)
05-12 04:51:40.457 E/SafeInvoker( 2878): 	at android.app.ApplicationPackageManager.getResourcesForApplication(ApplicationPackageManager.java:2134)
05-12 04:51:40.457 E/SafeInvoker( 2878): 	at com.motorola.server.security.securevault.utils.Utils.getApplicationResourceIdentifier(Utils.java:82)
05-12 04:51:40.457 E/SafeInvoker( 2878): 	at com.motorola.server.security.securevault.utils.Utils.getVaultProfileFilterList(Utils.java:132)
05-12 04:51:40.457 E/SafeInvoker( 2878): 	at com.motorola.server.security.securevault.UserFilteringPolicy.lambda$shouldExcludeVaultProfile$0(UserFilteringPolicy.java:22)
05-12 04:51:40.457 E/SafeInvoker( 2878): 	at com.motorola.server.security.securevault.UserFilteringPolicy.$r8$lambda$jR7E2mX-Lw2CinGTcPdwj0zFoNY(UserFilteringPolicy.java:0)
05-12 04:51:40.457 E/SafeInvoker( 2878): 	at com.motorola.server.security.securevault.UserFilteringPolicy$$ExternalSyntheticLambda0.call(R8$$SyntheticClass:0)
05-12 04:51:40.457 E/SafeInvoker( 2878): 	at com.motorola.server.security.securevault.invoker.SafeInvoker.invokeWithClearCallingReturnable(SafeInvoker.java:65)
05-12 04:51:40.457 E/SafeInvoker( 2878): 	at com.motorola.server.security.securevault.invoker.SafeInvoker.invokeWithClearCallingWithBooleanReturn(SafeInvoker.java:99)
05-12 04:51:40.457 E/SafeInvoker( 2878): 	at com.motorola.server.security.securevault.UserFilteringPolicy.shouldExcludeVaultProfile(UserFilteringPolicy.java:19)
05-12 04:51:40.457 E/SafeInvoker( 2878): 	at com.motorola.server.security.securevault.SecureVault.shouldExcludeVaultProfile(SecureVault.java:378)
05-12 04:51:40.457 E/SafeInvoker( 2878): 	at com.motorola.server.security.MotoSecurityManagerService$1.shouldExcludeVaultProfile(MotoSecurityManagerService.java:449)
05-12 04:51:40.457 E/SafeInvoker( 2878): 	at com.motorola.internal.security.MotoSecurityManager.shouldExcludeVaultProfile(MotoSecurityManager.java:735)
05-12 04:51:40.457 E/SafeInvoker( 2878): 	at com.motorola.internal.security.MotoSecurityUtils.shouldExcludeVaultProfile(MotoSecurityUtils.java:240)
05-12 04:51:40.457 E/SafeInvoker( 2878): 	at com.android.server.pm.UserManagerService.getProfileIds(UserManagerService.java:1534)
05-12 04:51:40.457 E/SafeInvoker( 2878): 	at com.android.server.pm.UserManagerService.getProfileIds(UserManagerService.java:1517)
05-12 04:51:40.457 E/SafeInvoker( 2878): 	at com.android.server.wm.ActivityTaskManagerService.getTasks(ActivityTaskManagerService.java:2699)
05-12 04:51:40.457 E/SafeInvoker( 2878): 	at android.app.IActivityTaskManager$Stub.onTransact(IActivityTaskManager.java:1380)
05-12 04:51:40.457 E/SafeInvoker( 2878): 	at com.android.server.wm.ActivityTaskManagerService.onTransact(ActivityTaskManagerService.java:6149)
05-12 04:51:40.457 E/SafeInvoker( 2878): 	at android.os.Binder.execTransactInternal(Binder.java:1515)
05-12 04:51:40.457 E/SafeInvoker( 2878): 	at android.os.Binder.execTransact(Binder.java:1453)
05-12 04:51:40.458 E/SafeInvoker( 2878): Service invocation returned exception
05-12 04:51:40.458 E/SafeInvoker( 2878): android.content.pm.PackageManager$NameNotFoundException: com.motorola.securevault
05-12 04:51:40.458 E/SafeInvoker( 2878): 	at android.app.ApplicationPackageManager.getApplicationInfoAsUser(ApplicationPackageManager.java:528)
05-12 04:51:40.458 E/SafeInvoker( 2878): 	at android.app.ApplicationPackageManager.getApplicationInfo(ApplicationPackageManager.java:511)
05-12 04:51:40.458 E/SafeInvoker( 2878): 	at android.app.ApplicationPackageManager.getApplicationInfo(ApplicationPackageManager.java:505)
05-12 04:51:40.458 E/SafeInvoker( 2878): 	at android.app.ApplicationPackageManager.getResourcesForApplication(ApplicationPackageManager.java:2134)
05-12 04:51:40.458 E/SafeInvoker( 2878): 	at com.motorola.server.security.securevault.utils.Utils.getApplicationResourceIdentifier(Utils.java:82)
05-12 04:51:40.458 E/SafeInvoker( 2878): 	at com.motorola.server.security.securevault.utils.Utils.getVaultProfileFilterList(Utils.java:132)
05-12 04:51:40.458 E/SafeInvoker( 2878): 	at com.motorola.server.security.securevault.UserFilteringPolicy.lambda$shouldExcludeVaultProfile$0(UserFilteringPolicy.java:22)
05-12 04:51:40.458 E/SafeInvoker( 2878): 	at com.motorola.server.security.securevault.UserFilteringPolicy.$r8$lambda$jR7E2mX-Lw2CinGTcPdwj0zFoNY(UserFilteringPolicy.java:0)
05-12 04:51:40.458 E/SafeInvoker( 2878): 	at com.motorola.server.security.securevault.UserFilteringPolicy$$ExternalSyntheticLambda0.call(R8$$SyntheticClass:0)
05-12 04:51:40.458 E/SafeInvoker( 2878): 	at com.motorola.server.security.securevault.invoker.SafeInvoker.invokeWithClearCallingReturnable(SafeInvoker.java:65)
05-12 04:51:40.458 E/SafeInvoker( 2878): 	at com.motorola.server.security.securevault.invoker.SafeInvoker.invokeWithClearCallingWithBooleanReturn(SafeInvoker.java:99)
05-12 04:51:40.458 E/SafeInvoker( 2878): 	at com.motorola.server.security.securevault.UserFilteringPolicy.shouldExcludeVaultProfile(UserFilteringPolicy.java:19)
05-12 04:51:40.458 E/SafeInvoker( 2878): 	at com.motorola.server.security.securevault.SecureVault.shouldExcludeVaultProfile(SecureVault.java:378)
05-12 04:51:40.458 E/SafeInvoker( 2878): 	at com.motorola.server.security.MotoSecurityManagerService$1.shouldExcludeVaultProfile(MotoSecurityManagerService.java:449)
05-12 04:51:40.458 E/SafeInvoker( 2878): 	at com.motorola.internal.security.MotoSecurityManager.shouldExcludeVaultProfile(MotoSecurityManager.java:735)
05-12 04:51:40.458 E/SafeInvoker( 2878): 	at com.motorola.internal.security.MotoSecurityUtils.shouldExcludeVaultProfile(MotoSecurityUtils.java:240)
05-12 04:51:40.458 E/SafeInvoker( 2878): 	at com.android.server.pm.UserManagerService.getProfileIds(UserManagerService.java:1534)
05-12 04:51:40.458 E/SafeInvoker( 2878): 	at com.android.server.pm.UserManagerService.getProfileIds(UserManagerService.java:1517)
05-12 04:51:40.458 E/SafeInvoker( 2878): 	at com.android.server.wm.RecentTasks.getProfileIds(RecentTasks.java:955)
05-12 04:51:40.458 E/SafeInvoker( 2878): 	at com.android.server.wm.RecentTasks.getRecentTasksImpl(RecentTasks.java:987)
05-12 04:51:40.458 E/SafeInvoker( 2878): 	at com.android.server.wm.RecentTasks.getRecentTasks(RecentTasks.java:977)
05-12 04:51:40.458 E/SafeInvoker( 2878): 	at com.android.server.wm.ActivityTaskManagerService.getRecentTasks(ActivityTaskManagerService.java:2796)
05-12 04:51:40.458 E/SafeInvoker( 2878): 	at android.app.IActivityTaskManager$Stub.onTransact(IActivityTaskManager.java:1411)
05-12 04:51:40.458 E/SafeInvoker( 2878): 	at com.android.server.wm.ActivityTaskManagerService.onTransact(ActivityTaskManagerService.java:6149)
05-12 04:51:40.458 E/SafeInvoker( 2878): 	at android.os.Binder.execTransactInternal(Binder.java:1515)
05-12 04:51:40.458 E/SafeInvoker( 2878): 	at android.os.Binder.execTransact(Binder.java:1453)
05-12 04:51:40.459 E/SafeInvoker( 2878): Service invocation returned exception
05-12 04:51:40.459 E/SafeInvoker( 2878): android.content.pm.PackageManager$NameNotFoundException: com.motorola.securevault
05-12 04:51:40.459 E/SafeInvoker( 2878): 	at android.app.ApplicationPackageManager.getApplicationInfoAsUser(ApplicationPackageManager.java:528)
05-12 04:51:40.459 E/SafeInvoker( 2878): 	at android.app.ApplicationPackageManager.getApplicationInfo(ApplicationPackageManager.java:511)
05-12 04:51:40.459 E/SafeInvoker( 2878): 	at android.app.ApplicationPackageManager.getApplicationInfo(ApplicationPackageManager.java:505)
05-12 04:51:40.459 E/SafeInvoker( 2878): 	at android.app.ApplicationPackageManager.getResourcesForApplication(ApplicationPackageManager.java:2134)
05-12 04:51:40.459 E/SafeInvoker( 2878): 	at com.motorola.server.security.securevault.utils.Utils.getApplicationResourceIdentifier(Utils.java:82)
05-12 04:51:40.459 E/SafeInvoker( 2878): 	at com.motorola.server.security.securevault.utils.Utils.getVaultProfileFilterList(Utils.java:132)
05-12 04:51:40.459 E/SafeInvoker( 2878): 	at com.motorola.server.security.securevault.UserFilteringPolicy.lambda$shouldExcludeVaultProfile$0(UserFilteringPolicy.java:22)
05-12 04:51:40.459 E/SafeInvoker( 2878): 	at com.motorola.server.security.securevault.UserFilteringPolicy.$r8$lambda$jR7E2mX-Lw2CinGTcPdwj0zFoNY(UserFilteringPolicy.java:0)
05-12 04:51:40.459 E/SafeInvoker( 2878): 	at com.motorola.server.security.securevault.UserFilteringPolicy$$ExternalSyntheticLambda0.call(R8$$SyntheticClass:0)
05-12 04:51:40.459 E/SafeInvoker( 2878): 	at com.motorola.server.security.securevault.invoker.SafeInvoker.invokeWithClearCallingReturnable(SafeInvoker.java:65)
05-12 04:51:40.459 E/SafeInvoker( 2878): 	at com.motorola.server.security.securevault.invoker.SafeInvoker.invokeWithClearCallingWithBooleanReturn(SafeInvoker.java:99)
05-12 04:51:40.459 E/SafeInvoker( 2878): 	at com.motorola.server.security.securevault.UserFilteringPolicy.shouldExcludeVaultProfile(UserFilteringPolicy.java:19)
05-12 04:51:40.459 E/SafeInvoker( 2878): 	at com.motorola.server.security.securevault.SecureVault.shouldExcludeVaultProfile(SecureVault.java:378)
05-12 04:51:40.459 E/SafeInvoker( 2878): 	at com.motorola.server.security.MotoSecurityManagerService$1.shouldExcludeVaultProfile(MotoSecurityManagerService.java:449)
05-12 04:51:40.459 E/SafeInvoker( 2878): 	at com.motorola.internal.security.MotoSecurityManager.shouldExcludeVaultProfile(MotoSecurityManager.java:735)
05-12 04:51:40.459 E/SafeInvoker( 2878): 	at com.motorola.internal.security.MotoSecurityUtils.shouldExcludeVaultProfile(MotoSecurityUtils.java:240)
05-12 04:51:40.459 E/SafeInvoker( 2878): 	at com.android.server.pm.UserManagerService.getProfileIds(UserManagerService.java:1534)
05-12 04:51:40.459 E/SafeInvoker( 2878): 	at com.android.server.pm.UserManagerService.getProfileIds(UserManagerService.java:1517)
05-12 04:51:40.459 E/SafeInvoker( 2878): 	at com.android.server.wm.RecentTasks.getProfileIds(RecentTasks.java:955)
05-12 04:51:40.459 E/SafeInvoker( 2878): 	at com.android.server.wm.RecentTasks.getRecentTasksImpl(RecentTasks.java:987)
05-12 04:51:40.459 E/SafeInvoker( 2878): 	at com.android.server.wm.RecentTasks.getRecentTasks(RecentTasks.java:977)
05-12 04:51:40.459 E/SafeInvoker( 2878): 	at com.android.server.wm.ActivityTaskManagerService.getRecentTasks(ActivityTaskManagerService.java:2796)
05-12 04:51:40.459 E/SafeInvoker( 2878): 	at android.app.IActivityTaskManager$Stub.onTransact(IActivityTaskManager.java:1411)
05-12 04:51:40.459 E/SafeInvoker( 2878): 	at com.android.server.wm.ActivityTaskManagerService.onTransact(ActivityTaskManagerService.java:6149)
05-12 04:51:40.459 E/SafeInvoker( 2878): 	at android.os.Binder.execTransactInternal(Binder.java:1515)
05-12 04:51:40.459 E/SafeInvoker( 2878): 	at android.os.Binder.execTransact(Binder.java:1453)
05-12 04:51:40.462 I/BpBinder( 1908): onLastStrongRef automatically unlinking death recipients: 
05-12 04:51:40.465 D/Zygote  ( 1508): Forked child process 1064
05-12 04:51:40.467 I/ActivityManager( 2878): Start proc 1064:com.hyeni.calendar/u0a523 for top-activity {com.hyeni.calendar/com.hyeni.calendar.MainActivity}
05-12 04:51:40.467 E/ANDR-PERF-LM( 1836): MetaMeter: handleAsync() 166: AdaptLaunch Invalid Async
05-12 04:51:40.469 D/CoreBackPreview( 2878): Window{78fd1d7 u0 Splash Screen com.hyeni.calendar}: Setting back callback OnBackInvokedCallbackInfo{mCallback=android.window.IOnBackInvokedCallback$Stub$Proxy@3c868e2, mPriority=0, mIsAnimationCallback=false}
05-12 04:51:40.473 V/WindowManagerShell( 3765): onTransitionReady(transaction=12360915879877)
05-12 04:51:40.473 V/WindowManagerShell( 3765): onTransitionReady (#28) android.os.BinderProxy@b3f2e1: {id=28 t=OPEN f=0x40 trk=0 r=[] c=[]}
05-12 04:51:40.473 V/WindowManagerShell( 3765): No transition roots in (#28) android.os.BinderProxy@b3f2e1@0 so abort
05-12 04:51:40.474 V/WindowManager( 2878): Sent Transition (#28) createdAt=05-12 04:51:40.429 via request=TransitionRequestInfo { type = OPEN, triggerTask = TaskInfo{userId=0 taskId=537 displayId=0 isRunning=true baseIntent=Intent { act=android.intent.action.MAIN cat=[android.intent.category.LAUNCHER] flg=0x10200000 cmp=com.hyeni.calendar/.MainActivity } baseActivity=ComponentInfo{com.hyeni.calendar/com.hyeni.calendar.MainActivity} topActivity=ComponentInfo{com.hyeni.calendar/com.hyeni.calendar.MainActivity} origActivity=null realActivity=ComponentInfo{com.hyeni.calendar/com.hyeni.calendar.MainActivity} numActivities=1 lastActiveTime=27821660 supportsMultiWindow=true supportsGlobalFreeform=true resizeMode=1 isResizeable=true isAppLocked=false isShowDecorCaptionWindowRequest=false canKillAndRestart=true minWidth=-1 minHeight=-1 defaultMinSize=200 token=WCT{RemoteToken{32b0f30 Task{dbe5e39 #537 type=standard A=10523:com.hyeni.calendar}}} topActivityType=1 pictureInPictureParams=null shouldDockBigOverlays=false launchIntoPipHostTaskId=-1 lastParentTaskIdBeforePip=-1 displayCutoutSafeInsets=Rect(0, 108 - 0, 0) topActivityInfo=ActivityInfo{71647a9 com.hyeni.calendar.MainActivity} launchCookies=[] positionInParent=Point(0, 0) parentTaskId=-1 isFocused=false isVisible=false isVisibleRequested=false isSleeping=true locusId=null displayAreaFeatureId=1 isTopActivityTransparent=false appCompatTaskInfo=AppCompatTaskInfo { topActivityInSizeCompat=false topActivityEligibleForLetterboxEducation= falseisLetterboxEducationEnabled= false isLetterboxDoubleTapEnabled= false topActivityEligibleForUserAspectRatioButton= false topActivityBoundsLetterboxed= false isFromLetterboxDoubleTap= false topActivityLetterboxVerticalPosition= -1 topActivityLetterboxHorizontalPosition= -1 topActivityLetterboxWidth=1080 topActivityLetterboxHeight=2640 isUserFullscreenOverrideEnabled=false isSystemFullscreenOverrideEnabled=false cameraCompatTaskInfo=CameraCompatTaskInfo { cameraCompatControlState=hidden freeformCameraCompatMode=inactive}}}, pipTask = null, remoteTransition = null, displayChange = null, flags = 0, debugId = 28 }
05-12 04:51:40.474 V/WindowManagerShell( 3765): Transition animation finished (aborted=true), notifying core (#28) android.os.BinderProxy@b3f2e1@0
05-12 04:51:40.474 V/WindowManager( 2878):     startWCT=WindowContainerTransaction { changes = {} hops = [] errorCallbackToken=null taskFragmentOrganizer=null }
05-12 04:51:40.474 V/WindowManager( 2878):     info={id=28 t=OPEN f=0x40 trk=0 r=[] c=[]}
05-12 04:51:40.474 V/WindowManager( 2878): Finish Transition (#28): created at 05-12 04:51:40.429 collect-started=0.039ms request-sent=13.101ms started=19.742ms ready=42.918ms sent=43.733ms finished=44.962ms
05-12 04:51:40.475 V/WindowManagerShell( 3765): Track 0 became idle
05-12 04:51:40.475 V/WindowManagerShell( 3765): All active transition animations finished
05-12 04:51:40.475 W/UserManagerService( 2878): Requested status bar icon for non-badged user 0
05-12 04:51:40.476 W/libc    ( 3765): Access denied finding property "vendor.display.enable_optimal_refresh_rate"
05-12 04:51:40.476 W/libc    ( 3765): Access denied finding property "vendor.gpp.create_frc_extension"
05-12 04:51:40.470 W/ll.splashscreen( 3765): type=1400 audit(0.0:8169): avc:  denied  { read } for  name="u:object_r:vendor_display_prop:s0" dev="tmpfs" ino=455 scontext=u:r:platform_app:s0:c512,c768 tcontext=u:object_r:vendor_display_prop:s0 tclass=file permissive=0 app=com.android.systemui
05-12 04:51:40.478 I/.hyeni.calendar( 1064): Late-enabling -Xcheck:jni
05-12 04:51:40.496 I/.hyeni.calendar( 1064): Using CollectorTypeCMC GC.
05-12 04:51:40.498 I/adbd    (19515): jdwp connection from 1064
05-12 04:51:40.502 D/nativeloader( 1064): Load libframework-connectivity-tiramisu-jni.so using APEX ns com_android_tethering for caller /apex/com.android.tethering/javalib/framework-connectivity-t.jar: ok
05-12 04:51:40.509 E/ANDR-PERF-LM( 1836): MetaMeter: handleAsync() 166: AdaptLaunch Invalid Async
05-12 04:51:40.522 W/JobScheduler.JobStatus( 2878): Exempted app com.dti.motorola considered buggy
05-12 04:51:40.522 W/JobScheduler.JobStatus( 2878): Exempted app com.dti.motorola considered buggy
05-12 04:51:40.524 D/ForegroundUtils( 6501): Foreground UID status: 10199, false; 10348, false; 10380, true; 10390, true; 10399, false; 10523, true; 
05-12 04:51:40.531 D/ActivityTrigger( 2878): ActivityTrigger activityPauseTrigger 
05-12 04:51:40.537 D/PowerManagerService( 2878): nativeAcquireSuspendBlocker name:PowerManagerService.WakeLocks duration ms: 3
05-12 04:51:40.539 W/PackageManager( 2878): Missing required system package: helectronsoft.com.live.wallpaper.pixel4d, but found with extended search.
05-12 04:51:40.540 D/ActivityManager( 2878): unfreezing ProcessRecord{ced8338 32308:helectronsoft.com.live.wallpaper.pixel4d/u0a464}, reason = unfreezeTemporarily, adj = 935, adjType = cch-empty, adjSource = null
05-12 04:51:40.541 D/ActivityManager( 2878): sync unfroze 32308 helectronsoft.com.live.wallpaper.pixel4d for 27
05-12 04:51:40.541 D/ApplicationLoaders( 1064): Returning zygote-cached class loader: /system_ext/framework/androidx.window.extensions.jar
05-12 04:51:40.542 D/ApplicationLoaders( 1064): Returning zygote-cached class loader: /system_ext/framework/androidx.window.sidecar.jar
05-12 04:51:40.553 W/JobServiceContext( 2878): Sending onNetworkChanged for a job that isn't started. JobStatus{499cfa3 #u0a464/99 helectronsoft.com.live.wallpaper.pixel4d/androidx.work.impl.background.systemjob.SystemJobService u=0 s=10464 TIME=-8m22s78ms:none NET READY}
05-12 04:51:40.555 I/Finsky  ( 6985): [2] SCH: job service start with id 9574.
05-12 04:51:40.559 I/Finsky  ( 6985): [246] SCH: Satisfied jobs for 9574 are: 12-1
05-12 04:51:40.559 I/Finsky  ( 6985): [255] SCH: Job 12-1 starting
05-12 04:51:40.559 I/Finsky  ( 6985): [2] WM::SCH: Logging work start for 12-1
05-12 04:51:40.559 I/Finsky  ( 6985): [2] [ContentSync] job started
05-12 04:51:40.566 D/ActivityThread(32308): Package [com.hyeni.calendar] reported as REPLACED, but missing application info. Assuming REMOVED.
05-12 04:51:40.573 D/ActivityThread(32308): Package [com.hyeni.calendar] reported as REPLACED, but missing application info. Assuming REMOVED.
05-12 04:51:40.574 D/ConnectivityService( 2878): requestNetwork for uid/pid:10464/32308 activeRequest: null callbackRequest: 610 [NetworkRequest [ REQUEST id=611, [ Capabilities: INTERNET&NOT_RESTRICTED&TRUSTED&NOT_VCN_MANAGED&NOT_BANDWIDTH_CONSTRAINED Uid: 10464 RequestorUid: 10464 RequestorPkg: helectronsoft.com.live.wallpaper.pixel4d UnderlyingNetworks: Null] ]] callback flags: 0 order: 2147483647 isUidTracked: false declaredMethods: AVAIL|LOST|NC
05-12 04:51:40.574 W/ProcessStats( 2878): Tracking association SourceState{792dec7 system/1000 ImpBg #21307} whose proc state 6 is better than process ProcessState{e829366 helectronsoft.com.live.wallpaper.pixel4d/10464 pkg=helectronsoft.com.live.wallpaper.pixel4d} proc state 14 (2 skipped)
05-12 04:51:40.576 D/WifiNetworkFactory( 2878): got request NetworkRequest [ REQUEST id=611, [ Capabilities: INTERNET&NOT_RESTRICTED&TRUSTED&NOT_VCN_MANAGED&NOT_BANDWIDTH_CONSTRAINED Uid: 10464 RequestorUid: 10464 RequestorPkg: helectronsoft.com.live.wallpaper.pixel4d UnderlyingNetworks: Null] ]
05-12 04:51:40.576 D/UntrustedWifiNetworkFactory( 2878): got request NetworkRequest [ REQUEST id=611, [ Capabilities: INTERNET&NOT_RESTRICTED&TRUSTED&NOT_VCN_MANAGED&NOT_BANDWIDTH_CONSTRAINED Uid: 10464 RequestorUid: 10464 RequestorPkg: helectronsoft.com.live.wallpaper.pixel4d UnderlyingNetworks: Null] ]
05-12 04:51:40.577 D/OemPaidWifiNetworkFactory( 2878): got request NetworkRequest [ REQUEST id=611, [ Capabilities: INTERNET&NOT_RESTRICTED&TRUSTED&NOT_VCN_MANAGED&NOT_BANDWIDTH_CONSTRAINED Uid: 10464 RequestorUid: 10464 RequestorPkg: helectronsoft.com.live.wallpaper.pixel4d UnderlyingNetworks: Null] ]
05-12 04:51:40.577 D/MultiInternetWifiNetworkFactory( 2878): got request NetworkRequest [ REQUEST id=611, [ Capabilities: INTERNET&NOT_RESTRICTED&TRUSTED&NOT_VCN_MANAGED&NOT_BANDWIDTH_CONSTRAINED Uid: 10464 RequestorUid: 10464 RequestorPkg: helectronsoft.com.live.wallpaper.pixel4d UnderlyingNetworks: Null] ]
05-12 04:51:40.577 D/ConnectivityService( 2878): NetReassign [611 : null → 103] [c 0] [a 1] [i 1]
05-12 04:51:40.633 E/MotoSxfService( 2878): ModeUsage or ActivityState is null.
05-12 04:51:40.660 I/artd    (  883): GetBestInfo: odex next to the dex file (/data/app/~~gi6FF1zy-1z4yXLax-mYcA==/go.forest.foresttrip--iKZeUUS15Je7PCStXQCGQ==/oat/arm64/base.odex) is kOatUpToDate with filter 'speed-profile' executable 'false'
05-12 04:51:40.663 I/artd    (  883): GetBestInfo: odex next to the dex file (/data/app/~~dlfhrEZbEXMMMCGeLuMQtA==/com.motorola.mobiledesktop-EFGW9raOz7i33YOa4HB0-Q==/oat/arm64/base.odex) is kOatUpToDate with filter 'speed-profile' executable 'false'
05-12 04:51:40.665 I/artd    (  883): GetBestInfo: odex next to the dex file (/data/app/~~5B9_k-gEis1518cDWro6Og==/com.eland.mall.member-I9OnRNTZioqMmT0ImNv7Tg==/oat/arm64/base.odex) is kOatUpToDate with filter 'speed-profile' executable 'false'
05-12 04:51:40.667 I/artd    (  883): GetBestInfo: odex next to the dex file (/data/app/~~Yj7IXAsF4gzvLaCLW9V8Tg==/kr.go.hf.hfappandroid-dBZeuBQOpi5Hwj5dU747MQ==/oat/arm64/base.odex) is kOatUpToDate with filter 'speed-profile' executable 'false'
05-12 04:51:40.669 I/artd    (  883): GetBestInfo: odex next to the dex file (/data/app/~~ob9UZil2RA567F3jciZNCA==/com.google.ar.core-SnBElwn3cB7jrIr0ylGg5w==/oat/arm64/base.odex) is kOatUpToDate with filter 'speed-profile' executable 'false'
05-12 04:51:40.671 I/artd    (  883): GetBestInfo: odex next to the dex file (/data/app/~~E3FkMvWh0yusiv6fNOO7xw==/com.dsi.ant.service.socket-dCwNmCdK728s0ngcDvLHPA==/oat/arm64/base.odex) is kOatUpToDate with filter 'speed-profile' executable 'false'
05-12 04:51:40.682 D/nativeloader( 1064): Configuring clns-7 for other apk /data/app/~~aClZidlU8GcfnvQKbuhNTw==/com.hyeni.calendar-eSeK-W0HfdW0dydAyhiF3g==/base.apk. target_sdk_version=36, uses_libraries=, library_path=/data/app/~~aClZidlU8GcfnvQKbuhNTw==/com.hyeni.calendar-eSeK-W0HfdW0dydAyhiF3g==/lib/arm64:/data/app/~~aClZidlU8GcfnvQKbuhNTw==/com.hyeni.calendar-eSeK-W0HfdW0dydAyhiF3g==/base.apk!/lib/arm64-v8a, permitted_path=/data:/mnt/expand:/data/user/0/com.hyeni.calendar
05-12 04:51:40.687 V/GraphicsEnvironment( 1064): Currently set values for:
05-12 04:51:40.687 V/GraphicsEnvironment( 1064):   angle_gl_driver_selection_pkgs=[]
05-12 04:51:40.687 V/GraphicsEnvironment( 1064):   angle_gl_driver_selection_values=[]
05-12 04:51:40.687 V/GraphicsEnvironment( 1064): Global.Settings values are invalid: number of packages: 0, number of values: 0
05-12 04:51:40.687 V/GraphicsEnvironment( 1064): Updatable production driver is not supported on the device.
05-12 04:51:40.687 I/artd    (  883): GetBestInfo: odex next to the dex file (/data/app/~~onV68-Duduh-lWxRigH1BQ==/com.hanasec.stock-W4t5GF6iJGnKH1tpwCWjZg==/oat/arm64/base.odex) is kOatUpToDate with filter 'speed-profile' executable 'false'
05-12 04:51:40.692 I/artd    (  883): GetBestInfo: odex next to the dex file (/data/app/~~8XmuCCMdwY6i6rXQ0tfCrw==/com.google.android.partnersetup-pgViwcMhOCtiCr542_KzyQ==/oat/arm64/base.odex) is kOatUpToDate with filter 'speed-profile' executable 'false'
05-12 04:51:40.694 I/artd    (  883): GetBestInfo: odex next to the dex file (/data/app/~~ZxuIIGhgv9UEMsR6DBmdVQ==/com.google.android.as-oQFp2YFIkeZkczt-29eWGQ==/oat/arm64/base.odex) is kOatUpToDate with filter 'speed-profile' executable 'false'
05-12 04:51:40.696 I/artd    (  883): GetBestInfo: odex next to the dex file (/data/app/~~6jCcqcjTGET5zeXPFj0fRw==/com.raonsecure.touchen_mguard_4_0.hanwhasfa-aZfch-I8FJxRiSm2BCbmyw==/oat/arm64/base.odex) is kOatUpToDate with filter 'speed' executable 'false'
05-12 04:51:40.698 I/artd    (  883): GetBestInfo: odex next to the dex file (/data/app/~~19RqwBg7pv8ksJPbkJyuQA==/com.google.android.tts-0FBKFKFVNFGRO9yFEnvvYg==/oat/arm64/base.odex) is kOatUpToDate with filter 'speed-profile' executable 'false'
05-12 04:51:40.699 I/FirebaseApp( 1064): Device unlocked: initializing all Firebase APIs for app [DEFAULT]
05-12 04:51:40.701 I/artd    (  883): GetBestInfo: odex next to the dex file (/data/app/~~ce3dFWAqrss0BSftOMz1UA==/kr.co.waug.waug-c6baeBuDuFCi61xMXDYxcg==/oat/arm64/base.odex) is kOatUpToDate with filter 'speed-profile' executable 'false'
05-12 04:51:40.704 W/Finsky  ( 6985): [2] STU: Failed to get storage stats for package 'com.google.mainline.primary.libs' (1601: Error getting stats: android.content.pm.PackageManager.NameNotFoundException)
05-12 04:51:40.705 I/FirebaseInitProvider( 1064): FirebaseApp initialization successful
05-12 04:51:40.705 I/artd    (  883): GetBestInfo: odex next to the dex file (/data/app/~~6OHsI3lP09EL4DZ-6rDGow==/com.namyangi.namyangimall-6Moi_junsgVWUN-oBxV8gQ==/oat/arm64/base.odex) is kOatUpToDate with filter 'speed-profile' executable 'false'
05-12 04:51:40.711 D/WM-WrkMgrInitializer( 1064): Initializing WorkManager with default configuration.
05-12 04:51:40.717 I/artd    (  883): GetBestInfo: odex next to the dex file (/data/app/~~iIc1wq94y-UG3Yz-y9cw3A==/com.outfit7.talkingtomgoldrun-Cc7Vm8r5JyjFtZkg_fTrOg==/oat/arm64/base.odex) is kOatUpToDate with filter 'speed-profile' executable 'false'
05-12 04:51:40.718 I/artd    (  883): GetBestInfo: vdex next to the dex file (/data/user/0/com.outfit7.talkingtomgoldrun/app_pccache/5/A4A3883B62E64477497A21E502C207B1868F77D8/oat/arm64/pcam.vdex) is kOatUpToDate with filter 'verify' executable 'false'
05-12 04:51:40.723 D/WM-PackageManagerHelper( 1064): Skipping component enablement for androidx.work.impl.background.systemjob.SystemJobService
05-12 04:51:40.723 D/WM-Schedulers( 1064): Created SystemJobScheduler and enabled SystemJobService
05-12 04:51:40.723 I/artd    (  883): GetBestInfo: odex next to the dex file (/data/app/~~ebt_bHdhCZCh5bCnsdqLPg==/com.motorola.gamemode-sKe4I2WbZoh_NUwFpWb0GQ==/oat/arm64/base.odex) is kOatUpToDate with filter 'speed-profile' executable 'false'
05-12 04:51:40.726 I/Typeface( 1064): updateThemeFont new=Exo2-Regular;old=sans-serif;new=Exo2-Stacked;old=
05-12 04:51:40.727 I/ActivityManager( 2878): Flag disabled. Ignoring finishAttachApplication from uid: 10523. pid: 1064
05-12 04:51:40.731 I/artd    (  883): GetBestInfo: odex next to the dex file (/data/app/~~AwyxKk9saX_G3AJiiW3g-A==/com.fidgettrading.game-PYG05dQCXq2tMEnkjQcXrA==/oat/arm64/base.odex) is kOatUpToDate with filter 'speed-profile' executable 'false'
05-12 04:51:40.732 I/artd    (  883): GetBestInfo: vdex next to the dex file (/data/user/0/com.fidgettrading.game/cache/oat/arm64/app_resources_lib.vdex) is kOatUpToDate with filter 'verify' executable 'false'
05-12 04:51:40.735 I/artd    (  883): GetBestInfo: vdex next to the dex file (/data/user/0/com.fidgettrading.game/cache/oat/arm64/remote_config_resources_lib.vdex) is kOatUpToDate with filter 'verify' executable 'false'
05-12 04:51:40.737 I/artd    (  883): GetBestInfo: vdex next to the dex file (/data/user/0/com.fidgettrading.game/cache/oat/arm64/google_api_resources_lib.vdex) is kOatUpToDate with filter 'verify' executable 'false'
05-12 04:51:40.738 I/artd    (  883): GetBestInfo: vdex next to the dex file (/data/user/0/com.fidgettrading.game/app_pccache/5/A4A3883B62E64477497A21E502C207B1868F77D8/oat/arm64/pcam.vdex) is kOatUpToDate with filter 'verify' executable 'false'
05-12 04:51:40.742 D/AppCompatDelegate( 1064): Checking for metadata for AppLocalesMetadataHolderService : Service not found
05-12 04:51:40.748 W/Finsky  ( 6985): [2] STU: Failed to get storage stats for package 'com.android.nfcservices' (1601: Error getting stats: android.content.pm.PackageManager.NameNotFoundException)
05-12 04:51:40.758 I/artd    (  883): GetBestInfo: odex next to the dex file (/data/app/~~TLP__Q5PrqGl6lAwSqdf7A==/com.google.android.apps.gcs-TuNSbV1aRTLuYVkAGdVOmQ==/oat/arm64/base.odex) is kOatUpToDate with filter 'speed-profile' executable 'false'
05-12 04:51:40.765 I/artd    (  883): GetBestInfo: odex next to the dex file (/data/app/~~PQpM8AObpl8dULNYgNyfiw==/com.shinhan.sbanking-r8FGnkZZr2TXjanRAr6UPg==/oat/arm64/base.odex) is kOatUpToDate with filter 'speed-profile' executable 'false'
05-12 04:51:40.767 I/.hyeni.calendar( 1064): hiddenapi: Accessing hidden method Landroid/view/ViewGroup;->makeOptionalFitsSystemWindows()V (runtime_flags=0, domain=platform, api=unsupported) from Landroidx/appcompat/widget/ViewUtils; (domain=app, TargetSdkVersion=36) using reflection: allowed
05-12 04:51:40.772 I/WebViewFactory( 1064): Loading com.google.android.webview version 147.0.7727.138 (code 772713803)
05-12 04:51:40.773 I/artd    (  883): GetBestInfo: odex next to the dex file (/data/app/~~pge04MdiFPcvWithhdwx0Q==/kr.co.playtime.playtime-X7VY1yb-W4Va62kXV5V6nA==/oat/arm64/base.odex) is kOatUpToDate with filter 'speed-profile' executable 'false'
05-12 04:51:40.775 V/ResourcesManager( 1064): The following library key has been added: ResourcesKey{ mHash=2c4efe90 mResDir=null mSplitDirs=[] mOverlayDirs=[/product/overlay/NavigationBarMode3Button/NavigationBarMode3ButtonOverlay.apk,/product/overlay/IconShapeRoundedRect/IconShapeRoundedRectOverlay.apk,/product/overlay/FontExo2RegularSource/FontExo2RegularSourceOverlay.apk,/data/resource-cache/com.android.systemui-neutral-zkZ2.frro,/data/resource-cache/com.android.systemui-accent-kIxr.frro,/data/resource-cache/com.android.systemui-dynamic-ENsj.frro] mLibDirs=[/data/app/~~AgYwycswZduHCKSLalvhkA==/com.google.android.webview-yarYKlzPKoJVS4vuQnwivg==/base.apk,/system/framework/android.test.base.jar,/system_ext/framework/androidx.window.extensions.jar] mDisplayId=0 mOverrideConfig=v35 mCompatInfo={420dpi always-compat} mLoaders=[]}
05-12 04:51:40.775 D/ApplicationLoaders( 1064): Returning zygote-cached class loader: /system/framework/android.test.base.jar
05-12 04:51:40.775 D/ApplicationLoaders( 1064): Returning zygote-cached class loader: /system_ext/framework/androidx.window.extensions.jar
05-12 04:51:40.776 W/.hyeni.calendar( 1064): Loading /data/app/~~AgYwycswZduHCKSLalvhkA==/com.google.android.webview-yarYKlzPKoJVS4vuQnwivg==/oat/arm64/base.odex non-executable as it requires an image which we failed to load
05-12 04:51:40.777 D/nativeloader( 1064): Configuring clns-8 for other apk /data/app/~~AgYwycswZduHCKSLalvhkA==/com.google.android.webview-yarYKlzPKoJVS4vuQnwivg==/base.apk. target_sdk_version=36, uses_libraries=, library_path=/data/app/~~AgYwycswZduHCKSLalvhkA==/com.google.android.webview-yarYKlzPKoJVS4vuQnwivg==/lib/arm64:/data/app/~~AgYwycswZduHCKSLalvhkA==/com.google.android.webview-yarYKlzPKoJVS4vuQnwivg==/base.apk!/lib/arm64-v8a, permitted_path=/data:/mnt/expand
05-12 04:51:40.788 I/cr_WVCFactoryProvider( 1064): version=147.0.7727.138 (772713803) minSdkVersion=29 multiprocess=true packageId=2 splits=<none>
05-12 04:51:40.789 I/artd    (  883): GetBestInfo: odex next to the dex file (/data/app/~~yn0T_CfJAkAgwL8UzVT69w==/com.jmcoffee-Cc0jbqc19lhlldVw8Waq7A==/oat/arm64/base.odex) is kOatUpToDate with filter 'speed-profile' executable 'false'
05-12 04:51:40.795 I/artd    (  883): GetBestInfo: odex next to the dex file (/data/app/~~yWFOimNNe7suLoxayCVUAw==/com.miral.membership-Sk208iYEEbJ9przGS1N2_A==/oat/arm64/base.odex) is kOatUpToDate with filter 'speed-profile' executable 'false'
05-12 04:51:40.801 D/nativeloader( 1064): Load /data/app/~~AgYwycswZduHCKSLalvhkA==/com.google.android.webview-yarYKlzPKoJVS4vuQnwivg==/base.apk!/lib/arm64-v8a/libwebviewchromium.so using class loader ns clns-8 (caller=/data/app/~~AgYwycswZduHCKSLalvhkA==/com.google.android.webview-yarYKlzPKoJVS4vuQnwivg==/base.apk): ok
05-12 04:51:40.802 I/artd    (  883): GetBestInfo: odex next to the dex file (/data/app/~~zwCt8fsPNY1JdpdhZu9ODg==/ctrip.english-lXzxLtbvZw8xFP0Lf8vAGA==/oat/arm64/base.odex) is kOatUpToDate with filter 'speed-profile' executable 'false'
05-12 04:51:40.802 D/nativeloader( 1064): Load /system/lib64/libwebviewchromium_plat_support.so using class loader ns clns-8 (caller=/data/app/~~AgYwycswZduHCKSLalvhkA==/com.google.android.webview-yarYKlzPKoJVS4vuQnwivg==/base.apk): ok
05-12 04:51:40.803 I/artd    (  883): GetBestInfo: vdex next to the dex file (/data/user/0/ctrip.english/files/hotfixV2/29391843/hf_ibu-android-common/des/oat/arm64/patch.vdex) is kOatUpToDate with filter 'verify' executable 'false'
05-12 04:51:40.803 I/chromium( 1064): [0512/045140.803451:INFO:android_webview/browser/variations/variations_seed_loader.cc:67] Failed to open file for reading.: No such file or directory (2)
05-12 04:51:40.803 I/chromium( 1064): [0512/045140.803785:INFO:android_webview/browser/variations/variations_seed_loader.cc:67] Failed to open file for reading.: No such file or directory (2)
05-12 04:51:40.807 I/cr_LibraryLoader( 1064): Successfully loaded native library
05-12 04:51:40.808 I/cr_CachingUmaRecorder( 1064): Flushed 22 samples from 21 histograms, 0 samples were dropped.
05-12 04:51:40.809 I/cr_ChildProcLH( 1064): ScopedServiceBindingBatch.tryActivate: false
05-12 04:51:40.810 I/cr_CombinedPProvider( 1064): #registerProvider() provider:WV.yk@dca9d01 isPolicyCacheEnabled:false policyProvidersSize:0
05-12 04:51:40.810 I/artd    (  883): GetBestInfo: odex next to the dex file (/data/app/~~mndWxxNCogN1oLcyimjjTA==/com.google.android.apps.googleassistant-OIDxf1uU4KjH7OkzOrJm5Q==/oat/arm64/base.odex) is kOatUpToDate with filter 'speed-profile' executable 'false'
05-12 04:51:40.811 I/cr_PolicyProvider( 1064): #setManagerAndSource() 0
05-12 04:51:40.812 I/cr_DisplayManager( 1064): Is Display Topology available: false
05-12 04:51:40.815 W/Finsky  ( 6985): [2] STU: Failed to get storage stats for package 'com.google.android.devicelock' (1601: Error getting stats: android.content.pm.PackageManager.NameNotFoundException)
05-12 04:51:40.816 I/artd    (  883): GetBestInfo: odex next to the dex file (/data/app/~~mxhhE9Wf7mNU6EPXAkZ3Dw==/com.motorola.spaces-uwxTM5uhkPKrH350eoABzQ==/oat/arm64/base.odex) is kOatUpToDate with filter 'speed-profile' executable 'false'
05-12 04:51:40.817 V/GrammaticalInflectionUtils( 2878): AttributionSource: android.content.AttributionSource@87ef3a70 does not have READ_SYSTEM_GRAMMATICAL_GENDER permission.
05-12 04:51:40.817 W/MotoBatteryCareService( 2878): uid: 10523 pkgName:com.hyeni.calendar come to foreground
05-12 04:51:40.823 I/cr_CombinedPProvider( 1064): #linkNativeInternal() 1
05-12 04:51:40.823 I/cr_AppResProvider( 1064): #getApplicationRestrictionsFromUserManager() Bundle[EMPTY_PARCEL]
05-12 04:51:40.823 I/cr_PolicyProvider( 1064): #notifySettingsAvailable() 0
05-12 04:51:40.823 I/cr_CombinedPProvider( 1064): #onSettingsAvailable() 0
05-12 04:51:40.823 I/cr_CombinedPProvider( 1064): #flushPolicies()
05-12 04:51:40.826 D/Zygote  ( 3751): Forked child process 1113
05-12 04:51:40.829 E/libc    ( 1113): SetHeapTaggingLevel: re-enabling tagging after it was disabled is not supported
05-12 04:51:40.833 I/ocessService0:0( 1113): Using CollectorTypeCMC GC.
05-12 04:51:40.834 I/ActivityManager( 2878): Start proc 1113:com.google.android.webview:sandboxed_process0:org.chromium.content.app.SandboxedProcessService0:0/u0i19 for  {com.hyeni.calendar/org.chromium.content.app.SandboxedProcessService0:0}
05-12 04:51:40.841 D/nativeloader( 1113): Load libframework-connectivity-tiramisu-jni.so using APEX ns com_android_tethering for caller /apex/com.android.tethering/javalib/framework-connectivity-t.jar: ok
05-12 04:51:40.841 I/ejla    (28894): (REDACTED) HDM. appOpsListener %s %s
05-12 04:51:40.842 I/ejla    (28894): (REDACTED) HDM. Ignoring irrelevant audio permission changes for package %s
05-12 04:51:40.842 I/ejla    (28894): (REDACTED) HDM. appOpsListener %s %s
05-12 04:51:40.842 I/ejla    (28894): (REDACTED) HDM. Ignoring irrelevant audio permission changes for package %s
05-12 04:51:40.843 D/BoundBrokerSvc( 4848): onBind: Intent { act=com.google.android.gms.safetynet.service.START pkg=com.google.android.gms }
05-12 04:51:40.843 I/artd    (  883): GetBestInfo: odex next to the dex file (/data/app/~~c76xg5sa-Ec9FMDchgZRPQ==/com.tocaboca.tocalifeworld-f7pxqEjE6VR56JVZSReRug==/oat/arm64/base.odex) is kOatUpToDate with filter 'speed-profile' executable 'false'
05-12 04:51:40.843 D/BoundBrokerSvc( 4848): Loading bound service for intent: Intent { act=com.google.android.gms.safetynet.service.START pkg=com.google.android.gms }
05-12 04:51:40.847 W/chromium( 1064): [WARNING:android_webview/browser/network_service/net_helpers.cc:137] HTTP Cache size is: 58441707
05-12 04:51:40.852 D/ForegroundUtils( 6501): Foreground UID status: 10199, false; 10348, false; 10380, true; 10390, true; 10399, false; 10523, true; 99019, true; 
05-12 04:51:40.855 D/BoundBrokerSvc( 4848): onBind: Intent { act=com.google.android.gms.safebrowsing.SafeBrowsingService.START dat=chimera-action:/... cmp=com.google.android.gms/.chimera.GmsBoundBrokerService }
05-12 04:51:40.855 D/BoundBrokerSvc( 4848): Loading bound service for intent: Intent { act=com.google.android.gms.safebrowsing.SafeBrowsingService.START dat=chimera-action:/... cmp=com.google.android.gms/.chimera.GmsBoundBrokerService }
05-12 04:51:40.856 I/artd    (  883): GetBestInfo: odex next to the dex file (/data/app/~~E5bl1V7njh2-TO6VNvVXRA==/com.xs2theworld.cxmobile-s761ARdLiYYuRXVZL0YDoQ==/oat/arm64/base.odex) is kOatUpToDate with filter 'speed-profile' executable 'false'
05-12 04:51:40.862 I/artd    (  883): GetBestInfo: odex next to the dex file (/data/app/~~D3YdtURJu5ZXKG1atFGBFQ==/com.google.android.apps.youtube.music-lbxsNd9WPjQa6hbbwliv7g==/oat/arm64/base.odex) is kOatUpToDate with filter 'speed-profile' executable 'false'
05-12 04:51:40.866 D/ApplicationLoaders( 1113): Returning zygote-cached class loader: /system/framework/android.test.base.jar
05-12 04:51:40.866 D/ApplicationLoaders( 1113): Returning zygote-cached class loader: /system_ext/framework/androidx.window.extensions.jar
05-12 04:51:40.868 I/artd    (  883): GetBestInfo: odex next to the dex file (/data/app/~~ufMgVm42iZP81AEv5O1CbA==/com.kakao.taxi-jhYR86rfHPhYUwVwtcxkKQ==/oat/arm64/base.odex) is kOatUpToDate with filter 'speed-profile' executable 'false'
05-12 04:51:40.868 D/ConnectivityService( 2878): requestNetwork for uid/pid:10523/1064 activeRequest: null callbackRequest: 612 [NetworkRequest [ REQUEST id=613, [ Capabilities: INTERNET&NOT_RESTRICTED&TRUSTED&NOT_VCN_MANAGED&NOT_BANDWIDTH_CONSTRAINED Uid: 10523 RequestorUid: 10523 RequestorPkg: com.hyeni.calendar UnderlyingNetworks: Null] ]] callback flags: 0 order: 2147483647 isUidTracked: false declaredMethods: AVAIL|LOST|NC|LP
05-12 04:51:40.869 D/WifiNetworkFactory( 2878): got request NetworkRequest [ REQUEST id=613, [ Capabilities: INTERNET&NOT_RESTRICTED&TRUSTED&NOT_VCN_MANAGED&NOT_BANDWIDTH_CONSTRAINED Uid: 10523 RequestorUid: 10523 RequestorPkg: com.hyeni.calendar UnderlyingNetworks: Null] ]
05-12 04:51:40.869 D/UntrustedWifiNetworkFactory( 2878): got request NetworkRequest [ REQUEST id=613, [ Capabilities: INTERNET&NOT_RESTRICTED&TRUSTED&NOT_VCN_MANAGED&NOT_BANDWIDTH_CONSTRAINED Uid: 10523 RequestorUid: 10523 RequestorPkg: com.hyeni.calendar UnderlyingNetworks: Null] ]
05-12 04:51:40.870 D/OemPaidWifiNetworkFactory( 2878): got request NetworkRequest [ REQUEST id=613, [ Capabilities: INTERNET&NOT_RESTRICTED&TRUSTED&NOT_VCN_MANAGED&NOT_BANDWIDTH_CONSTRAINED Uid: 10523 RequestorUid: 10523 RequestorPkg: com.hyeni.calendar UnderlyingNetworks: Null] ]
05-12 04:51:40.870 D/MultiInternetWifiNetworkFactory( 2878): got request NetworkRequest [ REQUEST id=613, [ Capabilities: INTERNET&NOT_RESTRICTED&TRUSTED&NOT_VCN_MANAGED&NOT_BANDWIDTH_CONSTRAINED Uid: 10523 RequestorUid: 10523 RequestorPkg: com.hyeni.calendar UnderlyingNetworks: Null] ]
05-12 04:51:40.870 D/ConnectivityService( 2878): NetReassign [613 : null → 103] [c 0] [a 0] [i 1]
05-12 04:51:40.870 I/cr_WebViewApkApp( 1113): version=147.0.7727.138 (772713803) minSdkVersion=29 processName=com.google.android.webview:sandboxed_process0:org.chromium.content.app.SandboxedProcessService0:0 splits=<none>
05-12 04:51:40.871 I/Typeface( 1113): updateThemeFont new=Exo2-Regular;old=sans-serif;new=Exo2-Stacked;old=
05-12 04:51:40.871 I/ActivityManager( 2878): Flag disabled. Ignoring finishAttachApplication from uid: 99019. pid: 1113
05-12 04:51:40.872 D/ConnectivityService( 2878): NetReassign [no changes] [c 0] [a 1] [i 0]
05-12 04:51:40.873 I/cr_ChildProcessService( 1113): Creating new ChildProcessService pid=1113
05-12 04:51:40.877 I/artd    (  883): GetBestInfo: odex next to the dex file (/data/app/~~N0vPbU8APjH6xMwP7Dg9uw==/com.kfmes.subway-VzOS7atf-W9I5dscFFtr9A==/oat/arm64/base.odex) is kOatUpToDate with filter 'speed-profile' executable 'false'
05-12 04:51:40.878 I/artd    (  883): GetBestInfo: vdex next to the dex file (/data/user/0/com.kfmes.subway/app_pccache/5/0DB12F04482D5EE6F1C4FAFDFA9C30C300995A35/oat/arm64/pcam.vdex) is kOatUpToDate with filter 'verify' executable 'false'
05-12 04:51:40.879 I/artd    (  883): GetBestInfo: vdex next to the dex file (/data/user/0/com.kfmes.subway/app_pccache/5/092940B270D6635C3081F004DD99A26CC95EADE3/oat/arm64/pcam.vdex) is kOatUpToDate with filter 'verify' executable 'false'
05-12 04:51:40.887 D/Capacitor( 1064): Starting BridgeActivity
05-12 04:51:40.890 I/artd    (  883): GetBestInfo: odex next to the dex file (/data/app/~~41TNXowtEU1uvALKyf1Gjg==/com.tplink.iot-89109CG5GVzPQNeEcaZMxA==/oat/arm64/base.odex) is kOatUpToDate with filter 'speed-profile' executable 'false'
05-12 04:51:40.896 I/artd    (  883): GetBestInfo: odex next to the dex file (/data/app/~~FiGDVH7thncmRVKYP9BwlQ==/com.mwm.procolor-6MTNK0qxV6HmyLPhNGBCXQ==/oat/arm64/base.odex) is kOatUpToDate with filter 'speed-profile' executable 'false'
05-12 04:51:40.896 I/artd    (  883): GetBestInfo: vdex next to the dex file (/data/user/0/com.mwm.procolor/app_pccache/5/591C52BA23C4E0E4C6EB8A94DE92F532A215A628/oat/arm64/pcam.vdex) is kOatUpToDate with filter 'verify' executable 'false'
05-12 04:51:40.897 I/artd    (  883): GetBestInfo: vdex next to the dex file (/data/user/0/com.mwm.procolor/app_pccache/5/A4A3883B62E64477497A21E502C207B1868F77D8/oat/arm64/pcam.vdex) is kOatUpToDate with filter 'verify' executable 'false'
05-12 04:51:40.897 D/Capacitor( 1064): Registering plugin instance: CapacitorCookies
05-12 04:51:40.899 D/Capacitor( 1064): Registering plugin instance: WebView
05-12 04:51:40.900 D/Capacitor( 1064): Registering plugin instance: CapacitorHttp
05-12 04:51:40.901 I/artd    (  883): GetBestInfo: odex next to the dex file (/data/app/~~AgYwycswZduHCKSLalvhkA==/com.google.android.webview-yarYKlzPKoJVS4vuQnwivg==/oat/arm64/base.odex) is kOatUpToDate with filter 'speed-profile' executable 'false'
05-12 04:51:40.901 D/Capacitor( 1064): Registering plugin instance: SystemBars
05-12 04:51:40.901 I/artd    (  883): GetBestInfo: odex next to the dex file (/data/app/~~AgYwycswZduHCKSLalvhkA==/com.google.android.webview-yarYKlzPKoJVS4vuQnwivg==/oat/arm/base.odex) is kOatUpToDate with filter 'speed-profile' executable 'false'
05-12 04:51:40.903 D/Capacitor( 1064): Registering plugin instance: BackgroundLocation
05-12 04:51:40.904 D/Capacitor( 1064): Registering plugin instance: SpeechRecognition
05-12 04:51:40.905 D/Capacitor( 1064): Registering plugin instance: NativeNotification
05-12 04:51:40.909 W/Finsky  ( 6985): [2] STU: Failed to get storage stats for package 'com.motorola.motosecure' (1601: Error getting stats: android.content.pm.PackageManager.NameNotFoundException)
05-12 04:51:40.911 D/Capacitor( 1064): Registering plugin instance: AmbientListen
05-12 04:51:40.912 D/Capacitor( 1064): Registering plugin instance: KakaoMapLauncher
05-12 04:51:40.913 D/Capacitor( 1064): Registering plugin instance: CameraPermission
05-12 04:51:40.913 I/artd    (  883): GetBestInfo: odex next to the dex file (/data/app/~~M1kqLtYF8KELTwJ1c1axkg==/com.google.android.apps.docs.editors.docs-43HBtW6w2tt0O3qCoPjbaQ==/oat/arm64/base.odex) is kOatUpToDate with filter 'speed-profile' executable 'false'
05-12 04:51:40.913 D/Capacitor( 1064): Registering plugin instance: App
05-12 04:51:40.915 D/Capacitor( 1064): Registering plugin instance: Browser
05-12 04:51:40.916 D/Capacitor( 1064): Registering plugin instance: NoCodes
05-12 04:51:40.917 D/Capacitor( 1064): Registering plugin instance: Qonversion
05-12 04:51:40.917 W/Finsky  ( 6985): [2] STU: Failed to get storage stats for package 'com.android.apex.cts.shim' (1601: Error getting stats: android.content.pm.PackageManager.NameNotFoundException)
05-12 04:51:40.918 I/artd    (  883): GetBestInfo: odex next to the dex file (/data/app/~~BBQB_J7MqhHHx-armEzZnA==/helectronsoft.com.live.wallpaper.pixel4d-KbWL6HZnYZxokE4PAhpN2w==/oat/arm64/base.odex) is kOatUpToDate with filter 'speed-profile' executable 'false'
05-12 04:51:40.919 I/artd    (  883): GetBestInfo: odex next to the dex file (/data/user/0/helectronsoft.com.live.wallpaper.pixel4d/app_pccache/5/A6422CD2CF82BB9C0EAF521C1BF6CC70ABCF649F/oat/arm64/pcam.odex) is kOatUpToDate with filter 'verify' executable 'false'
05-12 04:51:40.929 I/artd    (  883): GetBestInfo: odex next to the dex file (/data/app/~~ybZ0fz_Bpp1NL7JRTAo4zg==/com.shinhan.smartcaremgr--MAEq06sZrXoBRXLbqrL1g==/oat/arm64/base.odex) is kOatUpToDate with filter 'speed-profile' executable 'false'
05-12 04:51:40.931 I/artd    (  883): GetBestInfo: odex next to the dex file (/data/app/~~LTh6wR9ibtyVWHHGakUxlw==/com.google.android.apps.docs-z309WTkCmVnVhmzEi_kPGg==/oat/arm64/base.odex) is kOatUpToDate with filter 'speed-profile' executable 'false'
