05-12 04:51:34.166 D/nativeloader( 9813):   com_android_adservices: libhpke_jni.so:libtflite_support_classifiers_native.so
05-12 04:51:34.166 D/nativeloader( 9813):   com_android_appsearch: libappsearchservice.so:libicing_anywhere.so
05-12 04:51:34.166 D/nativeloader( 9813):   com_android_art: libartservice.so
05-12 04:51:34.166 D/nativeloader( 9813):   com_android_bt: libbluetooth_jni.so
05-12 04:51:34.166 D/nativeloader( 9813):   com_android_conscrypt: libjavacrypto.so
05-12 04:51:34.166 D/nativeloader( 9813):   com_android_mediaprovider: libpdfclient.so
05-12 04:51:34.166 D/nativeloader( 9813):   com_android_ondevicepersonalization: libfcp_cpp_dep_jni.so:libfcp_hpke_jni.so
05-12 04:51:34.166 D/nativeloader( 9813):   com_android_os_statsd: libstats_jni.so
05-12 04:51:34.166 D/nativeloader( 9813):   com_android_tethering: libandroid_net_connectivity_com_android_net_module_util_jni.so:libframework-connectivity-jni.so:libframework-connectivity-tiramisu-jni.so:libmainlinecronet.136.0.7091.2.so:libservice-connectivity.so:libservice-thread-jni.so:stable_cronet_libcrypto.so:stable_cronet_libssl.so
05-12 04:51:34.166 D/nativeloader( 9813):   com_android_uwb: libuwb_uci_jni_rust.so
05-12 04:51:34.166 D/nativeloader( 9813):   com_android_virt: libvirtualizationservice_jni.so:libvirtualmachine_jni.so
05-12 04:51:34.166 D/nativeloader( 9813):   com_android_wifi: libservice-wifi-jni.so
05-12 04:51:34.171 V/GraphicsEnvironment( 9813): Currently set values for:
05-12 04:51:34.171 V/GraphicsEnvironment( 9813):   angle_gl_driver_selection_pkgs=[]
05-12 04:51:34.171 V/GraphicsEnvironment( 9813):   angle_gl_driver_selection_values=[]
05-12 04:51:34.171 V/GraphicsEnvironment( 9813): com.google.android.adservices.api is not listed in per-application setting
05-12 04:51:34.171 V/GraphicsEnvironment( 9813): ANGLE allowlist from config: 
05-12 04:51:34.171 V/GraphicsEnvironment( 9813): com.google.android.adservices.api is not listed in ANGLE allowlist or settings, returning default
05-12 04:51:34.171 V/GraphicsEnvironment( 9813): Neither updatable production driver nor prerelease driver is supported.
05-12 04:51:34.175 I/ApplicationContextProvider( 9813): onCreate(): setting application context from android.app.Application@211fcb
05-12 04:51:34.175 I/adservices-shared( 9813): set(): set singleton context as android.app.Application@211fcb
05-12 04:51:34.177 I/ActivityManager( 1232): Changes in 10285 19 to 11, 0 to 128
05-12 04:51:34.179 D/BackgroundInstallControlService( 1232): Package event received: 0
05-12 04:51:34.189 E/ashmem  ( 9813): Pinning is deprecated since Android Q. Please use trim or other methods.
05-12 04:51:34.193 I/adservices( 9813): Setting AdServicesManager static context as android.app.Application@211fcb
05-12 04:51:34.194 I/ActivityManager( 1232): Killing 8394:com.google.android.partnersetup/u0a247 (adj 965): empty #33
05-12 04:51:34.195 I/ActivityManager( 1232): Changes in 10285 11 to 19, 128 to 0
05-12 04:51:34.222 I/Zygote  (  893): Process 8394 exited due to signal 9 (Killed)
05-12 04:51:34.223 I/libprocessgroup( 1232): Removed cgroup /sys/fs/cgroup/apps/uid_10247/pid_8394
05-12 04:51:34.318 D/io_stats(  659): !@   8,0 r 3175998 101496300 w 2822913 73405372 d 742267 157144764 f 436451 343605 iot 3833804 0 th 0 0 0 pt 0 inp 0 0 906569.604
05-12 04:51:34.319 D/io_stats(  659): !@ Read_top(KB): emservice(881) 80 ung.android.mdx(9734) 4 rs.media.module(3035) 4
05-12 04:51:34.319 D/io_stats(  659): !@ Write_top(KB): kworker/u16:1(8710) 4152 f2fs_ckpt-254:8(2366) 108 gle.android.gms(27738) 48
05-12 04:51:34.661 I/RequestManager_FLP( 2612): onOpChanged, op=0 / packageName=com.android.chrome
05-12 04:51:34.836 I/BCL@Common( 9699): (BixbyApplications) startDiagMon
05-12 04:51:34.840 I/DIAGMON_SDK[605068]( 9699): DiagMonAgent type: 2
05-12 04:51:34.842 I/DIAGMON_SDK[605068][bp23rgegzo] ( 9699): generated SR object
05-12 04:51:34.847 I/BCL@Vendor( 9699): (SecPropertyService) SEC_FLOATING_FEATURE_BIXBY_CONFIG_HWKEY: 
05-12 04:51:34.847 I/BCL@Vendor( 9699): (SecPropertyService) Bixby config SideKey : true
05-12 04:51:34.856 I/BCL@Settings( 9699): (ShowAppIconInitializer) updateSystemSetting 1
05-12 04:51:34.857 D/KNOX_MDM_SettingsProvider( 1232): isChangeAllowed() : name = bixby_setting_show_app_icon_enabled
05-12 04:51:34.857 D/KNOX_MDM_SettingsProvider( 1232): edmUri: content://com.sec.knox.provider/RestrictionPolicy3
05-12 04:51:34.857 D/KNOX_MDM_SettingsProvider( 1232): projectionArgs: isSettingsChangesAllowed
05-12 04:51:34.857 D/KNOX_MDM_SettingsProvider( 1232): selectionArgs: false
05-12 04:51:34.857 D/KNOX_MDM_SettingsProvider( 1232): selectionArgs: 10062
05-12 04:51:34.857 D/SecContentProvider( 1232): query(), uri = 17 selection = isSettingsChangesAllowed
05-12 04:51:34.857 D/SecContentProvider( 1232): called from com.samsung.android.bixby.agent
05-12 04:51:34.858 D/RestrictionPolicy( 1232): isSettingsChangesAllowedAsUser, userId 0 : true
05-12 04:51:34.858 D/KNOX_MDM_SettingsProvider( 1232): ret = 1
05-12 04:51:34.861 I/BCL@Common( 9699): (CommonUtils) isProcessName, processName: com.samsung.android.bixby.agent
05-12 04:51:34.862 I/BCL@Settings( 9699): (SamsungTtsRemovedReceiver) register
05-12 04:51:34.862 I/BCL@Common( 9699): (CallUiUtils) changeInCallServiceComponent
05-12 04:51:34.864 I/BCL@RepositoryM( 9699): (ConversationHistoryUpdater) ConversationHistoryRepository
05-12 04:51:34.867 I/BCL@Common( 9699): (CallUiUtils) getServiceComponentState provision need [true]
05-12 04:51:34.867 I/BCL@Common( 9699): (CallUiUtils) com.samsung.android.bixby.agent.appbridge.clientaction.incallservice.BixbyInCallService to : false
05-12 04:51:34.868 D/PackageManager( 1232): setEnabledSetting : userId = 0 packageName = com.samsung.android.bixby.agent cmp = com.samsung.android.bixby.agent.appbridge.clientaction.incallservice.BixbyInCallService newState = 2 callingPackage = com.samsung.android.bixby.agent
05-12 04:51:34.869 I/BCL@Common( 9699): (CallUiUtils) changeCallStateReceiverComponent
05-12 04:51:34.879 W/WakeupServiceFeatureUtil( 9699): Ph_getStatus(bixbyWakeupBargein) : 0 [RxComputationThreadPool-3] 
05-12 04:51:34.885 I/BCL@QuickCommandProvider( 9699): (QuickCommandDatabase) migrateDatabase()
05-12 04:51:34.889 I/BCL@Common( 9699): (CallUiUtils) provision need [true], wlc [false]
05-12 04:51:34.889 I/BCL@Common( 9699): (BixbyApplications) deleteGeneratedFilesByDexMaker
05-12 04:51:34.889 I/BCL@Common( 9699): (CallUiUtils) com.samsung.android.bixby.agent.receivers.RingingEventReceiver to : false
05-12 04:51:34.890 D/PackageManager( 1232): setEnabledSetting : userId = 0 packageName = com.samsung.android.bixby.agent cmp = com.samsung.android.bixby.agent.receivers.RingingEventReceiver newState = 2 callingPackage = com.samsung.android.bixby.agent
05-12 04:51:35.135 D/KNOX_MDM_SettingsProvider( 1232): isChangeAllowed() : name = enabled_notification_listeners
05-12 04:51:35.721 D/SemWifiUsabilityStatsMonitor( 1232): onWifiUsabilityStats - seqNum 11766, isSameBssidAndFreq true
05-12 04:51:35.729 D/Tile.WifiTile( 1899): handleUpdateState isTransient=false transientEnabling =false cb.isTransient=false state.state = 2 mStateBeforeClick.value =false enabled =true
05-12 04:51:35.735 I/VSyncReactor( 1004): Current= 60, Period= 60, hwcPeriod= 60
05-12 04:51:35.745 D/DisplayModeController( 1004): setDesiredMode 4633128672291735939 {mode={fps=120.00 Hz, modePtr={id=0, vsyncRate=120.00 Hz, peakRefreshRate=120.00 Hz}}, emitEvent=true, force=false}
05-12 04:51:35.751 I/VSyncReactor( 1004): Current= 60, Period= 120, hwcPeriod= 60
05-12 04:51:35.763 I/LayerHistory( 1004): StatusBar$_1899#103 voted NoVote (0.00 Hz)
05-12 04:51:35.763 I/SurfaceFlinger( 1004): No layers with votes - choose 120.00 Hz
05-12 04:51:35.767 I/HWComposer( 1004): [4633128672291735939] ActiveConfigToHWC, ID : 2
05-12 04:51:35.769 I/VSyncReactor( 1004): Current= 60, Period= 120, hwcPeriod= 60
05-12 04:51:35.770 I/display (  932): Current VRR MODE is 3
05-12 04:51:35.770 I/display (  932): setActiveConfigWithConstraints:: HFR match - config: 2, base: 2, try: 1
05-12 04:51:35.770 I/display (  932): setActiveConfigWithConstraints::update 1080x2340@120hs
05-12 04:51:35.787 I/VSyncReactor( 1004): Current= 60, Period= 120, hwcPeriod= 120
05-12 04:51:35.788 D/SurfaceFlinger( 1004): GPIS:: requestGpisForSFSluggish
05-12 04:51:35.788 I/SurfaceFlinger( 1004): finalizeDisplayModeChange 4633128672291735939
05-12 04:51:35.793 E/CompositionEngine( 1004): [Wallpaper BBQ wrapper 5_system#92] Invalid device requested composition type change: Device (2) --> Device (2)
05-12 04:51:35.793 E/CompositionEngine( 1004): [com.sec.android.app.launcher/com.sec.android.app.launcher.activities.LauncherActivity$_2350#5301] Invalid device requested composition type change: Device (2) --> Device (2)
05-12 04:51:35.793 E/CompositionEngine( 1004): [StatusBar$_1899#103] Invalid device requested composition type change: Device (2) --> Device (2)
05-12 04:51:35.793 E/CompositionEngine( 1004): [com.sec.android.app.launcher/com.samsung.app.honeyspace.edge.edgepanel.app.CocktailBarService$_2350#5258] Invalid device requested composition type change: Device (2) --> Device (2)
05-12 04:51:35.793 E/CompositionEngine( 1004): [NavigationBar0$_1899#101] Invalid device requested composition type change: Device (2) --> Device (2)
05-12 04:51:35.793 E/CompositionEngine( 1004): [ScreenDecorHwcOverlay$_1899#107] Invalid device requested composition type change: DisplayDecoration (6) --> DisplayDecoration (6)
05-12 04:51:35.999 D/DisplayModeController( 1004): setDesiredMode 4633128672291735939 {mode={fps=60.00 Hz, modePtr={id=1, vsyncRate=60.00 Hz, peakRefreshRate=60.00 Hz}}, emitEvent=false, force=false}
05-12 04:51:36.002 I/LayerHistory( 1004): StatusBar$_1899#103 voted NoVote (0.00 Hz)
05-12 04:51:36.002 I/SurfaceFlinger( 1004): Idle - choose 60.00 Hz
05-12 04:51:36.003 I/HWComposer( 1004): [4633128672291735939] ActiveConfigToHWC, ID : 3
05-12 04:51:36.005 I/display (  932): Current VRR MODE is 3
05-12 04:51:36.005 I/display (  932): setActiveConfigWithConstraints:: HFR match - config: 4, base: 3, try: 0
05-12 04:51:36.005 I/display (  932): setActiveConfigWithConstraints::update 1080x2340@60phs
05-12 04:51:36.027 I/SurfaceFlinger( 1004): finalizeDisplayModeChange 4633128672291735939
05-12 04:51:36.028 I/VSyncReactor( 1004): Current= 120, Period= 60, hwcPeriod= 60
05-12 04:51:36.029 E/CompositionEngine( 1004): [Wallpaper BBQ wrapper 5_system#92] Invalid device requested composition type change: Device (2) --> Device (2)
05-12 04:51:36.030 E/CompositionEngine( 1004): [com.sec.android.app.launcher/com.sec.android.app.launcher.activities.LauncherActivity$_2350#5301] Invalid device requested composition type change: Device (2) --> Device (2)
05-12 04:51:36.030 E/CompositionEngine( 1004): [StatusBar$_1899#103] Invalid device requested composition type change: Device (2) --> Device (2)
05-12 04:51:36.030 E/CompositionEngine( 1004): [com.sec.android.app.launcher/com.samsung.app.honeyspace.edge.edgepanel.app.CocktailBarService$_2350#5258] Invalid device requested composition type change: Device (2) --> Device (2)
05-12 04:51:36.030 E/CompositionEngine( 1004): [NavigationBar0$_1899#101] Invalid device requested composition type change: Device (2) --> Device (2)
05-12 04:51:36.030 E/CompositionEngine( 1004): [ScreenDecorHwcOverlay$_1899#107] Invalid device requested composition type change: DisplayDecoration (6) --> DisplayDecoration (6)
05-12 04:51:36.323 D/io_stats(  659): !@   8,0 r 3175999 101496304 w 2822932 73406996 d 742267 157144764 f 436462 343610 iot 3833876 0 th 0 0 0 pt 0 inp 0 0 906571.609
05-12 04:51:37.269 I/NearbyMediums(27703): No BLE Fast/GATT advertisements found in the latest cycle.
05-12 04:51:37.270 I/NearbyMediums(27703): Current Tracked Scanning Clients are : {NearbyConnections.EnvironmentMonitor, NearbySharing}
05-12 04:51:37.495 D/BackgroundInstallControlService( 1232): Package event received: 0
05-12 04:51:37.498 W/pnh     ( 9196): [Gmail] SapiUiProvider: Returning accounts (false) with initialized status: true. [CONTEXT android_log_tag="SapiUiProvider" ]
05-12 04:51:37.501 W/pnh     ( 9196): MailAppProvider: Cursor with 0 accounts returned
05-12 04:51:37.504 W/pnh     ( 9196): MailAppProvider: After load complete, accounts: false
05-12 04:51:37.527 D/WifiConnectivityMonitor.NetworkStatsAnalyzer( 1232): Backhaul result - RSSI:-29, CE:8, PE:8, TI:8, PTI:8, TW:0, PTW:0, Tx:0, Rx:0, TxS:0, RxS:0, RESULT:true, IC:0, ICT:5, WC:0, WCT:5, R:0, RC:0, IE:0, EC:0
05-12 04:51:37.795 I/SDHMS:x ( 3129): SIOP:: AP:270 BAT:266 USB:268 CHG:277 PA:268 WIFI:269 CF:267 BLK:0 SUBBAT:0 SKIN:284 SKINF:280 SKINB:284 LRP2:284 LRF2:280 LRB2:284 AP2:283 CHG2:283 MEM2:284 WIFI2:282 RCV2:280 SPK2:280 UPSPK:265 DNSPK:266 VAP:268 AVGCUR:-2 AVGSYS:0 POWER:-8
05-12 04:51:38.326 D/io_stats(  659): !@   8,0 r 3175999 101496304 w 2822965 73411324 d 742267 157144764 f 436462 343610 iot 3833904 0 th 0 0 0 pt 0 inp 0 0 906573.613
05-12 04:51:38.327 D/io_stats(  659): !@ Read_top(KB): oid.bixby.agent(9699) 4
05-12 04:51:38.327 D/io_stats(  659): !@ Write_top(KB): kworker/u16:1(8710) 4328 system_server(1232) 756
05-12 04:51:38.606 I/wpa_supplicant(21252): Heartbeat 35917
05-12 04:51:38.664 D/InetDiagMessage( 1232): Destroyed 0 sockets, proto=IPPROTO_TCP, family=AF_INET, states=14
05-12 04:51:38.666 D/InetDiagMessage( 1232): Destroyed 0 sockets, proto=IPPROTO_TCP, family=AF_INET6, states=14
05-12 04:51:38.666 D/InetDiagMessage( 1232): Destroyed live tcp sockets for uids={10269} in 7ms
05-12 04:51:38.668 D/InetDiagMessage( 1232): Destroyed 0 sockets, proto=IPPROTO_TCP, family=AF_INET, states=14
05-12 04:51:38.669 D/InetDiagMessage( 1232): Destroyed 0 sockets, proto=IPPROTO_TCP, family=AF_INET6, states=14
05-12 04:51:38.669 D/InetDiagMessage( 1232): Destroyed live tcp sockets for uids={20269} in 2ms
05-12 04:51:38.744 D/SemWifiUsabilityStatsMonitor( 1232): onWifiUsabilityStats - seqNum 11767, isSameBssidAndFreq true
05-12 04:51:38.752 D/Tile.WifiTile( 1899): handleUpdateState isTransient=false transientEnabling =false cb.isTransient=false state.state = 2 mStateBeforeClick.value =false enabled =true
05-12 04:51:38.769 D/DisplayModeController( 1004): setDesiredMode 4633128672291735939 {mode={fps=120.00 Hz, modePtr={id=0, vsyncRate=120.00 Hz, peakRefreshRate=120.00 Hz}}, emitEvent=true, force=false}
05-12 04:51:38.775 I/VSyncReactor( 1004): Current= 60, Period= 120, hwcPeriod= 60
05-12 04:51:38.787 I/LayerHistory( 1004): StatusBar$_1899#103 voted NoVote (0.00 Hz)
05-12 04:51:38.787 I/SurfaceFlinger( 1004): No layers with votes - choose 120.00 Hz
05-12 04:51:38.788 I/HWComposer( 1004): [4633128672291735939] ActiveConfigToHWC, ID : 2
05-12 04:51:38.792 I/VSyncReactor( 1004): Current= 60, Period= 120, hwcPeriod= 60
05-12 04:51:38.792 I/display (  932): Current VRR MODE is 3
05-12 04:51:38.792 I/display (  932): setActiveConfigWithConstraints:: HFR match - config: 2, base: 2, try: 1
05-12 04:51:38.792 I/display (  932): setActiveConfigWithConstraints::update 1080x2340@120hs
05-12 04:51:38.810 I/VSyncReactor( 1004): Current= 60, Period= 120, hwcPeriod= 120
05-12 04:51:38.812 D/SurfaceFlinger( 1004): GPIS:: requestGpisForSFSluggish
05-12 04:51:38.813 I/SurfaceFlinger( 1004): finalizeDisplayModeChange 4633128672291735939
05-12 04:51:38.817 E/CompositionEngine( 1004): [Wallpaper BBQ wrapper 5_system#92] Invalid device requested composition type change: Device (2) --> Device (2)
05-12 04:51:38.818 E/CompositionEngine( 1004): [com.sec.android.app.launcher/com.sec.android.app.launcher.activities.LauncherActivity$_2350#5301] Invalid device requested composition type change: Device (2) --> Device (2)
05-12 04:51:38.818 E/CompositionEngine( 1004): [StatusBar$_1899#103] Invalid device requested composition type change: Device (2) --> Device (2)
05-12 04:51:38.818 E/CompositionEngine( 1004): [com.sec.android.app.launcher/com.samsung.app.honeyspace.edge.edgepanel.app.CocktailBarService$_2350#5258] Invalid device requested composition type change: Device (2) --> Device (2)
05-12 04:51:38.818 E/CompositionEngine( 1004): [NavigationBar0$_1899#101] Invalid device requested composition type change: Device (2) --> Device (2)
05-12 04:51:38.818 E/CompositionEngine( 1004): [ScreenDecorHwcOverlay$_1899#107] Invalid device requested composition type change: DisplayDecoration (6) --> DisplayDecoration (6)
05-12 04:51:39.023 D/DisplayModeController( 1004): setDesiredMode 4633128672291735939 {mode={fps=60.00 Hz, modePtr={id=1, vsyncRate=60.00 Hz, peakRefreshRate=60.00 Hz}}, emitEvent=false, force=false}
05-12 04:51:39.026 I/LayerHistory( 1004): StatusBar$_1899#103 voted NoVote (0.00 Hz)
05-12 04:51:39.027 I/SurfaceFlinger( 1004): Idle - choose 60.00 Hz
05-12 04:51:39.027 I/HWComposer( 1004): [4633128672291735939] ActiveConfigToHWC, ID : 3
05-12 04:51:39.030 I/display (  932): Current VRR MODE is 3
05-12 04:51:39.030 I/display (  932): setActiveConfigWithConstraints:: HFR match - config: 4, base: 3, try: 0
05-12 04:51:39.030 I/display (  932): setActiveConfigWithConstraints::update 1080x2340@60phs
05-12 04:51:39.051 I/SurfaceFlinger( 1004): finalizeDisplayModeChange 4633128672291735939
05-12 04:51:39.052 I/VSyncReactor( 1004): Current= 120, Period= 60, hwcPeriod= 60
05-12 04:51:39.054 E/CompositionEngine( 1004): [Wallpaper BBQ wrapper 5_system#92] Invalid device requested composition type change: Device (2) --> Device (2)
05-12 04:51:39.054 E/CompositionEngine( 1004): [com.sec.android.app.launcher/com.sec.android.app.launcher.activities.LauncherActivity$_2350#5301] Invalid device requested composition type change: Device (2) --> Device (2)
05-12 04:51:39.054 E/CompositionEngine( 1004): [StatusBar$_1899#103] Invalid device requested composition type change: Device (2) --> Device (2)
05-12 04:51:39.054 E/CompositionEngine( 1004): [com.sec.android.app.launcher/com.samsung.app.honeyspace.edge.edgepanel.app.CocktailBarService$_2350#5258] Invalid device requested composition type change: Device (2) --> Device (2)
05-12 04:51:39.054 E/CompositionEngine( 1004): [NavigationBar0$_1899#101] Invalid device requested composition type change: Device (2) --> Device (2)
05-12 04:51:39.054 E/CompositionEngine( 1004): [ScreenDecorHwcOverlay$_1899#107] Invalid device requested composition type change: DisplayDecoration (6) --> DisplayDecoration (6)
05-12 04:51:39.086 D/InetDiagMessage( 1232): Destroyed 0 sockets, proto=IPPROTO_TCP, family=AF_INET, states=14
05-12 04:51:39.088 D/InetDiagMessage( 1232): Destroyed 0 sockets, proto=IPPROTO_TCP, family=AF_INET6, states=14
05-12 04:51:39.088 D/InetDiagMessage( 1232): Destroyed live tcp sockets for uids={10109} in 4ms
05-12 04:51:39.089 D/InetDiagMessage( 1232): Destroyed 0 sockets, proto=IPPROTO_TCP, family=AF_INET, states=14
05-12 04:51:39.091 D/InetDiagMessage( 1232): Destroyed 0 sockets, proto=IPPROTO_TCP, family=AF_INET6, states=14
05-12 04:51:39.091 D/InetDiagMessage( 1232): Destroyed live tcp sockets for uids={20109} in 3ms
05-12 04:51:39.209 D/InetDiagMessage( 1232): Destroyed 0 sockets, proto=IPPROTO_TCP, family=AF_INET, states=14
05-12 04:51:39.213 D/InetDiagMessage( 1232): Destroyed 0 sockets, proto=IPPROTO_TCP, family=AF_INET6, states=14
05-12 04:51:39.214 D/InetDiagMessage( 1232): Destroyed live tcp sockets for uids={10285} in 8ms
05-12 04:51:39.215 D/InetDiagMessage( 1232): Destroyed 0 sockets, proto=IPPROTO_TCP, family=AF_INET, states=14
05-12 04:51:39.216 D/InetDiagMessage( 1232): Destroyed 0 sockets, proto=IPPROTO_TCP, family=AF_INET6, states=14
05-12 04:51:39.217 D/InetDiagMessage( 1232): Destroyed live tcp sockets for uids={20285} in 3ms
05-12 04:51:39.460 D/ConnectivityService( 1232): reportNetworkActive, notify 1 listeners
05-12 04:51:39.560 I/seh_thermal_service(  956): getTemperaturesWithType SehTemperatureType: 3
05-12 04:51:39.560 E/BatteryDump(  951): !@new_battery_dump : 4414,-1,3000,3150,100,266,268,276,0,0,281,276,0,Full,NO_CHARGING,None,Good,PDIC,0,Normal,0,0,8370,0x0,0x10000,0x0,0,0,0000,0000,00000000,0,0,0,0,101,44089,9916,989,0,
05-12 04:51:39.561 I/sehhealth-service(  951): updateLrpSysfs: write: 284
05-12 04:51:40.330 D/io_stats(  659): !@   8,0 r 3175999 101496304 w 2822971 73411344 d 742267 157144764 f 436465 343611 iot 3833924 0 th 0 0 0 pt 0 inp 0 0 906575.616
05-12 04:51:40.701 D/AndroidRuntime( 9837): >>>>>> START com.android.internal.os.RuntimeInit uid 2000 <<<<<<
05-12 04:51:40.706 I/AndroidRuntime( 9837): Using default boot image
05-12 04:51:40.706 I/AndroidRuntime( 9837): Leaving lock profiling enabled
05-12 04:51:40.710 I/app_process( 9837): Using CollectorTypeCMC GC.
05-12 04:51:40.720 I/ActivityManager( 1232): Killing 8430:com.samsung.accessory.budsunitemgr/u0a59 (adj 965): empty #33
05-12 04:51:40.760 I/libprocessgroup( 1232): Removed cgroup /sys/fs/cgroup/apps/uid_10059/pid_8430
05-12 04:51:40.761 I/Zygote  (  893): Process 8430 exited due to signal 9 (Killed)
05-12 04:51:40.794 D/nativeloader( 9837): InitDefaultPublicLibraries for_preload=1: libandroid.so:libaaudio.so:libamidi.so:libbinder_ndk.so:libc.so:libcamera2ndk.so:libdl.so:libEGL.so:libGLESv1_CM.so:libGLESv2.so:libGLESv3.so:libicu.so:libicui18n.so:libicuuc.so:libjnigraphics.so:liblog.so:libmediandk.so:libm.so:libnativehelper.so:libnativewindow.so:libOpenMAXAL.so:libOpenSLES.so:libRS.so:libstdc++.so:libsync.so:libvulkan.so:libwebviewchromium_plat_support.so:libz.so
05-12 04:51:40.807 D/nativeloader( 9837): Load libicu_jni.so using APEX ns com_android_art for caller /apex/com.android.art/javalib/core-oj.jar: ok
05-12 04:51:40.807 D/app_process( 9837): u_setTimeZoneFilesDirectory("/apex/com.android.tzdata/etc/tz/versioned/9/icu") succeeded. 
05-12 04:51:40.807 D/app_process( 9837): I18n APEX ICU file found: /apex/com.android.i18n/etc/icu/icudt76l.dat
05-12 04:51:40.808 D/nativeloader( 9837): Load libjavacore.so using APEX ns com_android_art for caller /apex/com.android.art/javalib/core-oj.jar: ok
05-12 04:51:40.809 D/nativeloader( 9837): Load libopenjdk.so using APEX ns com_android_art for caller /apex/com.android.art/javalib/core-oj.jar: ok
05-12 04:51:40.827 E/SemDvfsManager_JNI( 9837): SemDvfsManager: registerfunction enter
05-12 04:51:40.827 E/SemAffinityControl( 9837): SemAffinityControl: registerfunction enter
05-12 04:51:40.839 D/nativeloader( 9837): Load libframework-connectivity-tiramisu-jni.so using APEX ns com_android_tethering for caller /apex/com.android.tethering/javalib/framework-connectivity-t.jar: ok
05-12 04:51:40.839 D/AndroidRuntime( 9837): Calling main entry com.android.commands.monkey.Monkey
05-12 04:51:40.840 D/nativeloader( 9837): Load /system/lib64/libmonkey_jni.so using ns default for caller /system/framework/monkey.jar in same partition (is_bridged=0): ok
05-12 04:51:40.841 W/Monkey  ( 9837): args: [-p, com.hyeni.calendar, -c, android.intent.category.LAUNCHER, 1]
05-12 04:51:40.843 I/AconfigPackage( 9837): com.android.nfc.flags is mapped to system
05-12 04:51:40.843 I/AconfigPackage( 9837): android.app.admin.flags is mapped to system
05-12 04:51:40.843 I/AconfigPackage( 9837): android.database.sqlite is mapped to system
05-12 04:51:40.843 I/AconfigPackage( 9837): com.android.server.power.feature.flags is mapped to system
05-12 04:51:40.843 I/AconfigPackage( 9837): com.android.media.performance.flags is mapped to system
05-12 04:51:40.843 I/AconfigPackage( 9837): android.app.contextualsearch.flags is mapped to system
05-12 04:51:40.843 I/AconfigPackage( 9837): android.app.ondeviceintelligence.flags is mapped to system
05-12 04:51:40.843 I/AconfigPackage( 9837): com.android.media.projection.flags is mapped to system
05-12 04:51:40.843 I/AconfigPackage( 9837): android.companion is mapped to system
05-12 04:51:40.843 I/AconfigPackage( 9837): android.service.controls.flags is mapped to system
05-12 04:51:40.843 I/AconfigPackage( 9837): com.android.text.flags is mapped to system
05-12 04:51:40.843 I/AconfigPackage( 9837): com.android.providers.contactkeys.flags is mapped to system
05-12 04:51:40.843 I/AconfigPackage( 9837): com.android.intentresolver is mapped to system
05-12 04:51:40.843 I/AconfigPackage( 9837): android.companion.virtualdevice.flags is mapped to system
05-12 04:51:40.843 I/AconfigPackage( 9837): android.uprobestats.flags is mapped to system
05-12 04:51:40.843 I/AconfigPackage( 9837): com.android.net.thread.platform.flags is mapped to system
05-12 04:51:40.843 I/AconfigPackage( 9837): android.view.contentprotection.flags is mapped to system
05-12 04:51:40.843 I/AconfigPackage( 9837): com.android.server.dreams is mapped to system
05-12 04:51:40.843 I/AconfigPackage( 9837): com.android.graphics.surfaceflinger.flags is mapped to system
05-12 04:51:40.843 I/AconfigPackage( 9837): com.android.hardware.input is mapped to system
05-12 04:51:40.843 I/AconfigPackage( 9837): android.sdk is mapped to system
05-12 04:51:40.843 I/AconfigPackage( 9837): com.android.input.flags is mapped to system
05-12 04:51:40.843 I/AconfigPackage( 9837): android.tracing is mapped to system
05-12 04:51:40.843 I/AconfigPackage( 9837): com.android.server.biometrics is mapped to system
05-12 04:51:40.843 I/AconfigPackage( 9837): android.view.contentcapture.flags is mapped to system
05-12 04:51:40.843 I/AconfigPackage( 9837): android.app.job is mapped to system
05-12 04:51:40.843 I/AconfigPackage( 9837): android.content.res is mapped to system
05-12 04:51:40.843 I/AconfigPackage( 9837): android.net.platform.flags is mapped to system
05-12 04:51:40.843 I/AconfigPackage( 9837): com.android.aconfig.flags is mapped to system
05-12 04:51:40.843 I/AconfigPackage( 9837): com.android.graphics.flags is mapped to system
05-12 04:51:40.843 I/AconfigPackage( 9837): android.server.app is mapped to system
05-12 04:51:40.843 I/AconfigPackage( 9837): android.speech.flags is mapped to system
05-12 04:51:40.843 I/AconfigPackage( 9837): com.android.server.stats is mapped to system
05-12 04:51:40.843 I/AconfigPackage( 9837): android.hardware.biometrics is mapped to system
05-12 04:51:40.843 I/AconfigPackage( 9837): android.car.feature is mapped to system
05-12 04:51:40.843 I/AconfigPackage( 9837): android.adpf is mapped to system
05-12 04:51:40.843 I/AconfigPackage( 9837): android.location.flags is mapped to system
05-12 04:51:40.843 I/AconfigPackage( 9837): com.android.settingslib.flags is mapped to system
05-12 04:51:40.843 I/AconfigPackage( 9837): com.android.managedprovisioning.flags is mapped to system
05-12 04:51:40.843 I/AconfigPackage( 9837): android.app.assist.flags is mapped to system
05-12 04:51:40.843 I/AconfigPackage( 9837): com.android.server.net is mapped to system
05-12 04:51:40.843 I/AconfigPackage( 9837): com.android.settingslib.widget.flags is mapped to system
05-12 04:51:40.843 I/AconfigPackage( 9837): com.android.internal.camera.flags is mapped to system
05-12 04:51:40.843 I/AconfigPackage( 9837): com.android.hardware.libsensor.flags is mapped to system
05-12 04:51:40.843 I/AconfigPackage( 9837): com.android.internal.jank is mapped to system
05-12 04:51:40.843 I/AconfigPackage( 9837): com.android.providers.settings is mapped to system
05-12 04:51:40.843 I/AconfigPackage( 9837): android.multiuser is mapped to system
05-12 04:51:40.843 I/AconfigPackage( 9837): com.android.server.power.optimization is mapped to system
05-12 04:51:40.843 I/AconfigPackage( 9837): com.android.calllogbackup is mapped to system
05-12 04:51:40.843 I/AconfigPackage( 9837): com.android.media.flags is mapped to system
05-12 04:51:40.843 I/AconfigPackage( 9837): com.android.server.flags is mapped to system
05-12 04:51:40.843 I/AconfigPackage( 9837): com.android.graphics.libvulkan.flags is mapped to system
05-12 04:51:40.843 I/AconfigPackage( 9837): android.app.appfunctions.flags is mapped to system
05-12 04:51:40.843 I/AconfigPackage( 9837): android.app.smartspace.flags is mapped to system
05-12 04:51:40.843 I/AconfigPackage( 9837): com.android.shell.flags is mapped to system
05-12 04:51:40.843 I/AconfigPackage( 9837): com.android.media.aaudio is mapped to system
05-12 04:51:40.843 I/AconfigPackage( 9837): android.hardware.radio is mapped to system
05-12 04:51:40.843 I/AconfigPackage( 9837): suspend_service.flags is mapped to system
05-12 04:51:40.844 I/AconfigPackage( 9837): android.media.midi is mapped to system
05-12 04:51:40.844 I/AconfigPackage( 9837): com.android.libcore.readonly is mapped to system
05-12 04:51:40.844 I/AconfigPackage( 9837): com.android.settingslib.widget.selectorwithwidgetpreference.flags is mapped to system
05-12 04:51:40.844 I/AconfigPackage( 9837): android.service.notification is mapped to system
05-12 04:51:40.844 I/AconfigPackage( 9837): com.android.systemui.shared is mapped to system
05-12 04:51:40.844 I/AconfigPackage( 9837): android.app.jank is mapped to system
05-12 04:51:40.844 I/AconfigPackage( 9837): android.app.wearable is mapped to system
05-12 04:51:40.844 I/AconfigPackage( 9837): com.android.media.audio is mapped to system
05-12 04:51:40.844 I/AconfigPackage( 9837): android.service.chooser is mapped to system
05-12 04:51:40.844 I/AconfigPackage( 9837): com.android.server.compat is mapped to system
05-12 04:51:40.844 I/AconfigPackage( 9837): com.android.server.alarm is mapped to system
05-12 04:51:40.844 I/AconfigPackage( 9837): com.android.apex.flags is mapped to system
05-12 04:51:40.844 I/AconfigPackage( 9837): android.service.quickaccesswallet is mapped to system
05-12 04:51:40.844 I/AconfigPackage( 9837): android.app.usage is mapped to system
05-12 04:51:40.844 I/AconfigPackage( 9837): com.android.server.accessibility is mapped to system
05-12 04:51:40.844 I/AconfigPackage( 9837): android.app.supervision.flags is mapped to system
05-12 04:51:40.844 I/AconfigPackage( 9837): com.android.server.utils is mapped to system
05-12 04:51:40.844 I/AconfigPackage( 9837): android.chre.flags is mapped to system
05-12 04:51:40.844 I/AconfigPackage( 9837): android.content.flags is mapped to system
05-12 04:51:40.844 I/AconfigPackage( 9837): android.media.codec is mapped to system
05-12 04:51:40.844 I/AconfigPackage( 9837): com.android.internal.os is mapped to system
05-12 04:51:40.844 I/AconfigPackage( 9837): com.android.nfc.nci.flags is mapped to system
05-12 04:51:40.844 I/AconfigPackage( 9837): android.app is mapped to system
05-12 04:51:40.844 I/AconfigPackage( 9837): android.security.keystore2 is mapped to system
05-12 04:51:40.844 I/AconfigPackage( 9837): com.android.tradeinmode.flags is mapped to system
05-12 04:51:40.844 I/AconfigPackage( 9837): android.hardware.flags is mapped to system
05-12 04:51:40.844 I/AconfigPackage( 9837): com.android.server.telecom.flags is mapped to system
05-12 04:51:40.844 I/AconfigPackage( 9837): com.android.settingslib.media.flags is mapped to system
05-12 04:51:40.844 I/AconfigPackage( 9837): com.android.server.policy is mapped to system
05-12 04:51:40.844 I/AconfigPackage( 9837): android.media.audiopolicy is mapped to system
05-12 04:51:40.844 I/AconfigPackage( 9837): com.android.egg.flags is mapped to system
05-12 04:51:40.844 I/AconfigPackage( 9837): com.android.internal.compat.flags is mapped to system
05-12 04:51:40.844 I/AconfigPackage( 9837): android.security is mapped to system
05-12 04:51:40.844 I/AconfigPackage( 9837): android.service.autofill is mapped to system
05-12 04:51:40.844 I/AconfigPackage( 9837): com.example.android.aconfig.demo.flags is mapped to system
05-12 04:51:40.844 I/AconfigPackage( 9837): android.view.flags is mapped to system
05-12 04:51:40.844 I/AconfigPackage( 9837): android.companion.virtual.flags is mapped to system
05-12 04:51:40.844 I/AconfigPackage( 9837): com.android.aconfig_new_storage is mapped to system
05-12 04:51:40.844 I/AconfigPackage( 9837): com.android.server.feature.flags is mapped to system
05-12 04:51:40.844 I/AconfigPackage( 9837): com.android.systemui is mapped to system
05-12 04:51:40.844 I/AconfigPackage( 9837): com.android.server.power.batterysaver is mapped to system
05-12 04:51:40.844 I/AconfigPackage( 9837): android.widget.flags is mapped to system
05-12 04:51:40.844 I/AconfigPackage( 9837): com.android.media.editing.flags is mapped to system
05-12 04:51:40.844 I/AconfigPackage( 9837): com.android.media.codec.flags is mapped to system
05-12 04:51:40.844 I/AconfigPackage( 9837): com.android.server.powerstats is mapped to system
05-12 04:51:40.844 I/AconfigPackage( 9837): com.android.graphics.egl.flags is mapped to system
05-12 04:51:40.844 I/AconfigPackage( 9837): com.android.media.audioserver is mapped to system
05-12 04:51:40.844 I/AconfigPackage( 9837): com.android.server.deviceidle is mapped to system
05-12 04:51:40.844 I/AconfigPackage( 9837): android.nfc is mapped to system
05-12 04:51:40.844 I/AconfigPackage( 9837): android.permission.flags is mapped to system
05-12 04:51:40.844 I/AconfigPackage( 9837): android.service.voice.flags is mapped to system
05-12 04:51:40.844 I/AconfigPackage( 9837): android.content.pm is mapped to system
05-12 04:51:40.844 I/AconfigPackage( 9837): com.android.server.power.hint is mapped to system
05-12 04:51:40.844 I/AconfigPackage( 9837): android.os is mapped to system
05-12 04:51:40.844 I/AconfigPackage( 9837): android.service.dreams is mapped to system
05-12 04:51:40.844 I/AconfigPackage( 9837): com.android.graphics.libgui.flags is mapped to system
05-12 04:51:40.844 I/AconfigPackage( 9837): android.hardware.usb.flags is mapped to system
05-12 04:51:40.844 I/AconfigPackage( 9837): android.provider is mapped to system
05-12 04:51:40.844 I/AconfigPackage( 9837): com.android.server.job is mapped to system
05-12 04:51:40.844 I/AconfigPackage( 9837): com.android.internal.foldables.flags is mapped to system
05-12 04:51:40.844 I/AconfigPackage( 9837): com.android.internal.telephony.flags is mapped to system
05-12 04:51:40.844 I/AconfigPackage( 9837): android.webkit is mapped to system
05-12 04:51:40.844 I/AconfigPackage( 9837): android.credentials.flags is mapped to system
05-12 04:51:40.844 I/AconfigPackage( 9837): com.android.server.display.feature.flags is mapped to system
05-12 04:51:40.844 I/AconfigPackage( 9837): com.android.server.notification is mapped to system
05-12 04:51:40.844 I/AconfigPackage( 9837): android.appwidget.flags is mapped to system
05-12 04:51:40.844 I/AconfigPackage( 9837): com.android.frameworks.sensorservice.flags is mapped to system
05-12 04:51:40.844 I/AconfigPackage( 9837): com.android.printspooler.flags is mapped to system
05-12 04:51:40.844 I/AconfigPackage( 9837): com.android.window.flags is mapped to system
05-12 04:51:40.844 I/AconfigPackage( 9837): android.adaptiveauth is mapped to system
05-12 04:51:40.844 I/AconfigPackage( 9837): android.net.wifi.flags is mapped to system
05-12 04:51:40.844 I/AconfigPackage( 9837): android.media.tv.flags is mapped to system
05-12 04:51:40.844 I/AconfigPackage( 9837): com.android.server.usb.flags is mapped to system
05-12 04:51:40.844 I/AconfigPackage( 9837): android.os.vibrator is mapped to system
05-12 04:51:40.844 I/AconfigPackage( 9837): android.hardware.devicestate.feature.flags is mapped to system
05-12 04:51:40.844 I/AconfigPackage( 9837): com.android.server.usage is mapped to system
05-12 04:51:40.844 I/AconfigPackage( 9837): android.server is mapped to system
05-12 04:51:40.844 I/AconfigPackage( 9837): com.android.wm.shell is mapped to system
05-12 04:51:40.844 I/AconfigPackage( 9837): android.view.inputmethod is mapped to system
05-12 04:51:40.844 I/AconfigPackage( 9837): com.android.graphics.hwui.flags is mapped to system
05-12 04:51:40.844 I/AconfigPackage( 9837): com.android.server.backup is mapped to system
05-12 04:51:40.844 I/AconfigPackage( 9837): com.android.internal.pm.pkg.component.flags is mapped to system
05-12 04:51:40.844 I/AconfigPackage( 9837): android.view.accessibility is mapped to system
05-12 04:51:40.844 I/AconfigPackage( 9837): android.media.audio is mapped to system
05-12 04:51:40.844 I/AconfigPackage( 9837): com.android.server.am is mapped to system
05-12 04:51:40.844 I/AconfigPackage( 9837): com.android.media.playback.flags is mapped to system
05-12 04:51:40.844 I/AconfigPackage( 9837): com.android.settings.flags is mapped to system_ext
05-12 04:51:40.844 I/AconfigPackage( 9837): com.android.launcher3 is mapped to system_ext
05-12 04:51:40.844 I/AconfigPackage( 9837): com.android.server.policy.feature.flags is mapped to system_ext
05-12 04:51:40.844 I/AconfigPackage( 9837): com.android.adservices.ondevicepersonalization.flags is mapped to com.android.ondevicepersonalization
05-12 04:51:40.845 I/AconfigPackage( 9837): com.android.ipsec.flags is mapped to com.android.ipsec
05-12 04:51:40.845 I/AconfigPackage( 9837): com.android.net.ct.flags is mapped to com.android.tethering
05-12 04:51:40.845 I/AconfigPackage( 9837): com.android.net.flags is mapped to com.android.tethering
05-12 04:51:40.845 I/AconfigPackage( 9837): android.net.vcn is mapped to com.android.tethering
05-12 04:51:40.845 I/AconfigPackage( 9837): com.android.nearby.flags is mapped to com.android.tethering
05-12 04:51:40.845 I/AconfigPackage( 9837): android.net.http is mapped to com.android.tethering
05-12 04:51:40.845 I/AconfigPackage( 9837): com.android.net.thread.flags is mapped to com.android.tethering
05-12 04:51:40.845 I/AconfigPackage( 9837): com.android.org.conscrypt.flags is mapped to com.android.conscrypt
05-12 04:51:40.845 I/AconfigPackage( 9837): android.graphics.pdf.flags is mapped to com.android.mediaprovider
05-12 04:51:40.845 I/AconfigPackage( 9837): com.android.providers.media.flags is mapped to com.android.mediaprovider
05-12 04:51:40.845 I/AconfigPackage( 9837): android.graphics.pdf.flags.readonly is mapped to com.android.mediaprovider
05-12 04:51:40.845 I/AconfigPackage( 9837): com.android.wifi.flags is mapped to com.android.wifi
05-12 04:51:40.846 I/AconfigPackage( 9837): com.android.uwb.flags is mapped to com.android.uwb
05-12 04:51:40.846 I/AconfigPackage( 9837): com.android.ranging.flags is mapped to com.android.uwb
05-12 04:51:40.846 I/AconfigPackage( 9837): com.android.healthfitness.flags is mapped to com.android.healthfitness
05-12 04:51:40.846 I/AconfigPackage( 9837): com.android.adservices.flags is mapped to com.android.adservices
05-12 04:51:40.846 I/AconfigPackage( 9837): com.android.sdksandbox.flags is mapped to com.android.adservices
05-12 04:51:40.846 I/AconfigPackage( 9837): com.android.cellbroadcastreceiver.flags is mapped to com.android.cellbroadcast
05-12 04:51:40.846 I/AconfigPackage( 9837): android.media.swcodec.flags is mapped to com.android.media.swcodec
05-12 04:51:40.846 I/AconfigPackage( 9837): com.android.rkpd.flags is mapped to com.android.rkpd
05-12 04:51:40.847 I/AconfigPackage( 9837): com.android.appsearch.flags is mapped to com.android.appsearch
05-12 04:51:40.847 I/AconfigPackage( 9837): android.provider.flags is mapped to com.android.configinfrastructure
05-12 04:51:40.847 I/AconfigPackage( 9837): com.android.server.deviceconfig is mapped to com.android.configinfrastructure
05-12 04:51:40.847 I/AconfigPackage( 9837): android.uprobestats.mainline.flags is mapped to com.android.uprobestats
05-12 04:51:40.847 I/AconfigPackage( 9837): com.android.art.flags is mapped to com.android.art
05-12 04:51:40.847 I/AconfigPackage( 9837): com.android.libcore is mapped to com.android.art
05-12 04:51:40.847 I/AconfigPackage( 9837): android.os.profiling is mapped to com.android.profiling
05-12 04:51:40.848 I/AconfigPackage( 9837): com.android.media.extractor.flags is mapped to com.android.media
05-12 04:51:40.848 I/AconfigPackage( 9837): com.android.media.mainline.flags is mapped to com.android.media
05-12 04:51:40.848 I/AconfigPackage( 9837): com.android.devicelock.flags is mapped to com.android.devicelock
05-12 04:51:40.848 I/AconfigPackage( 9837): com.android.system.virtualmachine.flags is mapped to com.android.virt
05-12 04:51:40.848 I/AconfigPackage( 9837): com.android.icu is mapped to com.android.i18n
05-12 04:51:40.848 I/AconfigPackage( 9837): com.android.bluetooth.flags is mapped to com.android.bt
05-12 04:51:40.848 I/AconfigPackage( 9837): com.android.permission.flags is mapped to com.android.permission
05-12 04:51:40.849 I/AconfigPackage( 9837): com.android.os.statsd.flags is mapped to com.android.os.statsd
05-12 04:51:40.849 E/FeatureFlagsImplExport( 9837): android.os.flagging.AconfigStorageReadException: ERROR_PACKAGE_NOT_FOUND: package android.xr cannot be found on the device
05-12 04:51:40.852 D/SemCscFeature( 9837): Encoded
05-12 04:51:40.859 D/EventHub( 1232): No input device configuration file found for device 'Monkey touch'.
05-12 04:51:40.859 W/Monkey  ( 9837):  arg: "-p"
05-12 04:51:40.859 W/Monkey  ( 9837):  arg: "com.hyeni.calendar"
05-12 04:51:40.859 W/Monkey  ( 9837):  arg: "-c"
05-12 04:51:40.859 W/Monkey  ( 9837):  arg: "android.intent.category.LAUNCHER"
05-12 04:51:40.859 W/Monkey  ( 9837):  arg: "1"
05-12 04:51:40.860 W/Monkey  ( 9837): data="com.hyeni.calendar"
05-12 04:51:40.860 W/Monkey  ( 9837): data="android.intent.category.LAUNCHER"
05-12 04:51:40.860 I/EventHub( 1232): usingClockIoctl=true
05-12 04:51:40.860 I/EventHub( 1232): New device: id=37, fd=444, path='/dev/input/event8', name='Monkey touch', classes=TOUCH | TOUCH_MT, bus=6, vid:pid=18d1:0001, configuration='', keyLayout='', keyCharacterMap='', builtinKeyboard=false, 
05-12 04:51:40.862 I/InputReader( 1232): Device reconfigured: id=35, name='Monkey touch', size 1080x2340, orientation Rotation0, mode DIRECT, display id 0
05-12 04:51:40.862 I/InputReader( 1232): Device added: id=35, eventHubId=37, name='Monkey touch', descriptor='e1fe28b90f915c7d1febbd52c1ef84b3c4cbed9f',sources=TOUCHSCREEN
05-12 04:51:40.873 W/ActivityManager( 1232): registerReceiverWithFeature: no app for null
05-12 04:51:40.885 D/ActivityTaskManager( 1232): startActivityAsUser: callingPid=9837, callingUid=2000, caller=com.android.server.am.ActivityManagerService.startActivityAsUserWithFeature:27 android.app.IActivityManager$Stub.onTransact$startActivityAsUserWithFeature$:13109 android.app.IActivityManager$Stub.onTransact:4305 com.android.server.am.ActivityManagerService.onTransact:425 android.os.Binder.execTransactInternal:1457 android.os.Binder.execTransact:1401 <bottom of call stack> 
05-12 04:51:40.885 I/Pageboost( 1232): onAppLaunch : com.hyeni.calendar
05-12 04:51:40.886 W/ActivityTaskManager( 1232): callingPackage for (uid=2000, pid=9837) has no WPC
05-12 04:51:40.886 I/Pageboost( 1232): Record App IO : com.hyeni.calendar pid 0
05-12 04:51:40.886 D/ActivityTaskManager( 1232): DesktopModeLaunchParamsModifier: task=null activity=null task null, skipping
05-12 04:51:40.886 D/ActivityTaskManager( 1232): TaskLaunchParamsModifier:task=null activity=null display-area-from-current-params=null display-area-from-default-fallback=DefaultTaskDisplayArea_d0@213203392 display-id=0 task-display-area-windowing-mode=1 suggested-display-area=DefaultTaskDisplayArea_d0@213203392
05-12 04:51:40.887 I/HoneySpace.InputDeviceSourceRepositoryImpl( 2350): onInputDeviceAdded 35
05-12 04:51:40.887 I/HoneySpace.InputDeviceSourceRepositoryImpl( 2350): onInputDeviceAdded 35
05-12 04:51:40.888 W/OptProp ( 1232): Cannot read opt property android.window.PROPERTY_COMPAT_ALLOW_RESIZEABLE_ACTIVITY_OVERRIDES
05-12 04:51:40.888 I/HoneySpace.InputDeviceSourceRepositoryImpl( 2350): onInputDeviceAdded 35
05-12 04:51:40.888 W/OptProp ( 1232): Cannot read opt property android.window.PROPERTY_COMPAT_ALLOW_MIN_ASPECT_RATIO_OVERRIDE
05-12 04:51:40.888 D/WindowManager( 1232): Transition is created, t=TransitionRecord{a104d6c id=-1 type=OPEN flags=0x0}, caller=com.android.server.wm.Transition.<init>:182 com.android.server.wm.TransitionController.createAndStartCollecting:106 com.android.server.wm.ActivityStarter.executeRequest:3515 com.android.server.wm.ActivityStarter.execute:1752 com.android.server.wm.ActivityTaskManagerService.startActivityAsUser:95 
05-12 04:51:40.888 D/BLASTSyncEngine( 1232): SyncGroup is created, id=607, name=Transition-OPEN, caller=com.android.server.wm.BLASTSyncEngine$SyncGroup.<init>:52 com.android.server.wm.TransitionController.moveToCollecting:79 com.android.server.wm.TransitionController.createAndStartCollecting:109 com.android.server.wm.ActivityStarter.executeRequest:3515 com.android.server.wm.ActivityStarter.execute:1752 com.android.server.wm.ActivityTaskManagerService.startActivityAsUser:95 com.android.server.am.ActivityManagerService.startActivityAsUserWithFeature:27 
05-12 04:51:40.888 W/BLASTSyncEngine( 1232): setSyncMethod, id=607, method=0, caller=com.android.server.wm.TransitionController.moveToCollecting:91 com.android.server.wm.TransitionController.createAndStartCollecting:109 com.android.server.wm.ActivityStarter.executeRequest:3515 
05-12 04:51:40.888 V/WindowManager( 1232): Start collecting in Transition: TransitionRecord{a104d6c id=607 type=OPEN flags=0x0}, caller=com.android.server.wm.TransitionController.createAndStartCollecting:109 com.android.server.wm.ActivityStarter.executeRequest:3515 com.android.server.wm.ActivityStarter.execute:1752 com.android.server.wm.ActivityTaskManagerService.startActivityAsUser:95 com.android.server.am.ActivityManagerService.startActivityAsUserWithFeature:27 
05-12 04:51:40.888 V/WindowManager( 1232): Collecting in transition 607: ActivityRecord{235933493 u0 com.hyeni.calendar/.MainActivity, caller=com.android.server.wm.TransitionController.collect:7 com.android.server.wm.ActivityStarter.startActivityUnchecked:98 com.android.server.wm.ActivityStarter.executeRequest:3559 com.android.server.wm.ActivityStarter.execute:1752 com.android.server.wm.ActivityTaskManagerService.startActivityAsUser:95 
05-12 04:51:40.888 I/HBD     (12566): b onInputDeviceAdded :: currentPhysicalKeyboardStatus : false 
05-12 04:51:40.889 D/ActivityTaskManager( 1232): DesktopModeLaunchParamsModifier: task=null activity=ActivityRecord{235933493 u0 com.hyeni.calendar/.MainActivity t-1} task null, skipping
05-12 04:51:40.889 D/ActivityTaskManager( 1232): TaskLaunchParamsModifier:task=null activity=ActivityRecord{235933493 u0 com.hyeni.calendar/.MainActivity t-1} display-area-from-current-params=null display-area-from-default-fallback=DefaultTaskDisplayArea_d0@213203392 display-id=0 task-display-area-windowing-mode=1 suggested-display-area=DefaultTaskDisplayArea_d0@213203392
05-12 04:51:40.889 D/ActivityTaskManager( 1232): DesktopModeLaunchParamsModifier: task=null activity=ActivityRecord{235933493 u0 com.hyeni.calendar/.MainActivity t-1} task null, skipping
05-12 04:51:40.889 D/ActivityTaskManager( 1232): TaskLaunchParamsModifier:task=null activity=ActivityRecord{235933493 u0 com.hyeni.calendar/.MainActivity t-1} display-area-from-current-params=null display-area-from-default-fallback=DefaultTaskDisplayArea_d0@213203392 display-id=0 task-display-area-windowing-mode=1 suggested-display-area=DefaultTaskDisplayArea_d0@213203392 non-freeform-task-display-area display-area=DefaultTaskDisplayArea_d0@213203392 activity-requested-portrait freeform-size-mismatch=Rect(81, 562 - 999, 1732)
05-12 04:51:40.889 I/HBD     (12566): b isPhysicalKeyboard() isPhysicalKeyboard false: deviceId=35, isVirtual=false, keyboardType=0, isKeyboardTypedMouse=false 
05-12 04:51:40.890 I/SemDvfsHyPerManager( 1232): acquire hyper - AMS_APP_SWITCH/1232@24, type = -999
05-12 04:51:40.891 D/ActivityManagerPerformance( 1232): AMP_acquire() APP_SWITCH
05-12 04:51:40.891 I/HoneySpace.RecentscreenPot( 2350): createLayoutStyle: PhoneLayoutStyle(ScreenLayoutStyle(insets=Insets{left=0, top=89, right=0, bottom=135}))
05-12 04:51:40.892 I/SurfaceFlinger( 1004): id=5310 createSurf, flag=24004, Task=118#5310
05-12 04:51:40.892 D/DisplayModeController( 1004): setDesiredMode 4633128672291735939 {mode={fps=120.00 Hz, modePtr={id=0, vsyncRate=120.00 Hz, peakRefreshRate=120.00 Hz}}, emitEvent=true, force=false}
05-12 04:51:40.892 I/SemDvfsHyPerManager( 3129): acquire hyper - APP_START_SHORT/3129@15, type = -999
05-12 04:51:40.892 I/HoneySpace.TaskListPot[f25511f]( 2350): navigationButtonVisible observe: 8
05-12 04:51:40.893 I/HoneySpace.TaskListContainerView( 2350): isLastItemOutOfScreen null
05-12 04:51:40.893 I/HoneySpace.TaskListContainerView( 2350): updateNavigationButtonVisible gone
05-12 04:51:40.893 D/ActivityTaskManager( 1232): DesktopModeLaunchParamsModifier: task=Task{976cfca #118 type=standard A=10340:com.hyeni.calendar} activity=ActivityRecord{235933493 u0 com.hyeni.calendar/.MainActivity t-1} non-desktop, skipping
05-12 04:51:40.893 I/HYPER-HAL(  935): [RequestManager.cpp]acquire(): Acquired ID : 789420  [1232 / 24]    HINT : AMS_APP_SWITCH    list : 
05-12 04:51:40.893 D/ActivityTaskManager( 1232): TaskLaunchParamsModifier:task=Task{976cfca #118 type=standard A=10340:com.hyeni.calendar} activity=ActivityRecord{235933493 u0 com.hyeni.calendar/.MainActivity t-1} display-from-task=0 display-id=0 task-display-area-windowing-mode=1 suggested-display-area=DefaultTaskDisplayArea_d0@213203392 inherit-from-task=fullscreen non-freeform-task-display-area display-area=DefaultTaskDisplayArea_d0@213203392 activity-requested-portrait freeform-size-mismatch=Rect(81, 562 - 999, 1732)
05-12 04:51:40.894 D/FreecessController( 1232): restrictJobsByOlaf: restrict=true, uid=10340
05-12 04:51:40.894 V/WindowManager( 1232): Collecting in transition 607: Task{976cfca #118 type=standard A=10340:com.hyeni.calendar}, caller=com.android.server.wm.Transition.collectExistenceChange:40 com.android.server.wm.ActivityStarter.setNewTask:43 com.android.server.wm.ActivityStarter.startActivityInner:289 com.android.server.wm.ActivityStarter.startActivityUnchecked:111 com.android.server.wm.ActivityStarter.executeRequest:3559 
05-12 04:51:40.895 W/OptProp ( 1232): Cannot read opt property android.window.PROPERTY_COMPAT_ALLOW_ORIENTATION_OVERRIDE
05-12 04:51:40.895 I/HYPER-HAL(  935): [RequestManager.cpp]acquire(): Acquired ID : 4943955  [3129 / 15]    HINT : APP_START    list : [TIMEOUT / 1500] 
05-12 04:51:40.896 I/SurfaceFlinger( 1004): id=5311 createSurf, flag=84004, ActivityRecord{235933493 u0 com.hyeni.calendar/.MainActivity t118}#5311
05-12 04:51:40.896 D/OlafRestriction( 1232):  olaf state update: state=true
