05-12 04:41:19.405 E/DatabaseUtils( 3966): 	at com.android.providers.telephony.TelephonyProvider.query(TelephonyProvider.java:4425)
05-12 04:41:19.405 E/DatabaseUtils( 3966): 	at android.content.ContentProvider.query(ContentProvider.java:1667)
05-12 04:41:19.405 E/DatabaseUtils( 3966): 	at android.content.ContentProvider.query(ContentProvider.java:1763)
05-12 04:41:19.405 E/DatabaseUtils( 3966): 	at android.content.ContentProvider$Transport.query(ContentProvider.java:305)
05-12 04:41:19.405 E/DatabaseUtils( 3966): 	at android.content.ContentProviderNative.onTransact(ContentProviderNative.java:107)
05-12 04:41:19.405 E/DatabaseUtils( 3966): 	at android.os.Binder.execTransactInternal(Binder.java:1515)
05-12 04:41:19.405 E/DatabaseUtils( 3966): 	at android.os.Binder.execTransact(Binder.java:1453)
05-12 04:41:19.406 E/RequestContextBuilder( 6985): Could not get APN after (but including) LollipopMr1: 
05-12 04:41:19.406 E/RequestContextBuilder( 6985): java.lang.SecurityException: No permission to access APN settings
05-12 04:41:19.406 E/RequestContextBuilder( 6985): 	at android.os.Parcel.createExceptionOrNull(Parcel.java:3241)
05-12 04:41:19.406 E/RequestContextBuilder( 6985): 	at android.os.Parcel.createException(Parcel.java:3225)
05-12 04:41:19.406 E/RequestContextBuilder( 6985): 	at android.os.Parcel.readException(Parcel.java:3208)
05-12 04:41:19.406 E/RequestContextBuilder( 6985): 	at android.database.DatabaseUtils.readExceptionFromParcel(DatabaseUtils.java:203)
05-12 04:41:19.406 E/RequestContextBuilder( 6985): 	at android.database.DatabaseUtils.readExceptionFromParcel(DatabaseUtils.java:155)
05-12 04:41:19.406 E/RequestContextBuilder( 6985): 	at android.content.ContentProviderProxy.query(ContentProviderNative.java:495)
05-12 04:41:19.406 E/RequestContextBuilder( 6985): 	at android.content.ContentResolver.query(ContentResolver.java:1229)
05-12 04:41:19.406 E/RequestContextBuilder( 6985): 	at android.content.ContentResolver.query(ContentResolver.java:1161)
05-12 04:41:19.406 E/RequestContextBuilder( 6985): 	at android.content.ContentResolver.query(ContentResolver.java:1117)
05-12 04:41:19.406 E/RequestContextBuilder( 6985): 	at bkmf.b(PG:113)
05-12 04:41:19.406 E/RequestContextBuilder( 6985): 	at bkmf.a(PG:137)
05-12 04:41:19.406 E/RequestContextBuilder( 6985): 	at bkid.a(PG:608)
05-12 04:41:19.406 E/RequestContextBuilder( 6985): 	at bkic.s(PG:5)
05-12 04:41:19.406 E/RequestContextBuilder( 6985): 	at bkic.n(PG:52)
05-12 04:41:19.406 E/RequestContextBuilder( 6985): 	at qre.call(PG:435)
05-12 04:41:19.406 E/RequestContextBuilder( 6985): 	at bmtl.a(PG:3)
05-12 04:41:19.406 E/RequestContextBuilder( 6985): 	at bmsq.run(PG:19)
05-12 04:41:19.406 E/RequestContextBuilder( 6985): 	at bmtm.run(PG:5)
05-12 04:41:19.406 E/RequestContextBuilder( 6985): 	at java.util.concurrent.ThreadPoolExecutor.runWorker(ThreadPoolExecutor.java:1154)
05-12 04:41:19.406 E/RequestContextBuilder( 6985): 	at java.util.concurrent.ThreadPoolExecutor$Worker.run(ThreadPoolExecutor.java:652)
05-12 04:41:19.406 E/RequestContextBuilder( 6985): 	at vot.run(PG:636)
05-12 04:41:19.406 E/RequestContextBuilder( 6985): 	at java.lang.Thread.run(Thread.java:1564)
05-12 04:41:19.427 D/PaySecureElementClient( 6985): Felica app not found; returning isSecureElementAvailable = false!
05-12 04:41:19.428 D/BiometricService( 2878): canAuthenticate: User=0, Caller=0, Authenticators=65536
05-12 04:41:19.428 E/BiometricService( 2878): Non-biometric, non-credential bits found. Authenticators: 65536
05-12 04:41:19.429 D/BiometricService( 2878): canAuthenticate: User=0, Caller=0, Authenticators=255
05-12 04:41:19.429 D/BiometricService/PreAuthInfo( 2878): Package: com.android.vending Sensor ID: 1008 Modality: 8 Status: 4
05-12 04:41:19.429 D/BiometricService/PreAuthInfo( 2878): Package: com.android.vending Sensor ID: 0 Modality: 2 Status: 1
05-12 04:41:19.429 D/BiometricService/PreAuthInfo( 2878): getCanAuthenticateInternal Modality: 2 AuthenticatorStatus: 1
05-12 04:41:19.429 D/AuthService( 2878): canAuthenticate, userId: 0, callingUserId: 0, authenticators: 255, result: 0
05-12 04:41:19.430 D/BiometricService( 2878): canAuthenticate: User=0, Caller=0, Authenticators=255
05-12 04:41:19.430 D/BiometricService/PreAuthInfo( 2878): Package: com.android.vending Sensor ID: 1008 Modality: 8 Status: 4
05-12 04:41:19.430 D/BiometricService/PreAuthInfo( 2878): Package: com.android.vending Sensor ID: 0 Modality: 2 Status: 1
05-12 04:41:19.430 D/BiometricService/PreAuthInfo( 2878): getCanAuthenticateInternal Modality: 2 AuthenticatorStatus: 1
05-12 04:41:19.430 D/AuthService( 2878): canAuthenticate, userId: 0, callingUserId: 0, authenticators: 255, result: 0
05-12 04:41:19.435 D/BiometricService( 2878): canAuthenticate: User=0, Caller=0, Authenticators=15
05-12 04:41:19.435 D/BiometricService/PreAuthInfo( 2878): Package: com.android.vending Sensor ID: 1008 Modality: 8 Status: 4
05-12 04:41:19.435 D/BiometricService/PreAuthInfo( 2878): Package: com.android.vending Sensor ID: 0 Modality: 2 Status: 1
05-12 04:41:19.436 D/BiometricService/PreAuthInfo( 2878): getCanAuthenticateInternal Modality: 2 AuthenticatorStatus: 1
05-12 04:41:19.436 D/AuthService( 2878): canAuthenticate, userId: 0, callingUserId: 0, authenticators: 15, result: 0
05-12 04:41:19.436 D/BiometricService( 2878): canAuthenticate: User=0, Caller=0, Authenticators=32768
05-12 04:41:19.436 D/BiometricService/PreAuthInfo( 2878): getCanAuthenticateInternal Modality: 1 AuthenticatorStatus: 1
05-12 04:41:19.436 D/AuthService( 2878): canAuthenticate, userId: 0, callingUserId: 0, authenticators: 32768, result: 0
05-12 04:41:19.436 D/BiometricService( 2878): canAuthenticate: User=0, Caller=0, Authenticators=15
05-12 04:41:19.437 D/BiometricService/PreAuthInfo( 2878): Package: com.android.vending Sensor ID: 1008 Modality: 8 Status: 4
05-12 04:41:19.437 D/BiometricService/PreAuthInfo( 2878): Package: com.android.vending Sensor ID: 0 Modality: 2 Status: 1
05-12 04:41:19.437 D/BiometricService/PreAuthInfo( 2878): getCanAuthenticateInternal Modality: 2 AuthenticatorStatus: 1
05-12 04:41:19.437 D/AuthService( 2878): canAuthenticate, userId: 0, callingUserId: 0, authenticators: 15, result: 0
05-12 04:41:19.439 D/BiometricService( 2878): canAuthenticate: User=0, Caller=0, Authenticators=15
05-12 04:41:19.440 D/BiometricService/PreAuthInfo( 2878): Package: com.android.vending Sensor ID: 1008 Modality: 8 Status: 4
05-12 04:41:19.440 D/BiometricService/PreAuthInfo( 2878): Package: com.android.vending Sensor ID: 0 Modality: 2 Status: 1
05-12 04:41:19.440 D/BiometricService/PreAuthInfo( 2878): getCanAuthenticateInternal Modality: 2 AuthenticatorStatus: 1
05-12 04:41:19.440 D/AuthService( 2878): canAuthenticate, userId: 0, callingUserId: 0, authenticators: 15, result: 0
05-12 04:41:19.464 D/BiometricService( 2878): Sensor ID(1008), oemStrength: 4095, updatedStrength: 4095, modality 8, state: 0, cookie: 0, sensorId 1008, hasEnrollments: false cannot participate in Keystore operations
05-12 04:41:19.470 E/KeymasterUtils( 1162): rsp_header->status: -28
05-12 04:41:19.471 E/KeyMasterHalDevice( 1162): abort_operation
05-12 04:41:19.471 E/KeyMasterHalDevice( 1162): ret: -28
05-12 04:41:19.478 D/BiometricService( 2878): canAuthenticate: User=0, Caller=0, Authenticators=15
05-12 04:41:19.478 D/BiometricService/PreAuthInfo( 2878): Package: com.android.vending Sensor ID: 1008 Modality: 8 Status: 4
05-12 04:41:19.479 D/BiometricService/PreAuthInfo( 2878): Package: com.android.vending Sensor ID: 0 Modality: 2 Status: 1
05-12 04:41:19.479 D/BiometricService/PreAuthInfo( 2878): getCanAuthenticateInternal Modality: 2 AuthenticatorStatus: 1
05-12 04:41:19.479 D/AuthService( 2878): canAuthenticate, userId: 0, callingUserId: 0, authenticators: 15, result: 0
05-12 04:41:20.561 D/WifiStaIfaceHidlImpl( 2878): getCachedScanData is not implemented by HIDL
05-12 04:41:21.621 I/android.hardware.thermal@2.0-service.qti-v2( 3383): Sensor Name:skin1 temp: 33.127. prev severity:0. cur severity:0 New severity:0
05-12 04:41:21.834 D/IpClient/wlan0( 3793): interfaceLinkStateChanged: ifindex 27 up
05-12 04:41:21.860 D/BoundBrokerSvc( 4147): onUnbind: Intent { act=com.google.android.gms.common.telemetry.service.START dat=chimera-action:/... cmp=com.google.android.gms/.chimera.PersistentApiService }
05-12 04:41:22.453 D/ProfileInstaller(32294): Installing profile for com.hyeni.calendar
05-12 04:41:23.609 D/WifiStaIfaceHidlImpl( 2878): getCachedScanData is not implemented by HIDL
05-12 04:41:26.033 D/InetDiagMessage( 2878): Destroyed 0 sockets, proto=IPPROTO_TCP, family=AF_INET, states=14
05-12 04:41:26.035 D/InetDiagMessage( 2878): Destroyed 0 sockets, proto=IPPROTO_TCP, family=AF_INET6, states=14
05-12 04:41:26.035 D/InetDiagMessage( 2878): Destroyed live tcp sockets for uids={10312} in 5ms
05-12 04:41:26.037 D/InetDiagMessage( 2878): Destroyed 0 sockets, proto=IPPROTO_TCP, family=AF_INET, states=14
05-12 04:41:26.038 D/InetDiagMessage( 2878): Destroyed 0 sockets, proto=IPPROTO_TCP, family=AF_INET6, states=14
05-12 04:41:26.038 D/InetDiagMessage( 2878): Destroyed live tcp sockets for uids={20312} in 3ms
05-12 04:41:26.621 I/android.hardware.thermal@2.0-service.qti-v2( 3383): Sensor Name:skin1 temp: 33.118. prev severity:0. cur severity:0 New severity:0
05-12 04:41:26.653 D/WifiStaIfaceHidlImpl( 2878): getCachedScanData is not implemented by HIDL
05-12 04:41:26.900 D/BoundBrokerSvc( 4848): onUnbind: Intent { act=com.google.android.gms.measurement.START pkg=com.google.android.gms }
05-12 04:41:26.919 W/llpaper.pixel4d(32308): userfaultfd: MOVE ioctl seems unsupported: Connection timed out
05-12 04:41:26.961 I/llpaper.pixel4d(32308): Background concurrent mark compact GC freed 12MB AllocSpace bytes, 129(23MB) LOS objects, 75% free, 8537KB/33MB, paused 1.945ms,8.313ms total 207.292ms
05-12 04:41:26.967 W/llpaper.pixel4d(32308): ApkAssets: Deleting an ApkAssets object '<empty> and /data/app/~~AgYwycswZduHCKSLalvhkA==/com.google.android.webview-yarYKlzPKoJVS4vuQnwivg==/base.apk' with 2 weak references
05-12 04:41:26.968 D/PowerManagerService( 2878): nativeReleaseSuspendBlocker name:PowerManagerService.WakeLocks duration ms: 0
05-12 04:41:26.969 D/CompatChangeReporter( 2878): Compat change id reported: 261072174; UID 10464; state: ENABLED
05-12 04:41:26.971 D/CompatChangeReporter( 2878): Compat change id reported: 271850009; UID 10464; state: ENABLED
05-12 04:41:26.971 W/JobScheduler( 2878): Job didn't exist in JobStore: bb18382 #u0a464/97 helectronsoft.com.live.wallpaper.pixel4d/androidx.work.impl.background.systemjob.SystemJobService
05-12 04:41:26.971 D/CompatChangeReporter( 2878): Compat change id reported: 253665015; UID 10464; state: ENABLED
05-12 04:41:26.977 I/ActivityManager( 2878): Killing 27688:com.google.android.tts/u0a306 (adj 999, setSvc -10000): empty #31
05-12 04:41:27.017 I/libprocessgroup( 2878): Removed cgroup /sys/fs/cgroup/uid_10306/pid_27688
05-12 04:41:27.017 I/Zygote  ( 1508): Process 27688 exited due to signal 9 (Killed)
05-12 04:41:27.017 W/libprocessgroup( 2878): RemoveCgroup: /dev/memcg/apps/uid_10306/pid_27688 does not exist.
05-12 04:41:27.018 I/ActivityManager( 2878): appDiedLocked: app=ProcessRecord{6b9f688 27688:com.google.android.tts/u0a306} thread=android.os.BinderProxy@ad3620 fromBinderDied=true isKilledByAm=true reason=null
05-12 04:41:27.022 D/RestartModeController( 2878): markWaitRestartAppIsSuicided null processName=com.google.android.tts
05-12 04:41:27.022 D/ActivityTaskManager( 2878): handleAppDied: uid=10306,diedCount=1,lastDiedTime=4394298,forceStopUids=false
05-12 04:41:27.023 D/DisplayManagerService( 2878): Drop pending events for gone uid 10306
05-12 04:41:27.024 D/ForegroundUtils( 6501): UID: 10306 deleted.
05-12 04:41:27.162 E/ActivityThread(32308): Failed to find provider info for com.zipoapps.testykal.provider.TestyContentProvider
05-12 04:41:27.196 I/Ads     (32308): Use RequestConfiguration.Builder().setTestDeviceIds(Arrays.asList("2CE113E8AC4B73EC7502AC0B6073A85B")) to get test ads on this device.
05-12 04:41:27.223 D/ConnectivityService( 2878): requestNetwork for uid/pid:10464/32308 activeRequest: null callbackRequest: 588 [NetworkRequest [ REQUEST id=589, [ Capabilities: INTERNET&NOT_RESTRICTED&TRUSTED&NOT_VCN_MANAGED&NOT_BANDWIDTH_CONSTRAINED Uid: 10464 RequestorUid: 10464 RequestorPkg: helectronsoft.com.live.wallpaper.pixel4d UnderlyingNetworks: Null] ]] callback flags: 0 order: 2147483647 isUidTracked: false declaredMethods: AVAIL|LOST|NC
05-12 04:41:27.226 D/WifiNetworkFactory( 2878): got request NetworkRequest [ REQUEST id=589, [ Capabilities: INTERNET&NOT_RESTRICTED&TRUSTED&NOT_VCN_MANAGED&NOT_BANDWIDTH_CONSTRAINED Uid: 10464 RequestorUid: 10464 RequestorPkg: helectronsoft.com.live.wallpaper.pixel4d UnderlyingNetworks: Null] ]
05-12 04:41:27.226 D/UntrustedWifiNetworkFactory( 2878): got request NetworkRequest [ REQUEST id=589, [ Capabilities: INTERNET&NOT_RESTRICTED&TRUSTED&NOT_VCN_MANAGED&NOT_BANDWIDTH_CONSTRAINED Uid: 10464 RequestorUid: 10464 RequestorPkg: helectronsoft.com.live.wallpaper.pixel4d UnderlyingNetworks: Null] ]
05-12 04:41:27.227 D/OemPaidWifiNetworkFactory( 2878): got request NetworkRequest [ REQUEST id=589, [ Capabilities: INTERNET&NOT_RESTRICTED&TRUSTED&NOT_VCN_MANAGED&NOT_BANDWIDTH_CONSTRAINED Uid: 10464 RequestorUid: 10464 RequestorPkg: helectronsoft.com.live.wallpaper.pixel4d UnderlyingNetworks: Null] ]
05-12 04:41:27.227 D/MultiInternetWifiNetworkFactory( 2878): got request NetworkRequest [ REQUEST id=589, [ Capabilities: INTERNET&NOT_RESTRICTED&TRUSTED&NOT_VCN_MANAGED&NOT_BANDWIDTH_CONSTRAINED Uid: 10464 RequestorUid: 10464 RequestorPkg: helectronsoft.com.live.wallpaper.pixel4d UnderlyingNetworks: Null] ]
05-12 04:41:27.227 D/ConnectivityService( 2878): NetReassign [589 : null → 103] [c 1] [a 0] [i 3]
05-12 04:41:27.228 D/CompatChangeReporter( 2878): Compat change id reported: 161145287; UID 10464; state: ENABLED
05-12 04:41:27.259 W/SQLiteLog( 4848): (28) double-quoted string literal: "1778355687258"
05-12 04:41:27.260 W/SQLiteLog( 4848): (28) double-quoted string literal: "1"
05-12 04:41:27.260 D/BoundBrokerSvc( 4848): onBind: Intent { act=com.google.android.gms.ads.identifier.service.EVENT_ATTESTATION pkg=com.google.android.gms }
05-12 04:41:27.260 D/BoundBrokerSvc( 4848): Loading bound service for intent: Intent { act=com.google.android.gms.ads.identifier.service.EVENT_ATTESTATION pkg=com.google.android.gms }
05-12 04:41:27.271 E/llpaper.pixel4d(32308): No package ID 6a found for resource ID 0x6a0b0013.
05-12 04:41:27.278 W/ServiceBindIntentUtils(32308): Dynamic lookup for intent failed for action: com.google.android.gms.ads.service.CACHE
05-12 04:41:27.287 D/BoundBrokerSvc( 4848): onBind: Intent { act=com.google.android.gms.ads.service.CACHE pkg=com.google.android.gms }
05-12 04:41:27.287 D/BoundBrokerSvc( 4848): Loading bound service for intent: Intent { act=com.google.android.gms.ads.service.CACHE pkg=com.google.android.gms }
05-12 04:41:27.289 D/nativeloader(32308): Configuring clns-13 for other apk . target_sdk_version=34, uses_libraries=ALL, library_path=, permitted_path=/data:/mnt/expand
05-12 04:41:27.289 D/nativeloader(32308): Extending system_exposed_libraries: libbinauralrenderer_wrapper.qti.so:libhoaeffects.qti.so:libjni_helper.motocameradesktop.so:libimgTuner_jni.motoimagetuner.so:libparamupdater_jni.motoparamupdater.so:libupdateprof.qti.so:libdiag_system.qti.so:libqape.qti.so:libqesdk_ndk_platform.qti.so:liblistenjni.qti.so
05-12 04:41:27.291 D/nativeloader(32308): Load /data/user/0/helectronsoft.com.live.wallpaper.pixel4d/app_pccache/5/A6422CD2CF82BB9C0EAF521C1BF6CC70ABCF649F/pcam.jar!/libdD4A81C1B0C8F.so using isolated ns clns-13 (caller=/data/user/0/helectronsoft.com.live.wallpaper.pixel4d/app_pccache/5/A6422CD2CF82BB9C0EAF521C1BF6CC70ABCF649F/pcam.jar): ok
05-12 04:41:27.286 W/AdWorker(Defaul(32308): type=1400 audit(0.0:8149): avc:  granted  { execute } for  path="/data/data/helectronsoft.com.live.wallpaper.pixel4d/app_pccache/5/A6422CD2CF82BB9C0EAF521C1BF6CC70ABCF649F/pcam.jar" dev="dm-56" ino=371111 scontext=u:r:untrusted_app:s0:c208,c257,c512,c768 tcontext=u:object_r:app_data_file:s0:c208,c257,c512,c768 tclass=file app=helectronsoft.com.live.wallpaper.pixel4d
05-12 04:41:27.314 E/SafeInvoker( 2878): Service invocation returned exception
05-12 04:41:27.314 E/SafeInvoker( 2878): android.content.pm.PackageManager$NameNotFoundException: com.motorola.securevault
05-12 04:41:27.314 E/SafeInvoker( 2878): 	at android.app.ApplicationPackageManager.getApplicationInfoAsUser(ApplicationPackageManager.java:528)
05-12 04:41:27.314 E/SafeInvoker( 2878): 	at android.app.ApplicationPackageManager.getApplicationInfo(ApplicationPackageManager.java:511)
05-12 04:41:27.314 E/SafeInvoker( 2878): 	at android.app.ApplicationPackageManager.getApplicationInfo(ApplicationPackageManager.java:505)
05-12 04:41:27.314 E/SafeInvoker( 2878): 	at android.app.ApplicationPackageManager.getResourcesForApplication(ApplicationPackageManager.java:2134)
05-12 04:41:27.314 E/SafeInvoker( 2878): 	at com.motorola.server.security.securevault.utils.Utils.getApplicationResourceIdentifier(Utils.java:82)
05-12 04:41:27.314 E/SafeInvoker( 2878): 	at com.motorola.server.security.securevault.utils.Utils.getVaultProfileFilterList(Utils.java:132)
05-12 04:41:27.314 E/SafeInvoker( 2878): 	at com.motorola.server.security.securevault.UserFilteringPolicy.lambda$shouldExcludeVaultProfile$0(UserFilteringPolicy.java:22)
05-12 04:41:27.314 E/SafeInvoker( 2878): 	at com.motorola.server.security.securevault.UserFilteringPolicy.$r8$lambda$jR7E2mX-Lw2CinGTcPdwj0zFoNY(UserFilteringPolicy.java:0)
05-12 04:41:27.314 E/SafeInvoker( 2878): 	at com.motorola.server.security.securevault.UserFilteringPolicy$$ExternalSyntheticLambda0.call(R8$$SyntheticClass:0)
05-12 04:41:27.314 E/SafeInvoker( 2878): 	at com.motorola.server.security.securevault.invoker.SafeInvoker.invokeWithClearCallingReturnable(SafeInvoker.java:65)
05-12 04:41:27.314 E/SafeInvoker( 2878): 	at com.motorola.server.security.securevault.invoker.SafeInvoker.invokeWithClearCallingWithBooleanReturn(SafeInvoker.java:99)
05-12 04:41:27.314 E/SafeInvoker( 2878): 	at com.motorola.server.security.securevault.UserFilteringPolicy.shouldExcludeVaultProfile(UserFilteringPolicy.java:19)
05-12 04:41:27.314 E/SafeInvoker( 2878): 	at com.motorola.server.security.securevault.SecureVault.shouldExcludeVaultProfile(SecureVault.java:378)
05-12 04:41:27.314 E/SafeInvoker( 2878): 	at com.motorola.server.security.MotoSecurityManagerService$1.shouldExcludeVaultProfile(MotoSecurityManagerService.java:449)
05-12 04:41:27.314 E/SafeInvoker( 2878): 	at com.motorola.internal.security.MotoSecurityManager.shouldExcludeVaultProfile(MotoSecurityManager.java:735)
05-12 04:41:27.314 E/SafeInvoker( 2878): 	at com.motorola.internal.security.MotoSecurityUtils.shouldExcludeVaultProfile(MotoSecurityUtils.java:240)
05-12 04:41:27.314 E/SafeInvoker( 2878): 	at com.android.server.pm.UserManagerService.getProfileIds(UserManagerService.java:1534)
05-12 04:41:27.314 E/SafeInvoker( 2878): 	at com.android.server.pm.UserManagerService.getProfileIds(UserManagerService.java:1517)
05-12 04:41:27.314 E/SafeInvoker( 2878): 	at com.android.server.wm.ActivityTaskManagerService.getTasks(ActivityTaskManagerService.java:2699)
05-12 04:41:27.314 E/SafeInvoker( 2878): 	at android.app.IActivityTaskManager$Stub.onTransact(IActivityTaskManager.java:1380)
05-12 04:41:27.314 E/SafeInvoker( 2878): 	at com.android.server.wm.ActivityTaskManagerService.onTransact(ActivityTaskManagerService.java:6149)
05-12 04:41:27.314 E/SafeInvoker( 2878): 	at android.os.Binder.execTransactInternal(Binder.java:1515)
05-12 04:41:27.314 E/SafeInvoker( 2878): 	at android.os.Binder.execTransact(Binder.java:1453)
05-12 04:41:27.320 W/ServiceBindIntentUtils(32308): Dynamic lookup for intent failed for action: com.google.android.gms.ads.service.START
05-12 04:41:27.326 D/BoundBrokerSvc( 4848): onBind: Intent { act=com.google.android.gms.ads.service.START pkg=com.google.android.gms }
05-12 04:41:27.326 D/BoundBrokerSvc( 4848): Loading bound service for intent: Intent { act=com.google.android.gms.ads.service.START pkg=com.google.android.gms }
05-12 04:41:27.330 D/BoundBrokerSvc( 4848): onBind: Intent { act=com.google.android.gms.ads.identifier.service.EVENT_ATTESTATION dat=chimera-action:/... cmp=com.google.android.gms/.chimera.GmsBoundBrokerService }
05-12 04:41:27.330 D/BoundBrokerSvc( 4848): Loading bound service for intent: Intent { act=com.google.android.gms.ads.identifier.service.EVENT_ATTESTATION dat=chimera-action:/... cmp=com.google.android.gms/.chimera.GmsBoundBrokerService }
05-12 04:41:27.356 W/SQLiteLog( 4848): (28) double-quoted string literal: "1778355687356"
05-12 04:41:27.357 W/SQLiteLog( 4848): (28) double-quoted string literal: "1"
05-12 04:41:27.388 D/ConnectivityService( 2878): requestNetwork for uid/pid:10217/4848 activeRequest: null callbackRequest: 590 [NetworkRequest [ TRACK_DEFAULT id=591, [ Capabilities: INTERNET&NOT_RESTRICTED&TRUSTED&NOT_VCN_MANAGED&NOT_BANDWIDTH_CONSTRAINED Uid: 10217 RequestorUid: 10217 RequestorPkg: com.google.android.gms UnderlyingNetworks: Null] ], NetworkRequest [ REQUEST id=592, [ Transports: SATELLITE Capabilities: INTERNET&NOT_RESTRICTED&TRUSTED&NOT_VCN_MANAGED Uid: 10217 RequestorUid: 10217 RequestorPkg: com.google.android.gms UnderlyingNetworks: Null] ]] callback flags: 0 order: 2147483647 isUidTracked: false declaredMethods: AVAIL|LOST|NC|LP
05-12 04:41:27.393 D/ConnectivityService( 2878): NetReassign [591 : null → 103] [c 0] [a 1] [i 3]
05-12 04:41:27.398 D/ConnectivityService( 2878): NetReassign [no changes] [c 0] [a 2] [i 3]
05-12 04:41:27.419 V/GrammaticalInflectionUtils( 2878): AttributionSource: android.content.AttributionSource@863a61d1 does not have READ_SYSTEM_GRAMMATICAL_GENDER permission.
05-12 04:41:27.421 W/MotoBatteryCareService( 2878): uid: 10217 pkgName:com.google.android.gms come to foreground
05-12 04:41:27.421 W/MotoBatteryCareService( 2878): uid: 10217 pkgName:com.google.android.gsf come to foreground
05-12 04:41:27.434 D/Zygote  ( 3751): Forked child process 32668
05-12 04:41:27.437 I/ActivityManager( 2878): Start proc 32668:com.google.android.webview:sandboxed_process0:org.chromium.content.app.SandboxedProcessService0:4/u0i18 for  {com.google.android.gms/org.chromium.content.app.SandboxedProcessService0:4}
05-12 04:41:27.441 E/libc    (32668): SetHeapTaggingLevel: re-enabling tagging after it was disabled is not supported
05-12 04:41:27.447 I/ocessService0:4(32668): Using CollectorTypeCMC GC.
05-12 04:41:27.453 D/nativeloader(32668): Load libframework-connectivity-tiramisu-jni.so using APEX ns com_android_tethering for caller /apex/com.android.tethering/javalib/framework-connectivity-t.jar: ok
05-12 04:41:27.465 D/ForegroundUtils( 6501): Foreground UID status: 10199, false; 10348, false; 10380, true; 10390, true; 10399, false; 10523, false; 99016, true; 
05-12 04:41:27.476 D/ApplicationLoaders(32668): Returning zygote-cached class loader: /system/framework/android.test.base.jar
05-12 04:41:27.476 D/ApplicationLoaders(32668): Returning zygote-cached class loader: /system_ext/framework/androidx.window.extensions.jar
05-12 04:41:27.486 I/cr_WebViewApkApp(32668): version=147.0.7727.138 (772713803) minSdkVersion=29 processName=com.google.android.webview:sandboxed_process0:org.chromium.content.app.SandboxedProcessService0:4 splits=<none>
05-12 04:41:27.488 I/Typeface(32668): updateThemeFont new=Exo2-Regular;old=sans-serif;new=Exo2-Stacked;old=
05-12 04:41:27.488 I/ActivityManager( 2878): Flag disabled. Ignoring finishAttachApplication from uid: 99018. pid: 32668
05-12 04:41:27.490 I/cr_ChildProcessService(32668): Creating new ChildProcessService pid=32668
05-12 04:41:27.501 I/cr_LibraryLoader(32668): Successfully loaded native library
05-12 04:41:27.502 I/cr_CachingUmaRecorder(32668): Flushed 2 samples from 2 histograms, 0 samples were dropped.
05-12 04:41:27.503 W/chromium(32668): [WARNING:content/app/android/content_main_android.cc:82] android_setCpu already initialized
05-12 04:41:27.523 W/chromium(32668): [WARNING:content/child/runtime_features.cc:537] Fenced frames cannot be enabled in this configuration. Use --enable-features=FencedFrames instead.
05-12 04:41:27.523 W/chromium(32668): [WARNING:content/child/runtime_features.cc:562] Topics cannot be enabled in this configuration. Use --enable-features=BrowsingTopics in addition.
05-12 04:41:27.523 W/chromium(32668): [WARNING:content/child/runtime_features.cc:583] SharedStorage cannot be enabled in this configuration. Use --enable-features=SharedStorageAPI in addition.
05-12 04:41:27.646 W/ProcessStats( 2878): Tracking association SourceState{bc51f47 com.hyeni.calendar/10523 Top #20743} whose proc state 1 is better than process ProcessState{e70ce34 com.google.android.gms.persistent/10217 pkg=com.google.android.gms} proc state 4 (180 skipped)
05-12 04:41:28.284 D/addPss  ( 2878): tracker=ProcessState{b3cb93f com.hyeni.calendar/10523 pkg=com.hyeni.calendar}
05-12 04:41:29.695 D/WifiStaIfaceHidlImpl( 2878): getCachedScanData is not implemented by HIDL
05-12 04:41:29.968 I/keystore2( 1239): system/security/keystore2/watchdog/src/lib.rs:319 - Watchdog thread idle -> terminating. Have a great day.
05-12 04:41:30.689 I/ActivityManager( 2878): Killing 32574:com.google.android.webview:sandboxed_process0:org.chromium.content.app.SandboxedProcessService0:0/u0a464i17 (adj 0, setSvc -10000): isolated not needed
05-12 04:41:30.727 I/ActivityManager( 2878): appDiedLocked: app=ProcessRecord{f71d41e 32574:com.google.android.webview:sandboxed_process0:org.chromium.content.app.SandboxedProcessService0:0/u0a464i17} thread=android.os.BinderProxy@574a09d fromBinderDied=true isKilledByAm=true reason=null
05-12 04:41:30.728 I/Zygote  ( 3751): Process 32574 exited due to signal 9 (Killed)
05-12 04:41:30.729 I/libprocessgroup( 2878): Removed cgroup /sys/fs/cgroup/uid_99017/pid_32574
05-12 04:41:30.729 W/libprocessgroup( 2878): RemoveCgroup: /dev/memcg/apps/uid_99017/pid_32574 does not exist.
05-12 04:41:30.730 D/ActivityTaskManager( 2878): handleAppDied: uid=99017,diedCount=0,lastDiedTime=0,forceStopUids=false
05-12 04:41:30.730 D/DisplayManagerService( 2878): Drop pending events for gone uid 99017
05-12 04:41:30.730 D/ForegroundUtils( 6501): UID: 99017 deleted.
05-12 04:41:31.038 D/ActivityManager( 2878): freezing 31092 com.google.android.webview:webview_service, reason = oom_cached
05-12 04:41:31.043 D/InetDiagMessage( 2878): Destroyed 0 sockets, proto=IPPROTO_TCP, family=AF_INET, states=14
05-12 04:41:31.045 D/InetDiagMessage( 2878): Destroyed 0 sockets, proto=IPPROTO_TCP, family=AF_INET6, states=14
05-12 04:41:31.045 D/InetDiagMessage( 2878): Destroyed live tcp sockets for uids={10312} in 3ms
05-12 04:41:31.468 E/ANDR-PERF-OPTSHANDLER( 1836): Unable to find the correct node storage pointers for                   resource index=67, node path=/proc/sys/walt/sched_upmigrate
05-12 04:41:31.468 E/ANDR-PERF-OPTSHANDLER( 1836): Unable to find the correct node storage pointers for                   resource index=67, node path=/proc/sys/walt/sched_downmigrate
05-12 04:41:31.468 E/ANDR-PERF-RESOURCEQS( 1836): Failed to reset optimization [3, 56]
05-12 04:41:31.468 E/ANDR-PERF-RESOURCEQS( 1836): Failed to reset optimization [3, 61]
05-12 04:41:31.505 W/BpBinder(32692): Linking to death on android.gui.ISurfaceComposer but there are no threads (yet?) listening to incoming transactions. See ProcessState::startThreadPool and ProcessState::setThreadPoolMaxThreadCount. Generally you should setup the binder threadpool before other initialization steps.
05-12 04:41:31.505 W/ProcessState(32692): Extra binder thread started, but 0 threads requested. Do not use *startThreadPool when zero threads are requested.
05-12 04:41:31.540 D/AndroidRuntime(32694): >>>>>> START com.android.internal.os.RuntimeInit uid 2000 <<<<<<
05-12 04:41:31.542 I/app_process(32694): MMAP_TRYLOCK is supported in uffd errno:2 addr:0x721b92b000 size:4096
05-12 04:41:31.542 I/AndroidRuntime(32694): Using default boot image
05-12 04:41:31.542 I/AndroidRuntime(32694): Leaving lock profiling enabled
05-12 04:41:31.544 I/app_process(32694): Using CollectorTypeCMC GC.
05-12 04:41:31.562 W/MediaProvider( 6385): isAppCloneUserPair for user 0: false
05-12 04:41:31.578 D/PowerManagerService( 2878): nativeAcquireSuspendBlocker name:PowerManagerService.WakeLocks duration ms: 1
05-12 04:41:31.591 D/nativeloader(32694): InitDefaultPublicLibraries for_preload=1: libandroid.so:libaaudio.so:libamidi.so:libbinder_ndk.so:libc.so:libcamera2ndk.so:libdl.so:libEGL.so:libGLESv1_CM.so:libGLESv2.so:libGLESv3.so:libicu.so:libicui18n.so:libicuuc.so:libjnigraphics.so:liblog.so:libmediandk.so:libm.so:libnativehelper.so:libnativewindow.so:libOpenMAXAL.so:libOpenSLES.so:libRS.so:libstdc++.so:libsync.so:libvulkan.so:libwebviewchromium_plat_support.so:libz.so
05-12 04:41:31.596 D/nativeloader(32694): Load libicu_jni.so using APEX ns com_android_art for caller /apex/com.android.art/javalib/core-oj.jar: ok
05-12 04:41:31.596 D/app_process(32694): u_setTimeZoneFilesDirectory("/apex/com.android.tzdata/etc/tz/versioned/8/icu") succeeded. 
05-12 04:41:31.596 D/app_process(32694): I18n APEX ICU file found: /apex/com.android.i18n/etc/icu/icudt75l.dat
05-12 04:41:31.597 D/nativeloader(32694): Load libjavacore.so using APEX ns com_android_art for caller /apex/com.android.art/javalib/core-oj.jar: ok
05-12 04:41:31.598 D/nativeloader(32694): Load libopenjdk.so using APEX ns com_android_art for caller /apex/com.android.art/javalib/core-oj.jar: ok
05-12 04:41:31.598 I/app_process(32694): Priority-to-niceness mapping: 19, 16, 13, 10, 0, -2, -4, -5, -6, -8
05-12 04:41:31.599 I/NetworkScheduler.Stats( 4147): (REDACTED) Task %s/%s started execution. cause:%s exec_start_elapsed_seconds: %s
05-12 04:41:31.601 D/PowerManagerService( 2878): nativeReleaseSuspendBlocker name:PowerManagerService.WakeLocks duration ms: 1
05-12 04:41:31.603 D/PowerManagerService( 2878): nativeAcquireSuspendBlocker name:PowerManagerService.WakeLocks duration ms: 1
05-12 04:41:31.603 I/NetworkScheduler.Stats( 4147): (REDACTED) Task %s/%s finished executing. cause:%s result: %s elapsed_millis: %s uptime_millis: %s exec_start_elapsed_seconds: %s
05-12 04:41:31.608 D/PowerManagerService( 2878): nativeReleaseSuspendBlocker name:PowerManagerService.WakeLocks duration ms: 0
05-12 04:41:31.610 D/PowerManagerService( 2878): nativeAcquireSuspendBlocker name:PowerManagerService.WakeLocks duration ms: 1
05-12 04:41:31.615 D/PowerManagerService( 2878): nativeReleaseSuspendBlocker name:PowerManagerService.WakeLocks duration ms: 0
05-12 04:41:31.615 D/nativeloader(32694): Load libframework-connectivity-tiramisu-jni.so using APEX ns com_android_tethering for caller /apex/com.android.tethering/javalib/framework-connectivity-t.jar: ok
05-12 04:41:31.616 D/AndroidRuntime(32694): Calling main entry com.android.commands.uiautomator.Launcher
05-12 04:41:31.618 D/UiAutomationConnection(32694): Created on user UserHandle{0}
05-12 04:41:31.618 I/UiAutomation(32694): Initialized for user 0 on display 0
05-12 04:41:31.618 W/UiAutomation(32694): Created with deprecatead constructor, assumes DEFAULT_DISPLAY
05-12 04:41:31.619 D/AccessibilityManagerService( 2878): changeCurrentUserForTestAutomationIfNeededLocked(0): ignoring because device doesn't support visible background users
05-12 04:41:31.620 I/UiAutomationManager( 2878): Registering UiTestAutomationService (id=com.android.server.accessibility/UiAutomation, flags=0x0) when called by user 0
05-12 04:41:31.620 W/MagnificationConnectionManager( 2878): requestConnection duplicated request: connect=false, mConnectionState=DISCONNECTED
05-12 04:41:31.621 I/android.hardware.thermal@2.0-service.qti-v2( 3383): Sensor Name:skin1 temp: 33.121. prev severity:0. cur severity:0 New severity:0
05-12 04:41:31.627 W/MagnificationConnectionManager( 2878): requestConnection duplicated request: connect=false, mConnectionState=DISCONNECTED
05-12 04:41:31.645 D/BatterySaverPolicy( 2878): accessibility changed to true, updating policy.
05-12 04:41:31.646 D/AccessibilitySourceService( 4181): enabled a11y services count 0
05-12 04:41:31.647 D/AccessibilitySourceService( 4181): a11y source sending 0 issue to sc
05-12 04:41:31.647 D/SafetySourceDataValidat( 2878): No cert check requested for package com.google.android.permissioncontroller
05-12 04:41:31.707 I/ActivityManager( 2878): Broadcasting: Intent { act=android.intent.action.MEDIA_SCANNER_SCAN_FILE dat=file:///... flg=0x400000 }
05-12 04:41:31.708 I/ActivityManager( 2878): Enqueued broadcast Intent { act=android.intent.action.MEDIA_SCANNER_SCAN_FILE dat=file:///... flg=0x400000 }: 0
05-12 04:41:31.711 I/MediaServiceV2( 6385): Creating work for intent Intent { act=android.intent.action.MEDIA_SCANNER_SCAN_FILE dat=file:///... flg=0x1400010 cmp=com.google.android.providers.media.module/com.android.providers.media.MediaServiceV2 }
05-12 04:41:31.712 I/MediaServiceV2( 6385): Work enqueued for intent: Intent { act=android.intent.action.MEDIA_SCANNER_SCAN_FILE dat=file:///... flg=0x1400010 cmp=com.google.android.providers.media.module/com.android.providers.media.MediaServiceV2 }
05-12 04:41:31.713 I/ActivityManager( 2878): Broadcast completed: result=0
05-12 04:41:31.720 D/WM-SystemJobScheduler( 6385): Scheduling work ID 4694dbd4-3e15-45d0-8136-0d4f77922686Job ID 5761
05-12 04:41:31.725 D/PowerManagerService( 2878): nativeAcquireSuspendBlocker name:PowerManagerService.WakeLocks duration ms: 2
05-12 04:41:31.730 D/WM-GreedyScheduler( 6385): Ignoring {WorkSpec: ba672ec3-0442-468e-aaf0-90b39b6fb569}. Requires device idle.
05-12 04:41:31.730 D/WM-GreedyScheduler( 6385): Ignoring {WorkSpec: 49860f5a-cd21-4e35-af91-ffa3558b8272}. Requires device idle.
05-12 04:41:31.730 D/WM-GreedyScheduler( 6385): Starting work for 4694dbd4-3e15-45d0-8136-0d4f77922686
05-12 04:41:31.732 D/WM-SystemJobService( 6385): onStartJob for WorkGenerationalId(workSpecId=4694dbd4-3e15-45d0-8136-0d4f77922686, generation=0)
05-12 04:41:31.732 D/WM-Processor( 6385): Processor: processing WorkGenerationalId(workSpecId=4694dbd4-3e15-45d0-8136-0d4f77922686, generation=0)
05-12 04:41:31.735 D/WM-WorkerWrapper( 6385): Starting work for com.android.providers.media.MediaServiceV2
05-12 04:41:31.735 I/MediaServiceV2( 6385): Work initiated for action [ android.intent.action.MEDIA_SCANNER_SCAN_FILE ]
05-12 04:41:31.735 D/WM-Processor( 6385): Work WorkGenerationalId(workSpecId=4694dbd4-3e15-45d0-8136-0d4f77922686, generation=0) is already enqueued for processing
05-12 04:41:31.745 I/MediaServiceV2( 6385): Work ended for action [ android.intent.action.MEDIA_SCANNER_SCAN_FILE ]
05-12 04:41:31.746 I/WM-WorkerWrapper( 6385): Worker result SUCCESS for Work [ id=4694dbd4-3e15-45d0-8136-0d4f77922686, tags={ com.android.providers.media.MediaServiceV2 } ]
05-12 04:41:31.747 D/WM-Processor( 6385): Processor 4694dbd4-3e15-45d0-8136-0d4f77922686 executed; reschedule = false
05-12 04:41:31.747 D/WM-SystemJobService( 6385): 4694dbd4-3e15-45d0-8136-0d4f77922686 executed on JobScheduler
05-12 04:41:31.749 D/PowerManagerService( 2878): nativeReleaseSuspendBlocker name:PowerManagerService.WakeLocks duration ms: 1
05-12 04:41:31.756 D/WM-SystemJobScheduler( 6385): Scheduling work ID 6e5bacae-cc3f-43aa-9976-599083a65816Job ID 5762
05-12 04:41:31.759 D/WM-GreedyScheduler( 6385): Ignoring {WorkSpec: ba672ec3-0442-468e-aaf0-90b39b6fb569}. Requires device idle.
05-12 04:41:31.759 D/WM-GreedyScheduler( 6385): Ignoring {WorkSpec: 49860f5a-cd21-4e35-af91-ffa3558b8272}. Requires device idle.
05-12 04:41:31.760 D/WM-GreedyScheduler( 6385): Cancelling work ID 4694dbd4-3e15-45d0-8136-0d4f77922686
05-12 04:41:31.762 D/WM-GreedyScheduler( 6385): Ignoring {WorkSpec: ba672ec3-0442-468e-aaf0-90b39b6fb569}. Requires device idle.
05-12 04:41:31.762 D/WM-GreedyScheduler( 6385): Ignoring {WorkSpec: 49860f5a-cd21-4e35-af91-ffa3558b8272}. Requires device idle.
05-12 04:41:31.989 D/InetDiagMessage( 2878): Destroyed 0 sockets, proto=IPPROTO_TCP, family=AF_INET, states=14
05-12 04:41:31.993 D/InetDiagMessage( 2878): Destroyed 1 sockets, proto=IPPROTO_TCP, family=AF_INET6, states=14
05-12 04:41:31.993 D/InetDiagMessage( 2878): Destroyed live tcp sockets for uids={10464} in 7ms
05-12 04:41:31.996 D/InetDiagMessage( 2878): Destroyed 0 sockets, proto=IPPROTO_TCP, family=AF_INET, states=14
05-12 04:41:31.999 D/InetDiagMessage( 2878): Destroyed 0 sockets, proto=IPPROTO_TCP, family=AF_INET6, states=14
05-12 04:41:31.999 D/InetDiagMessage( 2878): Destroyed live tcp sockets for uids={20464} in 5ms
05-12 04:41:32.741 D/WifiStaIfaceHidlImpl( 2878): getCachedScanData is not implemented by HIDL
05-12 04:41:32.763 W/libc    (32694): Access denied finding property "qemu.sf.lcd_density"
05-12 04:41:32.763 W/libc    (32694): Access denied finding property "qemu.sf.lcd_density"
05-12 04:41:32.758 W/uiautomator(32694): type=1400 audit(0.0:8150): avc:  denied  { read } for  name="u:object_r:qemu_sf_lcd_density_prop:s0" dev="tmpfs" ino=338 scontext=u:r:shell:s0 tcontext=u:object_r:qemu_sf_lcd_density_prop:s0 tclass=file permissive=0
05-12 04:41:32.758 W/uiautomator(32694): type=1400 audit(0.0:8151): avc:  denied  { read } for  name="u:object_r:qemu_sf_lcd_density_prop:s0" dev="tmpfs" ino=338 scontext=u:r:shell:s0 tcontext=u:object_r:qemu_sf_lcd_density_prop:s0 tclass=file permissive=0
05-12 04:41:32.772 W/MediaProvider( 6385): isAppCloneUserPair for user 0: false
05-12 04:41:32.785 I/AccessibilityNodeInfoDumper(32694): Skipping invisible child: android.view.accessibility.AccessibilityNodeInfo@530fa; boundsInParent: Rect(0, 0 - 1080, 2640); boundsInScreen: Rect(0, 0 - 1080, 2640); boundsInWindow: Rect(0, 0 - 1080, 2640); packageName: com.android.systemui; className: android.view.ViewGroup; text: null; error: null; maxTextLength: -1; stateDescription: null; contentDescription: null; tooltipText: null; containerTitle: null; viewIdResName: com.android.systemui:id/keyguard_root_view; uniqueId: null; checkable: false; checked: false; focusable: false; focused: false; selected: false; clickable: false; longClickable: false; contextClickable: false; enabled: true; password: false; scrollable: false; granularScrollingSupported: false; importantForAccessibility: false; visible: false; actions: [AccessibilityAction: ACTION_SELECT - null, AccessibilityAction: ACTION_CLEAR_SELECTION - null, AccessibilityAction: ACTION_ACCESSIBILITY_FOCUS - null, AccessibilityAction: ACTION_SHOW_ON_SCREEN - null]; isTextSelectable: false
05-12 04:41:32.786 W/AccessibilityNodeInfoDumper(32694): Fetch time: 19ms
05-12 04:41:32.795 W/MagnificationConnectionManager( 2878): requestConnection duplicated request: connect=false, mConnectionState=DISCONNECTED
05-12 04:41:32.795 D/AccessibilityManagerService( 2878): restoreCurrentUserForTestAutomationIfNeededLocked(): ignoring because device doesn't support visible background users
05-12 04:41:32.798 D/CLI/Rotation( 2878): Set volume keyswap sysprop for rotation 2 lidState OPEN
05-12 04:41:32.804 D/AndroidRuntime(32694): Shutting down VM
05-12 04:41:32.811 D/BatterySaverPolicy( 2878): accessibility changed to false, updating policy.
05-12 04:41:33.004 D/BoundBrokerSvc( 4147): onUnbind: Intent { act=com.google.android.gms.libs.gmscorelogger.service.START dat=chimera-action:/... cmp=com.google.android.gms/.chimera.PersistentDirectBootAwareApiService }
05-12 04:41:33.249 D/WM-DelayedWorkTracker( 6385): Scheduling work 6e5bacae-cc3f-43aa-9976-599083a65816
05-12 04:41:33.249 D/WM-GreedyScheduler( 6385): Starting tracking for 6e5bacae-cc3f-43aa-9976-599083a65816
05-12 04:41:33.255 D/WM-ConstraintTracker( 6385): BatteryNotLowTracker: initial state = true
05-12 04:41:33.255 D/WM-BrdcstRcvrCnstrntTrc( 6385): BatteryNotLowTracker: registering receiver
05-12 04:41:33.259 D/WM-GreedyScheduler( 6385): Constraints met: Scheduling work ID WorkGenerationalId(workSpecId=6e5bacae-cc3f-43aa-9976-599083a65816, generation=0)
05-12 04:41:33.261 D/WM-Processor( 6385): Processor: processing WorkGenerationalId(workSpecId=6e5bacae-cc3f-43aa-9976-599083a65816, generation=0)
05-12 04:41:33.265 D/WM-WorkerWrapper( 6385): Starting work for com.android.providers.media.photopicker.sync.ProactiveSyncWorker
05-12 04:41:33.266 I/PSyncWorker( 6385): Starting proactive picker sync from sync source: 1
05-12 04:41:33.267 I/PickerSyncTracker( 6385): Created new sync future java.util.concurrent.CompletableFuture@a05fe9f[Not completed, 1 dependents]. Future map: {6e5bacae-cc3f-43aa-9976-599083a65816=java.util.concurrent.CompletableFuture@a05fe9f[Not completed, 1 dependents]}
05-12 04:41:33.268 D/PickerSyncController( 6385): syncAllMediaFromProvider() LOCAL, auth=com.android.providers.media.photopicker, retry=true
05-12 04:41:33.268 D/PickerSyncController( 6385): getSyncRequestParams() LOCAL, auth=com.android.providers.media.photopicker
05-12 04:41:33.289 D/PickerSyncController( 6385):    Latest ID/Gen=1603:d8708545-e274-44ad-8dfc-c23d7de88afd:external_primary/114399
05-12 04:41:33.289 D/PickerSyncController( 6385):    Cached ID/Gen=1603:d8708545-e274-44ad-8dfc-c23d7de88afd:external_primary/114388
05-12 04:41:33.289 D/PickerSyncController( 6385):    RESULT=SyncRequestParams{type=MEDIA_INCREMENTAL, gen=114388, latest=Bundle[{last_media_sync_generation=114399, media_collection_id=1603:d8708545-e274-44ad-8dfc-c23d7de88afd:external_primary}], pageSize=1000}
05-12 04:41:33.289 I/PickerSyncController( 6385): Executing SyncAdd. isLocal: true. authority: com.android.providers.media.photopicker
05-12 04:41:33.289 D/PickerSyncLockManager( 6385): Trying to acquire lock com.android.providers.media.photopicker.sync.CloseableReentrantLock@b93c601[Unlocked]. Lock Name = CLOUD_PROVIDER_LOCK. Threads that may be waiting to acquire this lock = [] with timeout.
05-12 04:41:33.289 D/CloseableReentrantLock( 6385): Successfully acquired lock com.android.providers.media.photopicker.sync.CloseableReentrantLock@b93c601[Locked by thread pool-3-thread-14]. Lock Name = CLOUD_PROVIDER_LOCK. Threads that may be waiting to acquire this lock = []
05-12 04:41:33.289 D/CloseableReentrantLock( 6385): Successfully released lock com.android.providers.media.photopicker.sync.CloseableReentrantLock@b93c601[Unlocked]. Lock Name = CLOUD_PROVIDER_LOCK. Threads that may be waiting to acquire this lock = []
05-12 04:41:33.289 D/ExternalDbFacade( 6385): Token received for queryMedia = null
05-12 04:41:33.291 D/PowerManagerService( 2878): nativeAcquireSuspendBlocker name:PowerManagerService.WakeLocks duration ms: 2
05-12 04:41:33.292 W/JobScheduler.JobStatus( 2878): Exempted app com.dti.motorola considered buggy
05-12 04:41:33.295 D/PowerManagerService( 2878): nativeReleaseSuspendBlocker name:PowerManagerService.WakeLocks duration ms: 0
05-12 04:41:33.298 D/PowerManagerService( 2878): nativeAcquireSuspendBlocker name:PowerManagerService.WakeLocks duration ms: 2
05-12 04:41:33.303 D/WM-SystemJobService( 6385): onStartJob for WorkGenerationalId(workSpecId=6e5bacae-cc3f-43aa-9976-599083a65816, generation=0)
05-12 04:41:33.304 D/WM-Processor( 6385): Work WorkGenerationalId(workSpecId=6e5bacae-cc3f-43aa-9976-599083a65816, generation=0) is already enqueued for processing
05-12 04:41:33.306 D/PickerSyncLockManager( 6385): Trying to acquire lock com.android.providers.media.photopicker.sync.CloseableReentrantLock@b93c601[Unlocked]. Lock Name = CLOUD_PROVIDER_LOCK. Threads that may be waiting to acquire this lock = [] with timeout.
05-12 04:41:33.306 D/CloseableReentrantLock( 6385): Successfully acquired lock com.android.providers.media.photopicker.sync.CloseableReentrantLock@b93c601[Locked by thread pool-3-thread-14]. Lock Name = CLOUD_PROVIDER_LOCK. Threads that may be waiting to acquire this lock = []
05-12 04:41:33.306 D/PickerSyncController( 6385): Saving next page token: 1778528491000|1000019951 for key: local_provider:media_add:resume
05-12 04:41:33.306 D/CloseableReentrantLock( 6385): Successfully released lock com.android.providers.media.photopicker.sync.CloseableReentrantLock@b93c601[Unlocked]. Lock Name = CLOUD_PROVIDER_LOCK. Threads that may be waiting to acquire this lock = []
05-12 04:41:33.306 D/PickerNotificationSender( 6385): Sending a notification for media update
05-12 04:41:33.307 D/PickerNotificationSender( 6385): Sending a notification for merged album media update Favorites
05-12 04:41:33.307 D/PickerNotificationSender( 6385): Sending a notification for album media update Favorites
05-12 04:41:33.307 D/PickerNotificationSender( 6385): Sending a notification for merged album media update Videos
05-12 04:41:33.307 D/PickerNotificationSender( 6385): Sending a notification for album media update Videos
05-12 04:41:33.307 D/ExternalDbFacade( 6385): Token received for queryMedia = 1778528491000|1000019951
05-12 04:41:33.320 D/PickerSyncLockManager( 6385): Trying to acquire lock com.android.providers.media.photopicker.sync.CloseableReentrantLock@b93c601[Unlocked]. Lock Name = CLOUD_PROVIDER_LOCK. Threads that may be waiting to acquire this lock = [] with timeout.
05-12 04:41:33.320 D/CloseableReentrantLock( 6385): Successfully acquired lock com.android.providers.media.photopicker.sync.CloseableReentrantLock@b93c601[Locked by thread pool-3-thread-14]. Lock Name = CLOUD_PROVIDER_LOCK. Threads that may be waiting to acquire this lock = []
05-12 04:41:33.320 D/PickerSyncController( 6385): Clearing next page token for key: local_provider:media_add:resume
05-12 04:41:33.320 D/CloseableReentrantLock( 6385): Successfully released lock com.android.providers.media.photopicker.sync.CloseableReentrantLock@b93c601[Unlocked]. Lock Name = CLOUD_PROVIDER_LOCK. Threads that may be waiting to acquire this lock = []
05-12 04:41:33.320 D/PickerNotificationSender( 6385): Sending a notification for media update
05-12 04:41:33.321 D/PickerNotificationSender( 6385): Sending a notification for merged album media update Favorites
05-12 04:41:33.321 D/PickerNotificationSender( 6385): Sending a notification for album media update Favorites
05-12 04:41:33.321 D/PickerNotificationSender( 6385): Sending a notification for merged album media update Videos
05-12 04:41:33.321 D/PickerNotificationSender( 6385): Sending a notification for album media update Videos
05-12 04:41:33.321 I/PickerSyncController( 6385): Paged sync successful. QueryArgs: Bundle[{android.provider.extra.PAGE_TOKEN=1778528491000|1000019951, android.provider.extra.SYNC_GENERATION=114388, android.provider.extra.PAGE_SIZE=1000}] Total Rows: 1
05-12 04:41:33.321 I/PickerSyncController( 6385): Executing SyncRemove. isLocal: true. authority: com.android.providers.media.photopicker
05-12 04:41:33.321 D/PickerSyncLockManager( 6385): Trying to acquire lock com.android.providers.media.photopicker.sync.CloseableReentrantLock@b93c601[Unlocked]. Lock Name = CLOUD_PROVIDER_LOCK. Threads that may be waiting to acquire this lock = [] with timeout.
05-12 04:41:33.321 D/CloseableReentrantLock( 6385): Successfully acquired lock com.android.providers.media.photopicker.sync.CloseableReentrantLock@b93c601[Locked by thread pool-3-thread-14]. Lock Name = CLOUD_PROVIDER_LOCK. Threads that may be waiting to acquire this lock = []
05-12 04:41:33.321 D/CloseableReentrantLock( 6385): Successfully released lock com.android.providers.media.photopicker.sync.CloseableReentrantLock@b93c601[Unlocked]. Lock Name = CLOUD_PROVIDER_LOCK. Threads that may be waiting to acquire this lock = []
05-12 04:41:33.323 D/PickerSyncLockManager( 6385): Trying to acquire lock com.android.providers.media.photopicker.sync.CloseableReentrantLock@b93c601[Unlocked]. Lock Name = CLOUD_PROVIDER_LOCK. Threads that may be waiting to acquire this lock = [] with timeout.
05-12 04:41:33.323 D/CloseableReentrantLock( 6385): Successfully acquired lock com.android.providers.media.photopicker.sync.CloseableReentrantLock@b93c601[Locked by thread pool-3-thread-14]. Lock Name = CLOUD_PROVIDER_LOCK. Threads that may be waiting to acquire this lock = []
05-12 04:41:33.323 D/PickerSyncController( 6385): Clearing next page token for key: local_provider:media_remove:resume
05-12 04:41:33.323 D/CloseableReentrantLock( 6385): Successfully released lock com.android.providers.media.photopicker.sync.CloseableReentrantLock@b93c601[Unlocked]. Lock Name = CLOUD_PROVIDER_LOCK. Threads that may be waiting to acquire this lock = []
05-12 04:41:33.324 D/PickerNotificationSender( 6385): Sending a notification for media update
05-12 04:41:33.324 D/PickerNotificationSender( 6385): Sending a notification for merged album media update Favorites
05-12 04:41:33.324 D/PickerNotificationSender( 6385): Sending a notification for album media update Favorites
05-12 04:41:33.324 D/PickerNotificationSender( 6385): Sending a notification for merged album media update Videos
05-12 04:41:33.324 D/PickerNotificationSender( 6385): Sending a notification for album media update Videos
05-12 04:41:33.324 I/PickerSyncController( 6385): Paged sync successful. QueryArgs: Bundle[{android.provider.extra.PAGE_TOKEN=1778528491000|1000019951, android.provider.extra.SYNC_GENERATION=114388, android.provider.extra.PAGE_SIZE=1000}] Total Rows: 0
05-12 04:41:33.324 I/PickerSyncTracker( 6385): Marked sync future complete for work id: 6e5bacae-cc3f-43aa-9976-599083a65816. Future map: {}
05-12 04:41:33.324 I/PSyncWorker( 6385): Completed picker proactive sync complete from local provider.
05-12 04:41:33.325 I/WM-WorkerWrapper( 6385): Worker result SUCCESS for Work [ id=6e5bacae-cc3f-43aa-9976-599083a65816, tags={ com.android.providers.media.photopicker.sync.ProactiveSyncWorker } ]
05-12 04:41:33.326 D/WM-Processor( 6385): Processor 6e5bacae-cc3f-43aa-9976-599083a65816 executed; reschedule = false
05-12 04:41:33.326 D/WM-GreedyScheduler( 6385): Stopping tracking for WorkGenerationalId(workSpecId=6e5bacae-cc3f-43aa-9976-599083a65816, generation=0)
05-12 04:41:33.327 D/WM-SystemJobService( 6385): 6e5bacae-cc3f-43aa-9976-599083a65816 executed on JobScheduler
