05-12 05:06:24.510 D/nativeloader( 1949): InitDefaultPublicLibraries for_preload=1: libandroid.so:libaaudio.so:libamidi.so:libbinder_ndk.so:libc.so:libcamera2ndk.so:libdl.so:libEGL.so:libGLESv1_CM.so:libGLESv2.so:libGLESv3.so:libicu.so:libicui18n.so:libicuuc.so:libjnigraphics.so:liblog.so:libmediandk.so:libm.so:libnativehelper.so:libnativewindow.so:libOpenMAXAL.so:libOpenSLES.so:libRS.so:libstdc++.so:libsync.so:libvulkan.so:libwebviewchromium_plat_support.so:libz.so
05-12 05:06:24.510 I/artd    ( 1609): GetBestInfo: odex next to the dex file (/data/app/~~6yC4cHsRWvskUDwg7OG0_g==/com.mdd_rn-quUI7hgNXtots-L7EV7_uA==/oat/arm64/base.odex) is kOatUpToDate with filter 'speed-profile' executable 'false'
05-12 05:06:24.512 I/artd    ( 1609): GetBestInfo: odex next to the dex file (/data/app/~~p0mcprgqBSvsFxallcNNPA==/kr.go.moe.neis.pa-Z_ApudgfT_HNfqGe5V7PhA==/oat/arm64/base.odex) is kOatUpToDate with filter 'speed-profile' executable 'false'
05-12 05:06:24.513 W/Finsky  ( 6985): [2] STU: Failed to get storage stats for package 'com.android.btservices' (1601: Error getting stats: android.content.pm.PackageManager.NameNotFoundException)
05-12 05:06:24.514 I/artd    ( 1609): GetBestInfo: odex next to the dex file (/data/app/~~SGOsTJbNJx01WZmV_zz9aQ==/com.kebhana.hanapush--XC-IdnXgTTejIONw5taIg==/oat/arm64/base.odex) is kOatUpToDate with filter 'speed-profile' executable 'false'
05-12 05:06:24.515 D/nativeloader( 1949): Load libicu_jni.so using APEX ns com_android_art for caller /apex/com.android.art/javalib/core-oj.jar: ok
05-12 05:06:24.515 D/app_process( 1949): u_setTimeZoneFilesDirectory("/apex/com.android.tzdata/etc/tz/versioned/8/icu") succeeded. 
05-12 05:06:24.515 D/app_process( 1949): I18n APEX ICU file found: /apex/com.android.i18n/etc/icu/icudt75l.dat
05-12 05:06:24.515 D/nativeloader( 1949): Load libjavacore.so using APEX ns com_android_art for caller /apex/com.android.art/javalib/core-oj.jar: ok
05-12 05:06:24.516 D/nativeloader( 1949): Load libopenjdk.so using APEX ns com_android_art for caller /apex/com.android.art/javalib/core-oj.jar: ok
05-12 05:06:24.517 I/app_process( 1949): Priority-to-niceness mapping: 19, 16, 13, 10, 0, -2, -4, -5, -6, -8
05-12 05:06:24.518 I/artd    ( 1609): GetBestInfo: odex next to the dex file (/data/app/~~QlmPADYuA4c2Q2Rkl7GRjA==/com.nhn.android.nmap-TRaNn8v2c69CI4Ql9c-ANQ==/oat/arm64/base.odex) is kOatUpToDate with filter 'speed-profile' executable 'false'
05-12 05:06:24.520 I/artd    ( 1609): GetBestInfo: odex next to the dex file (/data/app/~~LgwUtsQyJ0Y_vu1GcZBjdg==/com.sh.fidget.toys.mini.relaxing.antistress.games-k2syR0y-YStKjqxAtAx7WQ==/oat/arm64/base.odex) is kOatUpToDate with filter 'speed-profile' executable 'false'
05-12 05:06:24.521 I/artd    ( 1609): GetBestInfo: vdex next to the dex file (/data/user/0/com.sh.fidget.toys.mini.relaxing.antistress.games/cache/oat/arm64/remote_config_resources_lib.vdex) is kOatUpToDate with filter 'verify' executable 'false'
05-12 05:06:24.522 I/artd    ( 1609): GetBestInfo: vdex next to the dex file (/data/user/0/com.sh.fidget.toys.mini.relaxing.antistress.games/cache/oat/arm64/app_resources_lib.vdex) is kOatUpToDate with filter 'verify' executable 'false'
05-12 05:06:24.522 I/artd    ( 1609): GetBestInfo: vdex next to the dex file (/data/user/0/com.sh.fidget.toys.mini.relaxing.antistress.games/cache/oat/arm64/google_api_resources_lib.vdex) is kOatUpToDate with filter 'verify' executable 'false'
05-12 05:06:24.523 I/artd    ( 1609): GetBestInfo: vdex next to the dex file (/data/user/0/com.sh.fidget.toys.mini.relaxing.antistress.games/app_pccache/5/A4A3883B62E64477497A21E502C207B1868F77D8/oat/arm64/pcam.vdex) is kOatUpToDate with filter 'verify' executable 'false'
05-12 05:06:24.526 I/artd    ( 1609): GetBestInfo: odex next to the dex file (/data/app/~~M0l9i-RAuO8m1yOY-kx_iA==/com.google.android.apps.docs.editors.slides-b2QSfrcQ_3fHrkVzG33CQg==/oat/arm64/base.odex) is kOatUpToDate with filter 'speed-profile' executable 'false'
05-12 05:06:24.527 W/Finsky  ( 6985): [2] STU: Failed to get storage stats for package 'com.google.android.resolv' (1601: Error getting stats: android.content.pm.PackageManager.NameNotFoundException)
05-12 05:06:24.530 I/artd    ( 1609): GetBestInfo: odex next to the dex file (/data/app/~~nQd2DgSBe5wNKP3p5iHkZA==/com.naverfin.payapp--VWkqmpJCMBDFEjorhcvSQ==/oat/arm64/base.odex) is kOatUpToDate with filter 'speed-profile' executable 'false'
05-12 05:06:24.532 D/nativeloader( 1949): Load libframework-connectivity-tiramisu-jni.so using APEX ns com_android_tethering for caller /apex/com.android.tethering/javalib/framework-connectivity-t.jar: ok
05-12 05:06:24.532 I/artd    ( 1609): GetBestInfo: odex next to the dex file (/data/app/~~LR2G96qcjJ55ao2yzlYbXA==/com.google.android.apps.bard-C0Z4mhsBUX4dmeOllzPDfw==/oat/arm64/base.odex) is kOatUpToDate with filter 'speed-profile' executable 'false'
05-12 05:06:24.533 D/AndroidRuntime( 1949): Calling main entry com.android.commands.monkey.Monkey
05-12 05:06:24.533 W/Monkey  ( 1949): args: [-p, com.hyeni.calendar, -c, android.intent.category.LAUNCHER, 1]
05-12 05:06:24.533 W/Monkey  ( 1949):  arg: "-p"
05-12 05:06:24.533 W/Monkey  ( 1949):  arg: "com.hyeni.calendar"
05-12 05:06:24.533 W/Monkey  ( 1949):  arg: "-c"
05-12 05:06:24.533 W/Monkey  ( 1949):  arg: "android.intent.category.LAUNCHER"
05-12 05:06:24.533 W/Monkey  ( 1949):  arg: "1"
05-12 05:06:24.533 W/Monkey  ( 1949): data="com.hyeni.calendar"
05-12 05:06:24.533 W/Monkey  ( 1949): data="android.intent.category.LAUNCHER"
05-12 05:06:24.535 I/artd    ( 1609): GetBestInfo: odex next to the dex file (/data/app/~~3KxLszqWztrzvXme3vIXQg==/com.nhn.android.band-CAQANTflecvLCPsCS7JiMQ==/oat/arm64/base.odex) is kOatUpToDate with filter 'speed-profile' executable 'false'
05-12 05:06:24.538 I/artd    ( 1609): GetBestInfo: odex next to the dex file (/data/app/~~D2YLRnERG1HBVdYY_ai2Ug==/kr.or.silson.KACR-vaRCR6-g8B7u17fo65ljKw==/oat/arm64/base.odex) is kOatUpToDate with filter 'speed-profile' executable 'false'
05-12 05:06:24.540 I/artd    ( 1609): GetBestInfo: odex next to the dex file (/data/app/~~GOaDt6R_YZ9aCmw7g3fHXg==/com.ehyundai.mobile-0QPg82UYagaIdXcWExdM_A==/oat/arm64/base.odex) is kOatUpToDate with filter 'speed-profile' executable 'false'
05-12 05:06:24.544 W/Finsky  ( 6985): [2] STU: Failed to get storage stats for package 'com.google.android.configinfrastructure' (1601: Error getting stats: android.content.pm.PackageManager.NameNotFoundException)
05-12 05:06:24.545 W/Finsky  ( 6985): [2] STU: Failed to get storage stats for package 'com.google.android.media' (1601: Error getting stats: android.content.pm.PackageManager.NameNotFoundException)
05-12 05:06:24.545 D/ActivityTaskManager( 2878): setActivityController: android.app.IActivityController$Stub$Proxy@b605036,imAMonkey=true
05-12 05:06:24.545 I/artd    ( 1609): GetBestInfo: odex next to the dex file (/data/app/~~nzYuMJRoQOnDCKpQzWswWg==/com.google.android.apps.maps-dGHPL7zFQ4l-iF8RiiMHxA==/oat/arm64/base.odex) is kOatUpToDate with filter 'speed-profile' executable 'false'
05-12 05:06:24.546 W/ActivityManager( 2878): registerReceiverWithFeature: no app for null
05-12 05:06:24.549 I/artd    ( 1609): GetBestInfo: odex next to the dex file (/data/app/~~M0Cz8F97Z7ZLLY51iWNmQg==/com.iscreammedia.app.hiclass.android-0PmAlu48I5TZi3hntAuFYA==/oat/arm64/base.odex) is kOatUpToDate with filter 'speed-profile' executable 'false'
05-12 05:06:24.552 I/artd    ( 1609): GetBestInfo: odex next to the dex file (/data/app/~~5vLHEkZaTOJR48WNXGRskQ==/com.google.android.apps.messaging-W5ydCfR6dMUZWOgq1H0Ynw==/oat/arm64/base.odex) is kOatUpToDate with filter 'speed-profile' executable 'false'
05-12 05:06:24.552 I/artd    ( 1609): GetBestInfo: vdex next to the dex file (/data/user/0/com.google.android.apps.messaging/app_dg_cache/A8F89F306FD1BA172E06F6F2B9F79826D0309BB6/oat/arm64/the.vdex) is kOatUpToDate with filter 'verify' executable 'false'
05-12 05:06:24.553 I/artd    ( 1609): GetBestInfo: vdex next to the dex file (/data/user/0/com.google.android.apps.messaging/app_dg_cache/21A90BF1C1C388089206DCE215FB60D7882BFA18/oat/arm64/the.vdex) is kOatUpToDate with filter 'verify' executable 'false'
05-12 05:06:24.553 I/artd    ( 1609): GetBestInfo: vdex next to the dex file (/data/user/0/com.google.android.apps.messaging/app_dg_cache/87E7746227FF4E457A2EB56043B95E41006DE49F/oat/arm64/the.vdex) is kOatUpToDate with filter 'verify' executable 'false'
05-12 05:06:24.557 I/artd    ( 1609): GetBestInfo: odex next to the dex file (/data/app/~~QkxM5nLxD4lC8w9ruUbV9Q==/com.google.android.googlequicksearchbox-PedtIpeDndu6IitSVDWbNg==/oat/arm64/base.odex) is kOatUpToDate with filter 'speed-profile' executable 'false'
05-12 05:06:24.557 W/PackageManager( 2878): Missing required system package: io.supercent.linkedcubic, but found with extended search.
05-12 05:06:24.557 W/PackageManager( 2878): Missing required system package: helectronsoft.com.live.wallpaper.pixel4d, but found with extended search.
05-12 05:06:24.558 W/PackageManager( 2878): Missing required system package: com.xd.xdtglobal.gp, but found with extended search.
05-12 05:06:24.558 W/PackageManager( 2878): Missing required system package: com.themekit.lite.widgets.themes, but found with extended search.
05-12 05:06:24.558 W/PackageManager( 2878): Missing required system package: com.samsung.android.app.watchmanager, but found with extended search.
05-12 05:06:24.559 W/PackageManager( 2878): Missing required system package: com.nflystudio.InfiniteStaircase, but found with extended search.
05-12 05:06:24.559 W/PackageManager( 2878): Missing required system package: com.hyeni.calendar, but found with extended search.
05-12 05:06:24.560 W/PackageManager( 2878): Missing required system package: com.helectronsoft.free.live.wallpaper.parallax.background, but found with extended search.
05-12 05:06:24.560 W/PackageManager( 2878): Missing required system package: com.google.android.apps.kids.familylinkhelper, but found with extended search.
05-12 05:06:24.560 W/PackageManager( 2878): Missing required system package: com.duolingo, but found with extended search.
05-12 05:06:24.560 W/PackageManager( 2878): Missing required system package: com.commsource.beautyplus, but found with extended search.
05-12 05:06:24.561 I/artd    ( 1609): GetBestInfo: odex next to the dex file (/data/app/~~F3CyUTehRhrIFjLVRt4o4Q==/io.supercent.linkedcubic-wYsEYWRQnOROvyEMp_p3UA==/oat/arm64/base.odex) is kOatUpToDate with filter 'speed-profile' executable 'false'
05-12 05:06:24.561 W/PackageManager( 2878): Missing required system package: com.azmobile.themepack, but found with extended search.
05-12 05:06:24.561 W/PackageManager( 2878): Missing required system package: app.diy.wallpaper.collage.craft.photocollage.collagemaker.wallpaper3d.parallax, but found with extended search.
05-12 05:06:24.561 W/PackageManager( 2878): Missing required system package: com.kakao.talk, but found with extended search.
05-12 05:06:24.562 W/PackageManager( 2878): Missing required system package: com.google.android.apps.photosgo, but found with extended search.
05-12 05:06:24.562 I/artd    ( 1609): GetBestInfo: odex next to the dex file (/data/user/0/io.supercent.linkedcubic/app_pccache/5/A6422CD2CF82BB9C0EAF521C1BF6CC70ABCF649F/oat/arm64/pcam.odex) is kOatUpToDate with filter 'verify' executable 'false'
05-12 05:06:24.563 I/artd    ( 1609): GetBestInfo: vdex next to the dex file (/data/user/0/io.supercent.linkedcubic/cache/oat/arm64/google_api_resources_lib.vdex) is kOatUpToDate with filter 'verify' executable 'false'
05-12 05:06:24.565 I/artd    ( 1609): GetBestInfo: vdex next to the dex file (/data/user/0/io.supercent.linkedcubic/cache/oat/arm64/remote_config_resources_lib.vdex) is kOatUpToDate with filter 'verify' executable 'false'
05-12 05:06:24.566 I/artd    ( 1609): GetBestInfo: vdex next to the dex file (/data/user/0/io.supercent.linkedcubic/app_pccache/5/F2FF627D940052495BF0C0AF15E5A0B2723F5469/oat/arm64/pcam.vdex) is kOatUpToDate with filter 'verify' executable 'false'
05-12 05:06:24.567 I/artd    ( 1609): GetBestInfo: vdex next to the dex file (/data/user/0/io.supercent.linkedcubic/cache/oat/arm64/app_resources_lib.vdex) is kOatUpToDate with filter 'verify' executable 'false'
05-12 05:06:24.570 W/PackageManager( 2878): Missing required system package: com.hyeni.calendar, but found with extended search.
05-12 05:06:24.570 W/ActivityTaskManager( 2878): callingPackage for (uid=2000, pid=1949) has no WPC
05-12 05:06:24.571 D/ActivityTaskManager( 2878): getPreferredLaunchDisplay userset_displayid true user set display id 0, current focus display 0
05-12 05:06:24.571 I/SettingsAccessControlPolicy( 2878): isDeviceSettingsChangeDisabled: value -> false
05-12 05:06:24.571 W/Finsky  ( 6985): [2] STU: Failed to get storage stats for package 'com.android.vndk.v31' (1601: Error getting stats: android.content.pm.PackageManager.NameNotFoundException)
05-12 05:06:24.572 W/OptProp ( 2878): Cannot read opt property android.window.PROPERTY_COMPAT_ALLOW_ORIENTATION_OVERRIDE
05-12 05:06:24.572 W/Finsky  ( 6985): [2] STU: Failed to get storage stats for package 'com.android.vndk.v30' (1601: Error getting stats: android.content.pm.PackageManager.NameNotFoundException)
05-12 05:06:24.572 V/GrammaticalInflectionUtils( 2878): AttributionSource: android.content.AttributionSource@a3ac0620 does not have READ_SYSTEM_GRAMMATICAL_GENDER permission.
05-12 05:06:24.572 W/OptProp ( 2878): Cannot read opt property android.window.PROPERTY_COMPAT_ALLOW_RESIZEABLE_ACTIVITY_OVERRIDES
05-12 05:06:24.573 W/OptProp ( 2878): Cannot read opt property android.window.PROPERTY_COMPAT_ALLOW_MIN_ASPECT_RATIO_OVERRIDE
05-12 05:06:24.573 W/Finsky  ( 6985): [2] STU: Failed to get storage stats for package 'com.android.vndk.v33' (1601: Error getting stats: android.content.pm.PackageManager.NameNotFoundException)
05-12 05:06:24.573 W/Finsky  ( 6985): [2] STU: Failed to get storage stats for package 'com.android.vndk.v32' (1601: Error getting stats: android.content.pm.PackageManager.NameNotFoundException)
05-12 05:06:24.573 D/ActivityTaskManager( 2878): getPreferredLaunchDisplay userset_displayid true user set display id 0, current focus display 0
05-12 05:06:24.573 W/Finsky  ( 6985): [2] STU: Failed to get storage stats for package 'com.android.vndk.v34' (1601: Error getting stats: android.content.pm.PackageManager.NameNotFoundException)
05-12 05:06:24.573 D/ActivityTaskManager( 2878): getPreferredLaunchDisplay userset_displayid true user set display id 0, current focus display 0
05-12 05:06:24.575 I/artd    ( 1609): GetBestInfo: odex next to the dex file (/data/app/~~1FFvxVdMH3RBpeyX11pclw==/com.wooribank.smart.npib-eOrwx0LlPylVYjzt-4KsLA==/oat/arm64/base.odex) is kOatUpToDate with filter 'speed-profile' executable 'false'
05-12 05:06:24.575 D/ActivityTaskManager( 2878): getPreferredLaunchDisplay userset_displayid true user set display id 0, current focus display 0
05-12 05:06:24.575 D/ActivityTaskManager( 2878): getPreferredLaunchDisplay userset_displayid true user set display id 0, current focus display 0
05-12 05:06:24.575 D/ActivityTaskManager( 2878): getPreferredLaunchDisplay userset_displayid true user set display id 0, current focus display 0
05-12 05:06:24.575 D/ActivityTaskManager( 2878): getPreferredLaunchDisplay userset_displayid true user set display id 0, current focus display 0
05-12 05:06:24.575 E/ANDR-PERF-LM( 1836): MetaMeter: handleAsync() 166: AdaptLaunch Invalid Async
05-12 05:06:24.575 E/ANDR-PERF-LM( 1836): MetaMeter: handleAsync() 166: AdaptLaunch Invalid Async
05-12 05:06:24.576 D/ActivityTaskManager( 2878): sendShowDecorCaptionWindow Task is not organized Task{4d939c2 #538 type=undefined}
05-12 05:06:24.576 D/ActivityTaskManager( 2878): sendShowDecorCaptionWindow Task is not organized Task{4d939c2 #538 type=undefined}
05-12 05:06:24.578 D/ActivityTaskManager( 2878): getPreferredLaunchDisplay userset_displayid false user set display id 0, current focus display 0
05-12 05:06:24.578 I/artd    ( 1609): GetBestInfo: odex next to the dex file (/data/app/~~HKd7YMgpZZa8qDDuHj5Tsg==/kr.go.safepeople-sscXrfNkEsA3pe-I3zsg8A==/oat/arm64/base.odex) is kOatUpToDate with filter 'speed-profile' executable 'false'
05-12 05:06:24.578 D/ActivityTaskManager( 2878): Force set display id to 0 with lid state 1
05-12 05:06:24.579 D/ActivityTaskManager( 2878): getPreferredLaunchDisplay userset_displayid false user set display id 0, current focus display 0
05-12 05:06:24.579 D/ActivityTaskManager( 2878): Force set display id to 0 with lid state 1
05-12 05:06:24.581 I/artd    ( 1609): GetBestInfo: odex next to the dex file (/data/app/~~nXNIHT9a1YNMjm3KyERegw==/eu.darken.sdmse-l0sdn9FlE3882JBxUj-deg==/oat/arm64/base.odex) is kOatUpToDate with filter 'speed-profile' executable 'false'
05-12 05:06:24.581 D/ActivityTaskManager( 2878): Temporarily retain top process state for launching app
05-12 05:06:24.581 D/PowerManagerService( 2878): nativeSetPowerMode ret:false mode:5 enabled:true duration ms: 0
05-12 05:06:24.582 D/PowerManagerService( 2878): nativeSetPowerMode ret:false mode:5 enabled:false duration ms: 0
05-12 05:06:24.582 I/artd    ( 1609): GetBestInfo: odex next to the dex file (/data/app/~~w76c6s5wfN8Db7WiFoUmWQ==/com.motorola.securevault-_x8WdjcuVn4wYLwaDirhUw==/oat/arm64/base.odex) is kOatUpToDate with filter 'speed-profile' executable 'false'
05-12 05:06:24.583 I/ActivityTaskManager( 2878): START u0 {act=android.intent.action.MAIN cat=[android.intent.category.LAUNCHER] flg=0x10200000 cmp=com.hyeni.calendar/.MainActivity} with LAUNCH_SINGLE_TASK from uid 2000 (startActivityAsUser) (BAL_ALLOW_PERMISSION) result code=0
05-12 05:06:24.583 V/GrammaticalInflectionUtils( 2878): AttributionSource: android.content.AttributionSource@a3ac0620 does not have READ_SYSTEM_GRAMMATICAL_GENDER permission.
05-12 05:06:24.584 V/WindowManagerShell( 3765): Transition requested (#29): android.os.BinderProxy@9018c91 TransitionRequestInfo { type = OPEN, triggerTask = TaskInfo{userId=0 taskId=538 displayId=0 isRunning=true baseIntent=Intent { act=android.intent.action.MAIN cat=[android.intent.category.LAUNCHER] flg=0x10200000 cmp=com.hyeni.calendar/.MainActivity } baseActivity=ComponentInfo{com.hyeni.calendar/com.hyeni.calendar.MainActivity} topActivity=ComponentInfo{com.hyeni.calendar/com.hyeni.calendar.MainActivity} origActivity=null realActivity=ComponentInfo{com.hyeni.calendar/com.hyeni.calendar.MainActivity} numActivities=1 lastActiveTime=28705800 supportsMultiWindow=true supportsGlobalFreeform=true resizeMode=1 isResizeable=true isAppLocked=false isShowDecorCaptionWindowRequest=false canKillAndRestart=false minWidth=-1 minHeight=-1 defaultMinSize=200 token=WCT{android.window.IWindowContainerToken$Stub$Proxy@7a337f6} topActivityType=1 pictureInPictureParams=null shouldDockBigOverlays=false launchIntoPipHostTaskId=-1 lastParentTaskIdBeforePip=-1 displayCutoutSafeInsets=Rect(0, 108 - 0, 0) topActivityInfo=ActivityInfo{9cff7f7 com.hyeni.calendar.MainActivity} launchCookies=[] positionInParent=Point(0, 0) parentTaskId=-1 isFocused=false isVisible=false isVisibleRequested=false isSleeping=true locusId=null displayAreaFeatureId=1 isTopActivityTransparent=false appCompatTaskInfo=AppCompatTaskInfo { topActivityInSizeCompat=false topActivityEligibleForLetterboxEducation= falseisLetterboxEducationEnabled= false isLetterboxDoubleTapEnabled= false topActivityEligibleForUserAspectRatioButton= false topActivityBoundsLetterboxed= false isFromLetterboxDoubleTap= false topActivityLetterboxVerticalPosition= -1 topActivityLetterboxHorizontalPosition= -1 topActivityLetterboxWidth=1080 topActivityLetterboxHeight=2640 isUserFullscreenOverrideEnabled=false isSystemFullscreenOverrideEnabled=false cameraCompatTaskInfo=CameraCompatTaskInfo { cameraCompatControlState=hidden freeformCameraCompatMode=inactive}}}, pipTask = null, remoteTransition = null, displayChange = null, flags = 0, debugId = 29 }
05-12 05:06:24.584 I/TopTaskTracker(12748): onTaskMovedToFront: (moved taskInfo to front) taskId=538, baseIntent=Intent { act=android.intent.action.MAIN cat=[android.intent.category.LAUNCHER] flg=0x10200000 cmp=com.hyeni.calendar/.MainActivity }
05-12 05:06:24.586 I/Monkey  ( 1949): Events injected: 1
05-12 05:06:24.586 D/CLI/Rotation( 2878): Set volume keyswap sysprop for rotation 2 lidState OPEN
05-12 05:06:24.587 E/SafeInvoker( 2878): Service invocation returned exception
05-12 05:06:24.587 E/SafeInvoker( 2878): android.content.pm.PackageManager$NameNotFoundException: com.motorola.securevault
05-12 05:06:24.587 E/SafeInvoker( 2878): 	at android.app.ApplicationPackageManager.getApplicationInfoAsUser(ApplicationPackageManager.java:528)
05-12 05:06:24.587 E/SafeInvoker( 2878): 	at android.app.ApplicationPackageManager.getApplicationInfo(ApplicationPackageManager.java:511)
05-12 05:06:24.587 E/SafeInvoker( 2878): 	at android.app.ApplicationPackageManager.getApplicationInfo(ApplicationPackageManager.java:505)
05-12 05:06:24.587 E/SafeInvoker( 2878): 	at android.app.ApplicationPackageManager.getResourcesForApplication(ApplicationPackageManager.java:2134)
05-12 05:06:24.587 E/SafeInvoker( 2878): 	at com.motorola.server.security.securevault.utils.Utils.getApplicationResourceIdentifier(Utils.java:82)
05-12 05:06:24.587 E/SafeInvoker( 2878): 	at com.motorola.server.security.securevault.utils.Utils.getVaultProfileFilterList(Utils.java:132)
05-12 05:06:24.587 E/SafeInvoker( 2878): 	at com.motorola.server.security.securevault.UserFilteringPolicy.lambda$shouldExcludeVaultProfile$0(UserFilteringPolicy.java:22)
05-12 05:06:24.587 E/SafeInvoker( 2878): 	at com.motorola.server.security.securevault.UserFilteringPolicy.$r8$lambda$jR7E2mX-Lw2CinGTcPdwj0zFoNY(UserFilteringPolicy.java:0)
05-12 05:06:24.587 E/SafeInvoker( 2878): 	at com.motorola.server.security.securevault.UserFilteringPolicy$$ExternalSyntheticLambda0.call(R8$$SyntheticClass:0)
05-12 05:06:24.587 E/SafeInvoker( 2878): 	at com.motorola.server.security.securevault.invoker.SafeInvoker.invokeWithClearCallingReturnable(SafeInvoker.java:65)
05-12 05:06:24.587 E/SafeInvoker( 2878): 	at com.motorola.server.security.securevault.invoker.SafeInvoker.invokeWithClearCallingWithBooleanReturn(SafeInvoker.java:99)
05-12 05:06:24.587 E/SafeInvoker( 2878): 	at com.motorola.server.security.securevault.UserFilteringPolicy.shouldExcludeVaultProfile(UserFilteringPolicy.java:19)
05-12 05:06:24.587 E/SafeInvoker( 2878): 	at com.motorola.server.security.securevault.SecureVault.shouldExcludeVaultProfile(SecureVault.java:378)
05-12 05:06:24.587 E/SafeInvoker( 2878): 	at com.motorola.server.security.MotoSecurityManagerService$1.shouldExcludeVaultProfile(MotoSecurityManagerService.java:449)
05-12 05:06:24.587 E/SafeInvoker( 2878): 	at com.motorola.internal.security.MotoSecurityManager.shouldExcludeVaultProfile(MotoSecurityManager.java:735)
05-12 05:06:24.587 E/SafeInvoker( 2878): 	at com.motorola.internal.security.MotoSecurityUtils.shouldExcludeVaultProfile(MotoSecurityUtils.java:240)
05-12 05:06:24.587 E/SafeInvoker( 2878): 	at com.android.server.pm.UserManagerService.getProfileIds(UserManagerService.java:1534)
05-12 05:06:24.587 E/SafeInvoker( 2878): 	at com.android.server.pm.UserManagerService.getProfileIds(UserManagerService.java:1517)
05-12 05:06:24.587 E/SafeInvoker( 2878): 	at com.android.server.wm.ActivityTaskManagerService.getTasks(ActivityTaskManagerService.java:2699)
05-12 05:06:24.587 E/SafeInvoker( 2878): 	at android.app.IActivityTaskManager$Stub.onTransact(IActivityTaskManager.java:1380)
05-12 05:06:24.587 E/SafeInvoker( 2878): 	at com.android.server.wm.ActivityTaskManagerService.onTransact(ActivityTaskManagerService.java:6149)
05-12 05:06:24.587 E/SafeInvoker( 2878): 	at android.os.Binder.execTransactInternal(Binder.java:1515)
05-12 05:06:24.587 E/SafeInvoker( 2878): 	at android.os.Binder.execTransact(Binder.java:1453)
05-12 05:06:24.589 E/SafeInvoker( 2878): Service invocation returned exception
05-12 05:06:24.589 E/SafeInvoker( 2878): android.content.pm.PackageManager$NameNotFoundException: com.motorola.securevault
05-12 05:06:24.589 E/SafeInvoker( 2878): 	at android.app.ApplicationPackageManager.getApplicationInfoAsUser(ApplicationPackageManager.java:528)
05-12 05:06:24.589 E/SafeInvoker( 2878): 	at android.app.ApplicationPackageManager.getApplicationInfo(ApplicationPackageManager.java:511)
05-12 05:06:24.589 E/SafeInvoker( 2878): 	at android.app.ApplicationPackageManager.getApplicationInfo(ApplicationPackageManager.java:505)
05-12 05:06:24.589 E/SafeInvoker( 2878): 	at android.app.ApplicationPackageManager.getResourcesForApplication(ApplicationPackageManager.java:2134)
05-12 05:06:24.589 E/SafeInvoker( 2878): 	at com.motorola.server.security.securevault.utils.Utils.getApplicationResourceIdentifier(Utils.java:82)
05-12 05:06:24.589 E/SafeInvoker( 2878): 	at com.motorola.server.security.securevault.utils.Utils.getVaultProfileFilterList(Utils.java:132)
05-12 05:06:24.589 E/SafeInvoker( 2878): 	at com.motorola.server.security.securevault.UserFilteringPolicy.lambda$shouldExcludeVaultProfile$0(UserFilteringPolicy.java:22)
05-12 05:06:24.589 E/SafeInvoker( 2878): 	at com.motorola.server.security.securevault.UserFilteringPolicy.$r8$lambda$jR7E2mX-Lw2CinGTcPdwj0zFoNY(UserFilteringPolicy.java:0)
05-12 05:06:24.589 E/SafeInvoker( 2878): 	at com.motorola.server.security.securevault.UserFilteringPolicy$$ExternalSyntheticLambda0.call(R8$$SyntheticClass:0)
05-12 05:06:24.589 E/SafeInvoker( 2878): 	at com.motorola.server.security.securevault.invoker.SafeInvoker.invokeWithClearCallingReturnable(SafeInvoker.java:65)
05-12 05:06:24.589 E/SafeInvoker( 2878): 	at com.motorola.server.security.securevault.invoker.SafeInvoker.invokeWithClearCallingWithBooleanReturn(SafeInvoker.java:99)
05-12 05:06:24.589 E/SafeInvoker( 2878): 	at com.motorola.server.security.securevault.UserFilteringPolicy.shouldExcludeVaultProfile(UserFilteringPolicy.java:19)
05-12 05:06:24.589 E/SafeInvoker( 2878): 	at com.motorola.server.security.securevault.SecureVault.shouldExcludeVaultProfile(SecureVault.java:378)
05-12 05:06:24.589 E/SafeInvoker( 2878): 	at com.motorola.server.security.MotoSecurityManagerService$1.shouldExcludeVaultProfile(MotoSecurityManagerService.java:449)
05-12 05:06:24.589 E/SafeInvoker( 2878): 	at com.motorola.internal.security.MotoSecurityManager.shouldExcludeVaultProfile(MotoSecurityManager.java:735)
05-12 05:06:24.589 E/SafeInvoker( 2878): 	at com.motorola.internal.security.MotoSecurityUtils.shouldExcludeVaultProfile(MotoSecurityUtils.java:240)
05-12 05:06:24.589 E/SafeInvoker( 2878): 	at com.android.server.pm.UserManagerService.getProfileIds(UserManagerService.java:1534)
05-12 05:06:24.589 E/SafeInvoker( 2878): 	at com.android.server.pm.UserManagerService.getProfileIds(UserManagerService.java:1517)
05-12 05:06:24.589 E/SafeInvoker( 2878): 	at com.android.server.wm.RecentTasks.getProfileIds(RecentTasks.java:955)
05-12 05:06:24.589 E/SafeInvoker( 2878): 	at com.android.server.wm.RecentTasks.getRecentTasksImpl(RecentTasks.java:987)
05-12 05:06:24.589 E/SafeInvoker( 2878): 	at com.android.server.wm.RecentTasks.getRecentTasks(RecentTasks.java:977)
05-12 05:06:24.589 E/SafeInvoker( 2878): 	at com.android.server.wm.ActivityTaskManagerService.getRecentTasks(ActivityTaskManagerService.java:2796)
05-12 05:06:24.589 E/SafeInvoker( 2878): 	at android.app.IActivityTaskManager$Stub.onTransact(IActivityTaskManager.java:1411)
05-12 05:06:24.589 E/SafeInvoker( 2878): 	at com.android.server.wm.ActivityTaskManagerService.onTransact(ActivityTaskManagerService.java:6149)
05-12 05:06:24.589 E/SafeInvoker( 2878): 	at android.os.Binder.execTransactInternal(Binder.java:1515)
05-12 05:06:24.589 E/SafeInvoker( 2878): 	at android.os.Binder.execTransact(Binder.java:1453)
05-12 05:06:24.589 I/BpBinder( 1908): onLastStrongRef automatically unlinking death recipients: 
05-12 05:06:24.589 D/CLI/Rotation( 2878): Set volume keyswap sysprop for rotation 2 lidState OPEN
05-12 05:06:24.593 E/SafeInvoker( 2878): Service invocation returned exception
05-12 05:06:24.593 E/SafeInvoker( 2878): android.content.pm.PackageManager$NameNotFoundException: com.motorola.securevault
05-12 05:06:24.593 E/SafeInvoker( 2878): 	at android.app.ApplicationPackageManager.getApplicationInfoAsUser(ApplicationPackageManager.java:528)
05-12 05:06:24.593 E/SafeInvoker( 2878): 	at android.app.ApplicationPackageManager.getApplicationInfo(ApplicationPackageManager.java:511)
05-12 05:06:24.593 E/SafeInvoker( 2878): 	at android.app.ApplicationPackageManager.getApplicationInfo(ApplicationPackageManager.java:505)
05-12 05:06:24.593 E/SafeInvoker( 2878): 	at android.app.ApplicationPackageManager.getResourcesForApplication(ApplicationPackageManager.java:2134)
05-12 05:06:24.593 E/SafeInvoker( 2878): 	at com.motorola.server.security.securevault.utils.Utils.getApplicationResourceIdentifier(Utils.java:82)
05-12 05:06:24.593 E/SafeInvoker( 2878): 	at com.motorola.server.security.securevault.utils.Utils.getVaultProfileFilterList(Utils.java:132)
05-12 05:06:24.593 E/SafeInvoker( 2878): 	at com.motorola.server.security.securevault.UserFilteringPolicy.lambda$shouldExcludeVaultProfile$0(UserFilteringPolicy.java:22)
05-12 05:06:24.593 E/SafeInvoker( 2878): 	at com.motorola.server.security.securevault.UserFilteringPolicy.$r8$lambda$jR7E2mX-Lw2CinGTcPdwj0zFoNY(UserFilteringPolicy.java:0)
05-12 05:06:24.593 E/SafeInvoker( 2878): 	at com.motorola.server.security.securevault.UserFilteringPolicy$$ExternalSyntheticLambda0.call(R8$$SyntheticClass:0)
05-12 05:06:24.593 E/SafeInvoker( 2878): 	at com.motorola.server.security.securevault.invoker.SafeInvoker.invokeWithClearCallingReturnable(SafeInvoker.java:65)
05-12 05:06:24.593 E/SafeInvoker( 2878): 	at com.motorola.server.security.securevault.invoker.SafeInvoker.invokeWithClearCallingWithBooleanReturn(SafeInvoker.java:99)
05-12 05:06:24.593 E/SafeInvoker( 2878): 	at com.motorola.server.security.securevault.UserFilteringPolicy.shouldExcludeVaultProfile(UserFilteringPolicy.java:19)
05-12 05:06:24.593 E/SafeInvoker( 2878): 	at com.motorola.server.security.securevault.SecureVault.shouldExcludeVaultProfile(SecureVault.java:378)
05-12 05:06:24.593 E/SafeInvoker( 2878): 	at com.motorola.server.security.MotoSecurityManagerService$1.shouldExcludeVaultProfile(MotoSecurityManagerService.java:449)
05-12 05:06:24.593 E/SafeInvoker( 2878): 	at com.motorola.internal.security.MotoSecurityManager.shouldExcludeVaultProfile(MotoSecurityManager.java:735)
05-12 05:06:24.593 E/SafeInvoker( 2878): 	at com.motorola.internal.security.MotoSecurityUtils.shouldExcludeVaultProfile(MotoSecurityUtils.java:240)
05-12 05:06:24.593 E/SafeInvoker( 2878): 	at com.android.server.pm.UserManagerService.getProfileIds(UserManagerService.java:1534)
05-12 05:06:24.593 E/SafeInvoker( 2878): 	at com.android.server.pm.UserManagerService.getProfileIds(UserManagerService.java:1517)
05-12 05:06:24.593 E/SafeInvoker( 2878): 	at com.android.server.wm.RecentTasks.getProfileIds(RecentTasks.java:955)
05-12 05:06:24.593 E/SafeInvoker( 2878): 	at com.android.server.wm.RecentTasks.getRecentTasksImpl(RecentTasks.java:987)
05-12 05:06:24.593 E/SafeInvoker( 2878): 	at com.android.server.wm.RecentTasks.getRecentTasks(RecentTasks.java:977)
05-12 05:06:24.593 E/SafeInvoker( 2878): 	at com.android.server.wm.ActivityTaskManagerService.getRecentTasks(ActivityTaskManagerService.java:2796)
05-12 05:06:24.593 E/SafeInvoker( 2878): 	at android.app.IActivityTaskManager$Stub.onTransact(IActivityTaskManager.java:1411)
05-12 05:06:24.593 E/SafeInvoker( 2878): 	at com.android.server.wm.ActivityTaskManagerService.onTransact(ActivityTaskManagerService.java:6149)
05-12 05:06:24.593 E/SafeInvoker( 2878): 	at android.os.Binder.execTransactInternal(Binder.java:1515)
05-12 05:06:24.593 E/SafeInvoker( 2878): 	at android.os.Binder.execTransact(Binder.java:1453)
05-12 05:06:24.593 D/Zygote  ( 1508): Forked child process 1978
05-12 05:06:24.594 E/ANDR-PERF-LM( 1836): MetaMeter: handleAsync() 166: AdaptLaunch Invalid Async
05-12 05:06:24.594 D/ActivityTaskManager( 2878): setActivityController: null,imAMonkey=true
05-12 05:06:24.594 I/ActivityManager( 2878): Start proc 1978:com.hyeni.calendar/u0a523 for top-activity {com.hyeni.calendar/com.hyeni.calendar.MainActivity}
05-12 05:06:24.595 I/Monkey  ( 1949): ## Network stats: elapsed time=22ms (0ms mobile, 0ms wifi, 22ms not connected)
05-12 05:06:24.595 I/app_process( 1949): System.exit called, status: 0
05-12 05:06:24.595 I/AndroidRuntime( 1949): VM exiting with result code 0.
05-12 05:06:24.600 I/artd    ( 1609): GetBestInfo: odex in dalvik-cache (/data/dalvik-cache/arm64/data@app@~~SRxUavOic1LlvbNjczWZ_g==@com.nflystudio.InfiniteStaircase-fU69UBE1Ls54QXQbAUV3Yw==@base.apk@classes.dex) is kOatUpToDate with filter 'speed-profile' executable 'false'
05-12 05:06:24.601 I/artd    ( 1609): GetBestInfo: odex next to the dex file (/data/user/0/com.nflystudio.InfiniteStaircase/cache/oat/arm64/auth_resources_lib.odex) is kOatUpToDate with filter 'speed-profile' executable 'false'
05-12 05:06:24.601 I/artd    ( 1609): GetBestInfo: vdex next to the dex file (/data/user/0/com.nflystudio.InfiniteStaircase/app_pccache/5/591C52BA23C4E0E4C6EB8A94DE92F532A215A628/oat/arm64/pcam.vdex) is kOatUpToDate with filter 'verify' executable 'false'
05-12 05:06:24.602 I/artd    ( 1609): GetBestInfo: odex next to the dex file (/data/user/0/com.nflystudio.InfiniteStaircase/cache/oat/arm64/firestore_resources_lib.odex) is kOatUpToDate with filter 'speed-profile' executable 'false'
05-12 05:06:24.602 I/artd    ( 1609): GetBestInfo: vdex next to the dex file (/data/user/0/com.nflystudio.InfiniteStaircase/cache/oat/arm64/app_resources_lib.vdex) is kOatUpToDate with filter 'verify' executable 'false'
05-12 05:06:24.603 I/artd    ( 1609): GetBestInfo: vdex next to the dex file (/data/user/0/com.nflystudio.InfiniteStaircase/cache/oat/arm64/google_api_resources_lib.vdex) is kOatUpToDate with filter 'verify' executable 'false'
05-12 05:06:24.603 I/artd    ( 1609): GetBestInfo: odex next to the dex file (/data/user/0/com.nflystudio.InfiniteStaircase/app_pccache/5/A4A3883B62E64477497A21E502C207B1868F77D8/oat/arm64/pcam.odex) is kOatUpToDate with filter 'speed-profile' executable 'false'
05-12 05:06:24.604 I/artd    ( 1609): GetBestInfo: vdex next to the dex file (/data/user/0/com.nflystudio.InfiniteStaircase/cache/oat/arm64/remote_config_resources_lib.vdex) is kOatUpToDate with filter 'verify' executable 'false'
05-12 05:06:24.606 I/.hyeni.calendar( 1978): Late-enabling -Xcheck:jni
05-12 05:06:24.610 D/CoreBackPreview( 2878): Window{941dd41 u0 Splash Screen com.hyeni.calendar}: Setting back callback OnBackInvokedCallbackInfo{mCallback=android.window.IOnBackInvokedCallback$Stub$Proxy@41af027, mPriority=0, mIsAnimationCallback=false}
05-12 05:06:24.612 I/artd    ( 1609): GetBestInfo: odex next to the dex file (/data/app/~~TlOahwk2e_upGvfworDdZw==/com.JindoBlu.TwoPlayerGamesChallenge-D9YNJWNSrZ0pnAWIBVQ9kQ==/oat/arm64/base.odex) is kOatUpToDate with filter 'speed-profile' executable 'false'
05-12 05:06:24.613 I/artd    ( 1609): GetBestInfo: vdex next to the dex file (/data/user/0/com.JindoBlu.TwoPlayerGamesChallenge/app_pccache/5/A4A3883B62E64477497A21E502C207B1868F77D8/oat/arm64/pcam.vdex) is kOatUpToDate with filter 'verify' executable 'false'
05-12 05:06:24.613 V/WindowManager( 2878): Sent Transition (#29) createdAt=05-12 05:06:24.573 via request=TransitionRequestInfo { type = OPEN, triggerTask = TaskInfo{userId=0 taskId=538 displayId=0 isRunning=true baseIntent=Intent { act=android.intent.action.MAIN cat=[android.intent.category.LAUNCHER] flg=0x10200000 cmp=com.hyeni.calendar/.MainActivity } baseActivity=ComponentInfo{com.hyeni.calendar/com.hyeni.calendar.MainActivity} topActivity=ComponentInfo{com.hyeni.calendar/com.hyeni.calendar.MainActivity} origActivity=null realActivity=ComponentInfo{com.hyeni.calendar/com.hyeni.calendar.MainActivity} numActivities=1 lastActiveTime=28705800 supportsMultiWindow=true supportsGlobalFreeform=true resizeMode=1 isResizeable=true isAppLocked=false isShowDecorCaptionWindowRequest=false canKillAndRestart=true minWidth=-1 minHeight=-1 defaultMinSize=200 token=WCT{RemoteToken{e0e0c7d Task{4d939c2 #538 type=standard A=10523:com.hyeni.calendar}}} topActivityType=1 pictureInPictureParams=null shouldDockBigOverlays=false launchIntoPipHostTaskId=-1 lastParentTaskIdBeforePip=-1 displayCutoutSafeInsets=Rect(0, 108 - 0, 0) topActivityInfo=ActivityInfo{9779772 com.hyeni.calendar.MainActivity} launchCookies=[] positionInParent=Point(0, 0) parentTaskId=-1 isFocused=false isVisible=false isVisibleRequested=false isSleeping=true locusId=null displayAreaFeatureId=1 isTopActivityTransparent=false appCompatTaskInfo=AppCompatTaskInfo { topActivityInSizeCompat=false topActivityEligibleForLetterboxEducation= falseisLetterboxEducationEnabled= false isLetterboxDoubleTapEnabled= false topActivityEligibleForUserAspectRatioButton= false topActivityBoundsLetterboxed= false isFromLetterboxDoubleTap= false topActivityLetterboxVerticalPosition= -1 topActivityLetterboxHorizontalPosition= -1 topActivityLetterboxWidth=1080 topActivityLetterboxHeight=2640 isUserFullscreenOverrideEnabled=false isSystemFullscreenOverrideEnabled=false cameraCompatTaskInfo=CameraCompatTaskInfo { cameraCompatControlState=hidden freeformCameraCompatMode=inactive}}}, pipTask = null, remoteTransition = null, displayChange = null, flags = 0, debugId = 29 }
05-12 05:06:24.613 V/WindowManagerShell( 3765): onTransitionReady(transaction=12360915879915)
05-12 05:06:24.613 V/WindowManager( 2878):     startWCT=WindowContainerTransaction { changes = {} hops = [] errorCallbackToken=null taskFragmentOrganizer=null }
05-12 05:06:24.613 V/WindowManager( 2878):     info={id=29 t=OPEN f=0x40 trk=0 r=[] c=[]}
05-12 05:06:24.614 V/WindowManagerShell( 3765): onTransitionReady (#29) android.os.BinderProxy@9018c91: {id=29 t=OPEN f=0x40 trk=0 r=[] c=[]}
05-12 05:06:24.614 I/artd    ( 1609): GetBestInfo: vdex next to the dex file (/data/user/0/com.JindoBlu.TwoPlayerGamesChallenge/cache/oat/arm64/google_api_resources_lib.vdex) is kOatUpToDate with filter 'verify' executable 'false'
05-12 05:06:24.614 V/WindowManagerShell( 3765): No transition roots in (#29) android.os.BinderProxy@9018c91@0 so abort
05-12 05:06:24.614 W/UserManagerService( 2878): Requested status bar icon for non-badged user 0
05-12 05:06:24.615 I/artd    ( 1609): GetBestInfo: vdex next to the dex file (/data/user/0/com.JindoBlu.TwoPlayerGamesChallenge/app_pccache/5/32C64336DAAB52DE09299639A297EE1CAEE76804/oat/arm64/pcam.vdex) is kOatUpToDate with filter 'verify' executable 'false'
05-12 05:06:24.615 V/WindowManagerShell( 3765): Transition animation finished (aborted=true), notifying core (#29) android.os.BinderProxy@9018c91@0
05-12 05:06:24.615 I/artd    ( 1609): GetBestInfo: vdex next to the dex file (/data/user/0/com.JindoBlu.TwoPlayerGamesChallenge/cache/oat/arm64/app_resources_lib.vdex) is kOatUpToDate with filter 'verify' executable 'false'
05-12 05:06:24.615 V/WindowManager( 2878): Finish Transition (#29): created at 05-12 05:06:24.573 collect-started=0.067ms request-sent=9.087ms started=12.24ms ready=39.084ms sent=39.528ms finished=42.174ms
05-12 05:06:24.616 I/artd    ( 1609): GetBestInfo: vdex next to the dex file (/data/user/0/com.JindoBlu.TwoPlayerGamesChallenge/cache/oat/arm64/remote_config_resources_lib.vdex) is kOatUpToDate with filter 'verify' executable 'false'
05-12 05:06:24.616 V/WindowManagerShell( 3765): Track 0 became idle
05-12 05:06:24.616 V/WindowManagerShell( 3765): All active transition animations finished
05-12 05:06:24.617 W/libc    ( 3765): Access denied finding property "vendor.display.enable_optimal_refresh_rate"
05-12 05:06:24.614 W/ll.splashscreen( 3765): type=1400 audit(0.0:8180): avc:  denied  { read } for  name="u:object_r:vendor_display_prop:s0" dev="tmpfs" ino=455 scontext=u:r:platform_app:s0:c512,c768 tcontext=u:object_r:vendor_display_prop:s0 tclass=file permissive=0 app=com.android.systemui
05-12 05:06:24.617 W/libc    ( 3765): Access denied finding property "vendor.gpp.create_frc_extension"
05-12 05:06:24.620 I/artd    ( 1609): GetBestInfo: odex next to the dex file (/data/app/~~z5YzsuHHITUpiv6OcXybXA==/com.google.android.documentsui-ukS_LGmhki1PtxvnUG3Tow==/oat/arm64/base.odex) is kOatUpToDate with filter 'speed-profile' executable 'false'
05-12 05:06:24.625 I/artd    ( 1609): GetBestInfo: odex next to the dex file (/data/app/~~5Pug1TnLtSeb_s94T2gEQw==/jp.naver.line.android-Ckf_EIUf8GMBlRIoILrYxA==/oat/arm64/base.odex) is kOatUpToDate with filter 'speed-profile' executable 'false'
05-12 05:06:24.625 I/artd    ( 1609): GetBestInfo: vdex next to the dex file (/data/user/0/jp.naver.line.android/app_pccache/5/1CEDD60EE1DEB4A5D57108096C421D8F03173B2C/oat/arm64/pcam.vdex) is kOatUpToDate with filter 'verify' executable 'false'
05-12 05:06:24.625 I/artd    ( 1609): GetBestInfo: vdex next to the dex file (/data/user/0/jp.naver.line.android/app_pccache/5/570F2F567A7BD29610D50DF58B388F1BEB118159/oat/arm64/pcam.vdex) is kOatUpToDate with filter 'verify' executable 'false'
05-12 05:06:24.625 I/.hyeni.calendar( 1978): Using CollectorTypeCMC GC.
05-12 05:06:24.628 I/adbd    (19515): jdwp connection from 1978
05-12 05:06:24.632 D/nativeloader( 1978): Load libframework-connectivity-tiramisu-jni.so using APEX ns com_android_tethering for caller /apex/com.android.tethering/javalib/framework-connectivity-t.jar: ok
05-12 05:06:24.632 I/artd    ( 1609): GetBestInfo: odex next to the dex file (/data/app/~~dvFfjgD0ahU540we4r2jGw==/com.google.android.calculator-U_OtIaQIfctA94_Zo90O_Q==/oat/arm64/base.odex) is kOatUpToDate with filter 'speed-profile' executable 'false'
05-12 05:06:24.634 I/artd    ( 1609): GetBestInfo: odex next to the dex file (/data/app/~~JfjGjKdF3foTpcKYd24CEQ==/com.google.android.contactkeys-uVS_TRrYJP_c-bzvpsT5zg==/oat/arm64/base.odex) is kOatUpToDate with filter 'speed-profile' executable 'false'
05-12 05:06:24.637 I/artd    ( 1609): GetBestInfo: odex next to the dex file (/data/app/~~5UxHokff-4mzAoNiPLmj-g==/kr.or.catholic.goodnews-XXvHDnBldW0BYz0jkdyH9A==/oat/arm64/base.odex) is kOatUpToDate with filter 'speed-profile' executable 'false'
05-12 05:06:24.639 E/ANDR-PERF-LM( 1836): MetaMeter: handleAsync() 166: AdaptLaunch Invalid Async
05-12 05:06:24.644 I/artd    ( 1609): GetBestInfo: odex next to the dex file (/data/app/~~Gsl4zBZMrWck_Cw-dcfk4Q==/com.microsoft.appmanager-io_c1CLXE1W5DFlELgHaNg==/oat/arm64/base.odex) is kOatUpToDate with filter 'speed-profile' executable 'false'
05-12 05:06:24.644 D/ActivityTrigger( 2878): ActivityTrigger activityPauseTrigger 
05-12 05:06:24.646 W/JobScheduler.JobStatus( 2878): Exempted app com.dti.motorola considered buggy
05-12 05:06:24.646 W/JobScheduler.JobStatus( 2878): Exempted app com.dti.motorola considered buggy
05-12 05:06:24.647 D/ForegroundUtils( 6501): Foreground UID status: 10199, false; 10348, false; 10380, true; 10390, true; 10399, false; 10523, true; 
05-12 05:06:24.647 W/PackageManager( 2878): Missing required system package: helectronsoft.com.live.wallpaper.pixel4d, but found with extended search.
05-12 05:06:24.648 D/ActivityManager( 2878): unfreezing ProcessRecord{ced8338 32308:helectronsoft.com.live.wallpaper.pixel4d/u0a464}, reason = unfreezeTemporarily, adj = 925, adjType = cch-empty, adjSource = null
05-12 05:06:24.649 D/ActivityManager( 2878): sync unfroze 32308 helectronsoft.com.live.wallpaper.pixel4d for 27
05-12 05:06:24.654 W/JobServiceContext( 2878): Sending onNetworkChanged for a job that isn't started. JobStatus{4fbdee #u0a464/100 helectronsoft.com.live.wallpaper.pixel4d/androidx.work.impl.background.systemjob.SystemJobService u=0 s=10464 TIME=-12m42s517ms:none NET READY}
05-12 05:06:24.660 W/Finsky  ( 6985): [2] STU: Failed to get storage stats for package 'com.google.android.sdkext' (1601: Error getting stats: android.content.pm.PackageManager.NameNotFoundException)
05-12 05:06:24.661 D/ApplicationLoaders( 1978): Returning zygote-cached class loader: /system_ext/framework/androidx.window.extensions.jar
05-12 05:06:24.661 D/ApplicationLoaders( 1978): Returning zygote-cached class loader: /system_ext/framework/androidx.window.sidecar.jar
05-12 05:06:24.664 I/artd    ( 1609): GetBestInfo: odex next to the dex file (/data/app/~~5o5aP41XIh8dp3o0jyZpug==/com.mwm.piano-GNbOU9swzzk_4qJItt7r_w==/oat/arm64/base.odex) is kOatUpToDate with filter 'speed-profile' executable 'false'
05-12 05:06:24.665 I/artd    ( 1609): GetBestInfo: vdex next to the dex file (/data/user/0/com.mwm.piano/cache/oat/arm64/google_api_resources_lib.vdex) is kOatUpToDate with filter 'verify' executable 'false'
05-12 05:06:24.665 I/artd    ( 1609): GetBestInfo: vdex next to the dex file (/data/user/0/com.mwm.piano/cache/oat/arm64/app_resources_lib.vdex) is kOatUpToDate with filter 'verify' executable 'false'
05-12 05:06:24.666 I/artd    ( 1609): GetBestInfo: vdex next to the dex file (/data/user/0/com.mwm.piano/app_pccache/5/A4A3883B62E64477497A21E502C207B1868F77D8/oat/arm64/pcam.vdex) is kOatUpToDate with filter 'verify' executable 'false'
05-12 05:06:24.673 I/artd    ( 1609): GetBestInfo: odex next to the dex file (/data/app/~~bMkZuaNHehvgewr17TbvgQ==/kgcbrand.com.kgcdelivery_android-JLIF3qI9UeDf3RC5pZhL5A==/oat/arm64/base.odex) is kOatUpToDate with filter 'speed-profile' executable 'false'
05-12 05:06:24.679 D/ActivityThread(32308): Package [com.hyeni.calendar] reported as REPLACED, but missing application info. Assuming REMOVED.
05-12 05:06:24.679 I/artd    ( 1609): GetBestInfo: odex next to the dex file (/data/app/~~2IlC2muPny3DP71ddlwr4g==/com.instagram.android-uW557B2GuUZyc0aev2NxPA==/oat/arm64/base.odex) is kOatUpToDate with filter 'speed-profile' executable 'false'
05-12 05:06:24.679 D/ActivityThread(32308): Package [com.hyeni.calendar] reported as REPLACED, but missing application info. Assuming REMOVED.
05-12 05:06:24.685 D/ConnectivityService( 2878): requestNetwork for uid/pid:10464/32308 activeRequest: null callbackRequest: 621 [NetworkRequest [ REQUEST id=622, [ Capabilities: INTERNET&NOT_RESTRICTED&TRUSTED&NOT_VCN_MANAGED&NOT_BANDWIDTH_CONSTRAINED Uid: 10464 RequestorUid: 10464 RequestorPkg: helectronsoft.com.live.wallpaper.pixel4d UnderlyingNetworks: Null] ]] callback flags: 0 order: 2147483647 isUidTracked: false declaredMethods: AVAIL|LOST|NC
05-12 05:06:24.687 D/ConnectivityService( 2878): NetReassign [622 : null → 103] [c 0] [a 1] [i 0]
05-12 05:06:24.687 D/WifiNetworkFactory( 2878): got request NetworkRequest [ REQUEST id=622, [ Capabilities: INTERNET&NOT_RESTRICTED&TRUSTED&NOT_VCN_MANAGED&NOT_BANDWIDTH_CONSTRAINED Uid: 10464 RequestorUid: 10464 RequestorPkg: helectronsoft.com.live.wallpaper.pixel4d UnderlyingNetworks: Null] ]
05-12 05:06:24.687 D/UntrustedWifiNetworkFactory( 2878): got request NetworkRequest [ REQUEST id=622, [ Capabilities: INTERNET&NOT_RESTRICTED&TRUSTED&NOT_VCN_MANAGED&NOT_BANDWIDTH_CONSTRAINED Uid: 10464 RequestorUid: 10464 RequestorPkg: helectronsoft.com.live.wallpaper.pixel4d UnderlyingNetworks: Null] ]
05-12 05:06:24.687 D/OemPaidWifiNetworkFactory( 2878): got request NetworkRequest [ REQUEST id=622, [ Capabilities: INTERNET&NOT_RESTRICTED&TRUSTED&NOT_VCN_MANAGED&NOT_BANDWIDTH_CONSTRAINED Uid: 10464 RequestorUid: 10464 RequestorPkg: helectronsoft.com.live.wallpaper.pixel4d UnderlyingNetworks: Null] ]
05-12 05:06:24.687 D/MultiInternetWifiNetworkFactory( 2878): got request NetworkRequest [ REQUEST id=622, [ Capabilities: INTERNET&NOT_RESTRICTED&TRUSTED&NOT_VCN_MANAGED&NOT_BANDWIDTH_CONSTRAINED Uid: 10464 RequestorUid: 10464 RequestorPkg: helectronsoft.com.live.wallpaper.pixel4d UnderlyingNetworks: Null] ]
05-12 05:06:24.689 I/artd    ( 1609): GetBestInfo: odex next to the dex file (/data/app/~~0fdLM2v7YQoGLyFEo5tbVw==/org.findmykids.app-iarMzcxZ9ZwizMfjp8dzjA==/oat/arm64/base.odex) is kOatUpToDate with filter 'speed-profile' executable 'false'
05-12 05:06:24.692 I/artd    ( 1609): GetBestInfo: odex next to the dex file (/data/app/~~cp9xoDARdEyYPcksEuDXVQ==/kr.go.nts.android-3iM_iaA01St5FEUBKvlxfQ==/oat/arm64/base.odex) is kOatUpToDate with filter 'speed-profile' executable 'false'
05-12 05:06:24.698 I/artd    ( 1609): GetBestInfo: odex next to the dex file (/data/app/~~A3GdPpAGWwChpfRx7xjjlA==/com.motorola.securityhub-sxWW6vCv32M-SyXpgMYdUQ==/oat/arm64/base.odex) is kOatUpToDate with filter 'speed-profile' executable 'false'
05-12 05:06:24.701 W/Finsky  ( 6985): [2] STU: Failed to get storage stats for package 'com.google.android.adservices' (1601: Error getting stats: android.content.pm.PackageManager.NameNotFoundException)
05-12 05:06:24.703 I/artd    ( 1609): GetBestInfo: odex next to the dex file (/data/app/~~e-aO2AUYbDIBuSyfSN6nYQ==/com.motorola.ccc.notification-wOr-9CJectVaJyvaloTKAA==/oat/arm64/base.odex) is kOatUpToDate with filter 'speed-profile' executable 'false'
05-12 05:06:24.705 W/Finsky  ( 6985): [2] STU: Failed to get storage stats for package 'com.google.android.tethering' (1601: Error getting stats: android.content.pm.PackageManager.NameNotFoundException)
05-12 05:06:24.707 I/artd    ( 1609): GetBestInfo: odex next to the dex file (/data/app/~~HPGP3nSkyCjnQQuomTepRQ==/com.sec.android.easyMover-YCeRRZVSnSHLvYLoNlvu1g==/oat/arm64/base.odex) is kOatUpToDate with filter 'speed-profile' executable 'false'
05-12 05:06:24.710 I/artd    ( 1609): GetBestInfo: odex next to the dex file (/data/app/~~zmXmurg8l0f6kRWNj7lhOQ==/com.google.android.captiveportallogin-epiKNPsCRI9u8zwYMk2YlQ==/oat/arm64/base.odex) is kOatUpToDate with filter 'speed-profile' executable 'false'
05-12 05:06:24.713 I/artd    ( 1609): GetBestInfo: odex next to the dex file (/data/app/~~8a3CD_rrP5ntKq6fC5IUGg==/kr.co.ceragem.membership-SP3_06i7QuhQZt_VSKIT_w==/oat/arm64/base.odex) is kOatUpToDate with filter 'speed-profile' executable 'false'
05-12 05:06:24.719 I/artd    ( 1609): GetBestInfo: odex next to the dex file (/data/app/~~oLyvimJm_tWQIOeWuPZVzg==/com.android.chrome-sKHygpO6zj8-60KjeXzjFQ==/oat/arm64/base.odex) is kOatUpToDate with filter 'speed-profile' executable 'false'
