05-12 04:51:41.408 I/artd    (  883): GetBestInfo: odex next to the dex file (/data/app/~~tH_cRu2q5ATYl4aZRnr5bw==/com.google.android.apps.subscriptions.red-IQ5xPXPETtSDgtn5ndJe2A==/oat/arm64/base.odex) is kOatUpToDate with filter 'speed-profile' executable 'false'
05-12 04:51:41.413 I/artd    (  883): GetBestInfo: odex next to the dex file (/data/app/~~L7F1NlI9EStT_QOUrJVRvQ==/com.translater.language.translator.voice.photo-JgHmJmxVNV-mX7cbdosauQ==/oat/arm64/base.odex) is kOatUpToDate with filter 'speed-profile' executable 'false'
05-12 04:51:41.417 I/artd    (  883): GetBestInfo: odex next to the dex file (/data/app/~~jhEYM7dO70IG8GhnAU34Sw==/com.google.android.contacts-7cYzN4yKt8PVB8IvYw5Q9g==/oat/arm64/base.odex) is kOatUpToDate with filter 'speed-profile' executable 'false'
05-12 04:51:41.419 I/artd    (  883): GetBestInfo: odex next to the dex file (/data/app/~~l_fQQixHHVsdm0v7LcWoFQ==/com.hanwha.insurance.sfa.applicant-EdE8YbejGbLhZgnUPZF-aA==/oat/arm64/base.odex) is kOatUpToDate with filter 'speed-profile' executable 'false'
05-12 04:51:41.422 W/Finsky  ( 6985): [2] STU: Failed to get storage stats for package 'com.google.android.cellbroadcast' (1601: Error getting stats: android.content.pm.PackageManager.NameNotFoundException)
05-12 04:51:41.424 I/artd    (  883): GetBestInfo: odex next to the dex file (/data/app/~~Mnni5V6WoVgeq08OJfgRfA==/translate.all.language.translator.cameratranslator-CE_J4GlrQtczCF1yXSvlMg==/oat/arm64/base.odex) is kOatUpToDate with filter 'speed-profile' executable 'false'
05-12 04:51:41.429 I/artd    (  883): GetBestInfo: odex next to the dex file (/data/app/~~mGXT9zfQOilxlkFGXoXN2Q==/com.dicedpixel.foodrun-N89oObA8ka9ewpxyEAPU8Q==/oat/arm64/base.odex) is kOatUpToDate with filter 'speed-profile' executable 'false'
05-12 04:51:41.430 I/artd    (  883): GetBestInfo: odex next to the dex file (/data/user/0/com.dicedpixel.foodrun/app_pccache/5/A4A3883B62E64477497A21E502C207B1868F77D8/oat/arm64/pcam.odex) is kOatUpToDate with filter 'speed-profile' executable 'false'
05-12 04:51:41.430 I/.hyeni.calendar( 1064): Compiler allocated 5189KB to compile void android.view.ViewRootImpl.performTraversals()
05-12 04:51:41.430 I/artd    (  883): GetBestInfo: odex next to the dex file (/data/user/0/com.dicedpixel.foodrun/app_pccache/5/591C52BA23C4E0E4C6EB8A94DE92F532A215A628/oat/arm64/pcam.odex) is kOatUpToDate with filter 'speed-profile' executable 'false'
05-12 04:51:41.438 I/artd    (  883): GetBestInfo: odex next to the dex file (/data/app/~~wZzPPelXUdFh6mt5fc6dmQ==/com.wooricard.smartapp-fhlhq4_eZe1xJ6ohTOoLlQ==/oat/arm64/base.odex) is kOatUpToDate with filter 'speed-profile' executable 'false'
05-12 04:51:41.445 D/ForegroundUtils( 6501): Foreground UID status: 10199, false; 10348, false; 10380, true; 10390, true; 10399, false; 10523, false; 99019, true; 
05-12 04:51:41.446 I/artd    (  883): GetBestInfo: odex next to the dex file (/data/app/~~Jya6Quh_BsEuj8AC_8F5eQ==/com.google.android.accessibility.switchaccess-Z7rW-CZFUFrNOcTeo0HeHQ==/oat/arm64/base.odex) is kOatUpToDate with filter 'speed-profile' executable 'false'
05-12 04:51:41.448 I/ejla    (28894): (REDACTED) HDM. appOpsListener %s %s
05-12 04:51:41.448 I/ejla    (28894): (REDACTED) HDM. Ignoring irrelevant audio permission changes for package %s
05-12 04:51:41.448 I/ejla    (28894): (REDACTED) HDM. appOpsListener %s %s
05-12 04:51:41.448 I/ejla    (28894): (REDACTED) HDM. Ignoring irrelevant audio permission changes for package %s
05-12 04:51:41.449 I/artd    (  883): GetBestInfo: odex next to the dex file (/data/app/~~0HWFnNH8nd59HfiMci1UKg==/kr.co.emart.emartmall-Rik2yGN4VfA22AgN3vpugA==/oat/arm64/base.odex) is kOatUpToDate with filter 'speed-profile' executable 'false'
05-12 04:51:41.456 W/JobScheduler.JobStatus( 2878): Exempted app com.dti.motorola considered buggy
05-12 04:51:41.456 W/JobScheduler.JobStatus( 2878): Exempted app com.dti.motorola considered buggy
05-12 04:51:41.458 I/artd    (  883): GetBestInfo: odex next to the dex file (/data/app/~~EHDkYqSQFlBfuz6yO-X07A==/kr.co.elandmall.elandmall-Wyspk2GlcU6GJFAsIwVyxg==/oat/arm64/base.odex) is kOatUpToDate with filter 'speed-profile' executable 'false'
05-12 04:51:41.459 D/PowerUI ( 3765): can't show warning due to - plugged: true status unknown: false
05-12 04:51:41.460 E/ANDR-PERF-LM( 1836): VmRssMeter:: start() 358: Could not find pid, can not collect vmrss data
05-12 04:51:41.460 V/UiModeManager( 2878): updateLocked: null action, mDockState=0, category=null
05-12 04:51:41.461 D/UiModeManager( 2878): updateConfigurationLocked: mDockState=0; mCarMode=false; mNightMode=com.android.server.UiModeManagerService$1@56aa2d4; mNightModeCustomType=-1; uiMode=17
05-12 04:51:41.461 D/ActivityManager( 2878): unfreezing ProcessRecord{6d83330 13437:com.google.android.apps.turbo/u0a270}, reason = unfreezeTemporarily, adj = 945, adjType = cch-empty, adjSource = null
05-12 04:51:41.461 W/ContextImpl( 2878): Calling a method in the system process without a qualified user: android.app.ContextImpl.startService:1946 com.motorola.server.batterycare.MotoBatteryCareService.notifyBatteryLevelChanged:1210 com.motorola.server.batterycare.MotoBatteryCareService.-$$Nest$mnotifyBatteryLevelChanged:0 com.motorola.server.batterycare.MotoBatteryCareService$1.onReceive:223 android.app.LoadedApk$ReceiverDispatcher$Args.lambda$getRunnable$0:1832 
05-12 04:51:41.461 I/artd    (  883): GetBestInfo: odex next to the dex file (/data/app/~~GJtY1gUMu93dbqr-uxlkHQ==/com.google.android.apps.carrier.carrierwifi-f-_5eOatA624TISjZez9zg==/oat/arm64/base.odex) is kOatUpToDate with filter 'speed-profile' executable 'false'
05-12 04:51:41.462 D/ActivityManager( 2878): sync unfroze 13437 com.google.android.apps.turbo for 3
05-12 04:51:41.462 D/BatteryUsageBroadcastReceiver(20982): onReceive:android.intent.action.BATTERY_LEVEL_CHANGED
05-12 04:51:41.463 D/BatteryUsageBroadcastReceiver(20982): fetch data because of event: ACTION_BATTERY_LEVEL_CHANGED
05-12 04:51:41.464 I/artd    (  883): GetBestInfo: odex next to the dex file (/data/app/~~mnY4W4veqNEc4f9GMk7RxA==/com.google.android.apps.wellbeing-4A9NjoMm1qKL_twH2dRThw==/oat/arm64/base.odex) is kOatUpToDate with filter 'speed-profile' executable 'false'
05-12 04:51:41.466 D/ActivityThread(13437): Package [com.hyeni.calendar] reported as REPLACED, but missing application info. Assuming REMOVED.
05-12 04:51:41.466 E/ANDR-PERF-LM( 1836): VmRssMeter:: start() 358: Could not find pid, can not collect vmrss data
05-12 04:51:41.466 E/ANDR-PERF-LM( 1836): AdaptiveLaunch: writeToDataBase() 64: Meter aborted or could not get meter data for this run
05-12 04:51:41.466 I/BatteryCare( 6973): [SmartBackground] [BatteryCareTaskService] Receive event onStartCommand com.motorola.batterycare.services.ACTION_NOTIFY_EVENT
05-12 04:51:41.467 D/ActivityThread(13437): Package [com.hyeni.calendar] reported as REPLACED, but missing application info. Assuming REMOVED.
05-12 04:51:41.467 D/ActivityThread(13437): Package [com.hyeni.calendar] reported as REPLACED, but missing application info. Assuming REMOVED.
05-12 04:51:41.468 D/ActivityThread(13437): Package [com.hyeni.calendar] reported as REPLACED, but missing application info. Assuming REMOVED.
05-12 04:51:41.468 D/StatusIconContainer( 3765): need adust dot icon xTranslation, current xTranslation-20.0 leastTranslation: -16
05-12 04:51:41.472 I/artd    (  883): GetBestInfo: odex next to the dex file (/data/app/~~l5v_sg6TzWv2WS8DR5ddhA==/ai.face.future.futureme-Ob4Vk9v-Bg5YFKTcyAchaQ==/oat/arm64/base.odex) is kOatUpToDate with filter 'speed-profile' executable 'false'
05-12 04:51:41.475 I/artd    (  883): GetBestInfo: odex next to the dex file (/data/app/~~jSWbgNBjRyBSXGSBBphkww==/com.banana.cat.hidenseek-vFgI_JHBq_lmi0aPGUB7KA==/oat/arm64/base.odex) is kOatUpToDate with filter 'speed-profile' executable 'false'
05-12 04:51:41.476 I/artd    (  883): GetBestInfo: vdex next to the dex file (/data/user/0/com.banana.cat.hidenseek/cache/oat/arm64/google_api_resources_lib.vdex) is kOatUpToDate with filter 'verify' executable 'false'
05-12 04:51:41.476 I/artd    (  883): GetBestInfo: vdex next to the dex file (/data/user/0/com.banana.cat.hidenseek/cache/oat/arm64/remote_config_resources_lib.vdex) is kOatUpToDate with filter 'verify' executable 'false'
05-12 04:51:41.476 I/artd    (  883): GetBestInfo: vdex next to the dex file (/data/user/0/com.banana.cat.hidenseek/cache/oat/arm64/app_resources_lib.vdex) is kOatUpToDate with filter 'verify' executable 'false'
05-12 04:51:41.476 I/FontLog ( 4147): (REDACTED) Received query %s, URI %s
05-12 04:51:41.477 I/artd    (  883): GetBestInfo: vdex next to the dex file (/data/user/0/com.banana.cat.hidenseek/app_pccache/5/A4A3883B62E64477497A21E502C207B1868F77D8/oat/arm64/pcam.vdex) is kOatUpToDate with filter 'verify' executable 'false'
05-12 04:51:41.477 I/FontLog ( 4147): (REDACTED) Query [%s] resolved to %s
05-12 04:51:41.477 I/FontLog ( 4147): (REDACTED) Fetch %s end status %s
05-12 04:51:41.480 I/FontLog ( 4147): (REDACTED) Pulling font file for id = %d, cache size = %d
05-12 04:51:41.481 I/artd    (  883): GetBestInfo: odex next to the dex file (/data/app/~~7AFZU96HwNQp1Hy3b7zAUA==/com.motorola.om-hwIQO3sDEFe2QRpIFz2dDw==/oat/arm64/base.odex) is kOatUpToDate with filter 'speed-profile' executable 'false'
05-12 04:51:41.484 I/artd    (  883): GetBestInfo: odex next to the dex file (/data/app/~~bUspFDpE1GEv43B1eOhIBA==/com.google.android.apps.restore-DNK9zMhxeEz6PufF5OnvqA==/oat/arm64/base.odex) is kOatUpToDate with filter 'speed-profile' executable 'false'
05-12 04:51:41.486 I/FontLog ( 4147): (REDACTED) Pulling font file for id = %d, cache size = %d
05-12 04:51:41.487 I/artd    (  883): GetBestInfo: odex next to the dex file (/data/app/~~XS4orlsl9iYsMgVsfwq_2g==/com.naver.smartplace-hpGZuFc1o2c8aVNEA1loTA==/oat/arm64/base.odex) is kOatUpToDate with filter 'speed-profile' executable 'false'
05-12 04:51:41.491 I/artd    (  883): GetBestInfo: odex next to the dex file (/data/app/~~8GqZd08gCS7ow_ATYCyRDw==/com.ice.ball.snow.race-sRcqcOho2slXU325yMcykg==/oat/arm64/base.odex) is kOatUpToDate with filter 'speed-profile' executable 'false'
05-12 04:51:41.492 I/artd    (  883): GetBestInfo: vdex next to the dex file (/data/user/0/com.ice.ball.snow.race/app_pccache/5/A4A3883B62E64477497A21E502C207B1868F77D8/oat/arm64/pcam.vdex) is kOatUpToDate with filter 'verify' executable 'false'
05-12 04:51:41.492 I/artd    (  883): GetBestInfo: vdex next to the dex file (/data/user/0/com.ice.ball.snow.race/cache/oat/arm64/google_api_resources_lib.vdex) is kOatUpToDate with filter 'verify' executable 'false'
05-12 04:51:41.493 I/artd    (  883): GetBestInfo: vdex next to the dex file (/data/user/0/com.ice.ball.snow.race/cache/oat/arm64/remote_config_resources_lib.vdex) is kOatUpToDate with filter 'verify' executable 'false'
05-12 04:51:41.493 I/artd    (  883): GetBestInfo: vdex next to the dex file (/data/user/0/com.ice.ball.snow.race/cache/oat/arm64/app_resources_lib.vdex) is kOatUpToDate with filter 'verify' executable 'false'
05-12 04:51:41.499 I/artd    (  883): GetBestInfo: odex next to the dex file (/data/app/~~p6lfDJi3w3TiHhdu_cyTrw==/com.hanwha.hima-4ku-7t8KABN1dQnVKwj_cQ==/oat/arm64/base.odex) is kOatUpToDate with filter 'speed-profile' executable 'false'
05-12 04:51:41.501 W/Finsky  ( 6985): [2] STU: Failed to get storage stats for package 'com.motorola.enterprise' (1601: Error getting stats: android.content.pm.PackageManager.NameNotFoundException)
05-12 04:51:41.502 I/artd    (  883): GetBestInfo: odex next to the dex file (/data/app/~~A0yMNJypQqUd_qaAllXOoA==/com.motorola.genie-AXOjo2OAwbS_NHepuHcyRg==/oat/arm64/base.odex) is kOatUpToDate with filter 'speed-profile' executable 'false'
05-12 04:51:41.506 I/artd    (  883): GetBestInfo: odex next to the dex file (/data/app/~~Rt-rS3ZQafa-vVUHQ3QiXw==/com.google.android.apps.photos-Qg3vFOJuGjyV7KGe2ryDRA==/oat/arm64/base.odex) is kOatUpToDate with filter 'speed-profile' executable 'false'
05-12 04:51:41.509 I/artd    (  883): GetBestInfo: odex next to the dex file (/data/app/~~1VRKzxyT0_8dXkgIBOdA1g==/com.samsung.android.oneconnect-JMiIMTnTrGPi6QFSnsMFeQ==/oat/arm64/base.odex) is kOatUpToDate with filter 'speed-profile' executable 'false'
05-12 04:51:41.514 I/artd    (  883): GetBestInfo: odex next to the dex file (/data/app/~~3DBjZ9Ce3WL4HY9OAwQ6VQ==/com.aura.oobe.motorola-I4Lvb4QEycrEIOhyrR1wbQ==/oat/arm64/base.odex) is kOatUpToDate with filter 'speed-profile' executable 'false'
05-12 04:51:41.517 I/artd    (  883): GetBestInfo: odex next to the dex file (/data/app/~~Hj7cpkbFmf5vyiLkuVXZmw==/com.genigames.prison.escape.jailbreak.adventure-vuUvRM8VcCnZrYDemHjkCg==/oat/arm64/base.odex) is kOatUpToDate with filter 'speed-profile' executable 'false'
05-12 04:51:41.518 I/artd    (  883): GetBestInfo: vdex next to the dex file (/data/user/0/com.genigames.prison.escape.jailbreak.adventure/app_pccache/5/A4A3883B62E64477497A21E502C207B1868F77D8/oat/arm64/pcam.vdex) is kOatUpToDate with filter 'verify' executable 'false'
05-12 04:51:41.518 I/artd    (  883): GetBestInfo: vdex next to the dex file (/data/user/0/com.genigames.prison.escape.jailbreak.adventure/app_pccache/5/EEE20DEE2B9E8FD13D3BD7940C93E19263473270/oat/arm64/pcam.vdex) is kOatUpToDate with filter 'verify' executable 'false'
05-12 04:51:41.518 I/artd    (  883): GetBestInfo: vdex next to the dex file (/data/user/0/com.genigames.prison.escape.jailbreak.adventure/cache/oat/arm64/app_resources_lib.vdex) is kOatUpToDate with filter 'verify' executable 'false'
05-12 04:51:41.519 I/artd    (  883): GetBestInfo: vdex next to the dex file (/data/user/0/com.genigames.prison.escape.jailbreak.adventure/cache/oat/arm64/google_api_resources_lib.vdex) is kOatUpToDate with filter 'verify' executable 'false'
05-12 04:51:41.523 I/artd    (  883): GetBestInfo: odex next to the dex file (/data/app/~~esg0bDa2ruEBdLGNJ-dMBg==/com.sec.spp.push-txbbCp-I7DYyuhpWvX07SA==/oat/arm64/base.odex) is kOatUpToDate with filter 'speed-profile' executable 'false'
05-12 04:51:41.526 I/artd    (  883): GetBestInfo: odex next to the dex file (/data/app/~~OEyx1_fd1d3OFrG5C0Gj9g==/com.google.android.ims-znapJE0GAzgeXTPy7K7d-g==/oat/arm64/base.odex) is kOatUpToDate with filter 'speed-profile' executable 'false'
05-12 04:51:41.528 W/Finsky  ( 6985): [2] STU: Failed to get storage stats for package 'com.google.android.tzdata6' (1601: Error getting stats: android.content.pm.PackageManager.NameNotFoundException)
05-12 04:51:41.534 I/artd    (  883): GetBestInfo: odex next to the dex file (/data/app/~~0gkiDLzrcIdHg6fADlemAw==/com.hanwhalife.hiw-tR6VxQAf84gyh7Q0YtyT7Q==/oat/arm64/base.odex) is kOatUpToDate with filter 'speed-profile' executable 'false'
05-12 04:51:41.539 I/artd    (  883): GetBestInfo: odex next to the dex file (/data/app/~~I5bEg1-YarZCzoljWTVr7A==/com.starbucks.co-TjfCjryWRqi9c9EGM9OduQ==/oat/arm64/base.odex) is kOatUpToDate with filter 'speed-profile' executable 'false'
05-12 04:51:41.539 W/Finsky  ( 6985): [2] STU: Failed to get storage stats for package 'com.google.android.permission' (1601: Error getting stats: android.content.pm.PackageManager.NameNotFoundException)
05-12 04:51:41.543 I/artd    (  883): GetBestInfo: odex next to the dex file (/data/app/~~7oxxVYhTTkCK69Ab2NiryQ==/com.coupang.mobile-4P7x3f8ijg0K-B7QnqdPbw==/oat/arm64/base.odex) is kOatUpToDate with filter 'speed-profile' executable 'false'
05-12 04:51:41.545 I/artd    (  883): GetBestInfo: vdex next to the dex file (/data/app/~~wjpPsW1zjjbet2a7W5Ym3w==/com.facebook.system-L8bR-vHWD7sAJPHGYa9FaA==/oat/arm64/base.vdex) is kOatUpToDate with filter 'verify' executable 'false'
05-12 04:51:41.554 I/artd    (  883): GetBestInfo: odex next to the dex file (/data/app/~~WsxMJmN8bcA2W_4AHyjILg==/com.facebook.katana-AcXEI2__-W1Y46REHm_ZPg==/oat/arm64/base.odex) is kOatUpToDate with filter 'speed-profile' executable 'false'
05-12 04:51:41.558 I/artd    (  883): GetBestInfo: odex next to the dex file (/data/app/~~AiL5aaKOnKS8aFdYNOM_ZQ==/com.pub.fm-8-LjYFjbQlUaEfX44Ipgug==/oat/arm64/base.odex) is kOatUpToDate with filter 'speed-profile' executable 'false'
05-12 04:51:41.560 I/artd    (  883): GetBestInfo: odex next to the dex file (/data/app/~~MBQCfdKS1sVeJyKsdUt2MQ==/eduland.myapplication-lixiO_4ggSDkjv97Yb6BVA==/oat/arm64/base.odex) is kOatUpToDate with filter 'speed-profile' executable 'false'
05-12 04:51:41.562 I/artd    (  883): GetBestInfo: odex next to the dex file (/data/app/~~6uvgCo3ruWU0CnN2agsz2w==/com.ewut.allealimi-pAwFK2OrHKeos8xFShQo1g==/oat/arm64/base.odex) is kOatUpToDate with filter 'speed-profile' executable 'false'
05-12 04:51:41.565 I/artd    (  883): GetBestInfo: odex next to the dex file (/data/app/~~ahDme9pzoCpailh5pjgVow==/com.airbnb.android-S3tfg9U3mu5bLDJt56Ghsg==/oat/arm64/base.odex) is kOatUpToDate with filter 'speed-profile' executable 'false'
05-12 04:51:41.567 I/artd    (  883): GetBestInfo: odex next to the dex file (/data/app/~~kcX96qkEQRBOEyS2E1WwHw==/com.homeplus.myhomeplus-IuWiYgv8P_hlkLMenR5Brw==/oat/arm64/base.odex) is kOatUpToDate with filter 'speed-profile' executable 'false'
05-12 04:51:41.569 I/artd    (  883): GetBestInfo: odex next to the dex file (/data/app/~~0oRhTvLchsS7t1NBUHofBw==/com.appg.ebridge-ECRzWleksyTzcAWEBnzDLw==/oat/arm64/base.odex) is kOatUpToDate with filter 'speed-profile' executable 'false'
05-12 04:51:41.571 I/artd    (  883): GetBestInfo: odex next to the dex file (/data/app/~~9yRFU2e8BeBLYyjGyz4Agg==/com.tourvis.app-t4P9zB_QV7o4IX9zW4eNJg==/oat/arm64/base.odex) is kOatUpToDate with filter 'speed-profile' executable 'false'
05-12 04:51:41.574 I/artd    (  883): GetBestInfo: odex next to the dex file (/data/app/~~D2EHo2QKxRqz7NRXCivjeQ==/kvp.jjy.MispAndroid320-b4DV7SApgfbBoFprhsZgsA==/oat/arm64/base.odex) is kOatUpToDate with filter 'speed-profile' executable 'false'
05-12 04:51:41.578 I/artd    (  883): GetBestInfo: odex next to the dex file (/data/app/~~OZ4MvE-Q3olgitplepSxdQ==/com.sec.android.app.shealth-EheWmer40b_2cYHCr2W7HQ==/oat/arm64/base.odex) is kOatUpToDate with filter 'speed-profile' executable 'false'
05-12 04:51:41.581 W/Finsky  ( 6985): [2] STU: Failed to get storage stats for package 'com.google.android.wifi' (1601: Error getting stats: android.content.pm.PackageManager.NameNotFoundException)
05-12 04:51:41.584 I/artd    (  883): GetBestInfo: odex next to the dex file (/data/app/~~v01aesUmzkCDomasTsWL7A==/kr.co.hanamembers.hmscustomer-nfW0xJ6RMB0UEBaxXHDcIg==/oat/arm64/base.odex) is kOatUpToDate with filter 'speed-profile' executable 'false'
05-12 04:51:41.584 I/artd    (  883): GetBestInfo: vdex next to the dex file (/data/user/0/kr.co.hanamembers.hmscustomer/app_pccache/5/570F2F567A7BD29610D50DF58B388F1BEB118159/oat/arm64/pcam.vdex) is kOatUpToDate with filter 'verify' executable 'false'
05-12 04:51:41.585 I/artd    (  883): GetBestInfo: vdex next to the dex file (/data/user/0/kr.co.hanamembers.hmscustomer/app_pccache/5/31A608BBC774481EC4B6A2274A0729389E78E19D/oat/arm64/pcam.vdex) is kOatUpToDate with filter 'verify' executable 'false'
05-12 04:51:41.589 I/artd    (  883): GetBestInfo: odex next to the dex file (/data/app/~~u6ogdE40F1Kru9LkOv_JDg==/com.caketower.building.jump.capybara-zxwWcI9LfulB0gOu2DIf5g==/oat/arm64/base.odex) is kOatUpToDate with filter 'speed-profile' executable 'false'
05-12 04:51:41.590 I/artd    (  883): GetBestInfo: vdex next to the dex file (/data/user/0/com.caketower.building.jump.capybara/app_pccache/5/591C52BA23C4E0E4C6EB8A94DE92F532A215A628/oat/arm64/pcam.vdex) is kOatUpToDate with filter 'verify' executable 'false'
05-12 04:51:41.591 I/artd    (  883): GetBestInfo: vdex next to the dex file (/data/user/0/com.caketower.building.jump.capybara/cache/oat/arm64/app_resources_lib.vdex) is kOatUpToDate with filter 'verify' executable 'false'
05-12 04:51:41.591 I/artd    (  883): GetBestInfo: vdex next to the dex file (/data/user/0/com.caketower.building.jump.capybara/cache/oat/arm64/google_api_resources_lib.vdex) is kOatUpToDate with filter 'verify' executable 'false'
05-12 04:51:41.592 I/artd    (  883): GetBestInfo: vdex next to the dex file (/data/user/0/com.caketower.building.jump.capybara/cache/oat/arm64/remote_config_resources_lib.vdex) is kOatUpToDate with filter 'verify' executable 'false'
05-12 04:51:41.593 I/artd    (  883): GetBestInfo: vdex next to the dex file (/data/user/0/com.caketower.building.jump.capybara/app_pccache/5/A4A3883B62E64477497A21E502C207B1868F77D8/oat/arm64/pcam.vdex) is kOatUpToDate with filter 'verify' executable 'false'
05-12 04:51:41.593 I/artd    (  883): GetBestInfo: vdex next to the dex file (/data/user/0/com.caketower.building.jump.capybara/cache/oat/arm64/auth_resources_lib.vdex) is kOatUpToDate with filter 'verify' executable 'false'
05-12 04:51:41.599 I/artd    (  883): GetBestInfo: odex next to the dex file (/data/app/~~6IM3ZzXwnysu7DYm6qrFGA==/com.linkedin.android-kRqfcbq_pKBxl8iecDhY0A==/oat/arm64/base.odex) is kOatUpToDate with filter 'speed-profile' executable 'false'
05-12 04:51:41.601 I/artd    (  883): GetBestInfo: odex next to the dex file (/data/app/~~YCxTk6_XwKq-EVVidYjFaw==/com.socialapps.homeplus-E4GEJB7a3PsKYJr1LrptCQ==/oat/arm64/base.odex) is kOatUpToDate with filter 'speed-profile' executable 'false'
05-12 04:51:41.605 I/artd    (  883): GetBestInfo: odex next to the dex file (/data/app/~~ZrmYz21bMGKDinkBDDLbqA==/com.baedalyakgook_user-VXlCgfuGB_K4H9lfzI1wCw==/oat/arm64/base.odex) is kOatUpToDate with filter 'speed-profile' executable 'false'
05-12 04:51:41.607 W/JobScheduler.JobStatus( 2878): Exempted app com.dti.motorola considered buggy
05-12 04:51:41.608 I/artd    (  883): GetBestInfo: odex next to the dex file (/data/app/~~qKLRWTlRaj_KQqJkfu0xyA==/net.nshc.droidx3-dCJpV8n_LWa57SPh3hPn5g==/oat/arm64/base.odex) is kOatUpToDate with filter 'speed-profile' executable 'false'
05-12 04:51:41.610 I/artd    (  883): GetBestInfo: odex next to the dex file (/data/app/~~UnGSMSKnkm5IwI2EfGNv2g==/com.samsung.wearable.fit3plugin-W5yFyAF4gl9z9E24chTOFg==/oat/arm64/base.odex) is kOatUpToDate with filter 'speed-profile' executable 'false'
05-12 04:51:41.614 I/artd    (  883): GetBestInfo: odex next to the dex file (/data/app/~~ie5_MzqtSCB8uN7J7Ykgew==/filemanager.files.fileexplorer-75l98ltOIw47bdW-3pXU2Q==/oat/arm64/base.odex) is kOatUpToDate with filter 'speed-profile' executable 'false'
05-12 04:51:41.618 I/artd    (  883): GetBestInfo: odex next to the dex file (/data/app/~~kwKrSc6K-jyALq7n1aLE8g==/com.emart.today-chO_8P2dAMlfSBQ9dQsVyQ==/oat/arm64/base.odex) is kOatUpToDate with filter 'speed-profile' executable 'false'
05-12 04:51:41.621 I/android.hardware.thermal@2.0-service.qti-v2( 3383): Sensor Name:skin1 temp: 33.306. prev severity:0. cur severity:0 New severity:0
05-12 04:51:41.624 I/artd    (  883): GetBestInfo: odex next to the dex file (/data/app/~~t92OV5zPQ5ndP7yKbU-9YA==/com.truefriend.neosmartarenewal-Q_lBZ4Q4UgDDnHjkyBA_Cw==/oat/arm64/base.odex) is kOatUpToDate with filter 'speed-profile' executable 'false'
05-12 04:51:41.627 I/artd    (  883): GetBestInfo: odex next to the dex file (/data/app/~~cOWuiJiJ7Zl8tvnMiR1wzA==/com.google.android.apps.adm-lq2FyllYhVFZPT90nfLzXw==/oat/arm64/base.odex) is kOatUpToDate with filter 'speed-profile' executable 'false'
05-12 04:51:41.675 V/UiModeManager( 2878): updateLocked: null action, mDockState=0, category=null
05-12 04:51:41.675 D/UiModeManager( 2878): updateConfigurationLocked: mDockState=0; mCarMode=false; mNightMode=com.android.server.UiModeManagerService$1@56aa2d4; mNightModeCustomType=-1; uiMode=17
05-12 04:51:41.677 D/PowerUI ( 3765): can't show warning due to - plugged: true status unknown: false
05-12 04:51:41.680 W/Finsky  ( 6985): [2] STU: Failed to get storage stats for package 'com.google.android.media.swcodec' (1601: Error getting stats: android.content.pm.PackageManager.NameNotFoundException)
05-12 04:51:41.682 I/artd    (  883): GetBestInfo: odex next to the dex file (/data/app/~~guqVkvudGRdnIRNgrdUIBg==/com.lotteworld.android.adventure-HFVVJYI-vhGXZKpJ3XF36A==/oat/arm64/base.odex) is kOatUpToDate with filter 'speed-profile' executable 'false'
05-12 04:51:41.687 I/artd    (  883): GetBestInfo: odex next to the dex file (/data/app/~~fS1cVJPrYXPgiJveCxGtkg==/com.smilelab.drugs-V5oKkZ1A8IMC-8t32hki1g==/oat/arm64/base.odex) is kOatUpToDate with filter 'speed-profile' executable 'false'
05-12 04:51:41.690 I/artd    (  883): GetBestInfo: odex next to the dex file (/data/app/~~mbh0vseNbKuPqGWbF2Hzfg==/com.google.android.projection.gearhead-puJ0csPHKO4boZbnafGH4A==/oat/arm64/base.odex) is kOatUpToDate with filter 'speed-profile' executable 'false'
05-12 04:51:41.690 I/artd    (  883): GetBestInfo: vdex next to the dex file (/data/user/0/com.google.android.projection.gearhead/app_impl/oat/arm64/sdk_impl.vdex) is kOatUpToDate with filter 'verify' executable 'false'
05-12 04:51:41.694 W/Finsky  ( 6985): [2] STU: Failed to get storage stats for package 'com.android.profiling' (1601: Error getting stats: android.content.pm.PackageManager.NameNotFoundException)
05-12 04:51:41.698 I/artd    (  883): GetBestInfo: odex next to the dex file (/data/app/~~yWqmwMMp8MarzqSegoiMqA==/com.nhn.android.naverdic-Yj0r-f9iCteZYHRHCN6tbA==/oat/arm64/base.odex) is kOatUpToDate with filter 'speed-profile' executable 'false'
05-12 04:51:41.700 I/artd    (  883): GetBestInfo: odex next to the dex file (/data/app/~~t1k6rXDlGtmRpJwKCM_4Zw==/app.diy.wallpaper.collage.craft.photocollage.collagemaker.wallpaper3d.parallax-YffuR1F0fzxag_lgpYKiSg==/oat/arm64/base.odex) is kOatUpToDate with filter 'speed-profile' executable 'false'
05-12 04:51:41.701 I/artd    (  883): GetBestInfo: odex next to the dex file (/data/user/0/app.diy.wallpaper.collage.craft.photocollage.collagemaker.wallpaper3d.parallax/app_pccache/5/F2FF627D940052495BF0C0AF15E5A0B2723F5469/oat/arm64/pcam.odex) is kOatUpToDate with filter 'speed-profile' executable 'false'
05-12 04:51:41.702 I/artd    (  883): GetBestInfo: vdex next to the dex file (/data/user/0/app.diy.wallpaper.collage.craft.photocollage.collagemaker.wallpaper3d.parallax/app_pccache/5/EEE20DEE2B9E8FD13D3BD7940C93E19263473270/oat/arm64/pcam.vdex) is kOatUpToDate with filter 'verify' executable 'false'
05-12 04:51:41.723 I/artd    (  883): GetBestInfo: odex next to the dex file (/data/app/~~T1RVtun7C-b4SjuyPQEUtg==/com.shcard.smartpay-OXkzeWOy9HfiVSg2xZKBgg==/oat/arm64/base.odex) is kOatUpToDate with filter 'speed-profile' executable 'false'
05-12 04:51:41.728 I/artd    (  883): GetBestInfo: odex next to the dex file (/data/app/~~CPUWuEe8L_ChFr6Rna7RSg==/com.kwalee.transformhunt-5QJEulh6mOKX2dk29C815g==/oat/arm64/base.odex) is kOatUpToDate with filter 'speed-profile' executable 'false'
05-12 04:51:41.729 I/artd    (  883): GetBestInfo: vdex next to the dex file (/data/user/0/com.kwalee.transformhunt/cache/oat/arm64/google_api_resources_lib.vdex) is kOatUpToDate with filter 'verify' executable 'false'
05-12 04:51:41.730 I/artd    (  883): GetBestInfo: vdex next to the dex file (/data/user/0/com.kwalee.transformhunt/cache/oat/arm64/app_resources_lib.vdex) is kOatUpToDate with filter 'verify' executable 'false'
05-12 04:51:41.731 I/artd    (  883): GetBestInfo: vdex next to the dex file (/data/user/0/com.kwalee.transformhunt/app_pccache/5/591C52BA23C4E0E4C6EB8A94DE92F532A215A628/oat/arm64/pcam.vdex) is kOatUpToDate with filter 'verify' executable 'false'
05-12 04:51:41.732 I/artd    (  883): GetBestInfo: vdex next to the dex file (/data/user/0/com.kwalee.transformhunt/cache/oat/arm64/remote_config_resources_lib.vdex) is kOatUpToDate with filter 'verify' executable 'false'
05-12 04:51:41.738 I/artd    (  883): GetBestInfo: odex next to the dex file (/data/app/~~5V_plPLDIsb-n1SmwCUyKA==/com.google.ambient.streaming-gNDKogveioKxIIVAuNjozw==/oat/arm64/base.odex) is kOatUpToDate with filter 'speed-profile' executable 'false'
05-12 04:51:41.741 I/artd    (  883): GetBestInfo: odex next to the dex file (/data/app/~~w53mdV28TmoWzTxdR1KgEg==/com.google.android.apps.docs.editors.sheets-O3axmPU8ghmknkMf83erTg==/oat/arm64/base.odex) is kOatUpToDate with filter 'speed-profile' executable 'false'
05-12 04:51:41.744 I/artd    (  883): GetBestInfo: odex next to the dex file (/data/app/~~WOuG6zUmsrW6x5M9N8xyFA==/jp.cocone.livly-8Ihm6xoLM1IXLpqz_2cx3g==/oat/arm64/base.odex) is kOatUpToDate with filter 'speed-profile' executable 'false'
05-12 04:51:41.744 I/artd    (  883): GetBestInfo: vdex next to the dex file (/data/user/0/jp.cocone.livly/cache/oat/arm64/app_resources_lib.vdex) is kOatUpToDate with filter 'verify' executable 'false'
05-12 04:51:41.745 I/artd    (  883): GetBestInfo: vdex next to the dex file (/data/user/0/jp.cocone.livly/cache/oat/arm64/google_api_resources_lib.vdex) is kOatUpToDate with filter 'verify' executable 'false'
05-12 04:51:41.747 I/artd    (  883): GetBestInfo: odex next to the dex file (/data/app/~~fv6d4-_HFRC6uLp8Bhefxg==/com.google.android.apps.podcasts-_EMeii2_giU7QAS4U24ZJA==/oat/arm64/base.odex) is kOatUpToDate with filter 'speed-profile' executable 'false'
05-12 04:51:41.751 I/artd    (  883): GetBestInfo: odex next to the dex file (/data/app/~~lE623peU1lMaOvMxct2NqQ==/com.motorola.audiorecorder-WG3Ap4Iby9HZtNCQK53wfQ==/oat/arm64/base.odex) is kOatUpToDate with filter 'speed-profile' executable 'false'
05-12 04:51:41.753 I/artd    (  883): GetBestInfo: odex next to the dex file (/data/app/~~inxw-a5VRm-ZquChPZnB6w==/com.adguard.android.contentblocker-vmY15pWNirWUHRccLNLAOg==/oat/arm64/base.odex) is kOatUpToDate with filter 'speed-profile' executable 'false'
05-12 04:51:41.760 I/artd    (  883): GetBestInfo: odex next to the dex file (/data/app/~~KAv2xPo2PdFQ-c8tSyBP1A==/com.robtopx.geometryjumplite-Nv0bYQIqaffVC-kUMmBq4g==/oat/arm64/base.odex) is kOatUpToDate with filter 'speed-profile' executable 'false'
05-12 04:51:41.760 I/artd    (  883): GetBestInfo: vdex next to the dex file (/data/user/0/com.robtopx.geometryjumplite/app_pccache/5/591C52BA23C4E0E4C6EB8A94DE92F532A215A628/oat/arm64/pcam.vdex) is kOatUpToDate with filter 'verify' executable 'false'
05-12 04:51:41.761 I/artd    (  883): GetBestInfo: odex next to the dex file (/data/user/0/com.robtopx.geometryjumplite/app_pccache/5/A4A3883B62E64477497A21E502C207B1868F77D8/oat/arm64/pcam.odex) is kOatUpToDate with filter 'speed-profile' executable 'false'
05-12 04:51:41.764 I/artd    (  883): GetBestInfo: odex next to the dex file (/data/app/~~Enl7UPChZoSQgdprgHlcvQ==/com.motorola.moto-XS9e9QkvJeu9QB7Q1CnUFQ==/oat/arm64/base.odex) is kOatUpToDate with filter 'speed-profile' executable 'false'
05-12 04:51:41.768 I/artd    (  883): GetBestInfo: odex next to the dex file (/data/app/~~oaI_CMHuphAN1GRgr8wnhA==/com.ahnlab.v3mobileplus-sBCLLld_K-ADSX9_TE3oUw==/oat/arm64/base.odex) is kOatUpToDate with filter 'speed-profile' executable 'false'
05-12 04:51:41.772 I/artd    (  883): GetBestInfo: odex next to the dex file (/data/app/~~vObJerdMXZpvIVDYZSUQBw==/com.hanaskcard.paycla-D0Z1uGExYK-1DO_oRe_ECA==/oat/arm64/base.odex) is kOatUpToDate with filter 'speed-profile' executable 'false'
05-12 04:51:41.774 I/artd    (  883): GetBestInfo: odex next to the dex file (/data/app/~~Uk4e3kt-2LYVReqR5yVguQ==/kr.or.nps.smart-F-5hsocYRw50F0smRsVMkg==/oat/arm64/base.odex) is kOatUpToDate with filter 'speed-profile' executable 'false'
05-12 04:51:41.777 I/artd    (  883): GetBestInfo: odex next to the dex file (/data/app/~~Qcx0QgWsJhZ4_8ccWziAxw==/org.koboc.collect.android-jlLMY0uEBr_7i-xFa7a8rA==/oat/arm64/base.odex) is kOatUpToDate with filter 'speed-profile' executable 'false'
05-12 04:51:41.779 I/artd    (  883): GetBestInfo: odex next to the dex file (/data/app/~~hm8RwkcTH6pJ5GBEvwSn8A==/com.rainist.banksalad2-l32D-JZ9WGj03ANFVeUCRg==/oat/arm64/base.odex) is kOatUpToDate with filter 'speed-profile' executable 'false'
05-12 04:51:41.782 W/Finsky  ( 6985): [2] STU: Failed to get storage stats for package 'com.google.android.adbd' (1601: Error getting stats: android.content.pm.PackageManager.NameNotFoundException)
05-12 04:51:41.783 I/artd    (  883): GetBestInfo: odex next to the dex file (/data/app/~~-csQrivQNAJBFwNyhAzx-w==/com.samsung.android.service.health-_CqiXOvk1epp_qvTu-DRYw==/oat/arm64/base.odex) is kOatUpToDate with filter 'speed-profile' executable 'false'
05-12 04:51:41.784 I/artd    (  883): GetBestInfo: odex next to the dex file (/data/app/~~gbu0lG4RveJimabRNzXq6A==/com.google.android.deskclock-d4SaO9ly1OpT540SdbSLeQ==/oat/arm64/base.odex) is kOatUpToDate with filter 'speed-profile' executable 'false'
05-12 04:51:41.786 I/artd    (  883): GetBestInfo: odex next to the dex file (/data/app/~~tXwe7IEAfqxOwMjIN-8L_A==/com.dsi.ant.plugins.antplus-QEPCnZNwH3QrkJ3pGNaSTA==/oat/arm64/base.odex) is kOatUpToDate with filter 'speed-profile' executable 'false'
05-12 04:51:41.789 I/artd    (  883): GetBestInfo: odex next to the dex file (/data/app/~~laMSHqke1eIlE4SHTXzxSw==/com.mind.quiz.brain.out-Rl7d8JVR3GQBotZY3HvN5g==/oat/arm64/base.odex) is kOatUpToDate with filter 'speed-profile' executable 'false'
05-12 04:51:41.789 I/artd    (  883): GetBestInfo: vdex next to the dex file (/data/user/0/com.mind.quiz.brain.out/app_pccache/5/EEE20DEE2B9E8FD13D3BD7940C93E19263473270/oat/arm64/pcam.vdex) is kOatUpToDate with filter 'verify' executable 'false'
05-12 04:51:41.789 I/artd    (  883): GetBestInfo: vdex next to the dex file (/data/user/0/com.mind.quiz.brain.out/app_pccache/5/A4A3883B62E64477497A21E502C207B1868F77D8/oat/arm64/pcam.vdex) is kOatUpToDate with filter 'verify' executable 'false'
05-12 04:51:41.793 I/artd    (  883): GetBestInfo: odex next to the dex file (/data/app/~~6dG1oaEXnMHJJwG9zQUpDw==/gov.gyeonggi.ggcard-TiDdInth5HyTpJJVCRjRCA==/oat/arm64/base.odex) is kOatUpToDate with filter 'speed-profile' executable 'false'
05-12 04:51:41.798 I/artd    (  883): GetBestInfo: odex next to the dex file (/data/app/~~ZR4ftzjJDaVYbCsAlzXGDw==/com.themekit.lite.widgets.themes-ha8h9QNp_RNfEchPpQHIIw==/oat/arm64/base.odex) is kOatUpToDate with filter 'speed-profile' executable 'false'
05-12 04:51:41.799 I/artd    (  883): GetBestInfo: odex next to the dex file (/data/user/0/com.themekit.lite.widgets.themes/app_pccache/5/A6422CD2CF82BB9C0EAF521C1BF6CC70ABCF649F/oat/arm64/pcam.odex) is kOatUpToDate with filter 'verify' executable 'false'
05-12 04:51:41.799 I/artd    (  883): GetBestInfo: vdex next to the dex file (/data/user/0/com.themekit.lite.widgets.themes/app_pccache/5/F2FF627D940052495BF0C0AF15E5A0B2723F5469/oat/arm64/pcam.vdex) is kOatUpToDate with filter 'verify' executable 'false'
05-12 04:51:41.805 W/Finsky  ( 6985): [2] STU: Failed to get storage stats for package 'com.android.i18n' (1601: Error getting stats: android.content.pm.PackageManager.NameNotFoundException)
05-12 04:51:41.805 I/artd    (  883): GetBestInfo: odex next to the dex file (/data/app/~~oVWFGCZj1wyq4VJjrlInjg==/com.pizzahut.android-yLjByRKMcQWfv-hW6cqltQ==/oat/arm64/base.odex) is kOatUpToDate with filter 'speed-profile' executable 'false'
05-12 04:51:41.807 I/artd    (  883): GetBestInfo: odex next to the dex file (/data/app/~~4MSYmu_QCOHow9iDESXgpQ==/com.google.android.apps.safetyhub-uW58L3yFjhn8XP4qrMPAtw==/oat/arm64/base.odex) is kOatUpToDate with filter 'speed-profile' executable 'false'
05-12 04:51:41.809 I/artd    (  883): GetBestInfo: odex next to the dex file (/data/app/~~Po3Klb0v_ZlDVmwjT3JkYA==/com.ebcard.bustago-BmUkDkw9Rlj-8ww15wb0Cg==/oat/arm64/base.odex) is kOatUpToDate with filter 'speed-profile' executable 'false'
05-12 04:51:41.812 W/Finsky  ( 6985): [2] STU: Failed to get storage stats for package 'com.google.android.conscrypt' (1601: Error getting stats: android.content.pm.PackageManager.NameNotFoundException)
05-12 04:51:41.813 I/artd    (  883): GetBestInfo: odex next to the dex file (/data/app/~~4LzfRW9Ljet_3_lVAwVokw==/kr.or.nhic-rs5oaurhN1r1nBTsTX10MA==/oat/arm64/base.odex) is kOatUpToDate with filter 'speed-profile' executable 'false'
05-12 04:51:41.816 I/artd    (  883): GetBestInfo: odex next to the dex file (/data/app/~~als3nMvivoMxDo4WEd6ffQ==/com.google.android.apps.tachyon-evspVe6fDimFiUg38Dvb4w==/oat/arm64/base.odex) is kOatUpToDate with filter 'speed-profile' executable 'false'
05-12 04:51:41.819 I/artd    (  883): GetBestInfo: odex next to the dex file (/data/app/~~hc6sR_e_GEkP68C9nRDFGw==/us.zoom.videomeetings-JixDpfKSPsBx0Io8ayeQlw==/oat/arm64/base.odex) is kOatUpToDate with filter 'speed-profile' executable 'false'
05-12 04:51:41.824 I/artd    (  883): GetBestInfo: odex next to the dex file (/data/app/~~HsYddYTcx3XLdkLYx7PKpg==/com.magic.music.tiles.game-qfa2-jgl4BT8m_u7gjLkFg==/oat/arm64/base.odex) is kOatUpToDate with filter 'speed-profile' executable 'false'
05-12 04:51:41.824 I/artd    (  883): GetBestInfo: vdex next to the dex file (/data/user/0/com.magic.music.tiles.game/cache/oat/arm64/google_api_resources_lib.vdex) is kOatUpToDate with filter 'verify' executable 'false'
05-12 04:51:41.825 I/artd    (  883): GetBestInfo: vdex next to the dex file (/data/user/0/com.magic.music.tiles.game/cache/oat/arm64/app_resources_lib.vdex) is kOatUpToDate with filter 'verify' executable 'false'
05-12 04:51:41.825 I/artd    (  883): GetBestInfo: vdex next to the dex file (/data/user/0/com.magic.music.tiles.game/app_pccache/5/A4A3883B62E64477497A21E502C207B1868F77D8/oat/arm64/pcam.vdex) is kOatUpToDate with filter 'verify' executable 'false'
05-12 04:51:41.828 I/artd    (  883): GetBestInfo: odex next to the dex file (/data/app/~~3N5oU5cs7x1i6HyYLy3tww==/com.google.android.apps.photosgo-_bvbFsnRY4Y2EnWeFot3BQ==/oat/arm64/base.odex) is kOatUpToDate with filter 'speed-profile' executable 'false'
05-12 04:51:41.831 I/artd    (  883): GetBestInfo: odex next to the dex file (/data/app/~~A8MH4L4VIkNE0HsSXIIkxQ==/com.nhnent.payapp-yB74vfPZGF5pyZLxVDglkQ==/oat/arm64/base.odex) is kOatUpToDate with filter 'speed-profile' executable 'false'
05-12 04:51:41.834 I/artd    (  883): GetBestInfo: odex next to the dex file (/data/app/~~PV16gZ3CKrgZf3c_GRHrgA==/com.shilladutyfree-tsQtbbJgJKGbcBKzqMV3fA==/oat/arm64/base.odex) is kOatUpToDate with filter 'speed-profile' executable 'false'
05-12 04:51:41.836 I/artd    (  883): GetBestInfo: odex next to the dex file (/data/app/~~gY7DcHVhv7uDEOjNTlKuhg==/com.google.android.apps.kids.familylinkhelper-e0EijppkYlYrcQ90q0xxdA==/oat/arm64/base.odex) is kOatUpToDate with filter 'speed-profile' executable 'false'
05-12 04:51:41.838 I/artd    (  883): GetBestInfo: odex next to the dex file (/data/app/~~U6bYi065M55CvAHO-rUVpQ==/com.wjthinkbig.lingocity.store-3FM0PBWQm-enrBytaYLd4Q==/oat/arm64/base.odex) is kOatUpToDate with filter 'speed-profile' executable 'false'
05-12 04:51:41.841 I/artd    (  883): GetBestInfo: odex next to the dex file (/data/app/~~bMAsjm4RQLHnygtkFWFgDg==/com.locnall.KimGiSa-3TBroqYL7dCaYf2nOdm73g==/oat/arm64/base.odex) is kOatUpToDate with filter 'speed-profile' executable 'false'
05-12 04:51:41.845 I/artd    (  883): GetBestInfo: odex next to the dex file (/data/app/~~D275ZDx7oWAK3X-uVeZKgQ==/com.motorola.aiservices-dummZqmu4GuMTNG6f-n_tw==/oat/arm64/base.odex) is kOatUpToDate with filter 'speed-profile' executable 'false'
05-12 04:51:41.846 I/artd    (  883): GetBestInfo: dm (/data/app/~~D275ZDx7oWAK3X-uVeZKgQ==/com.motorola.aiservices-dummZqmu4GuMTNG6f-n_tw==/split_adaptivebrightness.dm) is kOatUpToDate with filter 'verify' executable 'false'
05-12 04:51:41.847 I/artd    (  883): GetBestInfo: dm (/data/app/~~D275ZDx7oWAK3X-uVeZKgQ==/com.motorola.aiservices-dummZqmu4GuMTNG6f-n_tw==/split_adaptiveicons.dm) is kOatUpToDate with filter 'verify' executable 'false'
05-12 04:51:41.847 I/artd    (  883): GetBestInfo: dm (/data/app/~~D275ZDx7oWAK3X-uVeZKgQ==/com.motorola.aiservices-dummZqmu4GuMTNG6f-n_tw==/split_aicropping.dm) is kOatUpToDate with filter 'verify' executable 'false'
05-12 04:51:41.848 I/artd    (  883): GetBestInfo: dm (/data/app/~~D275ZDx7oWAK3X-uVeZKgQ==/com.motorola.aiservices-dummZqmu4GuMTNG6f-n_tw==/split_aisepia.dm) is kOatUpToDate with filter 'verify' executable 'false'
05-12 04:51:41.849 I/artd    (  883): GetBestInfo: dm (/data/app/~~D275ZDx7oWAK3X-uVeZKgQ==/com.motorola.aiservices-dummZqmu4GuMTNG6f-n_tw==/split_aizoom.dm) is kOatUpToDate with filter 'verify' executable 'false'
05-12 04:51:41.850 I/artd    (  883): GetBestInfo: dm (/data/app/~~D275ZDx7oWAK3X-uVeZKgQ==/com.motorola.aiservices-dummZqmu4GuMTNG6f-n_tw==/split_appusage.dm) is kOatUpToDate with filter 'verify' executable 'false'
05-12 04:51:41.850 I/artd    (  883): GetBestInfo: dm (/data/app/~~D275ZDx7oWAK3X-uVeZKgQ==/com.motorola.aiservices-dummZqmu4GuMTNG6f-n_tw==/split_bwart.dm) is kOatUpToDate with filter 'verify' executable 'false'
05-12 04:51:41.851 I/artd    (  883): GetBestInfo: dm (/data/app/~~D275ZDx7oWAK3X-uVeZKgQ==/com.motorola.aiservices-dummZqmu4GuMTNG6f-n_tw==/split_bwregular.dm) is kOatUpToDate with filter 'verify' executable 'false'
05-12 04:51:41.852 I/artd    (  883): GetBestInfo: dm (/data/app/~~D275ZDx7oWAK3X-uVeZKgQ==/com.motorola.aiservices-dummZqmu4GuMTNG6f-n_tw==/split_cartoongan.dm) is kOatUpToDate with filter 'verify' executable 'false'
05-12 04:51:41.853 I/artd    (  883): GetBestInfo: dm (/data/app/~~D275ZDx7oWAK3X-uVeZKgQ==/com.motorola.aiservices-dummZqmu4GuMTNG6f-n_tw==/split_contentobfuscation.dm) is kOatUpToDate with filter 'verify' executable 'false'
05-12 04:51:41.854 I/artd    (  883): GetBestInfo: dm (/data/app/~~D275ZDx7oWAK3X-uVeZKgQ==/com.motorola.aiservices-dummZqmu4GuMTNG6f-n_tw==/split_fashionstyletransfer.dm) is kOatUpToDate with filter 'verify' executable 'false'
05-12 04:51:41.856 I/artd    (  883): GetBestInfo: dm (/data/app/~~D275ZDx7oWAK3X-uVeZKgQ==/com.motorola.aiservices-dummZqmu4GuMTNG6f-n_tw==/split_imagequality.dm) is kOatUpToDate with filter 'verify' executable 'false'
05-12 04:51:41.857 I/artd    (  883): GetBestInfo: dm (/data/app/~~D275ZDx7oWAK3X-uVeZKgQ==/com.motorola.aiservices-dummZqmu4GuMTNG6f-n_tw==/split_keyextraction.dm) is kOatUpToDate with filter 'verify' executable 'false'
05-12 04:51:41.858 I/artd    (  883): GetBestInfo: dm (/data/app/~~D275ZDx7oWAK3X-uVeZKgQ==/com.motorola.aiservices-dummZqmu4GuMTNG6f-n_tw==/split_languageidentifier.dm) is kOatUpToDate with filter 'verify' executable 'false'
05-12 04:51:41.859 I/artd    (  883): GetBestInfo: dm (/data/app/~~D275ZDx7oWAK3X-uVeZKgQ==/com.motorola.aiservices-dummZqmu4GuMTNG6f-n_tw==/split_malwaredetection.dm) is kOatUpToDate with filter 'verify' executable 'false'
05-12 04:51:41.860 I/artd    (  883): GetBestInfo: dm (/data/app/~~D275ZDx7oWAK3X-uVeZKgQ==/com.motorola.aiservices-dummZqmu4GuMTNG6f-n_tw==/split_onnx.dm) is kOatUpToDate with filter 'verify' executable 'false'
05-12 04:51:41.862 I/artd    (  883): GetBestInfo: dm (/data/app/~~D275ZDx7oWAK3X-uVeZKgQ==/com.motorola.aiservices-dummZqmu4GuMTNG6f-n_tw==/split_optimizedcharging.dm) is kOatUpToDate with filter 'verify' executable 'false'
05-12 04:51:41.863 I/artd    (  883): GetBestInfo: dm (/data/app/~~D275ZDx7oWAK3X-uVeZKgQ==/com.motorola.aiservices-dummZqmu4GuMTNG6f-n_tw==/split_peoplenatureclassifier.dm) is kOatUpToDate with filter 'verify' executable 'false'
05-12 04:51:41.864 I/artd    (  883): GetBestInfo: dm (/data/app/~~D275ZDx7oWAK3X-uVeZKgQ==/com.motorola.aiservices-dummZqmu4GuMTNG6f-n_tw==/split_phishing.dm) is kOatUpToDate with filter 'verify' executable 'false'
05-12 04:51:41.866 I/artd    (  883): GetBestInfo: dm (/data/app/~~D275ZDx7oWAK3X-uVeZKgQ==/com.motorola.aiservices-dummZqmu4GuMTNG6f-n_tw==/split_styletransfer.dm) is kOatUpToDate with filter 'verify' executable 'false'
05-12 04:51:41.867 I/artd    (  883): GetBestInfo: dm (/data/app/~~D275ZDx7oWAK3X-uVeZKgQ==/com.motorola.aiservices-dummZqmu4GuMTNG6f-n_tw==/split_whisper.dm) is kOatUpToDate with filter 'verify' executable 'false'
05-12 04:51:41.968 I/artd    (  883): GetBestInfo: odex next to the dex file (/data/app/~~9V97Qx-MaozZn5xSbTUv0w==/com.kakaobank.channel-j3lwVUUSJRElTTX8sKqvfA==/oat/arm64/base.odex) is kOatUpToDate with filter 'speed-profile' executable 'false'
05-12 04:51:41.971 W/Finsky  ( 6985): [2] STU: Failed to get storage stats for package 'com.google.android.neuralnetworks' (1601: Error getting stats: android.content.pm.PackageManager.NameNotFoundException)
05-12 04:51:41.973 W/Finsky  ( 6985): [2] STU: Failed to get storage stats for package 'com.google.android.ipsec' (1601: Error getting stats: android.content.pm.PackageManager.NameNotFoundException)
05-12 04:51:41.974 I/artd    (  883): GetBestInfo: odex next to the dex file (/data/app/~~XLnEbW5nb-PR0TYv5KwG6A==/com.motorola.help-80mc2_iIHuqKb21l8V_4gQ==/oat/arm64/base.odex) is kOatUpToDate with filter 'speed-profile' executable 'false'
05-12 04:51:41.977 I/artd    (  883): GetBestInfo: odex next to the dex file (/data/app/~~iHABOIT4VUSeOkQvrtN1qg==/com.kbstar.kbbank-BnpCzkZVb5s8IfVjeBJ20w==/oat/arm64/base.odex) is kOatUpToDate with filter 'speed-profile' executable 'false'
05-12 04:51:41.979 I/artd    (  883): GetBestInfo: odex next to the dex file (/data/app/~~UezG9uDHkWMvq5zHQ7Zekw==/com.google.android.as.oss-ZKVVzSVwSUhFml2hiK1F9g==/oat/arm64/base.odex) is kOatUpToDate with filter 'speed-profile' executable 'false'
05-12 04:51:41.983 W/Finsky  ( 6985): [2] STU: Failed to get storage stats for package 'com.google.android.ondevicepersonalization' (1601: Error getting stats: android.content.pm.PackageManager.NameNotFoundException)
05-12 04:51:41.984 I/artd    (  883): GetBestInfo: odex next to the dex file (/data/app/~~rgn4KED6XxFKZjEX7-CFlw==/kr.co.burgerkinghybrid-o4YYE_ggyyszugp5TeuH8Q==/oat/arm64/base.odex) is kOatUpToDate with filter 'speed-profile' executable 'false'
05-12 04:51:41.989 W/Finsky  ( 6985): [2] STU: Failed to get storage stats for package 'com.google.android.healthfitness' (1601: Error getting stats: android.content.pm.PackageManager.NameNotFoundException)
05-12 04:51:41.993 I/artd    (  883): GetBestInfo: vdex next to the dex file (/data/app/~~ZZs-AEJueQ5lhKd2qErxpg==/com.facebook.appmanager-aimFrRJB1e2GahBn-GIW-g==/oat/arm64/base.vdex) is kOatUpToDate with filter 'verify' executable 'false'
05-12 04:51:42.002 I/artd    (  883): GetBestInfo: odex next to the dex file (/data/app/~~29t_o6cabUOc-oIw3iP13Q==/com.sampleapp--1F_nmXnfduQbugm_TYG7Q==/oat/arm64/base.odex) is kOatUpToDate with filter 'speed-profile' executable 'false'
05-12 04:51:42.003 I/artd    (  883): GetBestInfo: dm (/data/app/~~29t_o6cabUOc-oIw3iP13Q==/com.sampleapp--1F_nmXnfduQbugm_TYG7Q==/split_baemincall.dm) is kOatUpToDate with filter 'verify' executable 'false'
05-12 04:51:42.015 I/artd    (  883): GetBestInfo: odex next to the dex file (/data/app/~~cSI6YIOmEiT4e6jeAG7HWQ==/com.wooricard.wpay-dwCthNU365WWVMYPNTIfRQ==/oat/arm64/base.odex) is kOatUpToDate with filter 'speed-profile' executable 'false'
05-12 04:51:42.017 I/artd    (  883): GetBestInfo: odex next to the dex file (/data/app/~~81bK0_g81iS-P8GfQ9-iQQ==/com.mcdonalds.mobileapp-ZIJJmA0YD4EOZ1c6rlagHQ==/oat/arm64/base.odex) is kOatUpToDate with filter 'speed-profile' executable 'false'
05-12 04:51:42.019 I/artd    (  883): GetBestInfo: odex next to the dex file (/data/app/~~WPnem-Qa-tVZR3tln2ptZQ==/com.ferrero.applaydufriendsgp-dkewydoCM6TukLgI5-P_VA==/oat/arm64/base.odex) is kOatUpToDate with filter 'speed-profile' executable 'false'
05-12 04:51:42.022 W/Finsky  ( 6985): [2] STU: Failed to get storage stats for package 'com.android.uwb' (1601: Error getting stats: android.content.pm.PackageManager.NameNotFoundException)
05-12 04:51:42.022 W/Finsky  ( 6985): [2] STU: Failed to get storage stats for package 'com.google.android.extservices' (1601: Error getting stats: android.content.pm.PackageManager.NameNotFoundException)
05-12 04:51:42.023 I/artd    (  883): GetBestInfo: odex next to the dex file (/data/app/~~Xwn5i8UZfv8XHZl2qbat7g==/com.google.android.apps.kids.familylink-hquCa1NojbbjxNYqUKVdTQ==/oat/arm64/base.odex) is kOatUpToDate with filter 'speed-profile' executable 'false'
05-12 04:51:42.025 I/artd    (  883): GetBestInfo: odex next to the dex file (/data/app/~~X65seTrThihBWjHUiFI-fg==/com.F1.ShinSG-dTIxW1l4r3XKscVqFTlnzw==/oat/arm64/base.odex) is kOatUpToDate with filter 'speed-profile' executable 'false'
05-12 04:51:42.027 I/artd    (  883): GetBestInfo: odex next to the dex file (/data/app/~~x9HLlNC4RzXDAeRG_kEooA==/com.motorola.motcameradesktop-4UG6RxHBSjLZhqKIDrA6ag==/oat/arm64/base.odex) is kOatUpToDate with filter 'speed-profile' executable 'false'
05-12 04:51:42.030 I/artd    (  883): GetBestInfo: odex next to the dex file (/data/app/~~8ybJoFp0SCe7QlUyzykmww==/com.android.vending-qTJU_-ueQ6UHgeoXlZSynA==/oat/arm64/base.odex) is kOatUpToDate with filter 'speed-profile' executable 'false'
05-12 04:51:42.030 I/artd    (  883): GetBestInfo: vdex next to the dex file (/data/user/0/com.android.vending/app_dg_cache/87E7746227FF4E457A2EB56043B95E41006DE49F/oat/arm64/the.vdex) is kOatUpToDate with filter 'verify' executable 'false'
05-12 04:51:42.031 I/artd    (  883): GetBestInfo: vdex next to the dex file (/data/user/0/com.android.vending/app_dg_cache/A8F89F306FD1BA172E06F6F2B9F79826D0309BB6/oat/arm64/the.vdex) is kOatUpToDate with filter 'verify' executable 'false'
05-12 04:51:42.031 I/artd    (  883): GetBestInfo: odex next to the dex file (/data/user/0/com.android.vending/app_dg_cache/21A90BF1C1C388089206DCE215FB60D7882BFA18/oat/arm64/the.odex) is kOatUpToDate with filter 'verify' executable 'false'
05-12 04:51:42.035 I/artd    (  883): GetBestInfo: odex next to the dex file (/data/app/~~pJ4cgvLqdLu9upEU2ZE0kg==/com.TouchEn.mVaccine.webs-8uG84rmhhfwFRVZX23K1MQ==/oat/arm64/base.odex) is kOatUpToDate with filter 'speed-profile' executable 'false'
05-12 04:51:42.037 I/artd    (  883): GetBestInfo: odex next to the dex file (/data/app/~~HC_hUOX-7vM9ZCiSVICjEg==/com.google.android.apps.nbu.files-uOHzGJodFrgUpFerR0EeSQ==/oat/arm64/base.odex) is kOatUpToDate with filter 'speed-profile' executable 'false'
05-12 04:51:42.041 I/artd    (  883): GetBestInfo: odex next to the dex file (/data/app/~~5Clsj_K_t7aDlrsJeoReaQ==/com.towneers.www-WvfGDqr5zUYhsP58nIu5Cw==/oat/arm64/base.odex) is kOatUpToDate with filter 'speed-profile' executable 'false'
