--------- beginning of main
05-12 04:41:07.852 I/ejla    (28894): (REDACTED) HDM. appOpsListener %s %s
05-12 04:41:07.853 I/ejla    (28894): (REDACTED) HDM. Ignoring irrelevant audio permission changes for package %s
05-12 04:41:07.853 I/ejla    (28894): (REDACTED) HDM. appOpsListener %s %s
05-12 04:41:07.853 I/ejla    (28894): (REDACTED) HDM. Ignoring irrelevant audio permission changes for package %s
05-12 04:41:07.855 I/adbd    (19515): Remote process closed the socket (on MSG_PEEK)
05-12 04:41:07.856 E/SafeInvoker( 2878): Service invocation returned exception
05-12 04:41:07.856 E/SafeInvoker( 2878): android.content.pm.PackageManager$NameNotFoundException: com.motorola.securevault
05-12 04:41:07.856 E/SafeInvoker( 2878): 	at android.app.ApplicationPackageManager.getApplicationInfoAsUser(ApplicationPackageManager.java:528)
05-12 04:41:07.856 E/SafeInvoker( 2878): 	at android.app.ApplicationPackageManager.getApplicationInfo(ApplicationPackageManager.java:511)
05-12 04:41:07.856 E/SafeInvoker( 2878): 	at android.app.ApplicationPackageManager.getApplicationInfo(ApplicationPackageManager.java:505)
05-12 04:41:07.856 E/SafeInvoker( 2878): 	at android.app.ApplicationPackageManager.getResourcesForApplication(ApplicationPackageManager.java:2134)
05-12 04:41:07.856 E/SafeInvoker( 2878): 	at com.motorola.server.security.securevault.utils.Utils.getApplicationResourceIdentifier(Utils.java:82)
05-12 04:41:07.856 E/SafeInvoker( 2878): 	at com.motorola.server.security.securevault.utils.Utils.getVaultProfileFilterList(Utils.java:132)
05-12 04:41:07.856 E/SafeInvoker( 2878): 	at com.motorola.server.security.securevault.UserFilteringPolicy.lambda$shouldExcludeVaultProfile$0(UserFilteringPolicy.java:22)
05-12 04:41:07.856 E/SafeInvoker( 2878): 	at com.motorola.server.security.securevault.UserFilteringPolicy.$r8$lambda$jR7E2mX-Lw2CinGTcPdwj0zFoNY(UserFilteringPolicy.java:0)
05-12 04:41:07.856 E/SafeInvoker( 2878): 	at com.motorola.server.security.securevault.UserFilteringPolicy$$ExternalSyntheticLambda0.call(R8$$SyntheticClass:0)
05-12 04:41:07.856 E/SafeInvoker( 2878): 	at com.motorola.server.security.securevault.invoker.SafeInvoker.invokeWithClearCallingReturnable(SafeInvoker.java:65)
05-12 04:41:07.856 E/SafeInvoker( 2878): 	at com.motorola.server.security.securevault.invoker.SafeInvoker.invokeWithClearCallingWithBooleanReturn(SafeInvoker.java:99)
05-12 04:41:07.856 E/SafeInvoker( 2878): 	at com.motorola.server.security.securevault.UserFilteringPolicy.shouldExcludeVaultProfile(UserFilteringPolicy.java:19)
05-12 04:41:07.856 E/SafeInvoker( 2878): 	at com.motorola.server.security.securevault.SecureVault.shouldExcludeVaultProfile(SecureVault.java:378)
05-12 04:41:07.856 E/SafeInvoker( 2878): 	at com.motorola.server.security.MotoSecurityManagerService$1.shouldExcludeVaultProfile(MotoSecurityManagerService.java:449)
05-12 04:41:07.856 E/SafeInvoker( 2878): 	at com.motorola.internal.security.MotoSecurityManager.shouldExcludeVaultProfile(MotoSecurityManager.java:735)
05-12 04:41:07.856 E/SafeInvoker( 2878): 	at com.motorola.internal.security.MotoSecurityUtils.shouldExcludeVaultProfile(MotoSecurityUtils.java:240)
05-12 04:41:07.856 E/SafeInvoker( 2878): 	at com.android.server.pm.UserManagerService.getProfileIds(UserManagerService.java:1534)
05-12 04:41:07.856 E/SafeInvoker( 2878): 	at com.android.server.pm.UserManagerService.getProfileIds(UserManagerService.java:1517)
05-12 04:41:07.856 E/SafeInvoker( 2878): 	at com.android.server.wm.ActivityTaskManagerService.getTasks(ActivityTaskManagerService.java:2699)
05-12 04:41:07.856 E/SafeInvoker( 2878): 	at android.app.IActivityTaskManager$Stub.onTransact(IActivityTaskManager.java:1380)
05-12 04:41:07.856 E/SafeInvoker( 2878): 	at com.android.server.wm.ActivityTaskManagerService.onTransact(ActivityTaskManagerService.java:6149)
05-12 04:41:07.856 E/SafeInvoker( 2878): 	at android.os.Binder.execTransactInternal(Binder.java:1515)
05-12 04:41:07.856 E/SafeInvoker( 2878): 	at android.os.Binder.execTransact(Binder.java:1453)
05-12 04:41:07.858 E/SafeInvoker( 2878): Service invocation returned exception
05-12 04:41:07.858 E/SafeInvoker( 2878): android.content.pm.PackageManager$NameNotFoundException: com.motorola.securevault
05-12 04:41:07.858 E/SafeInvoker( 2878): 	at android.app.ApplicationPackageManager.getApplicationInfoAsUser(ApplicationPackageManager.java:528)
05-12 04:41:07.858 E/SafeInvoker( 2878): 	at android.app.ApplicationPackageManager.getApplicationInfo(ApplicationPackageManager.java:511)
05-12 04:41:07.858 E/SafeInvoker( 2878): 	at android.app.ApplicationPackageManager.getApplicationInfo(ApplicationPackageManager.java:505)
05-12 04:41:07.858 E/SafeInvoker( 2878): 	at android.app.ApplicationPackageManager.getResourcesForApplication(ApplicationPackageManager.java:2134)
05-12 04:41:07.858 E/SafeInvoker( 2878): 	at com.motorola.server.security.securevault.utils.Utils.getApplicationResourceIdentifier(Utils.java:82)
05-12 04:41:07.858 E/SafeInvoker( 2878): 	at com.motorola.server.security.securevault.utils.Utils.getVaultProfileFilterList(Utils.java:132)
05-12 04:41:07.858 E/SafeInvoker( 2878): 	at com.motorola.server.security.securevault.UserFilteringPolicy.lambda$shouldExcludeVaultProfile$0(UserFilteringPolicy.java:22)
05-12 04:41:07.858 E/SafeInvoker( 2878): 	at com.motorola.server.security.securevault.UserFilteringPolicy.$r8$lambda$jR7E2mX-Lw2CinGTcPdwj0zFoNY(UserFilteringPolicy.java:0)
05-12 04:41:07.858 E/SafeInvoker( 2878): 	at com.motorola.server.security.securevault.UserFilteringPolicy$$ExternalSyntheticLambda0.call(R8$$SyntheticClass:0)
05-12 04:41:07.858 E/SafeInvoker( 2878): 	at com.motorola.server.security.securevault.invoker.SafeInvoker.invokeWithClearCallingReturnable(SafeInvoker.java:65)
05-12 04:41:07.858 E/SafeInvoker( 2878): 	at com.motorola.server.security.securevault.invoker.SafeInvoker.invokeWithClearCallingWithBooleanReturn(SafeInvoker.java:99)
05-12 04:41:07.858 E/SafeInvoker( 2878): 	at com.motorola.server.security.securevault.UserFilteringPolicy.shouldExcludeVaultProfile(UserFilteringPolicy.java:19)
05-12 04:41:07.858 E/SafeInvoker( 2878): 	at com.motorola.server.security.securevault.SecureVault.shouldExcludeVaultProfile(SecureVault.java:378)
05-12 04:41:07.858 E/SafeInvoker( 2878): 	at com.motorola.server.security.MotoSecurityManagerService$1.shouldExcludeVaultProfile(MotoSecurityManagerService.java:449)
05-12 04:41:07.858 E/SafeInvoker( 2878): 	at com.motorola.internal.security.MotoSecurityManager.shouldExcludeVaultProfile(MotoSecurityManager.java:735)
05-12 04:41:07.858 E/SafeInvoker( 2878): 	at com.motorola.internal.security.MotoSecurityUtils.shouldExcludeVaultProfile(MotoSecurityUtils.java:240)
05-12 04:41:07.858 E/SafeInvoker( 2878): 	at com.android.server.pm.UserManagerService.getProfileIds(UserManagerService.java:1534)
05-12 04:41:07.858 E/SafeInvoker( 2878): 	at com.android.server.pm.UserManagerService.getProfileIds(UserManagerService.java:1517)
05-12 04:41:07.858 E/SafeInvoker( 2878): 	at com.android.server.wm.RecentTasks.getProfileIds(RecentTasks.java:955)
05-12 04:41:07.858 E/SafeInvoker( 2878): 	at com.android.server.wm.RecentTasks.getRecentTasksImpl(RecentTasks.java:987)
05-12 04:41:07.858 E/SafeInvoker( 2878): 	at com.android.server.wm.RecentTasks.getRecentTasks(RecentTasks.java:977)
05-12 04:41:07.858 E/SafeInvoker( 2878): 	at com.android.server.wm.ActivityTaskManagerService.getRecentTasks(ActivityTaskManagerService.java:2796)
05-12 04:41:07.858 E/SafeInvoker( 2878): 	at android.app.IActivityTaskManager$Stub.onTransact(IActivityTaskManager.java:1411)
05-12 04:41:07.858 E/SafeInvoker( 2878): 	at com.android.server.wm.ActivityTaskManagerService.onTransact(ActivityTaskManagerService.java:6149)
05-12 04:41:07.858 E/SafeInvoker( 2878): 	at android.os.Binder.execTransactInternal(Binder.java:1515)
05-12 04:41:07.858 E/SafeInvoker( 2878): 	at android.os.Binder.execTransact(Binder.java:1453)
05-12 04:41:07.861 E/SafeInvoker( 2878): Service invocation returned exception
05-12 04:41:07.861 E/SafeInvoker( 2878): android.content.pm.PackageManager$NameNotFoundException: com.motorola.securevault
05-12 04:41:07.861 E/SafeInvoker( 2878): 	at android.app.ApplicationPackageManager.getApplicationInfoAsUser(ApplicationPackageManager.java:528)
05-12 04:41:07.861 E/SafeInvoker( 2878): 	at android.app.ApplicationPackageManager.getApplicationInfo(ApplicationPackageManager.java:511)
05-12 04:41:07.861 E/SafeInvoker( 2878): 	at android.app.ApplicationPackageManager.getApplicationInfo(ApplicationPackageManager.java:505)
05-12 04:41:07.861 E/SafeInvoker( 2878): 	at android.app.ApplicationPackageManager.getResourcesForApplication(ApplicationPackageManager.java:2134)
05-12 04:41:07.861 E/SafeInvoker( 2878): 	at com.motorola.server.security.securevault.utils.Utils.getApplicationResourceIdentifier(Utils.java:82)
05-12 04:41:07.861 E/SafeInvoker( 2878): 	at com.motorola.server.security.securevault.utils.Utils.getVaultProfileFilterList(Utils.java:132)
05-12 04:41:07.861 E/SafeInvoker( 2878): 	at com.motorola.server.security.securevault.UserFilteringPolicy.lambda$shouldExcludeVaultProfile$0(UserFilteringPolicy.java:22)
05-12 04:41:07.861 E/SafeInvoker( 2878): 	at com.motorola.server.security.securevault.UserFilteringPolicy.$r8$lambda$jR7E2mX-Lw2CinGTcPdwj0zFoNY(UserFilteringPolicy.java:0)
05-12 04:41:07.861 E/SafeInvoker( 2878): 	at com.motorola.server.security.securevault.UserFilteringPolicy$$ExternalSyntheticLambda0.call(R8$$SyntheticClass:0)
05-12 04:41:07.861 E/SafeInvoker( 2878): 	at com.motorola.server.security.securevault.invoker.SafeInvoker.invokeWithClearCallingReturnable(SafeInvoker.java:65)
05-12 04:41:07.861 E/SafeInvoker( 2878): 	at com.motorola.server.security.securevault.invoker.SafeInvoker.invokeWithClearCallingWithBooleanReturn(SafeInvoker.java:99)
05-12 04:41:07.861 E/SafeInvoker( 2878): 	at com.motorola.server.security.securevault.UserFilteringPolicy.shouldExcludeVaultProfile(UserFilteringPolicy.java:19)
05-12 04:41:07.861 E/SafeInvoker( 2878): 	at com.motorola.server.security.securevault.SecureVault.shouldExcludeVaultProfile(SecureVault.java:378)
05-12 04:41:07.861 E/SafeInvoker( 2878): 	at com.motorola.server.security.MotoSecurityManagerService$1.shouldExcludeVaultProfile(MotoSecurityManagerService.java:449)
05-12 04:41:07.861 E/SafeInvoker( 2878): 	at com.motorola.internal.security.MotoSecurityManager.shouldExcludeVaultProfile(MotoSecurityManager.java:735)
05-12 04:41:07.861 E/SafeInvoker( 2878): 	at com.motorola.internal.security.MotoSecurityUtils.shouldExcludeVaultProfile(MotoSecurityUtils.java:240)
05-12 04:41:07.861 E/SafeInvoker( 2878): 	at com.android.server.pm.UserManagerService.getProfileIds(UserManagerService.java:1534)
05-12 04:41:07.861 E/SafeInvoker( 2878): 	at com.android.server.pm.UserManagerService.getProfileIds(UserManagerService.java:1517)
05-12 04:41:07.861 E/SafeInvoker( 2878): 	at com.android.server.wm.RecentTasks.getProfileIds(RecentTasks.java:955)
05-12 04:41:07.861 E/SafeInvoker( 2878): 	at com.android.server.wm.RecentTasks.getRecentTasksImpl(RecentTasks.java:987)
05-12 04:41:07.861 E/SafeInvoker( 2878): 	at com.android.server.wm.RecentTasks.getRecentTasks(RecentTasks.java:977)
05-12 04:41:07.861 E/SafeInvoker( 2878): 	at com.android.server.wm.ActivityTaskManagerService.getRecentTasks(ActivityTaskManagerService.java:2796)
05-12 04:41:07.861 E/SafeInvoker( 2878): 	at android.app.IActivityTaskManager$Stub.onTransact(IActivityTaskManager.java:1411)
05-12 04:41:07.861 E/SafeInvoker( 2878): 	at com.android.server.wm.ActivityTaskManagerService.onTransact(ActivityTaskManagerService.java:6149)
05-12 04:41:07.861 E/SafeInvoker( 2878): 	at android.os.Binder.execTransactInternal(Binder.java:1515)
05-12 04:41:07.861 E/SafeInvoker( 2878): 	at android.os.Binder.execTransact(Binder.java:1453)
05-12 04:41:07.880 I/libprocessgroup( 2878): Removed cgroup /sys/fs/cgroup/uid_10523/pid_32094
05-12 04:41:07.881 I/Zygote  ( 1508): Process 32094 exited due to signal 9 (Killed)
05-12 04:41:07.881 W/libprocessgroup( 2878): RemoveCgroup: /dev/memcg/apps/uid_10523/pid_32094 does not exist.
--------- beginning of system
05-12 04:41:07.881 I/AppsFilter( 2878): interaction: PackageSetting{3534f2d com.oem.euiccpartnerapp/10289} -> PackageSetting{8e57afe com.hyeni.calendar/10523} BLOCKED
05-12 04:41:07.883 W/PackageManager( 2878): Missing required system package: com.samsung.wearable.fit3plugin, but found with extended search.
05-12 04:41:07.883 W/PackageManager( 2878): Missing required system package: com.samsung.wearable.fit3plugin, but found with extended search.
05-12 04:41:07.888 D/ShortcutService( 2878): received package broadcast intent: Intent { act=android.intent.action.PACKAGE_DATA_CLEARED dat=package: flg=0x5000010 (has extras) }
05-12 04:41:07.888 D/ShortcutService( 2878): clearing data for package: com.hyeni.calendar userId0
05-12 04:41:07.888 D/ShortcutService( 2878): handlePackageDataCleared: com.hyeni.calendar user=0
05-12 04:41:07.889 I/AppSearchManagerService( 2878): Handling android.intent.action.PACKAGE_DATA_CLEARED broadcast on package: com.hyeni.calendar
05-12 04:41:07.889 I/ejla    (28894): (REDACTED) HDM. appOpsListener %s %s
05-12 04:41:07.889 I/ejla    (28894): (REDACTED) HDM. Ignoring irrelevant audio permission changes for package %s
05-12 04:41:07.890 I/ejla    (28894): (REDACTED) HDM. appOpsListener %s %s
05-12 04:41:07.890 I/ejla    (28894): (REDACTED) HDM. Ignoring irrelevant audio permission changes for package %s
05-12 04:41:07.891 I/MediaServiceV2( 6385): Creating work for intent Intent { act=android.intent.action.PACKAGE_DATA_CLEARED dat=package: flg=0x5000010 cmp=com.google.android.providers.media.module/com.android.providers.media.MediaServiceV2 (has extras) }
05-12 04:41:07.892 E/SafeInvoker( 2878): Service invocation returned exception
05-12 04:41:07.892 E/SafeInvoker( 2878): android.content.pm.PackageManager$NameNotFoundException: com.motorola.securevault
05-12 04:41:07.892 E/SafeInvoker( 2878): 	at android.app.ApplicationPackageManager.getApplicationInfoAsUser(ApplicationPackageManager.java:528)
05-12 04:41:07.892 E/SafeInvoker( 2878): 	at android.app.ApplicationPackageManager.getApplicationInfo(ApplicationPackageManager.java:511)
05-12 04:41:07.892 E/SafeInvoker( 2878): 	at android.app.ApplicationPackageManager.getApplicationInfo(ApplicationPackageManager.java:505)
05-12 04:41:07.892 E/SafeInvoker( 2878): 	at android.app.ApplicationPackageManager.getResourcesForApplication(ApplicationPackageManager.java:2134)
05-12 04:41:07.892 E/SafeInvoker( 2878): 	at com.motorola.server.security.securevault.utils.Utils.getApplicationResourceIdentifier(Utils.java:82)
05-12 04:41:07.892 E/SafeInvoker( 2878): 	at com.motorola.server.security.securevault.utils.Utils.getVaultProfileFilterList(Utils.java:132)
05-12 04:41:07.892 E/SafeInvoker( 2878): 	at com.motorola.server.security.securevault.UserFilteringPolicy.lambda$shouldExcludeVaultProfile$0(UserFilteringPolicy.java:22)
05-12 04:41:07.892 E/SafeInvoker( 2878): 	at com.motorola.server.security.securevault.UserFilteringPolicy.$r8$lambda$jR7E2mX-Lw2CinGTcPdwj0zFoNY(UserFilteringPolicy.java:0)
05-12 04:41:07.892 E/SafeInvoker( 2878): 	at com.motorola.server.security.securevault.UserFilteringPolicy$$ExternalSyntheticLambda0.call(R8$$SyntheticClass:0)
05-12 04:41:07.892 E/SafeInvoker( 2878): 	at com.motorola.server.security.securevault.invoker.SafeInvoker.invokeWithClearCallingReturnable(SafeInvoker.java:65)
05-12 04:41:07.892 E/SafeInvoker( 2878): 	at com.motorola.server.security.securevault.invoker.SafeInvoker.invokeWithClearCallingWithBooleanReturn(SafeInvoker.java:99)
05-12 04:41:07.892 E/SafeInvoker( 2878): 	at com.motorola.server.security.securevault.UserFilteringPolicy.shouldExcludeVaultProfile(UserFilteringPolicy.java:19)
05-12 04:41:07.892 E/SafeInvoker( 2878): 	at com.motorola.server.security.securevault.SecureVault.shouldExcludeVaultProfile(SecureVault.java:378)
05-12 04:41:07.892 E/SafeInvoker( 2878): 	at com.motorola.server.security.MotoSecurityManagerService$1.shouldExcludeVaultProfile(MotoSecurityManagerService.java:449)
05-12 04:41:07.892 E/SafeInvoker( 2878): 	at com.motorola.internal.security.MotoSecurityManager.shouldExcludeVaultProfile(MotoSecurityManager.java:735)
05-12 04:41:07.892 E/SafeInvoker( 2878): 	at com.motorola.internal.security.MotoSecurityUtils.shouldExcludeVaultProfile(MotoSecurityUtils.java:240)
05-12 04:41:07.892 E/SafeInvoker( 2878): 	at com.android.server.pm.UserManagerService.getProfileIds(UserManagerService.java:1534)
05-12 04:41:07.892 E/SafeInvoker( 2878): 	at com.android.server.pm.UserManagerService.getProfileIds(UserManagerService.java:1517)
05-12 04:41:07.892 E/SafeInvoker( 2878): 	at android.os.IUserManager$Stub.onTransact(IUserManager.java:1151)
05-12 04:41:07.892 E/SafeInvoker( 2878): 	at android.os.Binder.execTransactInternal(Binder.java:1515)
05-12 04:41:07.892 E/SafeInvoker( 2878): 	at android.os.Binder.execTransact(Binder.java:1453)
05-12 04:41:07.892 I/MediaServiceV2( 6385): Work enqueued for intent: Intent { act=android.intent.action.PACKAGE_DATA_CLEARED dat=package: flg=0x5000010 cmp=com.google.android.providers.media.module/com.android.providers.media.MediaServiceV2 (has extras) }
05-12 04:41:07.899 D/CarrierSvcBindHelper( 3966): onHandleForceStop: [com.hyeni.calendar]
05-12 04:41:07.899 I/Finsky:background(23688): [65] RECEIVER_ENGAGE_PACKAGE_CHANGED#logWorkEndAndFinishGoAsync: SUCCESS
05-12 04:41:07.900 D/DataClearAppBroadcastReceiver( 6937): data::====================================
05-12 04:41:07.900 D/DataClearAppBroadcastReceiver( 6937): data: data cleared com.hyeni.calendar
05-12 04:41:07.900 D/DataClearAppBroadcastReceiver( 6937): data::====================================
05-12 04:41:07.901 D/CarrierSvcBindHelper( 3966): No carrier app for: 0
05-12 04:41:07.903 I/[WEATHER]( 6937): {[6A3B5595A9C63B3360637FDDEFDE0D530B14E52D753167F6F4A98DF2BDF69614D337AC21F80B154D402CD3C2F6EE9C2D4AAE5901CD895255F003E55D38922E3FA1E20ECBC54743D34143BC3B2363913ADF8F7BA26E9B3D6783BCE431AE4FCC9BBADE002CF97D5F6E8D5F2EFC73C76EC7CBCA95AF2C39B52A37D6469116665E6F26BCD960B1069690C99BCEFF32AB6B2EEC722DFA24B5C552C7A1BDA63BDC2131C7E49F29502CF643203245A0EC793ED48F891D09C98B61F63792C70956302EE3ED54330C6AB127EC93C2BB84596C23336FA4529CCBC5EDA168B71392E830C3E6]}
05-12 04:41:07.903 I/[WEATHER]( 6937): {[C51D5DD5CF0B8DD5184EC824E7AD3512227F2068CB28A570C75E6362A98174966F0BF88350A76A5DC4FE757DCEB68275ADBF5283272801972D021BF4E3347500]}
05-12 04:41:07.904 D/ShortcutService( 2878): rescanPackageIfNeeded 0@com.hyeni.calendar, forceRescan=true , isNewApp=true
05-12 04:41:07.904 W/PackageManager( 2878): Missing required system package: com.hyeni.calendar, but found with extended search.
05-12 04:41:07.904 D/ShortcutService( 2878): Package com.hyeni.calendar has 0 manifest shortcut(s), and 0 share target(s)
05-12 04:41:07.905 E/SafeInvoker( 2878): Service invocation returned exception
05-12 04:41:07.905 E/SafeInvoker( 2878): android.content.pm.PackageManager$NameNotFoundException: com.motorola.securevault
05-12 04:41:07.905 E/SafeInvoker( 2878): 	at android.app.ApplicationPackageManager.getApplicationInfoAsUser(ApplicationPackageManager.java:528)
05-12 04:41:07.905 E/SafeInvoker( 2878): 	at android.app.ApplicationPackageManager.getApplicationInfo(ApplicationPackageManager.java:511)
05-12 04:41:07.905 E/SafeInvoker( 2878): 	at android.app.ApplicationPackageManager.getApplicationInfo(ApplicationPackageManager.java:505)
05-12 04:41:07.905 E/SafeInvoker( 2878): 	at android.app.ApplicationPackageManager.getResourcesForApplication(ApplicationPackageManager.java:2134)
05-12 04:41:07.905 E/SafeInvoker( 2878): 	at com.motorola.server.security.securevault.utils.Utils.getApplicationResourceIdentifier(Utils.java:82)
05-12 04:41:07.905 E/SafeInvoker( 2878): 	at com.motorola.server.security.securevault.utils.Utils.getVaultProfileFilterList(Utils.java:132)
05-12 04:41:07.905 E/SafeInvoker( 2878): 	at com.motorola.server.security.securevault.UserFilteringPolicy.lambda$shouldExcludeVaultProfile$0(UserFilteringPolicy.java:22)
05-12 04:41:07.905 E/SafeInvoker( 2878): 	at com.motorola.server.security.securevault.UserFilteringPolicy.$r8$lambda$jR7E2mX-Lw2CinGTcPdwj0zFoNY(UserFilteringPolicy.java:0)
05-12 04:41:07.905 E/SafeInvoker( 2878): 	at com.motorola.server.security.securevault.UserFilteringPolicy$$ExternalSyntheticLambda0.call(R8$$SyntheticClass:0)
05-12 04:41:07.905 E/SafeInvoker( 2878): 	at com.motorola.server.security.securevault.invoker.SafeInvoker.invokeWithClearCallingReturnable(SafeInvoker.java:65)
05-12 04:41:07.905 E/SafeInvoker( 2878): 	at com.motorola.server.security.securevault.invoker.SafeInvoker.invokeWithClearCallingWithBooleanReturn(SafeInvoker.java:99)
05-12 04:41:07.905 E/SafeInvoker( 2878): 	at com.motorola.server.security.securevault.UserFilteringPolicy.shouldExcludeVaultProfile(UserFilteringPolicy.java:19)
05-12 04:41:07.905 E/SafeInvoker( 2878): 	at com.motorola.server.security.securevault.SecureVault.shouldExcludeVaultProfile(SecureVault.java:378)
05-12 04:41:07.905 E/SafeInvoker( 2878): 	at com.motorola.server.security.MotoSecurityManagerService$1.shouldExcludeVaultProfile(MotoSecurityManagerService.java:449)
05-12 04:41:07.905 E/SafeInvoker( 2878): 	at com.motorola.internal.security.MotoSecurityManager.shouldExcludeVaultProfile(MotoSecurityManager.java:735)
05-12 04:41:07.905 E/SafeInvoker( 2878): 	at com.motorola.internal.security.MotoSecurityUtils.shouldExcludeVaultProfile(MotoSecurityUtils.java:240)
05-12 04:41:07.905 E/SafeInvoker( 2878): 	at com.android.server.pm.UserManagerService.getProfileIds(UserManagerService.java:1534)
05-12 04:41:07.905 E/SafeInvoker( 2878): 	at com.android.server.pm.UserManagerService.getProfileIds(UserManagerService.java:1517)
05-12 04:41:07.905 E/SafeInvoker( 2878): 	at android.os.IUserManager$Stub.onTransact(IUserManager.java:1151)
05-12 04:41:07.905 E/SafeInvoker( 2878): 	at android.os.Binder.execTransactInternal(Binder.java:1515)
05-12 04:41:07.905 E/SafeInvoker( 2878): 	at android.os.Binder.execTransact(Binder.java:1453)
05-12 04:41:07.908 D/WM-SystemJobScheduler( 6385): Scheduling work ID c27629e1-1494-4df1-9e45-81b5e63ead6eJob ID 5760
05-12 04:41:07.910 D/PowerManagerService( 2878): nativeAcquireSuspendBlocker name:PowerManagerService.WakeLocks duration ms: 1
05-12 04:41:07.910 I/[WEATHER]( 6937): {[51777DFDE37D93C54851D0367AAB5281A00DA1E7636F190F9E48CA43A1049514819CA7B6BDE320A8387C4074767863B49C816C02A82A791D8F01E234696EC82A1C3790CE89F5362AC02D9C4C4504E83008A8D68C4503433A261A245E56461BC4]}
05-12 04:41:07.911 I/Blockstore( 4848): [PackageIntentOperation] Checking IS_RESTORE extra. [CONTEXT service_id=258 ]
05-12 04:41:07.911 I/AppBackupStateCleanupIO( 4848): Backup state cleanup on uninstall is disabled. [CONTEXT service_id=229 ]
05-12 04:41:07.912 D/WM-SystemJobService( 6385): onStartJob for WorkGenerationalId(workSpecId=c27629e1-1494-4df1-9e45-81b5e63ead6e, generation=0)
05-12 04:41:07.912 D/WM-GreedyScheduler( 6385): Ignoring {WorkSpec: ba672ec3-0442-468e-aaf0-90b39b6fb569}. Requires device idle.
05-12 04:41:07.912 D/WM-GreedyScheduler( 6385): Ignoring {WorkSpec: 49860f5a-cd21-4e35-af91-ffa3558b8272}. Requires device idle.
05-12 04:41:07.912 D/WM-GreedyScheduler( 6385): Starting work for c27629e1-1494-4df1-9e45-81b5e63ead6e
05-12 04:41:07.913 D/WM-Processor( 6385): Processor: processing WorkGenerationalId(workSpecId=c27629e1-1494-4df1-9e45-81b5e63ead6e, generation=0)
05-12 04:41:07.913 D/WM-Processor( 6385): Work WorkGenerationalId(workSpecId=c27629e1-1494-4df1-9e45-81b5e63ead6e, generation=0) is already enqueued for processing
05-12 04:41:07.914 D/WM-WorkerWrapper( 6385): Starting work for com.android.providers.media.MediaServiceV2
05-12 04:41:07.914 I/MediaServiceV2( 6385): Work initiated for action [ android.intent.action.PACKAGE_DATA_CLEARED ]
05-12 04:41:07.917 E/PhSharedDirectoryWriter( 4147): Failed to delete the CE shared dir for Android package: com.hyeni.calendar. [CONTEXT service_id=51 ]
05-12 04:41:07.917 E/PhSharedDirectoryWriter( 4147): java.lang.IllegalStateException: Failed to delete directory
05-12 04:41:07.917 E/PhSharedDirectoryWriter( 4147): 	at heha.s(:com.google.android.gms@261631035@26.16.31 (260400-900800821):10)
05-12 04:41:07.917 E/PhSharedDirectoryWriter( 4147): 	at fbdt.a(:com.google.android.gms@261631035@26.16.31 (260400-900800821):87)
05-12 04:41:07.917 E/PhSharedDirectoryWriter( 4147): 	at com.google.android.gms.phenotype.notification.PackagesChangedIntentOperation.onHandleIntent(:com.google.android.gms@261631035@26.16.31 (260400-900800821):332)
05-12 04:41:07.917 E/PhSharedDirectoryWriter( 4147): 	at com.google.android.chimera.IntentOperation.onHandleIntent(:com.google.android.gms@261631035@26.16.31 (260400-900800821):1)
05-12 04:41:07.917 E/PhSharedDirectoryWriter( 4147): 	at bczl.onHandleIntent(:com.google.android.gms@261631035@26.16.31 (260400-900800821):88)
05-12 04:41:07.917 E/PhSharedDirectoryWriter( 4147): 	at aaxh.run(:com.google.android.gms@261631035@26.16.31 (260400-900800821):58)
05-12 04:41:07.917 E/PhSharedDirectoryWriter( 4147): 	at aaxg.run(:com.google.android.gms@261631035@26.16.31 (260400-900800821):132)
05-12 04:41:07.917 E/PhSharedDirectoryWriter( 4147): 	at hcck.run(:com.google.android.gms@261631035@26.16.31 (260400-900800821):23)
05-12 04:41:07.917 E/PhSharedDirectoryWriter( 4147): 	at java.util.concurrent.ThreadPoolExecutor.runWorker(ThreadPoolExecutor.java:1154)
05-12 04:41:07.917 E/PhSharedDirectoryWriter( 4147): 	at java.util.concurrent.ThreadPoolExecutor$Worker.run(ThreadPoolExecutor.java:652)
05-12 04:41:07.917 E/PhSharedDirectoryWriter( 4147): 	at java.lang.Thread.run(Thread.java:1564)
05-12 04:41:07.917 E/PhSharedDirectoryWriter( 4147): Failed to delete the DE shared dir for Android package: com.hyeni.calendar. [CONTEXT service_id=51 ]
05-12 04:41:07.917 E/PhSharedDirectoryWriter( 4147): java.lang.IllegalStateException: Failed to delete directory
05-12 04:41:07.917 E/PhSharedDirectoryWriter( 4147): 	at heha.s(:com.google.android.gms@261631035@26.16.31 (260400-900800821):10)
05-12 04:41:07.917 E/PhSharedDirectoryWriter( 4147): 	at fbdt.a(:com.google.android.gms@261631035@26.16.31 (260400-900800821):136)
05-12 04:41:07.917 E/PhSharedDirectoryWriter( 4147): 	at com.google.android.gms.phenotype.notification.PackagesChangedIntentOperation.onHandleIntent(:com.google.android.gms@261631035@26.16.31 (260400-900800821):332)
05-12 04:41:07.917 E/PhSharedDirectoryWriter( 4147): 	at com.google.android.chimera.IntentOperation.onHandleIntent(:com.google.android.gms@261631035@26.16.31 (260400-900800821):1)
05-12 04:41:07.917 E/PhSharedDirectoryWriter( 4147): 	at bczl.onHandleIntent(:com.google.android.gms@261631035@26.16.31 (260400-900800821):88)
05-12 04:41:07.917 E/PhSharedDirectoryWriter( 4147): 	at aaxh.run(:com.google.android.gms@261631035@26.16.31 (260400-900800821):58)
05-12 04:41:07.917 E/PhSharedDirectoryWriter( 4147): 	at aaxg.run(:com.google.android.gms@261631035@26.16.31 (260400-900800821):132)
05-12 04:41:07.917 E/PhSharedDirectoryWriter( 4147): 	at hcck.run(:com.google.android.gms@261631035@26.16.31 (260400-900800821):23)
05-12 04:41:07.917 E/PhSharedDirectoryWriter( 4147): 	at java.util.concurrent.ThreadPoolExecutor.runWorker(ThreadPoolExecutor.java:1154)
05-12 04:41:07.917 E/PhSharedDirectoryWriter( 4147): 	at java.util.concurrent.ThreadPoolExecutor$Worker.run(ThreadPoolExecutor.java:652)
05-12 04:41:07.917 E/PhSharedDirectoryWriter( 4147): 	at java.lang.Thread.run(Thread.java:1564)
05-12 04:41:07.921 I/Fitness ( 4147): (REDACTED) FitCleanupIntentOperation received Intent %s
05-12 04:41:07.926 I/NearbyDiscovery( 4848): (REDACTED) processGrantSlicePermission: %s
05-12 04:41:07.935 D/MediaProvider( 6385): Deleted 0 Android/media items belonging to com.hyeni.calendar on /data/user/0/com.google.android.providers.media.module/databases/external.db
05-12 04:41:07.939 I/Icing   ( 4848): doRemovePackageData com.hyeni.calendar
05-12 04:41:07.941 I/FuseDaemon( 6385): Successfully deleted rows in leveldb for owner_id:  and ownerPackageIdentifier: com.hyeni.calendar::0
05-12 04:41:07.941 D/MediaGrants( 6385): Removed 0 media_grants for 0 user for [com.hyeni.calendar, com.hyeni.calendar]. Reason: Package orphaned
05-12 04:41:07.942 I/MediaServiceV2( 6385): Work ended for action [ android.intent.action.PACKAGE_DATA_CLEARED ]
05-12 04:41:07.942 I/WM-WorkerWrapper( 6385): Worker result SUCCESS for Work [ id=c27629e1-1494-4df1-9e45-81b5e63ead6e, tags={ com.android.providers.media.MediaServiceV2 } ]
05-12 04:41:07.943 D/WM-Processor( 6385): Processor c27629e1-1494-4df1-9e45-81b5e63ead6e executed; reschedule = false
05-12 04:41:07.943 D/WM-SystemJobService( 6385): c27629e1-1494-4df1-9e45-81b5e63ead6e executed on JobScheduler
05-12 04:41:07.944 D/WM-GreedyScheduler( 6385): Cancelling work ID c27629e1-1494-4df1-9e45-81b5e63ead6e
05-12 04:41:07.945 D/WM-GreedyScheduler( 6385): Ignoring {WorkSpec: ba672ec3-0442-468e-aaf0-90b39b6fb569}. Requires device idle.
05-12 04:41:07.945 D/WM-GreedyScheduler( 6385): Ignoring {WorkSpec: 49860f5a-cd21-4e35-af91-ffa3558b8272}. Requires device idle.
05-12 04:41:07.951 E/SafeInvoker( 2878): Service invocation returned exception
05-12 04:41:07.951 E/SafeInvoker( 2878): android.content.pm.PackageManager$NameNotFoundException: com.motorola.securevault
05-12 04:41:07.951 E/SafeInvoker( 2878): 	at android.app.ApplicationPackageManager.getApplicationInfoAsUser(ApplicationPackageManager.java:528)
05-12 04:41:07.951 E/SafeInvoker( 2878): 	at android.app.ApplicationPackageManager.getApplicationInfo(ApplicationPackageManager.java:511)
05-12 04:41:07.951 E/SafeInvoker( 2878): 	at android.app.ApplicationPackageManager.getApplicationInfo(ApplicationPackageManager.java:505)
05-12 04:41:07.951 E/SafeInvoker( 2878): 	at android.app.ApplicationPackageManager.getResourcesForApplication(ApplicationPackageManager.java:2134)
05-12 04:41:07.951 E/SafeInvoker( 2878): 	at com.motorola.server.security.securevault.utils.Utils.getApplicationResourceIdentifier(Utils.java:82)
05-12 04:41:07.951 E/SafeInvoker( 2878): 	at com.motorola.server.security.securevault.utils.Utils.getVaultProfileFilterList(Utils.java:132)
05-12 04:41:07.951 E/SafeInvoker( 2878): 	at com.motorola.server.security.securevault.UserFilteringPolicy.lambda$shouldExcludeVaultProfile$0(UserFilteringPolicy.java:22)
05-12 04:41:07.951 E/SafeInvoker( 2878): 	at com.motorola.server.security.securevault.UserFilteringPolicy.$r8$lambda$jR7E2mX-Lw2CinGTcPdwj0zFoNY(UserFilteringPolicy.java:0)
05-12 04:41:07.951 E/SafeInvoker( 2878): 	at com.motorola.server.security.securevault.UserFilteringPolicy$$ExternalSyntheticLambda0.call(R8$$SyntheticClass:0)
05-12 04:41:07.951 E/SafeInvoker( 2878): 	at com.motorola.server.security.securevault.invoker.SafeInvoker.invokeWithClearCallingReturnable(SafeInvoker.java:65)
05-12 04:41:07.951 E/SafeInvoker( 2878): 	at com.motorola.server.security.securevault.invoker.SafeInvoker.invokeWithClearCallingWithBooleanReturn(SafeInvoker.java:99)
05-12 04:41:07.951 E/SafeInvoker( 2878): 	at com.motorola.server.security.securevault.UserFilteringPolicy.shouldExcludeVaultProfile(UserFilteringPolicy.java:19)
05-12 04:41:07.951 E/SafeInvoker( 2878): 	at com.motorola.server.security.securevault.SecureVault.shouldExcludeVaultProfile(SecureVault.java:378)
05-12 04:41:07.951 E/SafeInvoker( 2878): 	at com.motorola.server.security.MotoSecurityManagerService$1.shouldExcludeVaultProfile(MotoSecurityManagerService.java:449)
05-12 04:41:07.951 E/SafeInvoker( 2878): 	at com.motorola.internal.security.MotoSecurityManager.shouldExcludeVaultProfile(MotoSecurityManager.java:735)
05-12 04:41:07.951 E/SafeInvoker( 2878): 	at com.motorola.internal.security.MotoSecurityUtils.shouldExcludeVaultProfile(MotoSecurityUtils.java:240)
05-12 04:41:07.951 E/SafeInvoker( 2878): 	at com.android.server.pm.UserManagerService.getProfileIds(UserManagerService.java:1534)
05-12 04:41:07.951 E/SafeInvoker( 2878): 	at com.android.server.pm.UserManagerService.getProfileIds(UserManagerService.java:1517)
05-12 04:41:07.951 E/SafeInvoker( 2878): 	at com.android.server.wm.ActivityTaskManagerService.getTasks(ActivityTaskManagerService.java:2699)
05-12 04:41:07.951 E/SafeInvoker( 2878): 	at android.app.IActivityTaskManager$Stub.onTransact(IActivityTaskManager.java:1380)
05-12 04:41:07.951 E/SafeInvoker( 2878): 	at com.android.server.wm.ActivityTaskManagerService.onTransact(ActivityTaskManagerService.java:6149)
05-12 04:41:07.951 E/SafeInvoker( 2878): 	at android.os.Binder.execTransactInternal(Binder.java:1515)
05-12 04:41:07.951 E/SafeInvoker( 2878): 	at android.os.Binder.execTransact(Binder.java:1453)
05-12 04:41:07.952 E/SafeInvoker( 2878): Service invocation returned exception
05-12 04:41:07.952 E/SafeInvoker( 2878): android.content.pm.PackageManager$NameNotFoundException: com.motorola.securevault
05-12 04:41:07.952 E/SafeInvoker( 2878): 	at android.app.ApplicationPackageManager.getApplicationInfoAsUser(ApplicationPackageManager.java:528)
05-12 04:41:07.952 E/SafeInvoker( 2878): 	at android.app.ApplicationPackageManager.getApplicationInfo(ApplicationPackageManager.java:511)
05-12 04:41:07.952 E/SafeInvoker( 2878): 	at android.app.ApplicationPackageManager.getApplicationInfo(ApplicationPackageManager.java:505)
05-12 04:41:07.952 E/SafeInvoker( 2878): 	at android.app.ApplicationPackageManager.getResourcesForApplication(ApplicationPackageManager.java:2134)
05-12 04:41:07.952 E/SafeInvoker( 2878): 	at com.motorola.server.security.securevault.utils.Utils.getApplicationResourceIdentifier(Utils.java:82)
05-12 04:41:07.952 E/SafeInvoker( 2878): 	at com.motorola.server.security.securevault.utils.Utils.getVaultProfileFilterList(Utils.java:132)
05-12 04:41:07.952 E/SafeInvoker( 2878): 	at com.motorola.server.security.securevault.UserFilteringPolicy.lambda$shouldExcludeVaultProfile$0(UserFilteringPolicy.java:22)
05-12 04:41:07.952 E/SafeInvoker( 2878): 	at com.motorola.server.security.securevault.UserFilteringPolicy.$r8$lambda$jR7E2mX-Lw2CinGTcPdwj0zFoNY(UserFilteringPolicy.java:0)
05-12 04:41:07.952 E/SafeInvoker( 2878): 	at com.motorola.server.security.securevault.UserFilteringPolicy$$ExternalSyntheticLambda0.call(R8$$SyntheticClass:0)
05-12 04:41:07.952 E/SafeInvoker( 2878): 	at com.motorola.server.security.securevault.invoker.SafeInvoker.invokeWithClearCallingReturnable(SafeInvoker.java:65)
05-12 04:41:07.952 E/SafeInvoker( 2878): 	at com.motorola.server.security.securevault.invoker.SafeInvoker.invokeWithClearCallingWithBooleanReturn(SafeInvoker.java:99)
05-12 04:41:07.952 E/SafeInvoker( 2878): 	at com.motorola.server.security.securevault.UserFilteringPolicy.shouldExcludeVaultProfile(UserFilteringPolicy.java:19)
05-12 04:41:07.952 E/SafeInvoker( 2878): 	at com.motorola.server.security.securevault.SecureVault.shouldExcludeVaultProfile(SecureVault.java:378)
05-12 04:41:07.952 E/SafeInvoker( 2878): 	at com.motorola.server.security.MotoSecurityManagerService$1.shouldExcludeVaultProfile(MotoSecurityManagerService.java:449)
05-12 04:41:07.952 E/SafeInvoker( 2878): 	at com.motorola.internal.security.MotoSecurityManager.shouldExcludeVaultProfile(MotoSecurityManager.java:735)
05-12 04:41:07.952 E/SafeInvoker( 2878): 	at com.motorola.internal.security.MotoSecurityUtils.shouldExcludeVaultProfile(MotoSecurityUtils.java:240)
05-12 04:41:07.952 E/SafeInvoker( 2878): 	at com.android.server.pm.UserManagerService.getProfileIds(UserManagerService.java:1534)
05-12 04:41:07.952 E/SafeInvoker( 2878): 	at com.android.server.pm.UserManagerService.getProfileIds(UserManagerService.java:1517)
05-12 04:41:07.952 E/SafeInvoker( 2878): 	at com.android.server.wm.RecentTasks.getProfileIds(RecentTasks.java:955)
05-12 04:41:07.952 E/SafeInvoker( 2878): 	at com.android.server.wm.RecentTasks.getRecentTasksImpl(RecentTasks.java:987)
05-12 04:41:07.952 E/SafeInvoker( 2878): 	at com.android.server.wm.RecentTasks.getRecentTasks(RecentTasks.java:977)
05-12 04:41:07.952 E/SafeInvoker( 2878): 	at com.android.server.wm.ActivityTaskManagerService.getRecentTasks(ActivityTaskManagerService.java:2796)
05-12 04:41:07.952 E/SafeInvoker( 2878): 	at android.app.IActivityTaskManager$Stub.onTransact(IActivityTaskManager.java:1411)
05-12 04:41:07.952 E/SafeInvoker( 2878): 	at com.android.server.wm.ActivityTaskManagerService.onTransact(ActivityTaskManagerService.java:6149)
05-12 04:41:07.952 E/SafeInvoker( 2878): 	at android.os.Binder.execTransactInternal(Binder.java:1515)
05-12 04:41:07.952 E/SafeInvoker( 2878): 	at android.os.Binder.execTransact(Binder.java:1453)
05-12 04:41:07.952 E/SafeInvoker( 2878): Service invocation returned exception
05-12 04:41:07.952 E/SafeInvoker( 2878): android.content.pm.PackageManager$NameNotFoundException: com.motorola.securevault
05-12 04:41:07.952 E/SafeInvoker( 2878): 	at android.app.ApplicationPackageManager.getApplicationInfoAsUser(ApplicationPackageManager.java:528)
05-12 04:41:07.952 E/SafeInvoker( 2878): 	at android.app.ApplicationPackageManager.getApplicationInfo(ApplicationPackageManager.java:511)
05-12 04:41:07.952 E/SafeInvoker( 2878): 	at android.app.ApplicationPackageManager.getApplicationInfo(ApplicationPackageManager.java:505)
05-12 04:41:07.952 E/SafeInvoker( 2878): 	at android.app.ApplicationPackageManager.getResourcesForApplication(ApplicationPackageManager.java:2134)
05-12 04:41:07.952 E/SafeInvoker( 2878): 	at com.motorola.server.security.securevault.utils.Utils.getApplicationResourceIdentifier(Utils.java:82)
05-12 04:41:07.952 E/SafeInvoker( 2878): 	at com.motorola.server.security.securevault.utils.Utils.getVaultProfileFilterList(Utils.java:132)
05-12 04:41:07.952 E/SafeInvoker( 2878): 	at com.motorola.server.security.securevault.UserFilteringPolicy.lambda$shouldExcludeVaultProfile$0(UserFilteringPolicy.java:22)
05-12 04:41:07.952 E/SafeInvoker( 2878): 	at com.motorola.server.security.securevault.UserFilteringPolicy.$r8$lambda$jR7E2mX-Lw2CinGTcPdwj0zFoNY(UserFilteringPolicy.java:0)
05-12 04:41:07.952 E/SafeInvoker( 2878): 	at com.motorola.server.security.securevault.UserFilteringPolicy$$ExternalSyntheticLambda0.call(R8$$SyntheticClass:0)
05-12 04:41:07.952 E/SafeInvoker( 2878): 	at com.motorola.server.security.securevault.invoker.SafeInvoker.invokeWithClearCallingReturnable(SafeInvoker.java:65)
05-12 04:41:07.952 E/SafeInvoker( 2878): 	at com.motorola.server.security.securevault.invoker.SafeInvoker.invokeWithClearCallingWithBooleanReturn(SafeInvoker.java:99)
05-12 04:41:07.952 E/SafeInvoker( 2878): 	at com.motorola.server.security.securevault.UserFilteringPolicy.shouldExcludeVaultProfile(UserFilteringPolicy.java:19)
05-12 04:41:07.952 E/SafeInvoker( 2878): 	at com.motorola.server.security.securevault.SecureVault.shouldExcludeVaultProfile(SecureVault.java:378)
05-12 04:41:07.952 E/SafeInvoker( 2878): 	at com.motorola.server.security.MotoSecurityManagerService$1.shouldExcludeVaultProfile(MotoSecurityManagerService.java:449)
05-12 04:41:07.952 E/SafeInvoker( 2878): 	at com.motorola.internal.security.MotoSecurityManager.shouldExcludeVaultProfile(MotoSecurityManager.java:735)
05-12 04:41:07.952 E/SafeInvoker( 2878): 	at com.motorola.internal.security.MotoSecurityUtils.shouldExcludeVaultProfile(MotoSecurityUtils.java:240)
05-12 04:41:07.952 E/SafeInvoker( 2878): 	at com.android.server.pm.UserManagerService.getProfileIds(UserManagerService.java:1534)
05-12 04:41:07.952 E/SafeInvoker( 2878): 	at com.android.server.pm.UserManagerService.getProfileIds(UserManagerService.java:1517)
05-12 04:41:07.952 E/SafeInvoker( 2878): 	at com.android.server.wm.RecentTasks.getProfileIds(RecentTasks.java:955)
05-12 04:41:07.952 E/SafeInvoker( 2878): 	at com.android.server.wm.RecentTasks.getRecentTasksImpl(RecentTasks.java:987)
05-12 04:41:07.952 E/SafeInvoker( 2878): 	at com.android.server.wm.RecentTasks.getRecentTasks(RecentTasks.java:977)
05-12 04:41:07.952 E/SafeInvoker( 2878): 	at com.android.server.wm.ActivityTaskManagerService.getRecentTasks(ActivityTaskManagerService.java:2796)
05-12 04:41:07.952 E/SafeInvoker( 2878): 	at android.app.IActivityTaskManager$Stub.onTransact(IActivityTaskManager.java:1411)
05-12 04:41:07.952 E/SafeInvoker( 2878): 	at com.android.server.wm.ActivityTaskManagerService.onTransact(ActivityTaskManagerService.java:6149)
05-12 04:41:07.952 E/SafeInvoker( 2878): 	at android.os.Binder.execTransactInternal(Binder.java:1515)
05-12 04:41:07.952 E/SafeInvoker( 2878): 	at android.os.Binder.execTransact(Binder.java:1453)
05-12 04:41:07.956 D/SafetySourceDataValidat( 2878): No cert check requested for package com.google.android.permissioncontroller
05-12 04:41:07.957 D/PowerManagerService( 2878): nativeReleaseSuspendBlocker name:PowerManagerService.WakeLocks duration ms: 0
05-12 04:41:07.959 V/ActivityManager( 2878): Got obituary of 32094:com.hyeni.calendar
05-12 04:41:07.960 D/PersistedStoragePackageUninstalledReceiver( 4181): Received android.intent.action.PACKAGE_DATA_CLEARED for com.hyeni.calendar for u0
05-12 04:41:08.006 D/ShortcutService( 2878): Saving package item com.motorola.launcher.secondarydisplay to /data/system_ce/0/shortcut_service/launchers/com.motorola.launcher.secondarydisplay0.xml
05-12 04:41:08.012 D/ShortcutService( 2878): Saving package item android to /data/system_ce/0/shortcut_service/launchers/android0.xml
05-12 04:41:08.015 D/ShortcutService( 2878): Saving package item com.google.android.as to /data/system_ce/0/shortcut_service/launchers/com.google.android.as0.xml
05-12 04:41:08.017 D/ShortcutService( 2878): Saving package item com.motorola.launcher3 to /data/system_ce/0/shortcut_service/launchers/com.motorola.launcher30.xml
05-12 04:41:08.020 D/ShortcutService( 2878): Saving package item com.android.systemui to /data/system_ce/0/shortcut_service/launchers/com.android.systemui0.xml
05-12 04:41:08.423 D/WifiStaIfaceHidlImpl( 2878): getCachedScanData is not implemented by HIDL
05-12 04:41:11.474 D/WifiStaIfaceHidlImpl( 2878): getCachedScanData is not implemented by HIDL
05-12 04:41:11.621 I/android.hardware.thermal@2.0-service.qti-v2( 3383): Sensor Name:skin1 temp: 32.886. prev severity:0. cur severity:0 New severity:0
05-12 04:41:14.523 D/WifiStaIfaceHidlImpl( 2878): getCachedScanData is not implemented by HIDL
05-12 04:41:16.330 D/AndroidRuntime(32276): >>>>>> START com.android.internal.os.RuntimeInit uid 2000 <<<<<<
05-12 04:41:16.332 I/app_process(32276): MMAP_TRYLOCK is supported in uffd errno:2 addr:0x791eb20000 size:4096
05-12 04:41:16.332 I/AndroidRuntime(32276): Using default boot image
05-12 04:41:16.332 I/AndroidRuntime(32276): Leaving lock profiling enabled
05-12 04:41:16.334 I/app_process(32276): Using CollectorTypeCMC GC.
05-12 04:41:16.379 D/nativeloader(32276): InitDefaultPublicLibraries for_preload=1: libandroid.so:libaaudio.so:libamidi.so:libbinder_ndk.so:libc.so:libcamera2ndk.so:libdl.so:libEGL.so:libGLESv1_CM.so:libGLESv2.so:libGLESv3.so:libicu.so:libicui18n.so:libicuuc.so:libjnigraphics.so:liblog.so:libmediandk.so:libm.so:libnativehelper.so:libnativewindow.so:libOpenMAXAL.so:libOpenSLES.so:libRS.so:libstdc++.so:libsync.so:libvulkan.so:libwebviewchromium_plat_support.so:libz.so
05-12 04:41:16.384 D/nativeloader(32276): Load libicu_jni.so using APEX ns com_android_art for caller /apex/com.android.art/javalib/core-oj.jar: ok
05-12 04:41:16.384 D/app_process(32276): u_setTimeZoneFilesDirectory("/apex/com.android.tzdata/etc/tz/versioned/8/icu") succeeded. 
05-12 04:41:16.384 D/app_process(32276): I18n APEX ICU file found: /apex/com.android.i18n/etc/icu/icudt75l.dat
05-12 04:41:16.385 D/nativeloader(32276): Load libjavacore.so using APEX ns com_android_art for caller /apex/com.android.art/javalib/core-oj.jar: ok
05-12 04:41:16.385 D/nativeloader(32276): Load libopenjdk.so using APEX ns com_android_art for caller /apex/com.android.art/javalib/core-oj.jar: ok
05-12 04:41:16.386 I/app_process(32276): Priority-to-niceness mapping: 19, 16, 13, 10, 0, -2, -4, -5, -6, -8
05-12 04:41:16.401 D/nativeloader(32276): Load libframework-connectivity-tiramisu-jni.so using APEX ns com_android_tethering for caller /apex/com.android.tethering/javalib/framework-connectivity-t.jar: ok
05-12 04:41:16.401 D/AndroidRuntime(32276): Calling main entry com.android.commands.monkey.Monkey
05-12 04:41:16.401 W/Monkey  (32276): args: [-p, com.hyeni.calendar, -c, android.intent.category.LAUNCHER, 1]
05-12 04:41:16.401 W/Monkey  (32276):  arg: "-p"
05-12 04:41:16.401 W/Monkey  (32276):  arg: "com.hyeni.calendar"
05-12 04:41:16.401 W/Monkey  (32276):  arg: "-c"
05-12 04:41:16.401 W/Monkey  (32276):  arg: "android.intent.category.LAUNCHER"
05-12 04:41:16.401 W/Monkey  (32276):  arg: "1"
05-12 04:41:16.401 W/Monkey  (32276): data="com.hyeni.calendar"
05-12 04:41:16.402 W/Monkey  (32276): data="android.intent.category.LAUNCHER"
05-12 04:41:16.413 D/ActivityTaskManager( 2878): setActivityController: android.app.IActivityController$Stub$Proxy@73f626d,imAMonkey=true
05-12 04:41:16.414 W/ActivityManager( 2878): registerReceiverWithFeature: no app for null
05-12 04:41:16.431 W/PackageManager( 2878): Missing required system package: io.supercent.linkedcubic, but found with extended search.
05-12 04:41:16.431 W/PackageManager( 2878): Missing required system package: helectronsoft.com.live.wallpaper.pixel4d, but found with extended search.
05-12 04:41:16.432 W/PackageManager( 2878): Missing required system package: com.xd.xdtglobal.gp, but found with extended search.
05-12 04:41:16.432 W/PackageManager( 2878): Missing required system package: com.themekit.lite.widgets.themes, but found with extended search.
05-12 04:41:16.433 W/PackageManager( 2878): Missing required system package: com.samsung.android.app.watchmanager, but found with extended search.
05-12 04:41:16.433 W/PackageManager( 2878): Missing required system package: com.nflystudio.InfiniteStaircase, but found with extended search.
05-12 04:41:16.434 W/PackageManager( 2878): Missing required system package: com.hyeni.calendar, but found with extended search.
05-12 04:41:16.434 W/PackageManager( 2878): Missing required system package: com.helectronsoft.free.live.wallpaper.parallax.background, but found with extended search.
05-12 04:41:16.435 W/PackageManager( 2878): Missing required system package: com.google.android.apps.kids.familylinkhelper, but found with extended search.
05-12 04:41:16.435 W/PackageManager( 2878): Missing required system package: com.duolingo, but found with extended search.
05-12 04:41:16.436 W/PackageManager( 2878): Missing required system package: com.commsource.beautyplus, but found with extended search.
05-12 04:41:16.436 W/PackageManager( 2878): Missing required system package: com.azmobile.themepack, but found with extended search.
05-12 04:41:16.437 W/PackageManager( 2878): Missing required system package: app.diy.wallpaper.collage.craft.photocollage.collagemaker.wallpaper3d.parallax, but found with extended search.
05-12 04:41:16.438 W/PackageManager( 2878): Missing required system package: com.kakao.talk, but found with extended search.
05-12 04:41:16.438 W/PackageManager( 2878): Missing required system package: com.google.android.apps.photosgo, but found with extended search.
05-12 04:41:16.450 W/PackageManager( 2878): Missing required system package: com.hyeni.calendar, but found with extended search.
05-12 04:41:16.450 W/ActivityTaskManager( 2878): callingPackage for (uid=2000, pid=32276) has no WPC
05-12 04:41:16.451 D/ActivityTaskManager( 2878): getPreferredLaunchDisplay userset_displayid true user set display id 0, current focus display 0
05-12 04:41:16.451 I/SettingsAccessControlPolicy( 2878): isDeviceSettingsChangeDisabled: value -> false
05-12 04:41:16.452 W/OptProp ( 2878): Cannot read opt property android.window.PROPERTY_COMPAT_ALLOW_ORIENTATION_OVERRIDE
05-12 04:41:16.452 V/GrammaticalInflectionUtils( 2878): AttributionSource: android.content.AttributionSource@a3ac0620 does not have READ_SYSTEM_GRAMMATICAL_GENDER permission.
05-12 04:41:16.453 W/OptProp ( 2878): Cannot read opt property android.window.PROPERTY_COMPAT_ALLOW_RESIZEABLE_ACTIVITY_OVERRIDES
05-12 04:41:16.453 W/OptProp ( 2878): Cannot read opt property android.window.PROPERTY_COMPAT_ALLOW_MIN_ASPECT_RATIO_OVERRIDE
05-12 04:41:16.454 D/ActivityTaskManager( 2878): getPreferredLaunchDisplay userset_displayid true user set display id 0, current focus display 0
05-12 04:41:16.454 D/ActivityTaskManager( 2878): getPreferredLaunchDisplay userset_displayid true user set display id 0, current focus display 0
05-12 04:41:16.457 E/ANDR-PERF-LM( 1836): MetaMeter: handleAsync() 166: AdaptLaunch Invalid Async
05-12 04:41:16.457 E/Perf    ( 2878): Exiting LL handler Thread
05-12 04:41:16.457 E/ANDR-PERF-LM( 1836): MetaMeter: handleAsync() 166: AdaptLaunch Invalid Async
05-12 04:41:16.458 D/ActivityTaskManager( 2878): getPreferredLaunchDisplay userset_displayid true user set display id 0, current focus display 0
05-12 04:41:16.458 D/ActivityTaskManager( 2878): getPreferredLaunchDisplay userset_displayid true user set display id 0, current focus display 0
05-12 04:41:16.458 D/ActivityTaskManager( 2878): getPreferredLaunchDisplay userset_displayid true user set display id 0, current focus display 0
05-12 04:41:16.458 D/ActivityTaskManager( 2878): getPreferredLaunchDisplay userset_displayid true user set display id 0, current focus display 0
05-12 04:41:16.459 D/ActivityTaskManager( 2878): sendShowDecorCaptionWindow Task is not organized Task{7fcb869 #536 type=undefined}
05-12 04:41:16.459 D/ActivityTaskManager( 2878): sendShowDecorCaptionWindow Task is not organized Task{7fcb869 #536 type=undefined}
05-12 04:41:16.462 D/ActivityTaskManager( 2878): getPreferredLaunchDisplay userset_displayid false user set display id 0, current focus display 0
05-12 04:41:16.462 D/ActivityTaskManager( 2878): Force set display id to 0 with lid state 1
05-12 04:41:16.462 D/ActivityTaskManager( 2878): getPreferredLaunchDisplay userset_displayid false user set display id 0, current focus display 0
05-12 04:41:16.462 D/ActivityTaskManager( 2878): Force set display id to 0 with lid state 1
