05-12 04:41:17.877 E/CompositionEngine( 1004): [NavigationBar0$_1899#101] Invalid device requested composition type change: Device (2) --> Device (2)
05-12 04:41:17.877 E/CompositionEngine( 1004): [ScreenDecorHwcOverlay$_1899#107] Invalid device requested composition type change: DisplayDecoration (6) --> DisplayDecoration (6)
05-12 04:41:17.878 V/InputMethodManagerService( 1232): startInputOrWindowGainedFocusInternalLocked: reason=WINDOW_FOCUS_GAIN client=android.os.BinderProxy@c2e4f72 inputContext=null editorInfo=android.view.inputmethod.EditorInfo@591d630 startInputFlags=VIEW_HAS_FOCUS|INITIAL_CONNECTION softInputMode=STATE_UNSPECIFIED|ADJUST_RESIZE|IS_FORWARD_NAVIGATION windowFlags=#81810100 unverifiedTargetSdkVersion=36 bindingController=com.android.server.inputmethod.InputMethodBindingController@b23742 imeDispatcher=android.window.ImeOnBackInvokedDispatcher@77b02a9 cs=ClientState{1e5d02e mUid=10340 mPid=8105 mSelfReportedDisplayId=0} imeRequestedVisible=false
05-12 04:41:17.878 V/InputMethodManagerService( 1232): setWindowStateInner, windowToken=android.os.BinderProxy@aec0eff, state=ImeTargetWindowState{ imeToken null imeFocusChanged true hasEditorFocused false requestedImeVisible false imeDisplayId 0 softInputModeState STATE_UNSPECIFIED|ADJUST_RESIZE|IS_FORWARD_NAVIGATION isStartInputByGainFocus true}
05-12 04:41:17.878 V/InputMethodManagerService( 1232): Unspecified window will hide input
05-12 04:41:17.879 I/ImeTracker( 1232): com.hyeni.calendar:5f209d49: onRequestHide at ORIGIN_SERVER reason HIDE_UNSPECIFIED_WINDOW fromUser false
05-12 04:41:17.879 V/InputMethodManagerService( 1232): applyImeVisibility state=6
05-12 04:41:17.879 D/SemInputMethodManagerServiceUtil( 1232): restorePreviousUsedInputMethod : failed to return the previous ime becuase the stored info is null or do not need restore
05-12 04:41:17.879 V/InputMethodManagerService( 1232): semComputeImeDisplayIdForTarget: displayToShowIme=0
05-12 04:41:17.879 V/InputMethodManagerService( 1232): unbindCurrentInputLocked: client=android.os.BinderProxy@f2d00c1
05-12 04:41:17.879 V/InputMethodManagerService( 1232): Creating new session for client ClientState{1e5d02e mUid=10340 mPid=8105 mSelfReportedDisplayId=0}
05-12 04:41:17.879 V/InputMethodManagerService( 1232): Creating new session for client ClientState{1e5d02e mUid=10340 mPid=8105 mSelfReportedDisplayId=0}
05-12 04:41:17.879 D/InputTransport( 1232): Input channel constructed: 'ClientS', fd=1118
05-12 04:41:17.879 D/InputTransport( 1232): Input channel constructed: 'ClientS', fd=1119
05-12 04:41:17.880 D/InputTransport( 1232): Input channel destroyed: 'ClientS', fd=1119
05-12 04:41:17.880 V/InputMethodManagerService( 1232): Creating new accessibility sessions for client ClientState{1e5d02e mUid=10340 mPid=8105 mSelfReportedDisplayId=0}
05-12 04:41:17.881 I/SemDvfsHyPerManager( 1232): acquire hyper - AMS_RESUME_TAIL/1232@17, type = -999
05-12 04:41:17.881 I/SemDvfsHyPerManager( 1232): acquire hyper - AMS_ACT_LAZY/1232@18, type = -999
05-12 04:41:17.881 D/ActivityManagerPerformance( 1232): AMP_acquire() TAIL
05-12 04:41:17.881 D/ActivityManagerPerformance( 1232): AMP_release() APP_SWITCH
05-12 04:41:17.882 I/SearchHoneyPot( 2350): onViewCreated: onStop
05-12 04:41:17.882 I/HYPER-HAL(  935): [RequestManager.cpp]acquire(): Acquired ID : 780642  [1232 / 17]    HINT : AMS_RESUME_TAIL    list : 
05-12 04:41:17.884 I/HoneySpace.ContentsAnimator( 2350): end call
05-12 04:41:17.884 I/HoneySpace.BlurAnimator( 2350): end
05-12 04:41:17.884 I/HoneySpace.BlurAnimator( 2350): reset
05-12 04:41:17.884 I/HoneySpace.HoneyAppWidgetHost( 2350): stopListening, host: @d34d272, hostId: 1024
05-12 04:41:17.884 I/VRI[LauncherActivity]@6fa98b1( 2350): stopped(true) old = false
05-12 04:41:17.886 I/HoneySpace.Launcher( 2350): !@Boot_EBS_D: Launcher.onStop()
05-12 04:41:17.886 I/HoneySpace.Memory-Monitor( 2350): scheduleTrim delayTime=30000
05-12 04:41:17.886 I/AppWidgetServiceImpl( 1232): stopListening callbacks : null
05-12 04:41:17.887 I/VRI[calendar]@d342968( 1899): mWNT: t=0xb40000747b4d7310 mBlastBufferQueue=0xb4000074fb491640 fn= 3 HdrRenderState mRenderHdrSdrRatio=1.0 caller= android.view.SyncRtSurfaceTransactionApplier.applyTransaction:100 android.view.SyncRtSurfaceTransactionApplier.lambda$scheduleApply$0:73 android.view.SyncRtSurfaceTransactionApplier.$r8$lambda$afI4fXg3U3-nBZQEDQMiNy-B06s:0 
05-12 04:41:17.888 I/HYPER-HAL(  935): [RequestManager.cpp]releaseLocked(): Released ID : 789420
05-12 04:41:17.889 I/HoneySpace.OneUiSpace( 2350): onSaveInstanceState honeyScreen=e3.M@4f29cb7
05-12 04:41:17.891 I/VRI[calendar]@d342968( 1899): mWNT: t=0xb40000747b5b9b50 mBlastBufferQueue=0xb4000074fb491640 fn= 4 HdrRenderState mRenderHdrSdrRatio=1.0 caller= android.view.SyncRtSurfaceTransactionApplier.applyTransaction:100 android.view.SyncRtSurfaceTransactionApplier.lambda$scheduleApply$0:73 android.view.SyncRtSurfaceTransactionApplier.$r8$lambda$afI4fXg3U3-nBZQEDQMiNy-B06s:0 
05-12 04:41:17.893 I/bxmb    ( 6984): onStop
05-12 04:41:17.893 D/InputMethodManagerService( 1232): isImeSwitcherDisabledPackage : false
05-12 04:41:17.893 I/ActivityManager( 1232): Changes in 10153 2 to 5, 255 to 184
05-12 04:41:17.893 I/DisplayDeviceRepository( 1232): Display device changed render timings: "기본으로 제공되는 화면", renderFrameRate=120.00001, presentationDeadlineNanos=9333333, appVsyncOffsetNanos=8333333, frameRateOverrides=[{uid=10055 frameRateHz=120.00001}, {uid=10153 frameRateHz=120.00001}, {uid=10340 frameRateHz=120.00001}]
05-12 04:41:17.894 D/SurfaceComposerClient( 1232): setCornerRadius ## 54d38cb Splash Screen com.hyeni.calendar#5288 cornerRadius=0.000000
05-12 04:41:17.894 D/SurfaceComposerClient( 1232): setCornerRadius ## b4e44cc com.hyeni.calendar/com.hyeni.calendar.MainActivity#5294 cornerRadius=0.000000
05-12 04:41:17.896 D/DisplayLifecycle( 1899): updateDisplay id = 0
05-12 04:41:17.897 E/CompositionEngine( 1004): [com.hyeni.calendar/com.hyeni.calendar.MainActivity$_8105#5295] Invalid device requested composition type change: Device (2) --> Device (2)
05-12 04:41:17.897 E/CompositionEngine( 1004): [Splash Screen com.hyeni.calendar$_1899#5289] Invalid device requested composition type change: Device (2) --> Device (2)
05-12 04:41:17.897 E/CompositionEngine( 1004): [StatusBar$_1899#103] Invalid device requested composition type change: Device (2) --> Device (2)
05-12 04:41:17.897 E/CompositionEngine( 1004): [com.sec.android.app.launcher/com.samsung.app.honeyspace.edge.edgepanel.app.CocktailBarService$_2350#5258] Invalid device requested composition type change: Device (2) --> Device (2)
05-12 04:41:17.897 E/CompositionEngine( 1004): [NavigationBar0$_1899#101] Invalid device requested composition type change: Device (2) --> Device (2)
05-12 04:41:17.897 E/CompositionEngine( 1004): [ScreenDecorHwcOverlay$_1899#107] Invalid device requested composition type change: DisplayDecoration (6) --> DisplayDecoration (6)
05-12 04:41:17.899 D/FreecessController( 1232): restrictJobsByOlaf: restrict=false, uid=-1
05-12 04:41:17.899 I/InputMethodManager( 8105): handleMessage: setImeVisibility visible=false
05-12 04:41:17.899 D/InsetsController( 8105): hide(ime(), fromIme=false)
05-12 04:41:17.899 I/ImeTracker( 8105): com.hyeni.calendar:5f209d49: onCancelled at PHASE_CLIENT_ALREADY_HIDDEN
05-12 04:41:17.900 D/StackScroller( 1899): onDisplayChanged for predraw skip to 2
05-12 04:41:17.900 I/SAMSUNGWALLET( 8990): [Hint_ProcessStatusChange] fg Change, pid : 8105 , isNotify : true , isForeground : true , fg list : [8105, 2350]
05-12 04:41:17.901 D/OlafRestriction( 1232):  olaf state update: state=false
05-12 04:41:17.901 D/OlafRestriction( 1232):  sending trigger onRestrictionStateChanged msg.
05-12 04:41:17.901 E/WindowManager( 1232): win=Window{70766f4 u0 com.sec.android.app.launcher/com.sec.android.app.launcher.activities.LauncherActivity} destroySurfaces: appStopped=true cleanupOnResume=false win.mWindowRemovalAllowed=false win.mRemoveOnExit=false win.mViewVisibility=8 caller=com.android.server.wm.ActivityRecord.destroySurfaces:25 com.android.server.wm.ActivityRecord.activityStopped:192 com.android.server.wm.ActivityClientController.activityStopped:97 android.app.IActivityClientController$Stub.onTransact:740 com.android.server.wm.ActivityClientController.onTransact:1 android.os.Binder.execTransactInternal:1462 android.os.Binder.execTransact:1401 
05-12 04:41:17.901 I/VRI[calendar]@d342968( 1899): mWNT: t=0xb40000747b5e45d0 mBlastBufferQueue=0xb4000074fb491640 fn= 5 HdrRenderState mRenderHdrSdrRatio=1.0 caller= android.view.SyncRtSurfaceTransactionApplier.applyTransaction:100 android.view.SyncRtSurfaceTransactionApplier.lambda$scheduleApply$0:73 android.view.SyncRtSurfaceTransactionApplier.$r8$lambda$afI4fXg3U3-nBZQEDQMiNy-B06s:0 
05-12 04:41:17.905 D/KNOX_MDM_SettingsProvider( 1232): isChangeAllowed() : name = enabled_notification_listeners
05-12 04:41:17.905 I/SurfaceFlinger( 1004): [LayerHierarchy{RequestedLayerState{com.sec.android.app.launcher/com.sec.android.app.launcher.activities.LauncherActivity$_2350#5277} no children}] reparent to OffscreenRoot
05-12 04:41:17.905 I/SurfaceFlinger( 1004): [LayerHierarchy{RequestedLayerState{com.sec.android.app.launcher/com.sec.android.app.launcher.activities.LauncherActivity$_2350#5277} no children}] RelativeParent to null
05-12 04:41:17.905 I/SurfaceFlinger( 1004): id=5277 Removed com.sec.android.app.launcher/com.sec.android.app.launcher.activities.LauncherActivity$_2350#5277 (139)
05-12 04:41:17.906 W/VideoCapabilities( 8105): Unrecognized profile/level 32768/256 for video/mp4v-es
05-12 04:41:17.906 E/CompositionEngine( 1004): [com.hyeni.calendar/com.hyeni.calendar.MainActivity$_8105#5295] Invalid device requested composition type change: Device (2) --> Device (2)
05-12 04:41:17.906 E/CompositionEngine( 1004): [Splash Screen com.hyeni.calendar$_1899#5289] Invalid device requested composition type change: Device (2) --> Device (2)
05-12 04:41:17.906 E/CompositionEngine( 1004): [StatusBar$_1899#103] Invalid device requested composition type change: Device (2) --> Device (2)
05-12 04:41:17.906 E/CompositionEngine( 1004): [com.sec.android.app.launcher/com.samsung.app.honeyspace.edge.edgepanel.app.CocktailBarService$_2350#5258] Invalid device requested composition type change: Device (2) --> Device (2)
05-12 04:41:17.906 E/CompositionEngine( 1004): [NavigationBar0$_1899#101] Invalid device requested composition type change: Device (2) --> Device (2)
05-12 04:41:17.906 E/CompositionEngine( 1004): [ScreenDecorHwcOverlay$_1899#107] Invalid device requested composition type change: DisplayDecoration (6) --> DisplayDecoration (6)
05-12 04:41:17.907 D/SGM:FgCheckThread( 1232): getForegroundApp(), foregroundPkgName=com.hyeni.calendar
05-12 04:41:17.908 D/SGM:FgCheckThread( 1232): pkgName: com.sec.android.app.launcher is not in foreground
05-12 04:41:17.908 D/SGM:FgCheckThread( 1232): noteStopComponent(), received pkgName: com.sec.android.app.launcher, focusedPkgName: com.hyeni.calendar, userId: 0
05-12 04:41:17.910 I/VRI[calendar]@d342968( 1899): mWNT: t=0xb40000747b595b90 mBlastBufferQueue=0xb4000074fb491640 fn= 6 HdrRenderState mRenderHdrSdrRatio=1.0 caller= android.view.SyncRtSurfaceTransactionApplier.applyTransaction:100 android.view.SyncRtSurfaceTransactionApplier.lambda$scheduleApply$0:73 android.view.SyncRtSurfaceTransactionApplier.$r8$lambda$afI4fXg3U3-nBZQEDQMiNy-B06s:0 
05-12 04:41:17.911 D/InputMethodManagerService( 1232): shouldShowImeSwitcherLocked : checking vis : 3
05-12 04:41:17.911 D/PkgPredictorService-SecIpmManagerServiceImpl( 1232): bg information pid:2350 uid:10153 pkgName:com.sec.android.app.launcher
05-12 04:41:17.911 V/InputMethodManagerService( 1232): Disabling: SessionState{uid=10153 pid=2350 method=562d374 session=200fd9d channel=ClientState{ac43386 mUid=10153 mPid=2350 mSelfReportedDisplayId=0} userId=0}
05-12 04:41:17.912 V/InputMethodManagerService( 1232): Enabling: SessionState{uid=10340 pid=8105 method=562d374 session=6bb9d8c channel=ClientState{1e5d02e mUid=10340 mPid=8105 mSelfReportedDisplayId=0} userId=0}
05-12 04:41:17.912 D/InputMethodManagerService( 1232): checkDisplayOfStartInputAndUpdateKeyboard: displayId=0, mFocusedDisplayId=0
05-12 04:41:17.912 D/InputTransport( 1232): Input channel constructed: 'ClientS', fd=1120
05-12 04:41:17.912 D/InputTransport( 1232): Input channel destroyed: 'ClientS', fd=1120
05-12 04:41:17.913 I/SurfaceFlinger( 1004): destroyed com.sec.android.app.launcher/com.sec.android.app.launcher.activities.LauncherActivity$_2350#5277
05-12 04:41:17.913 D/WifiDisplayAdapter( 1232): isFitToActiveDisplayLocked : false
05-12 04:41:17.914 I/Layer   ( 1004): id=5277 Destroyed com.sec.android.app.launcher/com.sec.android.app.launcher.activities.LauncherActivity$_2350#5277
05-12 04:41:17.914 I/HoneySpace.Memory-Monitor( 2350): current state = 2, didTrim = false
05-12 04:41:17.915 E/CompositionEngine( 1004): [com.hyeni.calendar/com.hyeni.calendar.MainActivity$_8105#5295] Invalid device requested composition type change: Device (2) --> Device (2)
05-12 04:41:17.915 E/CompositionEngine( 1004): [Splash Screen com.hyeni.calendar$_1899#5289] Invalid device requested composition type change: Device (2) --> Device (2)
05-12 04:41:17.915 E/CompositionEngine( 1004): [StatusBar$_1899#103] Invalid device requested composition type change: Device (2) --> Device (2)
05-12 04:41:17.915 E/CompositionEngine( 1004): [com.sec.android.app.launcher/com.samsung.app.honeyspace.edge.edgepanel.app.CocktailBarService$_2350#5258] Invalid device requested composition type change: Device (2) --> Device (2)
05-12 04:41:17.915 E/CompositionEngine( 1004): [NavigationBar0$_1899#101] Invalid device requested composition type change: Device (2) --> Device (2)
05-12 04:41:17.915 E/CompositionEngine( 1004): [ScreenDecorHwcOverlay$_1899#107] Invalid device requested composition type change: DisplayDecoration (6) --> DisplayDecoration (6)
05-12 04:41:17.915 I/HoneySpace.LauncherProvider( 2350): call - com.samsung.android.spay, get_rotation_state, null
05-12 04:41:17.915 I/HoneySpace.ExternalMethodItem( 2350): updateRefsItemsByEntryPoints. HoneySpaceInfo(name=OneUI, displayId=0)
05-12 04:41:17.916 D/SGM:GameManager( 1232): identifyForegroundApp. com.hyeni.calendar, mCurrentUserId: 0, callerUserId: 0
05-12 04:41:17.916 D/SGM:SemGameManager( 1232): isForegroundGame(), ret=false
05-12 04:41:17.916 D/SGM:GameManager( 1232): identifyForegroundApp. com.hyeni.calendar, mCurrentUserId: 0, callerUserId: 0
05-12 04:41:17.916 D/SGM:SemGameManager( 1232): isForegroundGame(), ret=false
05-12 04:41:17.916 I/SAMSUNGWALLET( 8990): [Hint_IntroHintService] mIsLauncherPortraitOnlyMode: true, mIsUserLock: false
05-12 04:41:17.918 D/RestrictionPolicy( 1232): isScreenCaptureEnabled : ret=true userId=0
05-12 04:41:17.919 I/WindowManager( 1232): Cancelling animation restarting=true, leash=Surface(name=Surface(name=8f4fd6 InputMethod)/@0xbe083ae - animation-leash of insets_animation)/@0x13f9a9b
05-12 04:41:17.919 I/WindowManager( 1232): Reparenting to original parent: Surface(name=WindowToken{a5308c1 type=2011 android.os.Binder@9bc45a8})/@0xd4b454f, destroy=false, surface=Surface(name=8f4fd6 InputMethod)/@0xbe083ae
05-12 04:41:17.919 I/SAMSUNGWALLET( 8990): [Hint_SimpleHintProcessMonitor] isHomePackageRunning topPkgName = com.hyeni.calendar, topClsName = com.hyeni.calendar.MainActivity, return false , se : false
05-12 04:41:17.919 I/WindowManager( 1232): Reparenting to leash, surface=Surface(name=8f4fd6 InputMethod)/@0xbe083ae, leashParent=Surface(name=WindowToken{a5308c1 type=2011 android.os.Binder@9bc45a8})/@0xd4b454f
05-12 04:41:17.919 I/SurfaceFlinger( 1004): id=5299 createSurf, flag=24004, Surface(name=8f4fd6 InputMethod)/@0xbe083ae - animation-leash of insets_animation#5299
05-12 04:41:17.920 I/HBD     (12566): HoneyBoardService onFinishInput 
05-12 04:41:17.920 I/SAMSUNGWALLET( 8990): [Hint_ProcessStatusChange] fg Change, pid : 2350 , isNotify : true , isForeground : false , fg list : [8105]
05-12 04:41:17.920 D/InputTransport( 8105): Input channel constructed: 'ClientS', fd=241
05-12 04:41:17.920 D/BackgroundInstallControlService( 1232): Package event received: 0
05-12 04:41:17.920 I/HBD     (12566): a IC have been unbinding,  RemoteInputConnection{idHash=#1d3c116}
05-12 04:41:17.920 I/HBD     (12566): HoneyBoardService [PF_CL][onFinishInput]  0 ms 
05-12 04:41:17.920 I/HBD     (12566): HoneyBoardService [IMI] onStartInput - caller pid : 8105 , caller uid : 10340 
05-12 04:41:17.921 I/HBD     (12566): r updateConfigs 
05-12 04:41:17.921 I/HBD     (12566): r isEnabledNightMode : false 
05-12 04:41:17.921 I/HBD     (12566): a IC have been binding, RemoteInputConnection{idHash=#9021a97} 
05-12 04:41:17.921 I/HBD     (12566): h [EditorInputType]setPrivateImeOptionsToTable privateImeOptions ( null )
05-12 04:41:17.921 I/HBD     (12566): b incognitoMode : false 
05-12 04:41:17.921 I/HBD     (12566): f needOff = true , isForceOff = false, isNullInputClass : true 
05-12 04:41:17.921 I/HBD     (12566): h getDefaultInputRange : UNKNOWN 
05-12 04:41:17.921 I/HBD     (12566): h getDefaultInputRange : UNKNOWN 
05-12 04:41:17.921 I/HBD     (12566): h getDefaultInputRange : UNKNOWN 
05-12 04:41:17.921 I/SurfaceFlinger( 1004): [Surface(name=8f4fd6 InputMethod)/@0xbe083ae - animation-leash of insets_animation#5299] attach to parent LayerHierarchy{RequestedLayerState{WindowToken{a5308c1 type=2011 android.os.Binder@9bc45a8}#186 parentId=15} 2 children}
05-12 04:41:17.921 I/SAMSUNGWALLET[KR]( 8990): [CountryISOSelector] current country iso = KR
05-12 04:41:17.922 I/HBD     (12566): f needOff = true , isForceOff = false, isNullInputClass : true 
05-12 04:41:17.922 I/HBD     (12566): f update cached prediction status : false 
05-12 04:41:17.922 I/HBD     (12566): h getDefaultInputRange : UNKNOWN 
05-12 04:41:17.922 I/HBD     (12566): h getDefaultInputRange : UNKNOWN 
05-12 04:41:17.922 I/HBD     (12566): a currentState : 0 
05-12 04:41:17.923 I/HBD     (12566): a [UpdatePolicy] [post] a: 0 cl: 65537 kit: [0/0] vt: 0 ir: 1 
05-12 04:41:17.923 I/SAMSUNGWALLET( 8990): [Hint_IntroHintService] Hint Status - already invisible, skip hide : [4000000] - Home Package Not Running
05-12 04:41:17.923 E/CompositionEngine( 1004): [com.hyeni.calendar/com.hyeni.calendar.MainActivity$_8105#5295] Invalid device requested composition type change: Device (2) --> Device (2)
05-12 04:41:17.923 E/CompositionEngine( 1004): [Splash Screen com.hyeni.calendar$_1899#5289] Invalid device requested composition type change: Device (2) --> Device (2)
05-12 04:41:17.923 E/CompositionEngine( 1004): [StatusBar$_1899#103] Invalid device requested composition type change: Device (2) --> Device (2)
05-12 04:41:17.923 E/CompositionEngine( 1004): [com.sec.android.app.launcher/com.samsung.app.honeyspace.edge.edgepanel.app.CocktailBarService$_2350#5258] Invalid device requested composition type change: Device (2) --> Device (2)
05-12 04:41:17.923 E/CompositionEngine( 1004): [NavigationBar0$_1899#101] Invalid device requested composition type change: Device (2) --> Device (2)
05-12 04:41:17.923 E/CompositionEngine( 1004): [ScreenDecorHwcOverlay$_1899#107] Invalid device requested composition type change: DisplayDecoration (6) --> DisplayDecoration (6)
05-12 04:41:17.924 I/HoneySpace.LauncherProvider( 2350): call - com.samsung.android.spay, get_rotation_state, null
05-12 04:41:17.924 I/HoneySpace.ExternalMethodItem( 2350): updateRefsItemsByEntryPoints. HoneySpaceInfo(name=OneUI, displayId=0)
05-12 04:41:17.924 D/WindowManager( 1232): makeSurface duration=5 leash=Surface(name=Surface(name=8f4fd6 InputMethod)/@0xbe083ae - animation-leash of insets_animation)/@0xe2decea
05-12 04:41:17.924 I/CameraService( 1096): onUidStateChanged: uid=10055, procState is changed. (1 -> 0)
05-12 04:41:17.924 D/InsetsSourceProvider( 1232): updateControlForTarget: control=InsetsSourceControl: {3 mType=ime mSurfacePosition=Point(0, 89) mInsetsHint=Insets{left=0, top=0, right=0, bottom=1008}}, target=Window{b4e44cc u0 com.hyeni.calendar/com.hyeni.calendar.MainActivity}, from=com.android.server.wm.ImeInsetsSourceProvider.updateControlForTarget:17 com.android.server.wm.InsetsStateController.onControlTargetChanged:83 com.android.server.wm.DisplayContent.updateImeControlTarget:21 com.android.server.wm.DisplayContent.updateImeInputAndControlTarget:156 com.android.server.wm.WindowManagerService$LocalService.updateInputMethodTargetWindow:64 
05-12 04:41:17.924 I/ImeTracker( 1232): system_server:e30aba8f: onRequestHide at ORIGIN_SERVER reason IME_REQUESTED_CHANGED_LISTENER fromUser false
05-12 04:41:17.925 I/WindowManager( 1232): Relayout Window{54d38cb u0 Splash Screen com.hyeni.calendar}: viewVisibility=8 req=1080x2340 ty=3 d0
05-12 04:41:17.925 D/SurfaceComposerClient( 1232): setCornerRadius ## b4e44cc com.hyeni.calendar/com.hyeni.calendar.MainActivity#5294 cornerRadius=0.000000
05-12 04:41:17.925 V/InputMethodManagerService( 1232): Client requesting input be hidden
05-12 04:41:17.925 V/InputMethodManagerService( 1232): setWindowStateInner, windowToken=android.os.BinderProxy@aec0eff, state=ImeTargetWindowState{ imeToken android.os.Binder@54b0678 imeFocusChanged true hasEditorFocused false requestedImeVisible false imeDisplayId 0 softInputModeState STATE_UNSPECIFIED|ADJUST_RESIZE|IS_FORWARD_NAVIGATION isStartInputByGainFocus true}
05-12 04:41:17.925 I/ImeTracker( 1232): system_server:e30aba8f: onCancelled at PHASE_SERVER_SHOULD_HIDE
05-12 04:41:17.925 V/InputMethodManagerService( 1232): hideCurrentInputLocked : canceled, shouldHideSoftInput=false, mInputShown=false, mImeWindowVis=0
05-12 04:41:17.925 D/SurfaceComposerClient( 1232): setCornerRadius ## 54d38cb Splash Screen com.hyeni.calendar#5288 cornerRadius=0.000000
05-12 04:41:17.925 D/SurfaceComposerClient( 1232): setCornerRadius ## b4e44cc com.hyeni.calendar/com.hyeni.calendar.MainActivity#5294 cornerRadius=0.000000
05-12 04:41:17.926 I/WindowManager( 1232): Relayout hash=54d38cb, pid=1899, syncId=-1: mAttrs={(0,0)(fillxfill) sim={adjust=pan} layoutInDisplayCutoutMode=always ty=APPLICATION_STARTING fmt=TRANSLUCENT wanim=0x1030306
05-12 04:41:17.926 I/WindowManager( 1232):   fl=81030118
05-12 04:41:17.926 I/WindowManager( 1232):   pfl=10000810
05-12 04:41:17.926 I/WindowManager( 1232):   apr=18
05-12 04:41:17.926 I/WindowManager( 1232):   bhv=1
05-12 04:41:17.926 I/WindowManager( 1232):   fitSides=0
05-12 04:41:17.926 I/WindowManager( 1232):   frameRateBoostOnTouch=true
05-12 04:41:17.926 I/WindowManager( 1232):   dvrrWindowFrameRateHint=true naviIconColor=0}
05-12 04:41:17.926 I/VRI[calendar]@d342968( 1899): onActiveControlsChanged, removed=false, mAdded=true, caller=android.view.ViewRootImpl.handleInsetsControlChanged:3002 android.view.ViewRootImpl.relayoutWindow:11629 android.view.ViewRootImpl.performTraversals:4804 android.view.ViewRootImpl.doTraversal:3924 android.view.ViewRootImpl$TraversalRunnable.run:12903 
05-12 04:41:17.926 I/VRI[calendar]@d342968( 1899): Relayout returned: old=(0,0,1080,2340) new=(0,0,1080,2340) relayoutAsync=false req=(1080,2340)8 dur=7 res=0x2 s={false 0x0} ch=true seqId=0
05-12 04:41:17.926 D/VRI[calendar]@d342968( 1899): Not drawing due to not visible. Reason=View.GONE
05-12 04:41:17.927 I/VRI[calendar]@d342968( 1899): dispatchDetachedFromWindow
05-12 04:41:17.928 D/SurfaceComposerClient( 1232): setCornerRadius ## 54d38cb Splash Screen com.hyeni.calendar#5288 cornerRadius=0.000000
05-12 04:41:17.929 D/SurfaceComposerClient( 1232): setCornerRadius ## b4e44cc com.hyeni.calendar/com.hyeni.calendar.MainActivity#5294 cornerRadius=0.000000
05-12 04:41:17.930 D/WindowManager( 1232): Starting window removed Window{54d38cb u0 Splash Screen com.hyeni.calendar}
05-12 04:41:17.930 I/WindowManager( 1232): Cancelling animation restarting=false, leash=Surface(name=Surface(name=b4e44cc com.hyeni.calendar/com.hyeni.calendar.MainActivity)/@0xccf9c18 - animation-leash of starting_reveal)/@0x198c56
05-12 04:41:17.930 I/WindowManager( 1232): Reparenting to original parent: Surface(name=ActivityRecord{108093622 u0 com.hyeni.calendar/.MainActivity t117})/@0x884f671, destroy=false, surface=Surface(name=b4e44cc com.hyeni.calendar/com.hyeni.calendar.MainActivity)/@0xccf9c18
05-12 04:41:17.931 D/InputTransport( 1232): Input channel destroyed: '54d38cb', fd=1105
05-12 04:41:17.931 V/WindowManager( 1232): Remove Window{54d38cb u0 Splash Screen com.hyeni.calendar}: mSurfaceControl=Surface(name=Splash Screen com.hyeni.calendar$_1899)/@0x667dab7 mAnimatingExit=false mRemoveOnExit=false mHasSurface=true surfaceShowing=true animating=false app-animation=false callers=com.android.server.wm.Session.remove:16 android.view.IWindowSession$Stub.onTransact:804 com.android.server.wm.Session.onTransact:1 android.os.Binder.execTransactInternal:1462 android.os.Binder.execTransact:1401 <bottom of call stack> 
05-12 04:41:17.932 D/SurfaceComposerClient( 1232): setCornerRadius ## b4e44cc com.hyeni.calendar/com.hyeni.calendar.MainActivity#5294 cornerRadius=0.000000
05-12 04:41:17.932 D/SurfaceComposerClient( 1232): setCornerRadius ## b4e44cc com.hyeni.calendar/com.hyeni.calendar.MainActivity#5294 cornerRadius=0.000000
05-12 04:41:17.933 D/InputTransport( 1899): Input channel destroyed: '54d38cb', fd=472
05-12 04:41:17.933 D/SystemUIService( 1899): SYSUI_RAM_OPTIMIZATION onTrimMemory=20
05-12 04:41:17.933 D/ActivityManager( 1232): freezing 15283 com.android.settings
05-12 04:41:17.933 D/CentralSurfaces( 1899): SYSUI_RAM_OPTIMIZATION onTrimMemory=20
05-12 04:41:17.933 D/HWUI    ( 1899): CacheManager::trimMemory(20)
05-12 04:41:17.934 I/SAMSUNGWALLET( 8990): [Hint_IntroHintService] mIsLauncherPortraitOnlyMode: true, mIsUserLock: false
05-12 04:41:17.934 I/HBD     (12566): a [NRIC] resetNoResponseState 
05-12 04:41:17.934 I/HBD     (12566): f needOff = true , isForceOff = false, isNullInputClass : true 
05-12 04:41:17.934 I/HBD     (12566): f update cached prediction status : false 
05-12 04:41:17.934 I/HBD     (12566): b [AiWriter] setContact : com.hyeni.calendar
05-12 04:41:17.934 I/HBD     (12566): a [AiWriter] setContact : com.hyeni.calendar
05-12 04:41:17.934 I/HBD     (12566): F EBD si S 0 
05-12 04:41:17.934 I/HBD     (12566): m updateContactDBLanguage : 65537 
05-12 04:41:17.935 I/HBD     (12566): g isCoverDisplay : false, cached selected json info : SelectedLanguageInfo(languageVersion=4.2, currentLanguageOrder=1, selectedLanguageList=[SelectedLanguage(id=4521984, isUsed=true, engName=Korean, inputType=qwerty, activeOptionList=[auto_spacing, prediction], bilingualId=-1), SelectedLanguage(id=65537, isUsed=true, engName=English, inputType=qwerty, activeOptionList=[auto_replace, auto_spacing, writing_assistant, prediction], bilingualId=-1)]) 
05-12 04:41:17.935 I/HBD     (12566): g updateSelectedLanguageCache is succeeded. English 
05-12 04:41:17.935 D/ActivityManager( 1232): freezing 7145 com.samsung.android.provider.filterprovider
05-12 04:41:17.935 I/HBD     (12566): h writeToFile path : /data/user/0/com.samsung.android.honeyboard/files/selected.json 
05-12 04:41:17.935 I/HBD     (12566): h writeToFile json : {"version":"4.2","currentLanguageOrder":1,"selected":[{"activeOptionList":["auto_spacing","prediction"],"bilingualId":-1,"engName":"Korean","id":4521984,"inputType":"qwerty","isUsed":true},{"activeOptionList":["auto_replace","auto_spacing","writing_assistant","prediction"],"bilingualId":-1,"engName":"English","id":65537,"inputType":"qwerty","isUsed":true}]} 
05-12 04:41:17.936 D/ActivityManager( 1232): freezing 7010 com.android.keychain
05-12 04:41:17.937 D/ActivityManager( 1232): freezing 3363 com.samsung.android.lool
05-12 04:41:17.938 I/SurfaceFlinger( 1004): [Display 0 name="기본으로 제공되는 화면"#49] setFrameRateCategory: Default
05-12 04:41:17.938 I/SurfaceFlinger( 1004): RequestedLayer [Surface(name=8f4fd6 InputMethod)/@0x[...]ation-leash of insets_animation#5299] hidden!! flag  from(1) --> to(0)
05-12 04:41:17.938 E/SurfaceFlinger( 1004): alpha changed 1.000 -> 0.000 - Surface(name=8f4fd6 InputMethod)/@0xbe083ae - animation-leash of insets_animation#5299
05-12 04:41:17.938 D/ActivityManager( 1232): freezing 6724 com.samsung.android.scpm
05-12 04:41:17.938 I/SurfaceFlinger( 1004): [LayerHierarchy{RequestedLayerState{ImeContainer#15 parentId=5287 relativeParentId=5294 z=1} 1 children}] reparent to LayerHierarchy{RequestedLayerState{ActivityRecord{108093622 u0 com.hyeni.calendar/.MainActivity t117}#5287 parentId=5286} 4 children}
05-12 04:41:17.938 I/SurfaceFlinger( 1004): [LayerHierarchy{RequestedLayerState{ImeContainer#15 parentId=5287 relativeParentId=5294 z=1} 1 children}] RelativeParent to LayerHierarchy{RequestedLayerState{b4e44cc com.hyeni.calendar/com.hyeni.calendar.MainActivity#5294 parentId=5287} 2 children}
05-12 04:41:17.938 I/SurfaceFlinger( 1004): [LayerHierarchy{RequestedLayerState{8f4fd6 InputMethod#187 parentId=5299} no children}] reparent to LayerHierarchy{RequestedLayerState{Surface(name=8f4fd6 InputMethod)/@0xbe083ae - animation-leash of insets_animation#5299 parentId=186} 1 children}
05-12 04:41:17.938 I/SurfaceFlinger( 1004): [LayerHierarchy{RequestedLayerState{Surface(name=8f4fd6 InputMethod)/@0xbe083ae - animation-leash of insets_animation#5284} no children}] reparent to OffscreenRoot
05-12 04:41:17.938 I/SurfaceFlinger( 1004): [LayerHierarchy{RequestedLayerState{Surface(name=8f4fd6 InputMethod)/@0xbe083ae - animation-leash of insets_animation#5284} no children}] RelativeParent to null
05-12 04:41:17.938 I/SurfaceFlinger( 1004): [LayerHierarchy{RequestedLayerState{Surface(name=b4e44cc com.hyeni.calendar/com.hyeni.calendar.MainActivity)/@0xccf9c18 - animation-leash of starting_reveal#5298} 1 children}] reparent to OffscreenRoot
05-12 04:41:17.938 I/SurfaceFlinger( 1004): [LayerHierarchy{RequestedLayerState{Surface(name=b4e44cc com.hyeni.calendar/com.hyeni.calendar.MainActivity)/@0xccf9c18 - animation-leash of starting_reveal#5298} 1 children}] RelativeParent to null
05-12 04:41:17.938 I/SurfaceFlinger( 1004): [LayerHierarchy{RequestedLayerState{54d38cb Splash Screen com.hyeni.calendar#5288 z=2147483647} 1 children}] reparent to OffscreenRoot
05-12 04:41:17.938 I/SurfaceFlinger( 1004): [LayerHierarchy{RequestedLayerState{54d38cb Splash Screen com.hyeni.calendar#5288 z=2147483647} 1 children}] RelativeParent to null
05-12 04:41:17.938 I/SurfaceFlinger( 1004): [LayerHierarchy{RequestedLayerState{Splash Screen com.hyeni.calendar$_1899#5289} no children}] reparent to OffscreenRoot
05-12 04:41:17.938 I/SurfaceFlinger( 1004): [LayerHierarchy{RequestedLayerState{Splash Screen com.hyeni.calendar$_1899#5289} no children}] RelativeParent to null
05-12 04:41:17.938 I/SurfaceFlinger( 1004): [LayerHierarchy{RequestedLayerState{b4e44cc com.hyeni.calendar/com.hyeni.calendar.MainActivity#5294 parentId=5287} 2 children}] reparent to LayerHierarchy{RequestedLayerState{ActivityRecord{108093622 u0 com.hyeni.calendar/.MainActivity t117}#5287 parentId=5286} 3 children}
05-12 04:41:17.940 D/SurfaceComposerClient( 1232): setCornerRadius ## b4e44cc com.hyeni.calendar/com.hyeni.calendar.MainActivity#5294 cornerRadius=0.000000
05-12 04:41:17.940 I/SAMSUNGWALLET( 8990): [Hint_SimpleHintProcessMonitor] isHomePackageRunning topPkgName = com.hyeni.calendar, topClsName = com.hyeni.calendar.MainActivity, return false , se : false
05-12 04:41:17.941 W/AudioCapabilities( 8105): Unsupported mime audio/x-ima
05-12 04:41:17.941 D/InetDiagMessage( 1232): Destroyed 0 sockets, proto=IPPROTO_TCP, family=AF_INET, states=14
05-12 04:41:17.941 I/SurfaceFlinger( 1004): id=5284 Removed Surface(name=8f4fd6 InputMethod)/@0xbe083ae - animation-leash of insets_animation#5284 (139)
05-12 04:41:17.941 D/InetDiagMessage( 1232): Destroyed 0 sockets, proto=IPPROTO_TCP, family=AF_INET6, states=14
05-12 04:41:17.941 D/InetDiagMessage( 1232): Destroyed live tcp sockets for uids={5009} in 1ms
05-12 04:41:17.942 I/DisplayDeviceRepository( 1232): Display device changed render timings: "기본으로 제공되는 화면", renderFrameRate=120.00001, presentationDeadlineNanos=9333333, appVsyncOffsetNanos=8333333, frameRateOverrides=[]
05-12 04:41:17.942 I/SAMSUNGWALLET( 8990): [Hint_IntroHintService] Hint Status - already invisible, skip hide : [4000000] - Home Package Not Running
05-12 04:41:17.942 I/SurfaceFlinger( 1004): id=5288 Removed 54d38cb Splash Screen com.hyeni.calendar#5288 (139)
05-12 04:41:17.942 W/AudioCapabilities( 8105): Unsupported mime audio/mpeg-L1
05-12 04:41:17.943 D/DisplayLifecycle( 1899): updateDisplay id = 0
05-12 04:41:17.943 W/AudioCapabilities( 8105): Unsupported mime audio/mpeg-L2
05-12 04:41:17.943 I/HBD     (12566): h writeToFile complete 
05-12 04:41:17.943 E/CompositionEngine( 1004): [com.hyeni.calendar/com.hyeni.calendar.MainActivity$_8105#5295] Invalid device requested composition type change: Device (2) --> Device (2)
05-12 04:41:17.943 E/CompositionEngine( 1004): [StatusBar$_1899#103] Invalid device requested composition type change: Device (2) --> Device (2)
05-12 04:41:17.943 E/CompositionEngine( 1004): [com.sec.android.app.launcher/com.samsung.app.honeyspace.edge.edgepanel.app.CocktailBarService$_2350#5258] Invalid device requested composition type change: Device (2) --> Device (2)
05-12 04:41:17.943 E/CompositionEngine( 1004): [NavigationBar0$_1899#101] Invalid device requested composition type change: Device (2) --> Device (2)
05-12 04:41:17.943 E/CompositionEngine( 1004): [ScreenDecorHwcOverlay$_1899#107] Invalid device requested composition type change: DisplayDecoration (6) --> DisplayDecoration (6)
05-12 04:41:17.944 I/HBD     (12566): h Write selected lang for DE  
05-12 04:41:17.944 W/VideoCapabilities( 8105): Unsupported mime video/wvc1
05-12 04:41:17.944 I/HBD     (12566): h writeToFile path : /data/user_de/0/com.samsung.android.honeyboard/files/selected.json 
05-12 04:41:17.944 I/HBD     (12566): h writeToFile json : {"version":"4.2","currentLanguageOrder":1,"selected":[{"activeOptionList":["auto_spacing","prediction"],"bilingualId":-1,"engName":"Korean","id":4521984,"inputType":"qwerty","isUsed":true},{"activeOptionList":["auto_replace","auto_spacing","writing_assistant","prediction"],"bilingualId":-1,"engName":"English","id":65537,"inputType":"qwerty","isUsed":true}]} 
05-12 04:41:17.944 I/HBD     (12566): g isCoverDisplay : false, cached selected json info : SelectedLanguageInfo(languageVersion=4.2, currentLanguageOrder=1, selectedLanguageList=[SelectedLanguage(id=4521984, isUsed=true, engName=Korean, inputType=qwerty, activeOptionList=[auto_spacing, prediction], bilingualId=-1), SelectedLanguage(id=65537, isUsed=true, engName=English, inputType=qwerty, activeOptionList=[auto_replace, auto_spacing, writing_assistant, prediction], bilingualId=-1)]) 
05-12 04:41:17.944 I/HBD     (12566): o updateActionOptionFromPreference isCover = false 
05-12 04:41:17.944 I/HBD     (12566): o before lang.activeOptionList =  [auto_replace, auto_spacing, writing_assistant, prediction] 
05-12 04:41:17.945 W/VideoCapabilities( 8105): Unsupported mime video/wvc1
05-12 04:41:17.945 I/HBD     (12566): o after lang.activeOptionList = [auto_replace, auto_spacing, writing_assistant, prediction] 
05-12 04:41:17.945 I/SurfaceFlinger( 1004): id=5289 Removed Splash Screen com.hyeni.calendar$_1899#5289 (139)
05-12 04:41:17.946 I/HBD     (12566): h writeToFile path : /data/user/0/com.samsung.android.honeyboard/files/selected.json 
05-12 04:41:17.946 I/HBD     (12566): h writeToFile json : {"version":"4.2","currentLanguageOrder":1,"selected":[{"activeOptionList":["auto_spacing","prediction"],"bilingualId":-1,"engName":"Korean","id":4521984,"inputType":"qwerty","isUsed":true},{"activeOptionList":["auto_replace","auto_spacing","writing_assistant","prediction"],"bilingualId":-1,"engName":"English","id":65537,"inputType":"qwerty","isUsed":true}]} 
05-12 04:41:17.946 D/SurfaceFlinger( 1004): Display 4633128672291735939 HWC layers:
05-12 04:41:17.946 D/SurfaceFlinger( 1004):        DEVICE |           34810709934082 | 00002102 | RGBA_8888    |    0.0    0.0 1080.0 2340.0 |    0    0 1080 2340 | com.hyeni.calendar/com.hyeni.calendar.MainActivity$_8105#5295 (2)
05-12 04:41:17.946 D/SurfaceFlinger( 1004):        DEVICE |            8156142970175 | 00002100 | RGBA_8888    |    0.0    0.0 1080.0   89.0 |    0    0 1080   89 | StatusBar$_1899#103 (17309)
05-12 04:41:17.946 D/SurfaceFlinger( 1004):        DEVICE |           10093173146846 | 00002100 | RGBA_8888    |    0.0    0.0   67.0  342.0 | 1013  438 1080  780 | com.sec.android.app.launcher/com.sam[...]el.app.CocktailBarService$_2350#5258 (1)
05-12 04:41:17.946 D/SurfaceFlinger( 1004):        DEVICE |            8156142970166 | 00002100 | RGBA_8888    |    0.0    0.0 1080.0  135.0 |    0 2205 1080 2340 | NavigationBar0$_1899#101 (8643)
05-12 04:41:17.946 D/SurfaceFlinger( 1004):  DISPLAY_DECO |            8156142969894 | 00002340 | 0x0000038    |    0.0    0.0 1080.0 2340.0 |    0    0 1080 2340 | ScreenDecorHwcOverlay$_1899#107 (19)
05-12 04:41:17.946 D/SurfaceFlinger( 1004): 
05-12 04:41:17.946 I/HBD     (12566): h writeToFile complete 
05-12 04:41:17.947 I/HBD     (12566): m normal : updateLanguage : English 
05-12 04:41:17.947 I/SurfaceFlinger( 1004): destroyed Surface(name=8f4fd6 InputMethod)/@0xbe083ae - animation-leash of insets_animation#5284
05-12 04:41:17.947 I/SurfaceFlinger( 1004): destroyed 54d38cb Splash Screen com.hyeni.calendar#5288
05-12 04:41:17.947 I/SurfaceFlinger( 1004): destroyed Splash Screen com.hyeni.calendar$_1899#5289
05-12 04:41:17.947 I/HBD     (12566): g isCoverDisplay : false, cached selected json info : SelectedLanguageInfo(languageVersion=4.2, currentLanguageOrder=1, selectedLanguageList=[SelectedLanguage(id=4521984, isUsed=true, engName=Korean, inputType=qwerty, activeOptionList=[auto_spacing, prediction], bilingualId=-1), SelectedLanguage(id=65537, isUsed=true, engName=English, inputType=qwerty, activeOptionList=[auto_replace, auto_spacing, writing_assistant, prediction], bilingualId=-1)]) 
05-12 04:41:17.947 D/WifiDisplayAdapter( 1232): isFitToActiveDisplayLocked : false
05-12 04:41:17.947 I/HBD     (12566): g isCoverDisplay : false, cached selected json info : SelectedLanguageInfo(languageVersion=4.2, currentLanguageOrder=1, selectedLanguageList=[SelectedLanguage(id=4521984, isUsed=true, engName=Korean, inputType=qwerty, activeOptionList=[auto_spacing, prediction], bilingualId=-1), SelectedLanguage(id=65537, isUsed=true, engName=English, inputType=qwerty, activeOptionList=[auto_replace, auto_spacing, writing_assistant, prediction], bilingualId=-1)]) 
05-12 04:41:17.947 I/HBD     (12566): o updateActionOptionFromPreference isCover = false 
05-12 04:41:17.947 I/HBD     (12566): o before lang.activeOptionList =  [auto_replace, auto_spacing, writing_assistant, prediction] 
05-12 04:41:17.947 D/StackScroller( 1899): onDisplayChanged for predraw skip to 2
05-12 04:41:17.948 I/HBD     (12566): o after lang.activeOptionList = [auto_replace, auto_spacing, writing_assistant, prediction] 
05-12 04:41:17.948 I/HBD     (12566): h writeToFile path : /data/user/0/com.samsung.android.honeyboard/files/selected.json 
05-12 04:41:17.948 I/HBD     (12566): h writeToFile json : {"version":"4.2","currentLanguageOrder":1,"selected":[{"activeOptionList":["auto_spacing","prediction"],"bilingualId":-1,"engName":"Korean","id":4521984,"inputType":"qwerty","isUsed":true},{"activeOptionList":["auto_replace","auto_spacing","writing_assistant","prediction"],"bilingualId":-1,"engName":"English","id":65537,"inputType":"qwerty","isUsed":true}]} 
05-12 04:41:17.948 I/HoneySpace.Memory-Monitor( 2350): current state = 2, didTrim = false
05-12 04:41:17.949 I/Layer   ( 1004): id=5284 Destroyed Surface(name=8f4fd6 InputMethod)/@0xbe083ae - animation-leash of insets_animation#5284
05-12 04:41:17.949 I/Layer   ( 1004): id=5288 Destroyed 54d38cb Splash Screen com.hyeni.calendar#5288
05-12 04:41:17.949 I/Layer   ( 1004): id=5289 Destroyed Splash Screen com.hyeni.calendar$_1899#5289
05-12 04:41:17.950 W/VideoCapabilities( 8105): Unsupported mime video/x-ms-wmv
05-12 04:41:17.951 D/SurfaceComposerClient( 1232): setCornerRadius ## b4e44cc com.hyeni.calendar/com.hyeni.calendar.MainActivity#5294 cornerRadius=0.000000
05-12 04:41:17.952 I/HBD     (12566): h writeToFile complete 
05-12 04:41:17.952 I/HBD     (12566): h Write selected lang for DE  
05-12 04:41:17.952 I/HBD     (12566): h writeToFile path : /data/user_de/0/com.samsung.android.honeyboard/files/selected.json 
05-12 04:41:17.952 I/HBD     (12566): h writeToFile json : {"version":"4.2","currentLanguageOrder":1,"selected":[{"activeOptionList":["auto_spacing","prediction"],"bilingualId":-1,"engName":"Korean","id":4521984,"inputType":"qwerty","isUsed":true},{"activeOptionList":["auto_replace","auto_spacing","writing_assistant","prediction"],"bilingualId":-1,"engName":"English","id":65537,"inputType":"qwerty","isUsed":true}]} 
05-12 04:41:17.953 I/HBD     (12566): h writeToFile complete 
05-12 04:41:17.953 I/HBD     (12566): m normal : updateLanguage : English 
05-12 04:41:17.953 I/HBD     (12566): h Write selected lang for DE  
05-12 04:41:17.953 I/HBD     (12566): h writeToFile path : /data/user_de/0/com.samsung.android.honeyboard/files/selected.json 
05-12 04:41:17.953 I/HBD     (12566): h writeToFile json : {"version":"4.2","currentLanguageOrder":1,"selected":[{"activeOptionList":["auto_spacing","prediction"],"bilingualId":-1,"engName":"Korean","id":4521984,"inputType":"qwerty","isUsed":true},{"activeOptionList":["auto_replace","auto_spacing","writing_assistant","prediction"],"bilingualId":-1,"engName":"English","id":65537,"inputType":"qwerty","isUsed":true}]} 
05-12 04:41:17.953 I/HBD     (12566): g isCoverDisplay : false, cached selected json info : SelectedLanguageInfo(languageVersion=4.2, currentLanguageOrder=1, selectedLanguageList=[SelectedLanguage(id=4521984, isUsed=true, engName=Korean, inputType=qwerty, activeOptionList=[auto_spacing, prediction], bilingualId=-1), SelectedLanguage(id=65537, isUsed=true, engName=English, inputType=qwerty, activeOptionList=[auto_replace, auto_spacing, writing_assistant, prediction], bilingualId=-1)]) 
05-12 04:41:17.953 I/HBD     (12566): g isCoverDisplay : false, cached selected json info : SelectedLanguageInfo(languageVersion=4.2, currentLanguageOrder=1, selectedLanguageList=[SelectedLanguage(id=4521984, isUsed=true, engName=Korean, inputType=qwerty, activeOptionList=[auto_spacing, prediction], bilingualId=-1), SelectedLanguage(id=65537, isUsed=true, engName=English, inputType=qwerty, activeOptionList=[auto_replace, auto_spacing, writing_assistant, prediction], bilingualId=-1)]) 
05-12 04:41:17.953 I/HBD     (12566): g updateSelectedLanguageCache is succeeded. English 
05-12 04:41:17.954 I/HBD     (12566): h writeToFile complete 
05-12 04:41:17.954 I/HBD     (12566): h writeToFile path : /data/user/0/com.samsung.android.honeyboard/files/selected.json 
05-12 04:41:17.954 I/HBD     (12566): h writeToFile json : {"version":"4.2","currentLanguageOrder":1,"selected":[{"activeOptionList":["auto_spacing","prediction"],"bilingualId":-1,"engName":"Korean","id":4521984,"inputType":"qwerty","isUsed":true},{"activeOptionList":["auto_replace","auto_spacing","writing_assistant","prediction"],"bilingualId":-1,"engName":"English","id":65537,"inputType":"qwerty","isUsed":true}]} 
05-12 04:41:17.956 I/HBD     (12566): h writeToFile complete 
05-12 04:41:17.956 I/HBD     (12566): h Write selected lang for DE  
05-12 04:41:17.956 I/HBD     (12566): h writeToFile path : /data/user_de/0/com.samsung.android.honeyboard/files/selected.json 
05-12 04:41:17.956 I/HBD     (12566): h writeToFile json : {"version":"4.2","currentLanguageOrder":1,"selected":[{"activeOptionList":["auto_spacing","prediction"],"bilingualId":-1,"engName":"Korean","id":4521984,"inputType":"qwerty","isUsed":true},{"activeOptionList":["auto_replace","auto_spacing","writing_assistant","prediction"],"bilingualId":-1,"engName":"English","id":65537,"inputType":"qwerty","isUsed":true}]} 
05-12 04:41:17.956 I/HBD     (12566): g isCoverDisplay : false, cached selected json info : SelectedLanguageInfo(languageVersion=4.2, currentLanguageOrder=1, selectedLanguageList=[SelectedLanguage(id=4521984, isUsed=true, engName=Korean, inputType=qwerty, activeOptionList=[auto_spacing, prediction], bilingualId=-1), SelectedLanguage(id=65537, isUsed=true, engName=English, inputType=qwerty, activeOptionList=[auto_replace, auto_spacing, writing_assistant, prediction], bilingualId=-1)]) 
05-12 04:41:17.956 I/HBD     (12566): g updateSelectedLanguageCache is succeeded. English 
05-12 04:41:17.957 I/HBD     (12566): h writeToFile path : /data/user/0/com.samsung.android.honeyboard/files/selected.json 
05-12 04:41:17.957 D/KNOX_MDM_SettingsProvider( 1232): isChangeAllowed() : name = enabled_input_methods
05-12 04:41:17.957 D/KNOX_MDM_SettingsProvider( 1232): edmUri: content://com.sec.knox.provider/RestrictionPolicy3
05-12 04:41:17.957 D/KNOX_MDM_SettingsProvider( 1232): projectionArgs: isSettingsChangesAllowed
05-12 04:41:17.957 D/KNOX_MDM_SettingsProvider( 1232): selectionArgs: false
05-12 04:41:17.957 D/KNOX_MDM_SettingsProvider( 1232): selectionArgs: 10208
05-12 04:41:17.957 I/HBD     (12566): h writeToFile json : {"version":"4.2","currentLanguageOrder":1,"selected":[{"activeOptionList":["auto_spacing","prediction"],"bilingualId":-1,"engName":"Korean","id":4521984,"inputType":"qwerty","isUsed":true},{"activeOptionList":["auto_replace","auto_spacing","writing_assistant","prediction"],"bilingualId":-1,"engName":"English","id":65537,"inputType":"qwerty","isUsed":true}]} 
05-12 04:41:17.957 D/SecContentProvider( 1232): query(), uri = 17 selection = isSettingsChangesAllowed
05-12 04:41:17.957 D/SecContentProvider( 1232): called from android.uid.honeyboard:10208
05-12 04:41:17.957 D/RestrictionPolicy( 1232): isSettingsChangesAllowedAsUser, userId 0 : true
05-12 04:41:17.957 D/KNOX_MDM_SettingsProvider( 1232): ret = 1
05-12 04:41:17.958 D/KNOX_MDM_SettingsProvider( 1232): isChangeAllowed() : name = default_input_method
05-12 04:41:17.958 D/KNOX_MDM_SettingsProvider( 1232): edmUri: content://com.sec.knox.provider/RestrictionPolicy3
05-12 04:41:17.958 D/KNOX_MDM_SettingsProvider( 1232): projectionArgs: isSettingsChangesAllowed
05-12 04:41:17.958 D/KNOX_MDM_SettingsProvider( 1232): selectionArgs: false
05-12 04:41:17.958 D/KNOX_MDM_SettingsProvider( 1232): selectionArgs: 10208
05-12 04:41:17.958 D/SecContentProvider( 1232): query(), uri = 17 selection = isSettingsChangesAllowed
05-12 04:41:17.958 D/SecContentProvider( 1232): called from android.uid.honeyboard:10208
05-12 04:41:17.958 D/RestrictionPolicy( 1232): isSettingsChangesAllowedAsUser, userId 0 : true
05-12 04:41:17.958 D/KNOX_MDM_SettingsProvider( 1232): ret = 1
05-12 04:41:17.959 I/HBD     (12566): p updated Sub Types. English 
05-12 04:41:17.959 I/HBD     (12566): h writeToFile complete 
05-12 04:41:17.960 I/HBD     (12566): a [UpdatePolicy] [post] a: 31 cl: 65537 kit: [0/0] vt: 0 ir: 1 
05-12 04:41:17.960 D/KNOX_MDM_SettingsProvider( 1232): isChangeAllowed() : name = enabled_input_methods
05-12 04:41:17.960 D/KNOX_MDM_SettingsProvider( 1232): edmUri: content://com.sec.knox.provider/RestrictionPolicy3
05-12 04:41:17.960 D/KNOX_MDM_SettingsProvider( 1232): projectionArgs: isSettingsChangesAllowed
05-12 04:41:17.960 D/KNOX_MDM_SettingsProvider( 1232): selectionArgs: false
05-12 04:41:17.960 D/KNOX_MDM_SettingsProvider( 1232): selectionArgs: 10208
05-12 04:41:17.960 D/SecContentProvider( 1232): query(), uri = 17 selection = isSettingsChangesAllowed
05-12 04:41:17.960 I/HBD     (12566): HoneyBoardService [PF_OP][onStartInput]  40 ms 
05-12 04:41:17.960 D/SecContentProvider( 1232): called from android.uid.honeyboard:10208
05-12 04:41:17.960 D/RestrictionPolicy( 1232): isSettingsChangesAllowedAsUser, userId 0 : true
05-12 04:41:17.960 D/KNOX_MDM_SettingsProvider( 1232): ret = 1
05-12 04:41:17.960 I/InputMethodService(12566): scheduleImeSurfaceRemoval: removeImeSurface is posted.
05-12 04:41:17.961 I/HBD     (12566): h Write selected lang for DE  
05-12 04:41:17.961 I/HBD     (12566): h writeToFile path : /data/user_de/0/com.samsung.android.honeyboard/files/selected.json 
05-12 04:41:17.961 I/HBD     (12566): h writeToFile json : {"version":"4.2","currentLanguageOrder":1,"selected":[{"activeOptionList":["auto_spacing","prediction"],"bilingualId":-1,"engName":"Korean","id":4521984,"inputType":"qwerty","isUsed":true},{"activeOptionList":["auto_replace","auto_spacing","writing_assistant","prediction"],"bilingualId":-1,"engName":"English","id":65537,"inputType":"qwerty","isUsed":true}]} 
05-12 04:41:17.962 I/HBD     (12566): h writeToFile complete 
05-12 04:41:17.963 D/KNOX_MDM_SettingsProvider( 1232): isChangeAllowed() : name = default_input_method
05-12 04:41:17.963 D/KNOX_MDM_SettingsProvider( 1232): edmUri: content://com.sec.knox.provider/RestrictionPolicy3
05-12 04:41:17.963 D/KNOX_MDM_SettingsProvider( 1232): projectionArgs: isSettingsChangesAllowed
05-12 04:41:17.963 D/KNOX_MDM_SettingsProvider( 1232): selectionArgs: false
05-12 04:41:17.963 D/KNOX_MDM_SettingsProvider( 1232): selectionArgs: 10208
05-12 04:41:17.963 D/SecContentProvider( 1232): query(), uri = 17 selection = isSettingsChangesAllowed
05-12 04:41:17.963 D/SecContentProvider( 1232): called from android.uid.honeyboard:10208
05-12 04:41:17.963 D/RestrictionPolicy( 1232): isSettingsChangesAllowedAsUser, userId 0 : true
05-12 04:41:17.963 D/KNOX_MDM_SettingsProvider( 1232): ret = 1
05-12 04:41:17.964 I/HBD     (12566): p updated Sub Types. English 
05-12 04:41:17.964 I/InputMethodManagerService( 1232): subtype state: oldSubtype = android.view.inputmethod.InputMethodSubtype@10001 newSubtype = android.view.inputmethod.InputMethodSubtype@10001 force = false, intent received : false
05-12 04:41:17.965 E/AtomicFile(12566): Failed to rename /data/user_de/0/com.samsung.android.honeyboard/files/selected.json.new to /data/user_de/0/com.samsung.android.honeyboard/files/selected.json
05-12 04:41:17.965 I/HBD     (12566): h writeToFile complete 
