05-12 04:51:40.934 I/artd    (  883): GetBestInfo: odex next to the dex file (/data/app/~~trQiN4CVne2lZ1HSDiDD7Q==/kr.go.wetax.android-JDv2higdI1ObDUPF5FKifQ==/oat/arm64/base.odex) is kOatUpToDate with filter 'speed-profile' executable 'false'
05-12 04:51:40.936 W/Capacitor( 1064): Unable to read file at path public/plugins
05-12 04:51:40.936 I/artd    (  883): GetBestInfo: odex next to the dex file (/data/app/~~tXwZU1pBsPWHEgNTS8oAoA==/kr.co.Outback-f9on3XThz0Uv6_7XhuiQCw==/oat/arm64/base.odex) is kOatUpToDate with filter 'speed-profile' executable 'false'
05-12 04:51:40.938 D/Capacitor( 1064): Loading app at https://localhost
05-12 04:51:40.940 I/artd    (  883): GetBestInfo: odex next to the dex file (/data/app/~~pzp0SkXDumv_hxfDeDmMzw==/com.alibaba.aliexpresshd-tDCZDDlUlDUzNqM8rG4Arg==/oat/arm64/base.odex) is kOatUpToDate with filter 'speed-profile' executable 'false'
05-12 04:51:40.941 I/artd    (  883): GetBestInfo: dm (/data/app/~~pzp0SkXDumv_hxfDeDmMzw==/com.alibaba.aliexpresshd-tDCZDDlUlDUzNqM8rG4Arg==/split_aeocr.dm) is kOatUpToDate with filter 'verify' executable 'false'
05-12 04:51:40.942 I/artd    (  883): GetBestInfo: dm (/data/app/~~pzp0SkXDumv_hxfDeDmMzw==/com.alibaba.aliexpresshd-tDCZDDlUlDUzNqM8rG4Arg==/split_aiFoundation.dm) is kOatUpToDate with filter 'verify' executable 'false'
05-12 04:51:40.943 I/artd    (  883): GetBestInfo: dm (/data/app/~~pzp0SkXDumv_hxfDeDmMzw==/com.alibaba.aliexpresshd-tDCZDDlUlDUzNqM8rG4Arg==/split_koreaOnly.dm) is kOatUpToDate with filter 'verify' executable 'false'
05-12 04:51:40.945 I/artd    (  883): GetBestInfo: dm (/data/app/~~pzp0SkXDumv_hxfDeDmMzw==/com.alibaba.aliexpresshd-tDCZDDlUlDUzNqM8rG4Arg==/split_push.dm) is kOatUpToDate with filter 'verify' executable 'false'
05-12 04:51:40.948 I/artd    (  883): GetBestInfo: dm (/data/app/~~pzp0SkXDumv_hxfDeDmMzw==/com.alibaba.aliexpresshd-tDCZDDlUlDUzNqM8rG4Arg==/split_ugc.dm) is kOatUpToDate with filter 'verify' executable 'false'
05-12 04:51:40.948 W/cr_media( 1064): BLUETOOTH_CONNECT permission is missing.
05-12 04:51:40.950 I/artd    (  883): GetBestInfo: dm (/data/app/~~pzp0SkXDumv_hxfDeDmMzw==/com.alibaba.aliexpresshd-tDCZDDlUlDUzNqM8rG4Arg==/split_wallet.dm) is kOatUpToDate with filter 'verify' executable 'false'
05-12 04:51:40.951 D/Capacitor( 1064): Handling local request: https://localhost/
05-12 04:51:40.952 I/artd    (  883): GetBestInfo: odex next to the dex file (/data/app/~~pzp0SkXDumv_hxfDeDmMzw==/com.alibaba.aliexpresshd-tDCZDDlUlDUzNqM8rG4Arg==/oat/arm64/split_widget.odex) is kOatUpToDate with filter 'speed-profile' executable 'false'
05-12 04:51:40.953 I/artd    (  883): GetBestInfo: vdex next to the dex file (/data/user/0/com.alibaba.aliexpresshd/app_u4sdk/dlibs/1296757221/oat/arm64/core.vdex) is kOatUpToDate with filter 'verify' executable 'false'
05-12 04:51:40.953 D/Capacitor( 1064): App started
05-12 04:51:40.953 W/cr_media( 1064): getBluetoothAdapter() requires BLUETOOTH permission
05-12 04:51:40.953 W/cr_media( 1064): registerBluetoothIntentsIfNeeded: Requires BLUETOOTH permission
05-12 04:51:40.954 I/cr_LibraryLoader( 1113): Successfully loaded native library
05-12 04:51:40.954 I/cr_CachingUmaRecorder( 1113): Flushed 2 samples from 2 histograms, 0 samples were dropped.
05-12 04:51:40.954 W/WindowOnBackDispatcher( 1064): OnBackInvokedCallback is not enabled for the application.
05-12 04:51:40.954 W/WindowOnBackDispatcher( 1064): Set 'android:enableOnBackInvokedCallback="true"' in the application manifest.
05-12 04:51:40.955 W/chromium( 1113): [WARNING:content/app/android/content_main_android.cc:82] android_setCpu already initialized
05-12 04:51:40.956 D/Capacitor/AppPlugin( 1064): Firing change: true
05-12 04:51:40.956 V/Capacitor/AppPlugin( 1064): Notifying listeners for event appStateChange
05-12 04:51:40.956 D/Capacitor/AppPlugin( 1064): No listeners found for event appStateChange
05-12 04:51:40.956 I/artd    (  883): GetBestInfo: vdex next to the dex file (/data/user/0/com.alibaba.aliexpresshd/app_u4sdk/dlibs/_155314004/oat/arm64/core.vdex) is kOatUpToDate with filter 'verify' executable 'false'
05-12 04:51:40.958 W/CustomTabsClient( 1064): Unable to find any Custom Tabs packages, you may need to add a <queries> element to your manifest. See the docs for CustomTabsClient#getPackageName.
05-12 04:51:40.959 W/ActivityManager( 2878): Unable to start service Intent { act=android.support.customtabs.action.CustomTabsService pkg=com.android.chrome } U=0: not found
05-12 04:51:40.959 V/Capacitor/BrowserPlugin( 1064): Notifying listeners for event browserFinished
05-12 04:51:40.959 D/Capacitor/BrowserPlugin( 1064): No listeners found for event browserFinished
05-12 04:51:40.959 E/Capacitor/BrowserPlugin( 1064): Error binding to custom tabs service
05-12 04:51:40.959 D/Capacitor( 1064): App resumed
05-12 04:51:40.960 D/vulkan  ( 1064): searching for layers in '/data/app/~~aClZidlU8GcfnvQKbuhNTw==/com.hyeni.calendar-eSeK-W0HfdW0dydAyhiF3g==/lib/arm64'
05-12 04:51:40.960 D/vulkan  ( 1064): searching for layers in '/data/app/~~aClZidlU8GcfnvQKbuhNTw==/com.hyeni.calendar-eSeK-W0HfdW0dydAyhiF3g==/base.apk!/lib/arm64-v8a'
05-12 04:51:40.963 W/AidlConversionCppNdk( 1893): legacy2aidl_audio_channel_mask_t_AudioChannelLayout: no AudioChannelLayout found for legacy output audio_channel_mask_t value 0x10
05-12 04:51:40.965 W/AidlConversionCppNdk( 1064): aidl2legacy_AudioChannelLayout_audio_channel_mask_t: no legacy output audio_channel_mask_t found for AudioChannelLayout{layoutMask: 16}
05-12 04:51:40.967 W/chromium( 1113): [WARNING:content/child/runtime_features.cc:537] Fenced frames cannot be enabled in this configuration. Use --enable-features=FencedFrames instead.
05-12 04:51:40.967 W/chromium( 1113): [WARNING:content/child/runtime_features.cc:562] Topics cannot be enabled in this configuration. Use --enable-features=BrowsingTopics in addition.
05-12 04:51:40.967 W/chromium( 1113): [WARNING:content/child/runtime_features.cc:583] SharedStorage cannot be enabled in this configuration. Use --enable-features=SharedStorageAPI in addition.
05-12 04:51:40.974 I/AdrenoVK-0( 1064): ===== BEGIN DUMP OF OVERRIDDEN SETTINGS =====
05-12 04:51:40.974 I/AdrenoVK-0( 1064): ===== END DUMP OF OVERRIDDEN SETTINGS =====
05-12 04:51:40.977 I/AdrenoVK-0( 1064): QUALCOMM build          : 0c393b63cf, I94e2bd5684
05-12 04:51:40.977 I/AdrenoVK-0( 1064): Build Date              : 05/02/25
05-12 04:51:40.977 I/AdrenoVK-0( 1064): Shader Compiler Version : EV031.36.08.33
05-12 04:51:40.977 I/AdrenoVK-0( 1064): Local Branch            : 
05-12 04:51:40.977 I/AdrenoVK-0( 1064): Remote Branch           : refs/tags/AU_LINUX_ANDROID_LA.VENDOR.1.0.R1.11.00.00.816.269
05-12 04:51:40.977 I/AdrenoVK-0( 1064): Remote Branch           : NONE
05-12 04:51:40.977 I/AdrenoVK-0( 1064): Reconstruct Branch      : NOTHING
05-12 04:51:40.977 I/AdrenoVK-0( 1064): Build Config            : S P 12.1.1 AArch64
05-12 04:51:40.977 I/AdrenoVK-0( 1064): Driver Path             : /vendor/lib64/hw/vulkan.adreno.so
05-12 04:51:40.977 I/AdrenoVK-0( 1064): Driver Version          : 0615.98
05-12 04:51:40.977 I/AdrenoVK-0( 1064): PFP                     : 0x01730181
05-12 04:51:40.977 I/AdrenoVK-0( 1064): ME                      : 0x00000000
05-12 04:51:40.977 I/AdrenoVK-0( 1064): Application Name    : 
05-12 04:51:40.977 I/AdrenoVK-0( 1064): Application Version : 0x00000001
05-12 04:51:40.977 I/AdrenoVK-0( 1064): Engine Name         : 
05-12 04:51:40.977 I/AdrenoVK-0( 1064): Engine Version      : 0x00000001
05-12 04:51:40.977 I/AdrenoVK-0( 1064): Api Version         : 0x00403000
05-12 04:51:40.978 I/AdrenoGLES-0( 1064): QUALCOMM build                   : 0c393b63cf, I94e2bd5684
05-12 04:51:40.978 I/AdrenoGLES-0( 1064): Build Date                       : 05/02/25
05-12 04:51:40.978 I/AdrenoGLES-0( 1064): OpenGL ES Shader Compiler Version: EV031.36.08.33
05-12 04:51:40.978 I/AdrenoGLES-0( 1064): Local Branch                     : 
05-12 04:51:40.978 I/AdrenoGLES-0( 1064): Remote Branch                    : refs/tags/AU_LINUX_ANDROID_LA.VENDOR.1.0.R1.11.00.00.816.269
05-12 04:51:40.978 I/AdrenoGLES-0( 1064): Remote Branch                    : NONE
05-12 04:51:40.978 I/AdrenoGLES-0( 1064): Reconstruct Branch               : NOTHING
05-12 04:51:40.978 I/AdrenoGLES-0( 1064): Build Config                     : S P 12.1.1 AArch64
05-12 04:51:40.978 I/AdrenoGLES-0( 1064): Driver Path                      : /vendor/lib64/egl/libGLESv2_adreno.so
05-12 04:51:40.978 I/AdrenoGLES-0( 1064): Driver Version                   : 0615.98
05-12 04:51:40.979 I/FontLog ( 4147): (REDACTED) Received query %s, URI %s
05-12 04:51:40.979 I/FontLog ( 4147): (REDACTED) Query [%s] resolved to %s
05-12 04:51:40.982 I/FontLog ( 4147): (REDACTED) Font PFD returned from cache for %s
05-12 04:51:40.982 I/FontLog ( 4147): (REDACTED) Fetch %s end status %s
05-12 04:51:40.985 I/AdrenoGLES-0( 1064): PFP: 0x01730181, ME: 0x00000000
05-12 04:51:40.987 I/FontLog ( 4147): (REDACTED) Pulling font file for id = %d, cache size = %d
05-12 04:51:40.989 V/Capacitor/AppPlugin( 1064): Notifying listeners for event pause
05-12 04:51:40.989 D/Capacitor/AppPlugin( 1064): No listeners found for event pause
05-12 04:51:40.989 W/ActivityManager( 2878): Unbind failed: could not find connection for android.os.BinderProxy@1d0abd5
05-12 04:51:40.989 D/Capacitor( 1064): App paused
05-12 04:51:40.994 I/FontLog ( 4147): (REDACTED) Received query %s, URI %s
05-12 04:51:40.994 I/FontLog ( 4147): (REDACTED) Query [%s] resolved to %s
05-12 04:51:40.998 D/CoreBackPreview( 2878): Window{5abd61d u0 com.hyeni.calendar/com.hyeni.calendar.MainActivity}: Setting back callback OnBackInvokedCallbackInfo{mCallback=android.window.IOnBackInvokedCallback$Stub$Proxy@9ab2db, mPriority=0, mIsAnimationCallback=false}
05-12 04:51:40.998 I/CameraManagerGlobal( 1064): Connecting to camera service
05-12 04:51:41.001 I/FontLog ( 4147): (REDACTED) Fetch %s end status %s
05-12 04:51:41.005 I/FontLog ( 4147): (REDACTED) Pulling font file for id = %d, cache size = %d
05-12 04:51:41.006 W/.hyeni.calendar( 1064): type=1400 audit(0.0:8170): avc:  denied  { read } for  name="u:object_r:vendor_display_prop:s0" dev="tmpfs" ino=455 scontext=u:r:untrusted_app:s0:c11,c258,c512,c768 tcontext=u:object_r:vendor_display_prop:s0 tclass=file permissive=0 app=com.hyeni.calendar
05-12 04:51:41.009 W/libc    ( 1064): Access denied finding property "vendor.display.enable_optimal_refresh_rate"
05-12 04:51:41.009 W/libc    ( 1064): Access denied finding property "vendor.gpp.create_frc_extension"
05-12 04:51:41.015 I/HWUI    ( 1064): setGrContext nullptr-->validptr
05-12 04:51:41.015 I/artd    (  883): GetBestInfo: odex next to the dex file (/data/app/~~s4FIAhTHjeADAgNgcVYaQw==/com.ssg.serviceapp.android.egiftcertificate-IJofzCW3pi04uVXw2ix_uA==/oat/arm64/base.odex) is kOatUpToDate with filter 'speed-profile' executable 'false'
05-12 04:51:41.018 I/artd    (  883): GetBestInfo: odex next to the dex file (/data/app/~~JNmNuPKRdJ3jjDpD4GNvWw==/com.komsco.kpay-_WOeZu-21pe_hyFc0W_dWA==/oat/arm64/base.odex) is kOatUpToDate with filter 'speed-profile' executable 'false'
05-12 04:51:41.021 I/FontLog ( 4147): (REDACTED) Received query %s, URI %s
05-12 04:51:41.022 I/FontLog ( 4147): (REDACTED) Query [%s] resolved to %s
05-12 04:51:41.022 I/artd    (  883): GetBestInfo: odex next to the dex file (/data/app/~~06FC02Vwv1kVUNRPWrWpuw==/com.spotify.music-XNe30xtm17CH2vIJLZ66dA==/oat/arm64/base.odex) is kOatUpToDate with filter 'speed-profile' executable 'false'
05-12 04:51:41.023 I/FontLog ( 4147): (REDACTED) Font PFD returned from cache for %s
05-12 04:51:41.023 I/FontLog ( 4147): (REDACTED) Fetch %s end status %s
05-12 04:51:41.025 I/FontLog ( 4147): (REDACTED) Pulling font file for id = %d, cache size = %d
05-12 04:51:41.028 I/artd    (  883): GetBestInfo: odex next to the dex file (/data/app/~~PN1VCjeY6BsmSLiCtwZRRw==/com.jt.alimee-SPgOAHDbDa59grrUOEsyNg==/oat/arm64/base.odex) is kOatUpToDate with filter 'speed-profile' executable 'false'
05-12 04:51:41.028 I/FontLog ( 4147): (REDACTED) Received query %s, URI %s
05-12 04:51:41.028 I/FontLog ( 4147): (REDACTED) Query [%s] resolved to %s
05-12 04:51:41.029 I/FontLog ( 4147): (REDACTED) Font PFD returned from cache for %s
05-12 04:51:41.029 I/FontLog ( 4147): (REDACTED) Fetch %s end status %s
05-12 04:51:41.030 D/Capacitor( 1064): Handling local request: https://localhost/assets/index-BQmQpOSh.js
05-12 04:51:41.034 I/FontLog ( 4147): (REDACTED) Pulling font file for id = %d, cache size = %d
05-12 04:51:41.034 W/Finsky  ( 6985): [2] STU: Failed to get storage stats for package 'com.google.android.appsearch' (1601: Error getting stats: android.content.pm.PackageManager.NameNotFoundException)
05-12 04:51:41.036 D/Capacitor( 1064): Handling local request: https://localhost/assets/index-DKLOwjS5.css
05-12 04:51:41.037 I/artd    (  883): GetBestInfo: odex next to the dex file (/data/app/~~W2QWFCQIFL5SC4YMD41f8A==/com.toflux.cozytimer-s7JKj7_JMa6j4VGBLL-lJw==/oat/arm64/base.odex) is kOatUpToDate with filter 'speed-profile' executable 'false'
05-12 04:51:41.038 I/artd    (  883): GetBestInfo: vdex next to the dex file (/data/user/0/com.toflux.cozytimer/app_pccache/5/1CEDD60EE1DEB4A5D57108096C421D8F03173B2C/oat/arm64/pcam.vdex) is kOatUpToDate with filter 'verify' executable 'false'
05-12 04:51:41.038 I/artd    (  883): GetBestInfo: vdex next to the dex file (/data/user/0/com.toflux.cozytimer/app_pccache/5/61E3BEF53C4C6C7A8A86EA4DABAC482FCBC6B298/oat/arm64/pcam.vdex) is kOatUpToDate with filter 'verify' executable 'false'
05-12 04:51:41.043 I/FontLog ( 4147): (REDACTED) Received query %s, URI %s
05-12 04:51:41.043 I/FontLog ( 4147): (REDACTED) Query [%s] resolved to %s
05-12 04:51:41.043 I/FontLog ( 4147): (REDACTED) Font PFD returned from cache for %s
05-12 04:51:41.043 I/FontLog ( 4147): (REDACTED) Fetch %s end status %s
05-12 04:51:41.048 I/artd    (  883): GetBestInfo: odex next to the dex file (/data/app/~~2wRXyR56-xcxi-6TKK0T3g==/com.google.android.videos-GcSV7OSXvIFV_C50EhKGRQ==/oat/arm64/base.odex) is kOatUpToDate with filter 'speed-profile' executable 'false'
05-12 04:51:41.049 W/ActivityTaskManager( 2878): activity boost didn't release as expected
05-12 04:51:41.052 I/ActivityTaskManager( 2878): Displayed com.hyeni.calendar/.MainActivity for user 0: +623ms
05-12 04:51:41.054 I/FontLog ( 4147): (REDACTED) Pulling font file for id = %d, cache size = %d
05-12 04:51:41.056 D/Capacitor/AppPlugin( 1064): Firing change: false
05-12 04:51:41.056 V/Capacitor/AppPlugin( 1064): Notifying listeners for event appStateChange
05-12 04:51:41.056 D/Capacitor/AppPlugin( 1064): No listeners found for event appStateChange
05-12 04:51:41.056 D/Capacitor( 1064): App stopped
05-12 04:51:41.056 D/Capacitor( 1064): Saving instance state!
05-12 04:51:41.060 W/Finsky  ( 6985): [2] STU: Failed to get storage stats for package 'com.google.android.art' (1601: Error getting stats: android.content.pm.PackageManager.NameNotFoundException)
05-12 04:51:41.061 I/artd    (  883): GetBestInfo: odex next to the dex file (/data/app/~~K_x80JtGFfsz_ebzfzT4ug==/com.google.android.marvin.talkback-MBWs_0i6sv8PoQ1qhbf3iw==/oat/arm64/base.odex) is kOatUpToDate with filter 'speed-profile' executable 'false'
05-12 04:51:41.063 D/Surface ( 1064): Surface::disconnect
05-12 04:51:41.063 D/BufferQueueProducer( 1064): [com.hyeni.calendar/com.hyeni.calendar.MainActivity#370(BLAST Consumer)pid:1064](id:42800000000,api:1,p:1064,c:1064) disconnect: api 1
05-12 04:51:41.064 I/artd    (  883): GetBestInfo: odex next to the dex file (/data/app/~~I08MwPL1KFg2hu24cZMjAQ==/net.skyscanner.android.main-pPVsyELZmJ70sM_b9OCB1Q==/oat/arm64/base.odex) is kOatUpToDate with filter 'speed-profile' executable 'false'
05-12 04:51:41.067 I/artd    (  883): GetBestInfo: odex next to the dex file (/data/app/~~HSMl5Qq6piwnFCXugrCyOA==/com.xd.xdtglobal.gp-xAKHjmCzPyGzUt7KzVOh-w==/oat/arm64/base.odex) is kOatUpToDate with filter 'speed-profile' executable 'false'
05-12 04:51:41.073 I/artd    (  883): GetBestInfo: odex next to the dex file (/data/app/~~X3A4DsHSCu2CVCQrybGCNg==/com.sec.android.app.sbrowser-Pt-h0Bov9gwWdOg2uWEUfg==/oat/arm64/base.odex) is kOatUpToDate with filter 'speed-profile' executable 'false'
05-12 04:51:41.074 W/MotoBatteryCareService( 2878): uid: 10523 pkgName:com.hyeni.calendar come to foreground
05-12 04:51:41.077 I/artd    (  883): GetBestInfo: odex next to the dex file (/data/app/~~1yRKgy8UFwjoQ5ucJ934bA==/com.apple.movetoios-r1NPzobvwIKG6TYhXnqZqA==/oat/arm64/base.odex) is kOatUpToDate with filter 'speed-profile' executable 'false'
05-12 04:51:41.081 I/artd    (  883): GetBestInfo: odex next to the dex file (/data/app/~~lj2EbHpFzmHHKI3Tc4PKZA==/com.duolingo-jEpzSQxYPLg3f8kW5UzZuQ==/oat/arm64/base.odex) is kOatUpToDate with filter 'speed-profile' executable 'false'
05-12 04:51:41.085 I/artd    (  883): GetBestInfo: odex next to the dex file (/data/app/~~WOoJrMpxhYlHeMvMFhONHw==/com.dreamsecurity.MobileRelay.SampleCrypto-4suXqAO6h2XthFH8wFUrkg==/oat/arm64/base.odex) is kOatUpToDate with filter 'speed-profile' executable 'false'
05-12 04:51:41.087 I/artd    (  883): GetBestInfo: odex next to the dex file (/data/app/~~J2Eaq97AtgtDCuAUitn3_g==/com.google.android.safetycore-PlXPLNC4AYqb1J5AJz4P7w==/oat/arm64/base.odex) is kOatUpToDate with filter 'speed-profile' executable 'false'
05-12 04:51:41.094 I/artd    (  883): GetBestInfo: odex next to the dex file (/data/app/~~y4mm_DQokGGqhLUECsn_Tg==/com.nhn.android.search--DhS4EHCZzjPtUmXpjg8RQ==/oat/arm64/base.odex) is kOatUpToDate with filter 'speed-profile' executable 'false'
05-12 04:51:41.096 I/artd    (  883): GetBestInfo: dm (/data/app/~~y4mm_DQokGGqhLUECsn_Tg==/com.nhn.android.search--DhS4EHCZzjPtUmXpjg8RQ==/split_Clova.dm) is kOatUpToDate with filter 'verify' executable 'false'
05-12 04:51:41.098 I/artd    (  883): GetBestInfo: dm (/data/app/~~y4mm_DQokGGqhLUECsn_Tg==/com.nhn.android.search--DhS4EHCZzjPtUmXpjg8RQ==/split_MyPlace.dm) is kOatUpToDate with filter 'verify' executable 'false'
05-12 04:51:41.102 I/artd    (  883): GetBestInfo: dm (/data/app/~~y4mm_DQokGGqhLUECsn_Tg==/com.nhn.android.search--DhS4EHCZzjPtUmXpjg8RQ==/split_PrismMediaApi.dm) is kOatUpToDate with filter 'verify' executable 'false'
05-12 04:51:41.108 W/VideoCapabilities( 1064): Unsupported mime image/vnd.android.heic
05-12 04:51:41.109 W/VideoCapabilities( 1064): Unsupported mime image/vnd.android.heic
05-12 04:51:41.119 I/artd    (  883): GetBestInfo: vdex next to the dex file (/data/app/~~cCrXLYMVsb6BEVM6HDuxTw==/android.autoinstalls.config.motorola.layout-aOvj6wggS45LICnEgIjlEg==/oat/arm64/base.vdex) is kOatUpToDate with filter 'verify' executable 'false'
05-12 04:51:41.126 D/Surface ( 3765): Surface::disconnect
05-12 04:51:41.126 D/BufferQueueProducer( 3765): [Splash Screen com.hyeni.calendar#368(BLAST Consumer)pid:3765](id:eb500000026,api:1,p:3765,c:3765) disconnect: api 1
05-12 04:51:41.129 W/WindowOnBackDispatcher( 3765): sendCancelIfRunning: isInProgress=false callback=android.view.ViewRootImpl$$ExternalSyntheticLambda11@3f20fbf
05-12 04:51:41.130 D/CoreBackPreview( 2878): Window{78fd1d7 u0 Splash Screen com.hyeni.calendar}: Setting back callback null
05-12 04:51:41.130 W/InputManager-JNI( 2878): Input channel object '78fd1d7 Splash Screen com.hyeni.calendar (client)' was disposed without first being removed with the input manager!
05-12 04:51:41.132 I/artd    (  883): GetBestInfo: odex next to the dex file (/data/app/~~Wqal5ebGPaqkIOsJILg_Fw==/com.commsource.beautyplus-vGP8GQFg51BS70jj__LEZw==/oat/arm64/base.odex) is kOatUpToDate with filter 'speed-profile' executable 'false'
05-12 04:51:41.133 I/artd    (  883): GetBestInfo: odex next to the dex file (/data/user/0/com.commsource.beautyplus/app_pccache/5/A6422CD2CF82BB9C0EAF521C1BF6CC70ABCF649F/oat/arm64/pcam.odex) is kOatUpToDate with filter 'verify' executable 'false'
05-12 04:51:41.137 W/Finsky  ( 6985): [2] STU: Failed to get storage stats for package 'com.google.android.mediaprovider' (1601: Error getting stats: android.content.pm.PackageManager.NameNotFoundException)
05-12 04:51:41.138 I/artd    (  883): GetBestInfo: odex next to the dex file (/data/app/~~bJwmyEeijqR6utNbuVxrWA==/com.google.android.apps.magazines-HCNBZj9ybMGgaTnebJ9xPw==/oat/arm64/base.odex) is kOatUpToDate with filter 'speed-profile' executable 'false'
05-12 04:51:41.143 I/artd    (  883): GetBestInfo: odex next to the dex file (/data/app/~~I9CfWxYoEnit_ar4b84vug==/com.azmobile.themepack-iOoctsmRdIprbi-7hDbaeg==/oat/arm64/base.odex) is kOatUpToDate with filter 'speed-profile' executable 'false'
05-12 04:51:41.144 I/artd    (  883): GetBestInfo: vdex next to the dex file (/data/user/0/com.azmobile.themepack/app_pccache/5/591C52BA23C4E0E4C6EB8A94DE92F532A215A628/oat/arm64/pcam.vdex) is kOatUpToDate with filter 'verify' executable 'false'
05-12 04:51:41.144 I/artd    (  883): GetBestInfo: odex next to the dex file (/data/user/0/com.azmobile.themepack/app_pccache/5/A4A3883B62E64477497A21E502C207B1868F77D8/oat/arm64/pcam.odex) is kOatUpToDate with filter 'speed-profile' executable 'false'
05-12 04:51:41.149 I/artd    (  883): GetBestInfo: odex next to the dex file (/data/app/~~aYPNPlNSh6DNcvfGE-rMfA==/com.coupang.mobile.eats-xpvkANDkBcURW8waNTjVdw==/oat/arm64/base.odex) is kOatUpToDate with filter 'speed-profile' executable 'false'
05-12 04:51:41.152 I/artd    (  883): GetBestInfo: odex next to the dex file (/data/app/~~KFLRNIsnvD5kO23RFTFYag==/com.cs.android.SlifeCustomer-qfcDM3IbWIWLF0gR_Hm7wA==/oat/arm64/base.odex) is kOatUpToDate with filter 'speed-profile' executable 'false'
05-12 04:51:41.154 I/artd    (  883): GetBestInfo: odex next to the dex file (/data/app/~~v6xv6zlnMsdc5Y_mtYLwIg==/com.tss21.input.korean-Qg2QkEuVXgiPNjFZoUPyMA==/oat/arm64/base.odex) is kOatUpToDate with filter 'speed-profile' executable 'false'
05-12 04:51:41.158 I/artd    (  883): GetBestInfo: odex next to the dex file (/data/app/~~KxyYCsplCPvZYQrRo4BHdQ==/com.nhn.android.navercafe-reAhhnALChX7V0Wb4MD3Eg==/oat/arm64/base.odex) is kOatUpToDate with filter 'speed-profile' executable 'false'
05-12 04:51:41.162 I/artd    (  883): GetBestInfo: odex next to the dex file (/data/app/~~uBCJlaR2jna3K43s_7dI9g==/net.ib.android.smcard-pXZeNsytrJGazFuhwfj3WQ==/oat/arm64/base.odex) is kOatUpToDate with filter 'speed-profile' executable 'false'
05-12 04:51:41.164 I/artd    (  883): GetBestInfo: odex next to the dex file (/data/app/~~qdKx3cWy3wUpmV0zdgMilg==/com.carrotins.www-L6UfG5i7nHOdRz5ZEgm_5g==/oat/arm64/base.odex) is kOatUpToDate with filter 'speed-profile' executable 'false'
05-12 04:51:41.167 I/artd    (  883): GetBestInfo: odex next to the dex file (/data/app/~~GYsPvp4IaPwbc772bqWPtg==/com.helectronsoft.free.live.wallpaper.parallax.background-Kj8qpDE-no7cTdAElQr7oQ==/oat/arm64/base.odex) is kOatUpToDate with filter 'speed-profile' executable 'false'
05-12 04:51:41.168 I/artd    (  883): GetBestInfo: odex next to the dex file (/data/user/0/com.helectronsoft.free.live.wallpaper.parallax.background/app_pccache/5/A6422CD2CF82BB9C0EAF521C1BF6CC70ABCF649F/oat/arm64/pcam.odex) is kOatUpToDate with filter 'verify' executable 'false'
05-12 04:51:41.172 I/artd    (  883): GetBestInfo: odex next to the dex file (/data/app/~~hNvdZYKovV2so5c_6hqa0w==/com.lotte-t0H2_yrtHlGFASQDjb0-dQ==/oat/arm64/base.odex) is kOatUpToDate with filter 'speed-profile' executable 'false'
05-12 04:51:41.176 I/artd    (  883): GetBestInfo: odex next to the dex file (/data/app/~~EbTYWe3Ji7tRH6MvAgGVsw==/com.motorola.timeweatherwidget-oAUJsfAJgIIM_PsAfU_5xA==/oat/arm64/base.odex) is kOatUpToDate with filter 'speed-profile' executable 'false'
05-12 04:51:41.178 W/Finsky  ( 6985): [2] STU: Failed to get storage stats for package 'com.android.virt' (1601: Error getting stats: android.content.pm.PackageManager.NameNotFoundException)
05-12 04:51:41.180 I/artd    (  883): GetBestInfo: odex next to the dex file (/data/app/~~4hU2bvb8FS_efoS8Oyp4Vw==/kr.perfectree.heydealer-hmbSdwx1OoxcE7_Tk-W5CQ==/oat/arm64/base.odex) is kOatUpToDate with filter 'speed-profile' executable 'false'
05-12 04:51:41.182 I/artd    (  883): GetBestInfo: odex next to the dex file (/data/app/~~6yC4cHsRWvskUDwg7OG0_g==/com.mdd_rn-quUI7hgNXtots-L7EV7_uA==/oat/arm64/base.odex) is kOatUpToDate with filter 'speed-profile' executable 'false'
05-12 04:51:41.184 I/artd    (  883): GetBestInfo: odex next to the dex file (/data/app/~~p0mcprgqBSvsFxallcNNPA==/kr.go.moe.neis.pa-Z_ApudgfT_HNfqGe5V7PhA==/oat/arm64/base.odex) is kOatUpToDate with filter 'speed-profile' executable 'false'
05-12 04:51:41.185 W/Finsky  ( 6985): [2] STU: Failed to get storage stats for package 'com.android.btservices' (1601: Error getting stats: android.content.pm.PackageManager.NameNotFoundException)
05-12 04:51:41.188 I/artd    (  883): GetBestInfo: odex next to the dex file (/data/app/~~SGOsTJbNJx01WZmV_zz9aQ==/com.kebhana.hanapush--XC-IdnXgTTejIONw5taIg==/oat/arm64/base.odex) is kOatUpToDate with filter 'speed-profile' executable 'false'
05-12 04:51:41.192 I/artd    (  883): GetBestInfo: odex next to the dex file (/data/app/~~QlmPADYuA4c2Q2Rkl7GRjA==/com.nhn.android.nmap-TRaNn8v2c69CI4Ql9c-ANQ==/oat/arm64/base.odex) is kOatUpToDate with filter 'speed-profile' executable 'false'
05-12 04:51:41.196 I/artd    (  883): GetBestInfo: odex next to the dex file (/data/app/~~LgwUtsQyJ0Y_vu1GcZBjdg==/com.sh.fidget.toys.mini.relaxing.antistress.games-k2syR0y-YStKjqxAtAx7WQ==/oat/arm64/base.odex) is kOatUpToDate with filter 'speed-profile' executable 'false'
05-12 04:51:41.197 I/artd    (  883): GetBestInfo: vdex next to the dex file (/data/user/0/com.sh.fidget.toys.mini.relaxing.antistress.games/cache/oat/arm64/remote_config_resources_lib.vdex) is kOatUpToDate with filter 'verify' executable 'false'
05-12 04:51:41.198 I/artd    (  883): GetBestInfo: vdex next to the dex file (/data/user/0/com.sh.fidget.toys.mini.relaxing.antistress.games/cache/oat/arm64/app_resources_lib.vdex) is kOatUpToDate with filter 'verify' executable 'false'
05-12 04:51:41.198 I/artd    (  883): GetBestInfo: vdex next to the dex file (/data/user/0/com.sh.fidget.toys.mini.relaxing.antistress.games/cache/oat/arm64/google_api_resources_lib.vdex) is kOatUpToDate with filter 'verify' executable 'false'
05-12 04:51:41.199 I/artd    (  883): GetBestInfo: vdex next to the dex file (/data/user/0/com.sh.fidget.toys.mini.relaxing.antistress.games/app_pccache/5/A4A3883B62E64477497A21E502C207B1868F77D8/oat/arm64/pcam.vdex) is kOatUpToDate with filter 'verify' executable 'false'
05-12 04:51:41.204 I/artd    (  883): GetBestInfo: odex next to the dex file (/data/app/~~M0l9i-RAuO8m1yOY-kx_iA==/com.google.android.apps.docs.editors.slides-b2QSfrcQ_3fHrkVzG33CQg==/oat/arm64/base.odex) is kOatUpToDate with filter 'speed-profile' executable 'false'
05-12 04:51:41.205 W/Finsky  ( 6985): [2] STU: Failed to get storage stats for package 'com.google.android.resolv' (1601: Error getting stats: android.content.pm.PackageManager.NameNotFoundException)
05-12 04:51:41.209 I/artd    (  883): GetBestInfo: odex next to the dex file (/data/app/~~nQd2DgSBe5wNKP3p5iHkZA==/com.naverfin.payapp--VWkqmpJCMBDFEjorhcvSQ==/oat/arm64/base.odex) is kOatUpToDate with filter 'speed-profile' executable 'false'
05-12 04:51:41.212 I/artd    (  883): GetBestInfo: odex next to the dex file (/data/app/~~LR2G96qcjJ55ao2yzlYbXA==/com.google.android.apps.bard-C0Z4mhsBUX4dmeOllzPDfw==/oat/arm64/base.odex) is kOatUpToDate with filter 'speed-profile' executable 'false'
05-12 04:51:41.215 I/artd    (  883): GetBestInfo: odex next to the dex file (/data/app/~~3KxLszqWztrzvXme3vIXQg==/com.nhn.android.band-CAQANTflecvLCPsCS7JiMQ==/oat/arm64/base.odex) is kOatUpToDate with filter 'speed-profile' executable 'false'
05-12 04:51:41.216 D/Capacitor( 1064): Handling local request: https://localhost/assets/wink-star-Cz6eFUfX.webp
05-12 04:51:41.217 D/Capacitor( 1064): Handling local request: https://localhost/assets/calendar-check-5zZ0XQQv.webp
05-12 04:51:41.217 D/Capacitor( 1064): Handling local request: https://localhost/assets/heart-D_rW6xiR.webp
05-12 04:51:41.220 I/artd    (  883): GetBestInfo: odex next to the dex file (/data/app/~~D2YLRnERG1HBVdYY_ai2Ug==/kr.or.silson.KACR-vaRCR6-g8B7u17fo65ljKw==/oat/arm64/base.odex) is kOatUpToDate with filter 'speed-profile' executable 'false'
05-12 04:51:41.223 I/artd    (  883): GetBestInfo: odex next to the dex file (/data/app/~~GOaDt6R_YZ9aCmw7g3fHXg==/com.ehyundai.mobile-0QPg82UYagaIdXcWExdM_A==/oat/arm64/base.odex) is kOatUpToDate with filter 'speed-profile' executable 'false'
05-12 04:51:41.226 W/Finsky  ( 6985): [2] STU: Failed to get storage stats for package 'com.google.android.configinfrastructure' (1601: Error getting stats: android.content.pm.PackageManager.NameNotFoundException)
05-12 04:51:41.226 W/Finsky  ( 6985): [2] STU: Failed to get storage stats for package 'com.google.android.media' (1601: Error getting stats: android.content.pm.PackageManager.NameNotFoundException)
05-12 04:51:41.228 I/artd    (  883): GetBestInfo: odex next to the dex file (/data/app/~~nzYuMJRoQOnDCKpQzWswWg==/com.google.android.apps.maps-dGHPL7zFQ4l-iF8RiiMHxA==/oat/arm64/base.odex) is kOatUpToDate with filter 'speed-profile' executable 'false'
05-12 04:51:41.233 I/artd    (  883): GetBestInfo: odex next to the dex file (/data/app/~~M0Cz8F97Z7ZLLY51iWNmQg==/com.iscreammedia.app.hiclass.android-0PmAlu48I5TZi3hntAuFYA==/oat/arm64/base.odex) is kOatUpToDate with filter 'speed-profile' executable 'false'
05-12 04:51:41.236 I/artd    (  883): GetBestInfo: odex next to the dex file (/data/app/~~5vLHEkZaTOJR48WNXGRskQ==/com.google.android.apps.messaging-W5ydCfR6dMUZWOgq1H0Ynw==/oat/arm64/base.odex) is kOatUpToDate with filter 'speed-profile' executable 'false'
05-12 04:51:41.237 I/artd    (  883): GetBestInfo: vdex next to the dex file (/data/user/0/com.google.android.apps.messaging/app_dg_cache/A8F89F306FD1BA172E06F6F2B9F79826D0309BB6/oat/arm64/the.vdex) is kOatUpToDate with filter 'verify' executable 'false'
05-12 04:51:41.238 I/artd    (  883): GetBestInfo: vdex next to the dex file (/data/user/0/com.google.android.apps.messaging/app_dg_cache/21A90BF1C1C388089206DCE215FB60D7882BFA18/oat/arm64/the.vdex) is kOatUpToDate with filter 'verify' executable 'false'
05-12 04:51:41.238 I/artd    (  883): GetBestInfo: vdex next to the dex file (/data/user/0/com.google.android.apps.messaging/app_dg_cache/87E7746227FF4E457A2EB56043B95E41006DE49F/oat/arm64/the.vdex) is kOatUpToDate with filter 'verify' executable 'false'
05-12 04:51:41.243 I/Capacitor/Console( 1064): File:  - Line 349 - Msg: [object Object]
05-12 04:51:41.243 I/artd    (  883): GetBestInfo: odex next to the dex file (/data/app/~~QkxM5nLxD4lC8w9ruUbV9Q==/com.google.android.googlequicksearchbox-PedtIpeDndu6IitSVDWbNg==/oat/arm64/base.odex) is kOatUpToDate with filter 'speed-profile' executable 'false'
05-12 04:51:41.244 V/Capacitor/Plugin( 1064): To native (Capacitor plugin): callbackId: 109404012, pluginId: NativeNotification, methodName: getDeliveryHealth
05-12 04:51:41.244 V/Capacitor( 1064): callback: 109404012, pluginId: NativeNotification, methodName: getDeliveryHealth, methodData: {}
05-12 04:51:41.245 D/Capacitor( 1064): Handling local request: https://localhost/fonts/PretendardVariable.woff2
05-12 04:51:41.246 D/Capacitor( 1064): Handling local request: https://localhost/assets/wave-Blu8zcB0.webp
05-12 04:51:41.248 D/Capacitor( 1064): Handling local request: https://localhost/assets/pin-DKPNiecP.webp
05-12 04:51:41.250 I/artd    (  883): GetBestInfo: odex next to the dex file (/data/app/~~F3CyUTehRhrIFjLVRt4o4Q==/io.supercent.linkedcubic-wYsEYWRQnOROvyEMp_p3UA==/oat/arm64/base.odex) is kOatUpToDate with filter 'speed-profile' executable 'false'
05-12 04:51:41.252 I/artd    (  883): GetBestInfo: odex next to the dex file (/data/user/0/io.supercent.linkedcubic/app_pccache/5/A6422CD2CF82BB9C0EAF521C1BF6CC70ABCF649F/oat/arm64/pcam.odex) is kOatUpToDate with filter 'verify' executable 'false'
05-12 04:51:41.254 I/artd    (  883): GetBestInfo: vdex next to the dex file (/data/user/0/io.supercent.linkedcubic/cache/oat/arm64/google_api_resources_lib.vdex) is kOatUpToDate with filter 'verify' executable 'false'
05-12 04:51:41.255 I/artd    (  883): GetBestInfo: vdex next to the dex file (/data/user/0/io.supercent.linkedcubic/cache/oat/arm64/remote_config_resources_lib.vdex) is kOatUpToDate with filter 'verify' executable 'false'
05-12 04:51:41.258 I/artd    (  883): GetBestInfo: vdex next to the dex file (/data/user/0/io.supercent.linkedcubic/app_pccache/5/F2FF627D940052495BF0C0AF15E5A0B2723F5469/oat/arm64/pcam.vdex) is kOatUpToDate with filter 'verify' executable 'false'
05-12 04:51:41.259 I/artd    (  883): GetBestInfo: vdex next to the dex file (/data/user/0/io.supercent.linkedcubic/cache/oat/arm64/app_resources_lib.vdex) is kOatUpToDate with filter 'verify' executable 'false'
05-12 04:51:41.260 D/Capacitor( 1064): Handling local request: https://localhost/assets/bell-DQy5TvPD.webp
05-12 04:51:41.260 D/Capacitor( 1064): Handling local request: https://localhost/assets/shield-BiPIS7w6.webp
05-12 04:51:41.262 I/Capacitor/Console( 1064): File:  - Line 333 - Msg: {"notificationsEnabled":false,"postPermissionGranted":false,"batteryOptimizationsIgnored":true,"powerSaveMode":false,"backgroundRestricted":false,"fullScreenIntentAllowed":true,"exactAlarmAllowed":true,"channelsEnabled":true,"recordAudioGranted":false,"remoteListenChannelEnabled":true,"remoteListenChannelImportance":3,"remoteListenChannelBlocked":false,"ringerMode":"silent","dndMode":"priority","dndAccess":false,"networkConnected":true,"networkValidated":true,"screenInteractive":true,"keyguardLocked":true,"screenWidthDp":411,"screenHeightDp":1006,"smallestScreenWidthDp":411,"foldState":"not_foldable_or_unknown","locationServiceRunning":false,"sdkInt":35,"manufacturer":"motorola","model":"motorola razr 40 ultra","ready":false}
05-12 04:51:41.264 W/Finsky  ( 6985): [2] STU: Failed to get storage stats for package 'com.android.vndk.v31' (1601: Error getting stats: android.content.pm.PackageManager.NameNotFoundException)
05-12 04:51:41.265 I/Capacitor/Console( 1064): File:  - Line 349 - Msg: [object Object]
05-12 04:51:41.265 W/Finsky  ( 6985): [2] STU: Failed to get storage stats for package 'com.android.vndk.v30' (1601: Error getting stats: android.content.pm.PackageManager.NameNotFoundException)
05-12 04:51:41.265 V/Capacitor/Plugin( 1064): To native (Capacitor plugin): callbackId: 109404013, pluginId: BackgroundLocation, methodName: checkBackgroundLocationPermission
05-12 04:51:41.265 V/Capacitor( 1064): callback: 109404013, pluginId: BackgroundLocation, methodName: checkBackgroundLocationPermission, methodData: {}
05-12 04:51:41.267 D/Capacitor( 1064): Handling local request: https://localhost/assets/index-2HqcqFSb.js
05-12 04:51:41.267 W/Finsky  ( 6985): [2] STU: Failed to get storage stats for package 'com.android.vndk.v33' (1601: Error getting stats: android.content.pm.PackageManager.NameNotFoundException)
05-12 04:51:41.267 W/Finsky  ( 6985): [2] STU: Failed to get storage stats for package 'com.android.vndk.v32' (1601: Error getting stats: android.content.pm.PackageManager.NameNotFoundException)
05-12 04:51:41.267 W/Finsky  ( 6985): [2] STU: Failed to get storage stats for package 'com.android.vndk.v34' (1601: Error getting stats: android.content.pm.PackageManager.NameNotFoundException)
05-12 04:51:41.268 I/Capacitor/Console( 1064): File:  - Line 349 - Msg: [object Object]
05-12 04:51:41.268 D/Capacitor( 1064): Handling local request: https://localhost/assets/index-edzYRGDj.js
05-12 04:51:41.268 V/Capacitor/Plugin( 1064): To native (Capacitor plugin): callbackId: 109404014, pluginId: NativeNotification, methodName: cancelScheduledNotifications
05-12 04:51:41.268 V/Capacitor( 1064): callback: 109404014, pluginId: NativeNotification, methodName: cancelScheduledNotifications, methodData: {}
05-12 04:51:41.268 I/artd    (  883): GetBestInfo: odex next to the dex file (/data/app/~~1FFvxVdMH3RBpeyX11pclw==/com.wooribank.smart.npib-eOrwx0LlPylVYjzt-4KsLA==/oat/arm64/base.odex) is kOatUpToDate with filter 'speed-profile' executable 'false'
05-12 04:51:41.271 I/Capacitor/Console( 1064): File:  - Line 333 - Msg: {"fineLocation":false,"backgroundLocation":false}
05-12 04:51:41.272 I/artd    (  883): GetBestInfo: odex next to the dex file (/data/app/~~HKd7YMgpZZa8qDDuHj5Tsg==/kr.go.safepeople-sscXrfNkEsA3pe-I3zsg8A==/oat/arm64/base.odex) is kOatUpToDate with filter 'speed-profile' executable 'false'
05-12 04:51:41.272 D/Capacitor( 1064): Handling local request: https://localhost/icon-192.png
05-12 04:51:41.273 I/Capacitor/Console( 1064): File:  - Line 333 - Msg: {"success":true}
05-12 04:51:41.273 I/Capacitor/Console( 1064): File:  - Line 349 - Msg: [object Object]
05-12 04:51:41.274 V/Capacitor/Plugin( 1064): To native (Capacitor plugin): callbackId: 109404015, pluginId: App, methodName: addListener
05-12 04:51:41.274 V/Capacitor( 1064): callback: 109404015, pluginId: App, methodName: addListener, methodData: {"eventName":"backButton"}
05-12 04:51:41.274 I/Capacitor/Console( 1064): File:  - Line 349 - Msg: [object Object]
05-12 04:51:41.274 V/Capacitor/Plugin( 1064): To native (Capacitor plugin): callbackId: 109404016, pluginId: App, methodName: getLaunchUrl
05-12 04:51:41.274 V/Capacitor( 1064): callback: 109404016, pluginId: App, methodName: getLaunchUrl, methodData: {}
05-12 04:51:41.274 I/artd    (  883): GetBestInfo: odex next to the dex file (/data/app/~~nXNIHT9a1YNMjm3KyERegw==/eu.darken.sdmse-l0sdn9FlE3882JBxUj-deg==/oat/arm64/base.odex) is kOatUpToDate with filter 'speed-profile' executable 'false'
05-12 04:51:41.276 I/Capacitor/Console( 1064): File:  - Line 333 - Msg: undefined
05-12 04:51:41.276 I/Capacitor/Console( 1064): File:  - Line 349 - Msg: [object Object]
05-12 04:51:41.276 V/Capacitor/Plugin( 1064): To native (Capacitor plugin): callbackId: 109404017, pluginId: App, methodName: addListener
05-12 04:51:41.276 V/Capacitor( 1064): callback: 109404017, pluginId: App, methodName: addListener, methodData: {"eventName":"appUrlOpen"}
05-12 04:51:41.277 I/artd    (  883): GetBestInfo: odex next to the dex file (/data/app/~~w76c6s5wfN8Db7WiFoUmWQ==/com.motorola.securevault-_x8WdjcuVn4wYLwaDirhUw==/oat/arm64/base.odex) is kOatUpToDate with filter 'speed-profile' executable 'false'
05-12 04:51:41.278 D/Capacitor( 1064): Handling local request: https://localhost/assets/phone-B2tmM6ZO.webp
05-12 04:51:41.282 I/artd    (  883): GetBestInfo: odex in dalvik-cache (/data/dalvik-cache/arm64/data@app@~~SRxUavOic1LlvbNjczWZ_g==@com.nflystudio.InfiniteStaircase-fU69UBE1Ls54QXQbAUV3Yw==@base.apk@classes.dex) is kOatUpToDate with filter 'speed-profile' executable 'false'
05-12 04:51:41.283 I/artd    (  883): GetBestInfo: odex next to the dex file (/data/user/0/com.nflystudio.InfiniteStaircase/cache/oat/arm64/auth_resources_lib.odex) is kOatUpToDate with filter 'speed-profile' executable 'false'
05-12 04:51:41.284 I/artd    (  883): GetBestInfo: vdex next to the dex file (/data/user/0/com.nflystudio.InfiniteStaircase/app_pccache/5/591C52BA23C4E0E4C6EB8A94DE92F532A215A628/oat/arm64/pcam.vdex) is kOatUpToDate with filter 'verify' executable 'false'
05-12 04:51:41.285 I/artd    (  883): GetBestInfo: odex next to the dex file (/data/user/0/com.nflystudio.InfiniteStaircase/cache/oat/arm64/firestore_resources_lib.odex) is kOatUpToDate with filter 'speed-profile' executable 'false'
05-12 04:51:41.285 I/artd    (  883): GetBestInfo: vdex next to the dex file (/data/user/0/com.nflystudio.InfiniteStaircase/cache/oat/arm64/app_resources_lib.vdex) is kOatUpToDate with filter 'verify' executable 'false'
05-12 04:51:41.286 I/artd    (  883): GetBestInfo: vdex next to the dex file (/data/user/0/com.nflystudio.InfiniteStaircase/cache/oat/arm64/google_api_resources_lib.vdex) is kOatUpToDate with filter 'verify' executable 'false'
05-12 04:51:41.287 I/artd    (  883): GetBestInfo: odex next to the dex file (/data/user/0/com.nflystudio.InfiniteStaircase/app_pccache/5/A4A3883B62E64477497A21E502C207B1868F77D8/oat/arm64/pcam.odex) is kOatUpToDate with filter 'speed-profile' executable 'false'
05-12 04:51:41.287 I/artd    (  883): GetBestInfo: vdex next to the dex file (/data/user/0/com.nflystudio.InfiniteStaircase/cache/oat/arm64/remote_config_resources_lib.vdex) is kOatUpToDate with filter 'verify' executable 'false'
05-12 04:51:41.295 I/artd    (  883): GetBestInfo: odex next to the dex file (/data/app/~~TlOahwk2e_upGvfworDdZw==/com.JindoBlu.TwoPlayerGamesChallenge-D9YNJWNSrZ0pnAWIBVQ9kQ==/oat/arm64/base.odex) is kOatUpToDate with filter 'speed-profile' executable 'false'
05-12 04:51:41.295 I/artd    (  883): GetBestInfo: vdex next to the dex file (/data/user/0/com.JindoBlu.TwoPlayerGamesChallenge/app_pccache/5/A4A3883B62E64477497A21E502C207B1868F77D8/oat/arm64/pcam.vdex) is kOatUpToDate with filter 'verify' executable 'false'
05-12 04:51:41.296 I/artd    (  883): GetBestInfo: vdex next to the dex file (/data/user/0/com.JindoBlu.TwoPlayerGamesChallenge/cache/oat/arm64/google_api_resources_lib.vdex) is kOatUpToDate with filter 'verify' executable 'false'
05-12 04:51:41.297 I/artd    (  883): GetBestInfo: vdex next to the dex file (/data/user/0/com.JindoBlu.TwoPlayerGamesChallenge/app_pccache/5/32C64336DAAB52DE09299639A297EE1CAEE76804/oat/arm64/pcam.vdex) is kOatUpToDate with filter 'verify' executable 'false'
05-12 04:51:41.297 I/artd    (  883): GetBestInfo: vdex next to the dex file (/data/user/0/com.JindoBlu.TwoPlayerGamesChallenge/cache/oat/arm64/app_resources_lib.vdex) is kOatUpToDate with filter 'verify' executable 'false'
05-12 04:51:41.298 I/artd    (  883): GetBestInfo: vdex next to the dex file (/data/user/0/com.JindoBlu.TwoPlayerGamesChallenge/cache/oat/arm64/remote_config_resources_lib.vdex) is kOatUpToDate with filter 'verify' executable 'false'
05-12 04:51:41.303 I/artd    (  883): GetBestInfo: odex next to the dex file (/data/app/~~z5YzsuHHITUpiv6OcXybXA==/com.google.android.documentsui-ukS_LGmhki1PtxvnUG3Tow==/oat/arm64/base.odex) is kOatUpToDate with filter 'speed-profile' executable 'false'
05-12 04:51:41.308 I/artd    (  883): GetBestInfo: odex next to the dex file (/data/app/~~5Pug1TnLtSeb_s94T2gEQw==/jp.naver.line.android-Ckf_EIUf8GMBlRIoILrYxA==/oat/arm64/base.odex) is kOatUpToDate with filter 'speed-profile' executable 'false'
05-12 04:51:41.309 I/artd    (  883): GetBestInfo: vdex next to the dex file (/data/user/0/jp.naver.line.android/app_pccache/5/1CEDD60EE1DEB4A5D57108096C421D8F03173B2C/oat/arm64/pcam.vdex) is kOatUpToDate with filter 'verify' executable 'false'
05-12 04:51:41.309 I/artd    (  883): GetBestInfo: vdex next to the dex file (/data/user/0/jp.naver.line.android/app_pccache/5/570F2F567A7BD29610D50DF58B388F1BEB118159/oat/arm64/pcam.vdex) is kOatUpToDate with filter 'verify' executable 'false'
05-12 04:51:41.315 I/artd    (  883): GetBestInfo: odex next to the dex file (/data/app/~~dvFfjgD0ahU540we4r2jGw==/com.google.android.calculator-U_OtIaQIfctA94_Zo90O_Q==/oat/arm64/base.odex) is kOatUpToDate with filter 'speed-profile' executable 'false'
05-12 04:51:41.318 I/artd    (  883): GetBestInfo: odex next to the dex file (/data/app/~~JfjGjKdF3foTpcKYd24CEQ==/com.google.android.contactkeys-uVS_TRrYJP_c-bzvpsT5zg==/oat/arm64/base.odex) is kOatUpToDate with filter 'speed-profile' executable 'false'
05-12 04:51:41.322 I/artd    (  883): GetBestInfo: odex next to the dex file (/data/app/~~5UxHokff-4mzAoNiPLmj-g==/kr.or.catholic.goodnews-XXvHDnBldW0BYz0jkdyH9A==/oat/arm64/base.odex) is kOatUpToDate with filter 'speed-profile' executable 'false'
05-12 04:51:41.326 I/artd    (  883): GetBestInfo: odex next to the dex file (/data/app/~~Gsl4zBZMrWck_Cw-dcfk4Q==/com.microsoft.appmanager-io_c1CLXE1W5DFlELgHaNg==/oat/arm64/base.odex) is kOatUpToDate with filter 'speed-profile' executable 'false'
05-12 04:51:41.329 W/Finsky  ( 6985): [2] STU: Failed to get storage stats for package 'com.google.android.sdkext' (1601: Error getting stats: android.content.pm.PackageManager.NameNotFoundException)
05-12 04:51:41.331 I/artd    (  883): GetBestInfo: odex next to the dex file (/data/app/~~5o5aP41XIh8dp3o0jyZpug==/com.mwm.piano-GNbOU9swzzk_4qJItt7r_w==/oat/arm64/base.odex) is kOatUpToDate with filter 'speed-profile' executable 'false'
05-12 04:51:41.332 I/artd    (  883): GetBestInfo: vdex next to the dex file (/data/user/0/com.mwm.piano/cache/oat/arm64/google_api_resources_lib.vdex) is kOatUpToDate with filter 'verify' executable 'false'
05-12 04:51:41.333 I/artd    (  883): GetBestInfo: vdex next to the dex file (/data/user/0/com.mwm.piano/cache/oat/arm64/app_resources_lib.vdex) is kOatUpToDate with filter 'verify' executable 'false'
05-12 04:51:41.333 I/artd    (  883): GetBestInfo: vdex next to the dex file (/data/user/0/com.mwm.piano/app_pccache/5/A4A3883B62E64477497A21E502C207B1868F77D8/oat/arm64/pcam.vdex) is kOatUpToDate with filter 'verify' executable 'false'
05-12 04:51:41.337 I/artd    (  883): GetBestInfo: odex next to the dex file (/data/app/~~bMkZuaNHehvgewr17TbvgQ==/kgcbrand.com.kgcdelivery_android-JLIF3qI9UeDf3RC5pZhL5A==/oat/arm64/base.odex) is kOatUpToDate with filter 'speed-profile' executable 'false'
05-12 04:51:41.342 I/artd    (  883): GetBestInfo: odex next to the dex file (/data/app/~~2IlC2muPny3DP71ddlwr4g==/com.instagram.android-uW557B2GuUZyc0aev2NxPA==/oat/arm64/base.odex) is kOatUpToDate with filter 'speed-profile' executable 'false'
05-12 04:51:41.346 I/artd    (  883): GetBestInfo: odex next to the dex file (/data/app/~~0fdLM2v7YQoGLyFEo5tbVw==/org.findmykids.app-iarMzcxZ9ZwizMfjp8dzjA==/oat/arm64/base.odex) is kOatUpToDate with filter 'speed-profile' executable 'false'
05-12 04:51:41.349 I/artd    (  883): GetBestInfo: odex next to the dex file (/data/app/~~cp9xoDARdEyYPcksEuDXVQ==/kr.go.nts.android-3iM_iaA01St5FEUBKvlxfQ==/oat/arm64/base.odex) is kOatUpToDate with filter 'speed-profile' executable 'false'
05-12 04:51:41.353 I/artd    (  883): GetBestInfo: odex next to the dex file (/data/app/~~A3GdPpAGWwChpfRx7xjjlA==/com.motorola.securityhub-sxWW6vCv32M-SyXpgMYdUQ==/oat/arm64/base.odex) is kOatUpToDate with filter 'speed-profile' executable 'false'
05-12 04:51:41.355 W/Finsky  ( 6985): [2] STU: Failed to get storage stats for package 'com.google.android.adservices' (1601: Error getting stats: android.content.pm.PackageManager.NameNotFoundException)
05-12 04:51:41.356 I/artd    (  883): GetBestInfo: odex next to the dex file (/data/app/~~e-aO2AUYbDIBuSyfSN6nYQ==/com.motorola.ccc.notification-wOr-9CJectVaJyvaloTKAA==/oat/arm64/base.odex) is kOatUpToDate with filter 'speed-profile' executable 'false'
05-12 04:51:41.358 W/Finsky  ( 6985): [2] STU: Failed to get storage stats for package 'com.google.android.tethering' (1601: Error getting stats: android.content.pm.PackageManager.NameNotFoundException)
05-12 04:51:41.359 I/artd    (  883): GetBestInfo: odex next to the dex file (/data/app/~~HPGP3nSkyCjnQQuomTepRQ==/com.sec.android.easyMover-YCeRRZVSnSHLvYLoNlvu1g==/oat/arm64/base.odex) is kOatUpToDate with filter 'speed-profile' executable 'false'
05-12 04:51:41.361 I/artd    (  883): GetBestInfo: odex next to the dex file (/data/app/~~zmXmurg8l0f6kRWNj7lhOQ==/com.google.android.captiveportallogin-epiKNPsCRI9u8zwYMk2YlQ==/oat/arm64/base.odex) is kOatUpToDate with filter 'speed-profile' executable 'false'
05-12 04:51:41.364 I/artd    (  883): GetBestInfo: odex next to the dex file (/data/app/~~8a3CD_rrP5ntKq6fC5IUGg==/kr.co.ceragem.membership-SP3_06i7QuhQZt_VSKIT_w==/oat/arm64/base.odex) is kOatUpToDate with filter 'speed-profile' executable 'false'
05-12 04:51:41.370 I/artd    (  883): GetBestInfo: odex next to the dex file (/data/app/~~oLyvimJm_tWQIOeWuPZVzg==/com.android.chrome-sKHygpO6zj8-60KjeXzjFQ==/oat/arm64/base.odex) is kOatUpToDate with filter 'speed-profile' executable 'false'
05-12 04:51:41.370 I/artd    (  883): GetBestInfo: dm (/data/app/~~oLyvimJm_tWQIOeWuPZVzg==/com.android.chrome-sKHygpO6zj8-60KjeXzjFQ==/split_chrome.dm) is kOatUpToDate with filter 'verify' executable 'false'
05-12 04:51:41.371 I/artd    (  883): GetBestInfo: dm (/data/app/~~oLyvimJm_tWQIOeWuPZVzg==/com.android.chrome-sKHygpO6zj8-60KjeXzjFQ==/split_dev_ui.dm) is kOatUpToDate with filter 'verify' executable 'false'
05-12 04:51:41.372 I/artd    (  883): GetBestInfo: dm (/data/app/~~oLyvimJm_tWQIOeWuPZVzg==/com.android.chrome-sKHygpO6zj8-60KjeXzjFQ==/split_on_demand.dm) is kOatUpToDate with filter 'verify' executable 'false'
05-12 04:51:41.373 I/artd    (  883): GetBestInfo: dm (/data/app/~~oLyvimJm_tWQIOeWuPZVzg==/com.android.chrome-sKHygpO6zj8-60KjeXzjFQ==/split_stack_unwinder.dm) is kOatUpToDate with filter 'verify' executable 'false'
05-12 04:51:41.374 I/artd    (  883): GetBestInfo: dm (/data/app/~~oLyvimJm_tWQIOeWuPZVzg==/com.android.chrome-sKHygpO6zj8-60KjeXzjFQ==/split_test_dummy.dm) is kOatUpToDate with filter 'verify' executable 'false'
05-12 04:51:41.395 D/PowerUI ( 3765): can't show warning due to - plugged: true status unknown: false
05-12 04:51:41.397 V/UiModeManager( 2878): updateLocked: null action, mDockState=0, category=null
05-12 04:51:41.397 D/UiModeManager( 2878): updateConfigurationLocked: mDockState=0; mCarMode=false; mNightMode=com.android.server.UiModeManagerService$1@56aa2d4; mNightModeCustomType=-1; uiMode=17
05-12 04:51:41.398 I/artd    (  883): GetBestInfo: vdex next to the dex file (/data/app/~~GokssQUs2kXQ7GFOrAaC9Q==/com.facebook.services-Fwo4xvUs9wLwscU9SLBdiQ==/oat/arm64/base.vdex) is kOatUpToDate with filter 'verify' executable 'false'
05-12 04:51:41.404 W/Finsky  ( 6985): [2] STU: Failed to get storage stats for package 'com.android.runtime' (1601: Error getting stats: android.content.pm.PackageManager.NameNotFoundException)
05-12 04:51:41.406 I/artd    (  883): GetBestInfo: odex next to the dex file (/data/app/~~3Fl9B0Hox5T8Kn8EgxgkuA==/com.google.android.gms.supervision-gKVZkAp3wAiiIsumBeWtGg==/oat/arm64/base.odex) is kOatUpToDate with filter 'speed-profile' executable 'false'
