05-12 04:51:41.796 E/CompositionEngine( 1004): [Splash Screen com.hyeni.calendar$_1899#5313] Invalid device requested composition type change: Device (2) --> Device (2)
05-12 04:51:41.796 E/CompositionEngine( 1004): [StatusBar$_1899#103] Invalid device requested composition type change: Device (2) --> Device (2)
05-12 04:51:41.796 E/CompositionEngine( 1004): [com.sec.android.app.launcher/com.samsung.app.honeyspace.edge.edgepanel.app.CocktailBarService$_2350#5258] Invalid device requested composition type change: Device (2) --> Device (2)
05-12 04:51:41.796 E/CompositionEngine( 1004): [NavigationBar0$_1899#101] Invalid device requested composition type change: Device (2) --> Device (2)
05-12 04:51:41.796 E/CompositionEngine( 1004): [ScreenDecorHwcOverlay$_1899#107] Invalid device requested composition type change: DisplayDecoration (6) --> DisplayDecoration (6)
05-12 04:51:41.796 I/VRI[calendar]@148004c( 1899): mWNT: t=0xb40000747b45ea90 mBlastBufferQueue=0xb4000074fb4e3b60 fn= 7 HdrRenderState mRenderHdrSdrRatio=1.0 caller= android.view.SyncRtSurfaceTransactionApplier.applyTransaction:100 android.view.SyncRtSurfaceTransactionApplier.lambda$scheduleApply$0:73 android.view.SyncRtSurfaceTransactionApplier.$r8$lambda$afI4fXg3U3-nBZQEDQMiNy-B06s:0 
05-12 04:51:41.797 I/HBD     (12566): h writeToFile complete 
05-12 04:51:41.798 D/KNOX_MDM_SettingsProvider( 1232): isChangeAllowed() : name = enabled_notification_listeners
05-12 04:51:41.800 I/SurfaceFlinger( 1004): [LayerHierarchy{RequestedLayerState{com.sec.android.app.launcher/com.sec.android.app.launcher.activities.LauncherActivity$_2350#5301} no children}] reparent to OffscreenRoot
05-12 04:51:41.800 I/SurfaceFlinger( 1004): [LayerHierarchy{RequestedLayerState{com.sec.android.app.launcher/com.sec.android.app.launcher.activities.LauncherActivity$_2350#5301} no children}] RelativeParent to null
05-12 04:51:41.800 I/HBD     (12566): g isCoverDisplay : false, cached selected json info : SelectedLanguageInfo(languageVersion=4.2, currentLanguageOrder=1, selectedLanguageList=[SelectedLanguage(id=4521984, isUsed=true, engName=Korean, inputType=qwerty, activeOptionList=[auto_spacing, prediction], bilingualId=-1), SelectedLanguage(id=65537, isUsed=true, engName=English, inputType=qwerty, activeOptionList=[auto_replace, auto_spacing, writing_assistant, prediction], bilingualId=-1)]) 
05-12 04:51:41.800 I/HBD     (12566): g updateSelectedLanguageCache is succeeded. English 
05-12 04:51:41.800 I/SurfaceFlinger( 1004): id=5301 Removed com.sec.android.app.launcher/com.sec.android.app.launcher.activities.LauncherActivity$_2350#5301 (137)
05-12 04:51:41.801 I/HBD     (12566): h writeToFile path : /data/user/0/com.samsung.android.honeyboard/files/selected.json 
05-12 04:51:41.801 I/HBD     (12566): h writeToFile json : {"version":"4.2","currentLanguageOrder":1,"selected":[{"activeOptionList":["auto_spacing","prediction"],"bilingualId":-1,"engName":"Korean","id":4521984,"inputType":"qwerty","isUsed":true},{"activeOptionList":["auto_replace","auto_spacing","writing_assistant","prediction"],"bilingualId":-1,"engName":"English","id":65537,"inputType":"qwerty","isUsed":true}]} 
05-12 04:51:41.801 E/CompositionEngine( 1004): [com.hyeni.calendar/com.hyeni.calendar.MainActivity$_9856#5319] Invalid device requested composition type change: Device (2) --> Device (2)
05-12 04:51:41.801 E/CompositionEngine( 1004): [Splash Screen com.hyeni.calendar$_1899#5313] Invalid device requested composition type change: Device (2) --> Device (2)
05-12 04:51:41.801 E/CompositionEngine( 1004): [StatusBar$_1899#103] Invalid device requested composition type change: Device (2) --> Device (2)
05-12 04:51:41.801 E/CompositionEngine( 1004): [com.sec.android.app.launcher/com.samsung.app.honeyspace.edge.edgepanel.app.CocktailBarService$_2350#5258] Invalid device requested composition type change: Device (2) --> Device (2)
05-12 04:51:41.801 E/CompositionEngine( 1004): [NavigationBar0$_1899#101] Invalid device requested composition type change: Device (2) --> Device (2)
05-12 04:51:41.801 E/CompositionEngine( 1004): [ScreenDecorHwcOverlay$_1899#107] Invalid device requested composition type change: DisplayDecoration (6) --> DisplayDecoration (6)
05-12 04:51:41.802 D/PkgPredictorService-SecIpmManagerServiceImpl( 1232): bg information pid:2350 uid:10153 pkgName:com.sec.android.app.launcher
05-12 04:51:41.803 I/HBD     (12566): h writeToFile complete 
05-12 04:51:41.803 I/HBD     (12566): h Write selected lang for DE  
05-12 04:51:41.803 I/HBD     (12566): h writeToFile path : /data/user_de/0/com.samsung.android.honeyboard/files/selected.json 
05-12 04:51:41.803 I/HBD     (12566): h writeToFile json : {"version":"4.2","currentLanguageOrder":1,"selected":[{"activeOptionList":["auto_spacing","prediction"],"bilingualId":-1,"engName":"Korean","id":4521984,"inputType":"qwerty","isUsed":true},{"activeOptionList":["auto_replace","auto_spacing","writing_assistant","prediction"],"bilingualId":-1,"engName":"English","id":65537,"inputType":"qwerty","isUsed":true}]} 
05-12 04:51:41.803 I/HBD     (12566): a [UpdatePolicy] [post] a: 31 cl: 65537 kit: [0/0] vt: 0 ir: 1 
05-12 04:51:41.803 D/BackgroundInstallControlService( 1232): Package event received: 0
05-12 04:51:41.804 I/HBD     (12566): HoneyBoardService [PF_OP][onStartInput]  29 ms 
05-12 04:51:41.804 I/InputMethodService(12566): scheduleImeSurfaceRemoval: removeImeSurface is posted.
05-12 04:51:41.805 I/WindowManager( 1232): Relayout Window{de42fa5 u0 Splash Screen com.hyeni.calendar}: viewVisibility=8 req=1080x2340 ty=3 d0
05-12 04:51:41.805 D/SurfaceComposerClient( 1232): setCornerRadius ## 886ce85 com.hyeni.calendar/com.hyeni.calendar.MainActivity#5318 cornerRadius=0.000000
05-12 04:51:41.805 D/SurfaceComposerClient( 1232): setCornerRadius ## de42fa5 Splash Screen com.hyeni.calendar#5312 cornerRadius=0.000000
05-12 04:51:41.805 D/SurfaceComposerClient( 1232): setCornerRadius ## 886ce85 com.hyeni.calendar/com.hyeni.calendar.MainActivity#5318 cornerRadius=0.000000
05-12 04:51:41.806 D/SGM:GameManager( 1232): identifyForegroundApp. com.hyeni.calendar, mCurrentUserId: 0, callerUserId: 0
05-12 04:51:41.806 D/SGM:SemGameManager( 1232): isForegroundGame(), ret=false
05-12 04:51:41.806 D/SGM:GameManager( 1232): identifyForegroundApp. com.hyeni.calendar, mCurrentUserId: 0, callerUserId: 0
05-12 04:51:41.806 D/SGM:SemGameManager( 1232): isForegroundGame(), ret=false
05-12 04:51:41.806 I/WindowManager( 1232): Relayout hash=de42fa5, pid=1899, syncId=-1: mAttrs={(0,0)(fillxfill) sim={adjust=pan} layoutInDisplayCutoutMode=always ty=APPLICATION_STARTING fmt=TRANSLUCENT wanim=0x1030306
05-12 04:51:41.806 I/WindowManager( 1232):   fl=81030118
05-12 04:51:41.806 I/WindowManager( 1232):   pfl=10000810
05-12 04:51:41.806 I/WindowManager( 1232):   apr=18
05-12 04:51:41.806 I/WindowManager( 1232):   bhv=1
05-12 04:51:41.806 I/WindowManager( 1232):   fitSides=0
05-12 04:51:41.806 I/WindowManager( 1232):   frameRateBoostOnTouch=true
05-12 04:51:41.806 I/WindowManager( 1232):   dvrrWindowFrameRateHint=true naviIconColor=0}
05-12 04:51:41.807 I/VRI[calendar]@148004c( 1899): onActiveControlsChanged, removed=false, mAdded=true, caller=android.view.ViewRootImpl.handleInsetsControlChanged:3002 android.view.ViewRootImpl.relayoutWindow:11629 android.view.ViewRootImpl.performTraversals:4804 android.view.ViewRootImpl.doTraversal:3924 android.view.ViewRootImpl$TraversalRunnable.run:12903 
05-12 04:51:41.807 D/KNOX_MDM_SettingsProvider( 1232): isChangeAllowed() : name = enabled_input_methods
05-12 04:51:41.807 D/KNOX_MDM_SettingsProvider( 1232): edmUri: content://com.sec.knox.provider/RestrictionPolicy3
05-12 04:51:41.807 D/KNOX_MDM_SettingsProvider( 1232): projectionArgs: isSettingsChangesAllowed
05-12 04:51:41.807 D/KNOX_MDM_SettingsProvider( 1232): selectionArgs: false
05-12 04:51:41.807 D/KNOX_MDM_SettingsProvider( 1232): selectionArgs: 10208
05-12 04:51:41.807 D/SecContentProvider( 1232): query(), uri = 17 selection = isSettingsChangesAllowed
05-12 04:51:41.807 D/SecContentProvider( 1232): called from android.uid.honeyboard:10208
05-12 04:51:41.807 I/WALLPAPER_SVC:SemWallpaperManagerService( 1232): isHomeActivityVisible : false 
05-12 04:51:41.807 D/WALLPAPER_SVC:WallpaperData( 1232): getWallpaperFile: file = /data/system/users/0/wallpaper_orig 
05-12 04:51:41.807 D/WALLPAPER_SVC:WallpaperData( 1232): getWallpaperFile: file = /data/system/users/0/wallpaper_orig 
05-12 04:51:41.807 D/WALLPAPER_SVC:WallpaperManagerService( 1232): dispatchHomeVisibilityChanged: visible = false, connection = com.android.server.wallpaper.WallpaperManagerService$WallpaperConnection@bfc714, systemWallpaper = WallpaperData@4575a64, id: 2, which: 5, file mod: 0, info: null, engine(s): Proxy@9c8f075, type = 0, userId = 0, uri= android.resource://com.samsung.android.wallpaper.res/drawable/Wallpaper_001.png, allowBackup= false, wallpaperComponent = ComponentInfo{com.android.systemui/com.android.systemui.wallpapers.ImageWallpaper}, nextWallpaperComponent = ComponentInfo{com.android.systemui/com.android.systemui.wallpapers.ImageWallpaper} 
05-12 04:51:41.807 I/VRI[calendar]@148004c( 1899): Relayout returned: old=(0,0,1080,2340) new=(0,0,1080,2340) relayoutAsync=false req=(1080,2340)8 dur=3 res=0x2 s={false 0x0} ch=true seqId=0
05-12 04:51:41.807 D/VRI[calendar]@148004c( 1899): Not drawing due to not visible. Reason=View.GONE
05-12 04:51:41.808 D/RestrictionPolicy( 1232): isSettingsChangesAllowedAsUser, userId 0 : true
05-12 04:51:41.808 I/VRI[calendar]@148004c( 1899): dispatchDetachedFromWindow
05-12 04:51:41.808 I/SurfaceFlinger( 1004): destroyed com.sec.android.app.launcher/com.sec.android.app.launcher.activities.LauncherActivity$_2350#5301
05-12 04:51:41.808 I/Layer   ( 1004): id=5301 Destroyed com.sec.android.app.launcher/com.sec.android.app.launcher.activities.LauncherActivity$_2350#5301
05-12 04:51:41.809 D/SystemUIService( 1899): SYSUI_RAM_OPTIMIZATION onTrimMemory=20
05-12 04:51:41.809 D/CentralSurfaces( 1899): SYSUI_RAM_OPTIMIZATION onTrimMemory=20
05-12 04:51:41.809 D/HWUI    ( 1899): CacheManager::trimMemory(20)
05-12 04:51:41.810 D/KNOX_MDM_SettingsProvider( 1232): ret = 1
05-12 04:51:41.810 D/WindowManager( 1232): Starting window removed Window{de42fa5 u0 Splash Screen com.hyeni.calendar}
05-12 04:51:41.810 I/WindowManager( 1232): Cancelling animation restarting=false, leash=Surface(name=Surface(name=886ce85 com.hyeni.calendar/com.hyeni.calendar.MainActivity)/@0xabb983a - animation-leash of starting_reveal)/@0xd146a48
05-12 04:51:41.810 I/WindowManager( 1232): Reparenting to original parent: Surface(name=ActivityRecord{235933493 u0 com.hyeni.calendar/.MainActivity t118})/@0x11daceb, destroy=false, surface=Surface(name=886ce85 com.hyeni.calendar/com.hyeni.calendar.MainActivity)/@0xabb983a
05-12 04:51:41.810 D/InputTransport( 1232): Input channel destroyed: 'de42fa5', fd=1057
05-12 04:51:41.810 V/WindowManager( 1232): Remove Window{de42fa5 u0 Splash Screen com.hyeni.calendar}: mSurfaceControl=Surface(name=Splash Screen com.hyeni.calendar$_1899)/@0xd8440bc mAnimatingExit=false mRemoveOnExit=false mHasSurface=true surfaceShowing=false animating=false app-animation=false callers=com.android.server.wm.Session.remove:16 android.view.IWindowSession$Stub.onTransact:804 com.android.server.wm.Session.onTransact:1 android.os.Binder.execTransactInternal:1462 android.os.Binder.execTransact:1401 <bottom of call stack> 
05-12 04:51:41.810 I/SAMSUNGWALLET( 8990): [Hint_ProcessStatusChange] fg Change, pid : 9856 , isNotify : true , isForeground : true , fg list : [9856, 2350]
05-12 04:51:41.811 D/KNOX_MDM_SettingsProvider( 1232): isChangeAllowed() : name = enabled_input_methods
05-12 04:51:41.811 D/KNOX_MDM_SettingsProvider( 1232): edmUri: content://com.sec.knox.provider/RestrictionPolicy3
05-12 04:51:41.811 D/KNOX_MDM_SettingsProvider( 1232): projectionArgs: isSettingsChangesAllowed
05-12 04:51:41.811 D/KNOX_MDM_SettingsProvider( 1232): selectionArgs: false
05-12 04:51:41.811 D/KNOX_MDM_SettingsProvider( 1232): selectionArgs: 10208
05-12 04:51:41.811 D/SurfaceComposerClient( 1232): setCornerRadius ## 886ce85 com.hyeni.calendar/com.hyeni.calendar.MainActivity#5318 cornerRadius=0.000000
05-12 04:51:41.811 I/SAMSUNGWALLET( 8990): [Hint_ProcessStatusChange] fg Change, pid : 2350 , isNotify : true , isForeground : false , fg list : [9856]
05-12 04:51:41.811 D/SecContentProvider( 1232): query(), uri = 17 selection = isSettingsChangesAllowed
05-12 04:51:41.811 D/SecContentProvider( 1232): called from android.uid.honeyboard:10208
05-12 04:51:41.811 D/RestrictionPolicy( 1232): isSettingsChangesAllowedAsUser, userId 0 : true
05-12 04:51:41.811 D/KNOX_MDM_SettingsProvider( 1232): ret = 1
05-12 04:51:41.811 D/SurfaceComposerClient( 1232): setCornerRadius ## 886ce85 com.hyeni.calendar/com.hyeni.calendar.MainActivity#5318 cornerRadius=0.000000
05-12 04:51:41.811 D/InputTransport( 1899): Input channel destroyed: 'de42fa5', fd=472
05-12 04:51:41.811 I/CameraService( 1096): onUidStateChanged: uid=10055, procState is changed. (1 -> 0)
05-12 04:51:41.812 D/KNOX_MDM_SettingsProvider( 1232): isChangeAllowed() : name = default_input_method
05-12 04:51:41.812 D/KNOX_MDM_SettingsProvider( 1232): edmUri: content://com.sec.knox.provider/RestrictionPolicy3
05-12 04:51:41.812 D/KNOX_MDM_SettingsProvider( 1232): projectionArgs: isSettingsChangesAllowed
05-12 04:51:41.812 D/KNOX_MDM_SettingsProvider( 1232): selectionArgs: false
05-12 04:51:41.812 D/KNOX_MDM_SettingsProvider( 1232): selectionArgs: 10208
05-12 04:51:41.812 D/SecContentProvider( 1232): query(), uri = 17 selection = isSettingsChangesAllowed
05-12 04:51:41.812 D/SecContentProvider( 1232): called from android.uid.honeyboard:10208
05-12 04:51:41.812 D/RestrictionPolicy( 1232): isSettingsChangesAllowedAsUser, userId 0 : true
05-12 04:51:41.812 D/KNOX_MDM_SettingsProvider( 1232): ret = 1
05-12 04:51:41.813 I/HBD     (12566): p updated Sub Types. English 
05-12 04:51:41.814 I/HBD     (12566): h writeToFile complete 
05-12 04:51:41.815 D/KNOX_MDM_SettingsProvider( 1232): isChangeAllowed() : name = default_input_method
05-12 04:51:41.815 D/KNOX_MDM_SettingsProvider( 1232): edmUri: content://com.sec.knox.provider/RestrictionPolicy3
05-12 04:51:41.815 D/KNOX_MDM_SettingsProvider( 1232): projectionArgs: isSettingsChangesAllowed
05-12 04:51:41.815 D/KNOX_MDM_SettingsProvider( 1232): selectionArgs: false
05-12 04:51:41.815 D/KNOX_MDM_SettingsProvider( 1232): selectionArgs: 10208
05-12 04:51:41.815 D/SecContentProvider( 1232): query(), uri = 17 selection = isSettingsChangesAllowed
05-12 04:51:41.815 D/SecContentProvider( 1232): called from android.uid.honeyboard:10208
05-12 04:51:41.815 D/RestrictionPolicy( 1232): isSettingsChangesAllowedAsUser, userId 0 : true
05-12 04:51:41.815 D/KNOX_MDM_SettingsProvider( 1232): ret = 1
05-12 04:51:41.815 I/HBD     (12566): h Write selected lang for DE  
05-12 04:51:41.815 I/HBD     (12566): h writeToFile path : /data/user_de/0/com.samsung.android.honeyboard/files/selected.json 
05-12 04:51:41.815 I/HBD     (12566): h writeToFile json : {"version":"4.2","currentLanguageOrder":1,"selected":[{"activeOptionList":["auto_spacing","prediction"],"bilingualId":-1,"engName":"Korean","id":4521984,"inputType":"qwerty","isUsed":true},{"activeOptionList":["auto_replace","auto_spacing","writing_assistant","prediction"],"bilingualId":-1,"engName":"English","id":65537,"inputType":"qwerty","isUsed":true}]} 
05-12 04:51:41.815 I/HBD     (12566): p updated Sub Types. English 
05-12 04:51:41.815 I/HoneySpace.LauncherProvider( 2350): call - com.samsung.android.spay, get_rotation_state, null
05-12 04:51:41.815 I/HoneySpace.ExternalMethodItem( 2350): updateRefsItemsByEntryPoints. HoneySpaceInfo(name=OneUI, displayId=0)
05-12 04:51:41.816 I/HBD     (12566): a InputMethodSubtype is set as local:en_US 
05-12 04:51:41.817 I/SurfaceFlinger( 1004): RequestedLayer [Splash Screen com.hyeni.calendar$_1899#5313] hidden!! flag  from(0) --> to(1)
05-12 04:51:41.817 D/FreecessController( 1232): restrictJobsByOlaf: restrict=false, uid=-1
05-12 04:51:41.818 I/InputMethodManagerService( 1232): subtype state: oldSubtype = android.view.inputmethod.InputMethodSubtype@10001 newSubtype = android.view.inputmethod.InputMethodSubtype@10001 force = false, intent received : false
05-12 04:51:41.818 I/HBD     (12566): a InputMethodSubtype is set as local:en_US 
05-12 04:51:41.818 I/SAMSUNGWALLET( 8990): [Hint_IntroHintService] mIsLauncherPortraitOnlyMode: true, mIsUserLock: false
05-12 04:51:41.820 I/SAMSUNGWALLET( 8990): [Hint_SimpleHintProcessMonitor] isHomePackageRunning topPkgName = com.hyeni.calendar, topClsName = com.hyeni.calendar.MainActivity, return false , se : false
05-12 04:51:41.821 I/SAMSUNGWALLET( 8990): [Hint_IntroHintService] Hint Status - already invisible, skip hide : [4000000] - Home Package Not Running
05-12 04:51:41.821 E/CompositionEngine( 1004): [com.hyeni.calendar/com.hyeni.calendar.MainActivity$_9856#5319] Invalid device requested composition type change: Device (2) --> Device (2)
05-12 04:51:41.821 E/CompositionEngine( 1004): [StatusBar$_1899#103] Invalid device requested composition type change: Device (2) --> Device (2)
05-12 04:51:41.821 E/CompositionEngine( 1004): [com.sec.android.app.launcher/com.samsung.app.honeyspace.edge.edgepanel.app.CocktailBarService$_2350#5258] Invalid device requested composition type change: Device (2) --> Device (2)
05-12 04:51:41.821 E/CompositionEngine( 1004): [NavigationBar0$_1899#101] Invalid device requested composition type change: Device (2) --> Device (2)
05-12 04:51:41.821 E/CompositionEngine( 1004): [ScreenDecorHwcOverlay$_1899#107] Invalid device requested composition type change: DisplayDecoration (6) --> DisplayDecoration (6)
05-12 04:51:41.821 I/HBD     (12566): h writeToFile complete 
05-12 04:51:41.821 D/SurfaceComposerClient( 1232): setCornerRadius ## 886ce85 com.hyeni.calendar/com.hyeni.calendar.MainActivity#5318 cornerRadius=0.000000
05-12 04:51:41.821 I/HoneySpace.LauncherProvider( 2350): call - com.samsung.android.spay, get_rotation_state, null
05-12 04:51:41.821 I/HoneySpace.ExternalMethodItem( 2350): updateRefsItemsByEntryPoints. HoneySpaceInfo(name=OneUI, displayId=0)
05-12 04:51:41.822 I/SAMSUNGWALLET( 8990): [Hint_IntroHintService] mIsLauncherPortraitOnlyMode: true, mIsUserLock: false
05-12 04:51:41.822 E/AtomicFile(12566): Failed to rename /data/user_de/0/com.samsung.android.honeyboard/files/selected.json.new to /data/user_de/0/com.samsung.android.honeyboard/files/selected.json
05-12 04:51:41.822 I/HBD     (12566): h writeToFile complete 
05-12 04:51:41.823 I/InputMethodManagerService( 1232): subtype state: oldSubtype = android.view.inputmethod.InputMethodSubtype@10001 newSubtype = android.view.inputmethod.InputMethodSubtype@10001 force = false, intent received : false
05-12 04:51:41.823 D/OlafRestriction( 1232):  olaf state update: state=false
05-12 04:51:41.823 D/OlafRestriction( 1232):  sending trigger onRestrictionStateChanged msg.
05-12 04:51:41.823 I/SAMSUNGWALLET( 8990): [Hint_SimpleHintProcessMonitor] isHomePackageRunning topPkgName = com.hyeni.calendar, topClsName = com.hyeni.calendar.MainActivity, return false , se : false
05-12 04:51:41.824 I/SAMSUNGWALLET( 8990): [Hint_IntroHintService] Hint Status - already invisible, skip hide : [4000000] - Home Package Not Running
05-12 04:51:41.824 D/SurfaceFlinger( 1004): Display 4633128672291735939 HWC layers:
05-12 04:51:41.824 D/SurfaceFlinger( 1004):        DEVICE |           42331197669378 | 00002102 | RGBA_8888    |    0.0    0.0 1080.0 2339.0 |    0    1 1080 2340 | com.hyeni.calendar/com.hyeni.calendar.MainActivity$_9856#5319 (2)
05-12 04:51:41.824 D/SurfaceFlinger( 1004):        DEVICE |            8156142970175 | 00002100 | RGBA_8888    |    0.0    0.0 1080.0   89.0 |    0    0 1080   89 | StatusBar$_1899#103 (17457)
05-12 04:51:41.824 D/SurfaceFlinger( 1004):        DEVICE |           10093173146846 | 00002100 | RGBA_8888    |    0.0    0.0   67.0  342.0 | 1013  438 1080  780 | com.sec.android.app.launcher/com.sam[...]el.app.CocktailBarService$_2350#5258 (1)
05-12 04:51:41.824 D/SurfaceFlinger( 1004):        DEVICE |            8156142970172 | 00002100 | RGBA_8888    |    0.0    0.0 1080.0  135.0 |    0 2205 1080 2340 | NavigationBar0$_1899#101 (8674)
05-12 04:51:41.824 D/SurfaceFlinger( 1004):  DISPLAY_DECO |            8156142969894 | 00002340 | 0x0000038    |    0.0    0.0 1080.0 2340.0 |    0    0 1080 2340 | ScreenDecorHwcOverlay$_1899#107 (19)
05-12 04:51:41.824 D/SurfaceFlinger( 1004): 
05-12 04:51:41.825 I/SurfaceFlinger( 1004): [Display 0 name="기본으로 제공되는 화면"#49] setFrameRateCategory: Default
05-12 04:51:41.825 I/SurfaceFlinger( 1004): [LayerHierarchy{RequestedLayerState{ImeContainer#15 parentId=5311 relativeParentId=5318 z=1} 1 children}] RelativeParent to LayerHierarchy{RequestedLayerState{886ce85 com.hyeni.calendar/com.hyeni.calendar.MainActivity#5318 parentId=5311} 2 children}
05-12 04:51:41.825 I/SurfaceFlinger( 1004): [LayerHierarchy{RequestedLayerState{Surface(name=886ce85 com.hyeni.calendar/com.hyeni.calendar.MainActivity)/@0xabb983a - animation-leash of starting_reveal#5322} 1 children}] reparent to OffscreenRoot
05-12 04:51:41.825 I/SurfaceFlinger( 1004): [LayerHierarchy{RequestedLayerState{Surface(name=886ce85 com.hyeni.calendar/com.hyeni.calendar.MainActivity)/@0xabb983a - animation-leash of starting_reveal#5322} 1 children}] RelativeParent to null
05-12 04:51:41.825 I/SurfaceFlinger( 1004): [LayerHierarchy{RequestedLayerState{de42fa5 Splash Screen com.hyeni.calendar#5312 z=2147483647} 1 children}] reparent to OffscreenRoot
05-12 04:51:41.825 I/SurfaceFlinger( 1004): [LayerHierarchy{RequestedLayerState{de42fa5 Splash Screen com.hyeni.calendar#5312 z=2147483647} 1 children}] RelativeParent to null
05-12 04:51:41.825 I/SurfaceFlinger( 1004): [LayerHierarchy{RequestedLayerState{Splash Screen com.hyeni.calendar$_1899#5313} no children}] reparent to OffscreenRoot
05-12 04:51:41.825 I/SurfaceFlinger( 1004): [LayerHierarchy{RequestedLayerState{Splash Screen com.hyeni.calendar$_1899#5313} no children}] RelativeParent to null
05-12 04:51:41.825 I/SurfaceFlinger( 1004): [LayerHierarchy{RequestedLayerState{886ce85 com.hyeni.calendar/com.hyeni.calendar.MainActivity#5318 parentId=5311} 2 children}] reparent to LayerHierarchy{RequestedLayerState{ActivityRecord{235933493 u0 com.hyeni.calendar/.MainActivity t118}#5311 parentId=5310} 3 children}
05-12 04:51:41.827 I/SurfaceFlinger( 1004): id=5313 Removed Splash Screen com.hyeni.calendar$_1899#5313 (136)
05-12 04:51:41.827 I/SurfaceFlinger( 1004): id=5312 Removed de42fa5 Splash Screen com.hyeni.calendar#5312 (136)
05-12 04:51:41.828 I/DisplayDeviceRepository( 1232): Display device changed render timings: "기본으로 제공되는 화면", renderFrameRate=120.00001, presentationDeadlineNanos=9333333, appVsyncOffsetNanos=8333333, frameRateOverrides=[]
05-12 04:51:41.828 E/CompositionEngine( 1004): [com.hyeni.calendar/com.hyeni.calendar.MainActivity$_9856#5319] Invalid device requested composition type change: Device (2) --> Device (2)
05-12 04:51:41.829 E/CompositionEngine( 1004): [StatusBar$_1899#103] Invalid device requested composition type change: Device (2) --> Device (2)
05-12 04:51:41.829 E/CompositionEngine( 1004): [com.sec.android.app.launcher/com.samsung.app.honeyspace.edge.edgepanel.app.CocktailBarService$_2350#5258] Invalid device requested composition type change: Device (2) --> Device (2)
05-12 04:51:41.829 E/CompositionEngine( 1004): [NavigationBar0$_1899#101] Invalid device requested composition type change: Device (2) --> Device (2)
05-12 04:51:41.829 E/CompositionEngine( 1004): [ScreenDecorHwcOverlay$_1899#107] Invalid device requested composition type change: DisplayDecoration (6) --> DisplayDecoration (6)
05-12 04:51:41.829 D/SurfaceComposerClient( 1232): setCornerRadius ## 886ce85 com.hyeni.calendar/com.hyeni.calendar.MainActivity#5318 cornerRadius=0.000000
05-12 04:51:41.831 I/HoneySpace.Memory-Monitor( 2350): current state = 2, didTrim = false
05-12 04:51:41.832 D/DisplayLifecycle( 1899): updateDisplay id = 0
05-12 04:51:41.832 D/WifiDisplayAdapter( 1232): isFitToActiveDisplayLocked : false
05-12 04:51:41.832 D/StackScroller( 1899): onDisplayChanged for predraw skip to 2
05-12 04:51:41.833 I/SurfaceFlinger( 1004): destroyed de42fa5 Splash Screen com.hyeni.calendar#5312
05-12 04:51:41.833 I/SurfaceFlinger( 1004): destroyed Splash Screen com.hyeni.calendar$_1899#5313
05-12 04:51:41.835 I/Layer   ( 1004): id=5312 Destroyed de42fa5 Splash Screen com.hyeni.calendar#5312
05-12 04:51:41.835 I/Layer   ( 1004): id=5313 Destroyed Splash Screen com.hyeni.calendar$_1899#5313
05-12 04:51:41.851 W/VideoCapabilities( 9856): Unrecognized profile/level 32768/256 for video/mp4v-es
05-12 04:51:41.862 I/HBD     (12566): j [SKE_SPECIFIC] specific model[com.hyeni.calendar] loaded, 57939063 ns
05-12 04:51:41.932 D/MdnieScenarioControlService( 1232):  packageName : com.hyeni.calendar    className : com.hyeni.calendar.MainActivity
05-12 04:51:41.933 V/MdnieScenarioControlService( 1232): setUIMode from UI function(3)
05-12 04:51:41.970 D/Capacitor( 9856): Handling local request: https://localhost/assets/calendar-check-5zZ0XQQv.webp
05-12 04:51:41.970 D/Capacitor( 9856): Handling local request: https://localhost/assets/pin-DKPNiecP.webp
05-12 04:51:41.971 D/Capacitor( 9856): Handling local request: https://localhost/assets/heart-D_rW6xiR.webp
05-12 04:51:41.972 D/Capacitor( 9856): Handling local request: https://localhost/assets/shield-BiPIS7w6.webp
05-12 04:51:41.973 D/Capacitor( 9856): Handling local request: https://localhost/assets/wave-Blu8zcB0.webp
05-12 04:51:41.975 D/Capacitor( 9856): Handling local request: https://localhost/fonts/PretendardVariable.woff2
05-12 04:51:41.979 D/Capacitor( 9856): Handling local request: https://localhost/assets/bell-DQy5TvPD.webp
05-12 04:51:41.980 D/Capacitor( 9856): Handling local request: https://localhost/assets/wink-star-Cz6eFUfX.webp
05-12 04:51:41.986 I/View    ( 9856): setRequestedFrameRate frameRate=-4.0, this=com.getcapacitor.CapacitorWebView{76845b5 VFEDHVC.. .F...... 0,0-1080,2340 #7f080172 app:id/webview aid=1073741824}, caller=android.view.ViewGroup.setRequestedFrameRate:9952 WV.zf.p:1 WV.zg.h:117 WV.zg.onDraw:7 com.android.webview.chromium.WebViewChromium.onDraw:19 
05-12 04:51:41.994 I/View    ( 9856): setRequestedFrameRate frameRate=-4.0, this=com.getcapacitor.CapacitorWebView{76845b5 VFEDHVC.. .F...... 0,0-1080,2340 #7f080172 app:id/webview aid=1073741824}, caller=android.view.ViewGroup.setRequestedFrameRate:9952 WV.zf.p:1 WV.zg.h:117 WV.zg.onDraw:7 com.android.webview.chromium.WebViewChromium.onDraw:19 
05-12 04:51:42.008 I/Capacitor/Console( 9856): File:  - Line 349 - Msg: [object Object]
05-12 04:51:42.011 V/Capacitor/Plugin( 9856): To native (Capacitor plugin): callbackId: 30547690, pluginId: NativeNotification, methodName: getDeliveryHealth
05-12 04:51:42.011 V/Capacitor( 9856): callback: 30547690, pluginId: NativeNotification, methodName: getDeliveryHealth, methodData: {}
05-12 04:51:42.018 D/Capacitor( 9856): Handling local request: https://localhost/assets/index-2HqcqFSb.js
05-12 04:51:42.018 D/Capacitor( 9856): Handling local request: https://localhost/assets/index-edzYRGDj.js
05-12 04:51:42.020 D/Capacitor( 9856): Handling local request: https://localhost/icon-192.png
05-12 04:51:42.026 D/NetdEventListenerService( 1232): DNS Requested by 124, 10340(com.hyeni.calendar), SUCCESS, 10ms
05-12 04:51:42.034 V/MdnieScenarioControlService( 1232): mAclOffEnabled : false
05-12 04:51:42.071 I/HYPER-HAL(  935): [RequestManager.cpp]releaseLocked(): Released ID : 780642
05-12 04:51:42.095 I/View    ( 9856): setRequestedFrameRate frameRate=-4.0, this=com.getcapacitor.CapacitorWebView{76845b5 VFEDHVC.. .F...... 0,0-1080,2340 #7f080172 app:id/webview aid=1073741824}, caller=android.view.ViewGroup.setRequestedFrameRate:9952 WV.zf.p:1 WV.zg.h:117 WV.zg.onDraw:7 com.android.webview.chromium.WebViewChromium.onDraw:19 
05-12 04:51:42.098 I/Capacitor/Console( 9856): File:  - Line 333 - Msg: {"notificationsEnabled":false,"postPermissionGranted":false,"batteryOptimizationsIgnored":true,"powerSaveMode":false,"backgroundRestricted":false,"fullScreenIntentAllowed":true,"exactAlarmAllowed":true,"channelsEnabled":true,"recordAudioGranted":false,"remoteListenChannelEnabled":true,"remoteListenChannelImportance":3,"remoteListenChannelBlocked":false,"ringerMode":"vibrate","dndMode":"all","dndAccess":false,"networkConnected":true,"networkValidated":true,"screenInteractive":true,"keyguardLocked":false,"screenWidthDp":384,"screenHeightDp":832,"smallestScreenWidthDp":384,"foldState":"not_foldable_or_unknown","locationServiceRunning":false,"sdkInt":36,"manufacturer":"samsung","model":"SM-A556S","ready":false}
05-12 04:51:42.099 I/Capacitor/Console( 9856): File:  - Line 349 - Msg: [object Object]
05-12 04:51:42.100 V/Capacitor/Plugin( 9856): To native (Capacitor plugin): callbackId: 30547691, pluginId: BackgroundLocation, methodName: checkBackgroundLocationPermission
05-12 04:51:42.101 V/Capacitor( 9856): callback: 30547691, pluginId: BackgroundLocation, methodName: checkBackgroundLocationPermission, methodData: {}
05-12 04:51:42.104 I/View    ( 9856): setRequestedFrameRate frameRate=-4.0, this=com.getcapacitor.CapacitorWebView{76845b5 VFEDHVC.. .F...... 0,0-1080,2340 #7f080172 app:id/webview aid=1073741824}, caller=android.view.ViewGroup.setRequestedFrameRate:9952 WV.zf.p:1 WV.zg.h:117 WV.zg.onDraw:7 com.android.webview.chromium.WebViewChromium.onDraw:19 
05-12 04:51:42.123 D/Capacitor( 9856): Handling local request: https://localhost/assets/phone-B2tmM6ZO.webp
05-12 04:51:42.128 I/GSC     ( 9856): SID[2] : 1d1782a995a51dd4, Kind: 1, time : 20.262 ms
05-12 04:51:42.132 I/GSC     ( 9856): SID[3] : 8a6cb1fc81d79626, Kind: 0, time : 4.106 ms
05-12 04:51:42.138 D/NetdEventListenerService( 1232): DNS Requested by 124, 10340(com.hyeni.calendar), SUCCESS, 8ms
05-12 04:51:42.147 I/GSC     ( 9856): SID[4] : c44c6cfafd8b3dd1, Kind: 1, time : 11.847 ms
05-12 04:51:42.151 I/GSC     ( 9856): SID[5] : dad13e2c817516ae, Kind: 0, time : 3.752 ms
05-12 04:51:42.159 I/GSC     ( 9856): SID[6] : c8c3a8dcc9a0092a, Kind: 1, time : 5.299 ms
05-12 04:51:42.163 I/GSC     ( 9856): SID[7] : b4c091041020a72a, Kind: 0, time : 3.798 ms
05-12 04:51:42.178 I/GSC     ( 9856): SID[8] : 81c83a05ac4497c3, Kind: 1, time : 5.186 ms
05-12 04:51:42.181 I/GSC     ( 9856): SID[9] : b4c091041020a72a, Kind: 0, time : 3.655 ms
05-12 04:51:42.185 I/GSC     ( 9856): SID[10] : 4c39f02526c3f2f3, Kind: 1, time : 2.024 ms
05-12 04:51:42.188 I/GSC     ( 9856): SID[11] : e37a5a82d5e361e5, Kind: 0, time : 3.233 ms
05-12 04:51:42.192 I/GSC     ( 9856): SID[12] : 15a3807a0032bcfb, Kind: 1, time : 1.922 ms
05-12 04:51:42.195 I/GSC     ( 9856): SID[13] : 153968347bee9a34, Kind: 0, time : 3.368 ms
05-12 04:51:42.202 I/HYPER-HAL(  935): [RequestManager.cpp]releaseLocked(): Released ID : 779392
05-12 04:51:42.210 I/GSC     ( 9856): SID[14] : 65309fa95711b524, Kind: 1, time : 11.796 ms
05-12 04:51:42.213 I/GSC     ( 9856): SID[15] : 37ae6dcb91c52636, Kind: 0, time : 3.526 ms
05-12 04:51:42.227 I/GSC     ( 9856): SID[16] : 0d90abf66502c06e, Kind: 1, time : 11.710 ms
05-12 04:51:42.231 I/GSC     ( 9856): SID[17] : 2841bfcbb0a1c40e, Kind: 1, time : 2.083 ms
05-12 04:51:42.234 I/GSC     ( 9856): SID[18] : eada809c03a4d6fe, Kind: 0, time : 3.328 ms
05-12 04:51:42.239 I/GSC     ( 9856): SID[19] : 615d609985376f82, Kind: 1, time : 3.386 ms
05-12 04:51:42.243 I/GSC     ( 9856): SID[20] : e7c98641c630a9fd, Kind: 0, time : 3.869 ms
05-12 04:51:42.247 D/DisplayModeController( 1004): setDesiredMode 4633128672291735939 {mode={fps=60.00 Hz, modePtr={id=1, vsyncRate=60.00 Hz, peakRefreshRate=60.00 Hz}}, emitEvent=false, force=false}
05-12 04:51:42.250 I/LayerHistory( 1004): com.hyeni.calendar/com.hyeni.calendar.MainActivity$_9856#5319 Max (can't resolve refresh rate)
05-12 04:51:42.250 I/LayerHistory( 1004): NavigationBar0$_1899#101 Max (can't resolve refresh rate)
05-12 04:51:42.250 I/LayerHistory( 1004): StatusBar$_1899#103 voted NoVote (0.00 Hz)
05-12 04:51:42.250 I/SurfaceFlinger( 1004): Idle - choose 60.00 Hz
05-12 04:51:42.251 I/GSC     ( 9856): SID[21] : 8f761582afd7ce82, Kind: 1, time : 5.386 ms
05-12 04:51:42.251 I/HWComposer( 1004): [4633128672291735939] ActiveConfigToHWC, ID : 3
05-12 04:51:42.252 I/VSyncReactor( 1004): Current= 120, Period= 60, hwcPeriod= 120
05-12 04:51:42.255 I/display (  932): Current VRR MODE is 3
05-12 04:51:42.255 I/display (  932): setActiveConfigWithConstraints:: HFR match - config: 4, base: 3, try: 0
05-12 04:51:42.255 I/display (  932): setActiveConfigWithConstraints::update 1080x2340@60phs
05-12 04:51:42.255 I/GSC     ( 9856): SID[22] : a2e7033dbafecb16, Kind: 0, time : 4.125 ms
05-12 04:51:42.258 I/GSC     ( 9856): SID[23] : fa9274288ddb753f, Kind: 1, time : 2.393 ms
05-12 04:51:42.262 I/GSC     ( 9856): SID[24] : 4550eda5755fea7c, Kind: 0, time : 3.555 ms
05-12 04:51:42.269 I/VSyncReactor( 1004): Current= 120, Period= 60, hwcPeriod= 60
05-12 04:51:42.269 D/SurfaceFlinger( 1004): GPIS:: requestGpisForSFSluggish
05-12 04:51:42.270 I/SurfaceFlinger( 1004): finalizeDisplayModeChange 4633128672291735939
05-12 04:51:42.271 I/GSC     ( 9856): SID[25] : 31e3c979372101ba, Kind: 1, time : 1.859 ms
05-12 04:51:42.272 E/CompositionEngine( 1004): [com.hyeni.calendar/com.hyeni.calendar.MainActivity$_9856#5319] Invalid device requested composition type change: Device (2) --> Device (2)
05-12 04:51:42.273 E/CompositionEngine( 1004): [StatusBar$_1899#103] Invalid device requested composition type change: Device (2) --> Device (2)
05-12 04:51:42.273 E/CompositionEngine( 1004): [com.sec.android.app.launcher/com.samsung.app.honeyspace.edge.edgepanel.app.CocktailBarService$_2350#5258] Invalid device requested composition type change: Device (2) --> Device (2)
05-12 04:51:42.273 E/CompositionEngine( 1004): [NavigationBar0$_1899#101] Invalid device requested composition type change: Device (2) --> Device (2)
05-12 04:51:42.273 E/CompositionEngine( 1004): [ScreenDecorHwcOverlay$_1899#107] Invalid device requested composition type change: DisplayDecoration (6) --> DisplayDecoration (6)
05-12 04:51:42.274 I/GSC     ( 9856): SID[26] : c81262e58123a1ef, Kind: 0, time : 2.981 ms
05-12 04:51:42.274 I/SemDvfsHyPerManager( 3129): acquire hyper - TABaseBoost/3129@22, type = -999
05-12 04:51:42.276 I/HYPER-HAL(  935): [RequestManager.cpp]acquire(): Acquired ID : 4965998  [3129 / 22]    HINT :      list : [TABoost / 1] 
05-12 04:51:42.276 D/SGM:GameManager( 1232): identifyForegroundApp. com.hyeni.calendar, mCurrentUserId: 0, callerUserId: 0
05-12 04:51:42.277 D/SGM:SemGameManager( 1232): isForegroundGame(), ret=false
05-12 04:51:42.277 D/SemInputDeviceManager( 1232): setProperty: (0) CMD,GRIP_DATA,1,45,7,15,702
05-12 04:51:42.277 D/TspStateManager( 1232): wrote command: cmd=1,45,7,15,702, type=1
05-12 04:51:42.278 I/GSC     ( 9856): SID[27] : 9b693a7d5e7358ca, Kind: 1, time : 2.003 ms
05-12 04:51:42.278 D/SemInputDevice:TSP( 1232): SetPropertyTask: CMD,set_grip_data,1,45,7,15,702 [05-12 04:51:42.277]
05-12 04:51:42.281 I/GSC     ( 9856): SID[28] : ee03100194aaaeb8, Kind: 0, time : 3.600 ms
05-12 04:51:42.299 I/GSC     ( 9856): SID[29] : 3988124e220dfe5a, Kind: 1, time : 14.758 ms
05-12 04:51:42.303 I/GSC     ( 9856): SID[30] : 4c41845459296a64, Kind: 0, time : 3.842 ms
05-12 04:51:42.305 I/InputMethodService(12566): removeImeSurface
05-12 04:51:42.305 I/InputMethodService(12566): cancelImeSurfaceRemoval: removeCallbacks
05-12 04:51:42.307 I/GSC     ( 9856): SID[31] : a0254cf9e506cc4f, Kind: 1, time : 2.841 ms
05-12 04:51:42.309 I/sysinput:aidl(  954): onReportInformation:91, 1, cmd@set_grip_data,1,45,7,15,70
05-12 04:51:42.311 D/SysinputHAL_AIDL( 1232): setProperty(TSP(1)): CMD, set_grip_data,1,45,7,15,702 ret=0
05-12 04:51:42.311 I/GSC     ( 9856): SID[32] : 556fc424ef4d4c1f, Kind: 0, time : 3.548 ms
05-12 04:51:42.311 I/sysinput:Touch1(  954): operator():233, OK
05-12 04:51:42.319 I/GSC     ( 9856): SID[33] : 508d410a0aa868cf, Kind: 1, time : 2.535 ms
05-12 04:51:42.322 I/GSC     ( 9856): SID[34] : e37a5a82d5e361e5, Kind: 0, time : 3.522 ms
05-12 04:51:42.332 D/io_stats(  659): !@   8,0 r 3176017 101496400 w 2823469 73414584 d 742267 157144764 f 436487 343680 iot 3834008 0 th 0 0 0 pt 0 inp 0 0 906577.619
05-12 04:51:42.333 D/io_stats(  659): !@ Read_top(KB): martsuggestions(3070) 64 f2fs_ckpt-254:8(2366) 12 .hyeni.calendar(9856) 8
05-12 04:51:42.334 D/io_stats(  659): !@ Write_top(KB): f2fs_ckpt-254:8(2366) 536 .hyeni.calendar(9856) 448 android.vending(4883) 104
05-12 04:51:42.341 I/GSC     ( 9856): SID[35] : ff227407b482b2cd, Kind: 1, time : 2.254 ms
05-12 04:51:42.344 I/GSC     ( 9856): SID[36] : e7c98641c630a9fd, Kind: 0, time : 3.655 ms
05-12 04:51:42.364 I/GSC     ( 9856): SID[37] : 31e3c979372101ba, Kind: 1, time : 2.059 ms
05-12 04:51:42.367 I/GSC     ( 9856): SID[38] : c81262e58123a1ef, Kind: 0, time : 3.232 ms
05-12 04:51:42.372 I/GSC     ( 9856): SID[39] : daf6bf01e1b4a49f, Kind: 1, time : 2.183 ms
05-12 04:51:42.376 I/GSC     ( 9856): SID[40] : 744a64243f33afc9, Kind: 0, time : 3.856 ms
05-12 04:51:42.379 I/GSC     ( 9856): SID[41] : 9b693a7d5e7358ca, Kind: 1, time : 1.821 ms
05-12 04:51:42.383 I/GSC     ( 9856): SID[42] : ee03100194aaaeb8, Kind: 0, time : 3.616 ms
05-12 04:51:42.398 I/HYPER-HAL(  935): [RequestManager.cpp]releaseLocked(): Released ID : 4943955
05-12 04:51:42.398 I/.hyeni.calendar( 9856): Compiler allocated 5101KB to compile void android.view.ViewRootImpl.performTraversals()
05-12 04:51:42.410 I/GSC     ( 9856): SID[43] : b201bc81e34f3a4b, Kind: 1, time : 24.412 ms
05-12 04:51:42.414 I/GSC     ( 9856): SID[44] : c25632597914a269, Kind: 0, time : 3.748 ms
05-12 04:51:42.419 I/GSC     ( 9856): SID[45] : 32e7c84fcb14c889, Kind: 1, time : 3.585 ms
05-12 04:51:42.423 I/GSC     ( 9856): SID[46] : 84d39aaa133f995c, Kind: 0, time : 3.633 ms
05-12 04:51:42.426 I/GSC     ( 9856): SID[47] : fb33bf07a91c26a2, Kind: 1, time : 0.841 ms
05-12 04:51:42.437 I/GSC     ( 9856): SID[48] : ab6075ad22adbf2a, Kind: 0, time : 11.311 ms
05-12 04:51:42.440 I/GSC     ( 9856): SID[49] : 443b655481921556, Kind: 1, time : 1.484 ms
05-12 04:51:42.443 I/GSC     ( 9856): SID[50] : fc668535a0a52d1f, Kind: 0, time : 3.190 ms
05-12 04:51:42.448 I/Capacitor/Console( 9856): File:  - Line 349 - Msg: [object Object]
05-12 04:51:42.448 D/DisplayModeController( 1004): setDesiredMode 4633128672291735939 {mode={fps=120.00 Hz, modePtr={id=0, vsyncRate=120.00 Hz, peakRefreshRate=120.00 Hz}}, emitEvent=true, force=false}
05-12 04:51:42.449 I/Capacitor/Console( 9856): File:  - Line 349 - Msg: [object Object]
05-12 04:51:42.449 I/Capacitor/Console( 9856): File:  - Line 349 - Msg: [object Object]
05-12 04:51:42.451 I/Choreographer( 9856): Skipped 41 frames!  The application may be doing too much work on its main thread.
05-12 04:51:42.453 I/View    ( 9856): setRequestedFrameRate frameRate=-4.0, this=com.getcapacitor.CapacitorWebView{76845b5 VFEDHVC.. .F...... 0,0-1080,2340 #7f080172 app:id/webview aid=1073741824}, caller=android.view.ViewGroup.setRequestedFrameRate:9952 WV.zf.p:1 WV.zg.h:117 WV.zg.onDraw:7 com.android.webview.chromium.WebViewChromium.onDraw:19 
05-12 04:51:42.456 V/Capacitor/Plugin( 9856): To native (Capacitor plugin): callbackId: 30547692, pluginId: App, methodName: addListener
05-12 04:51:42.456 V/Capacitor( 9856): callback: 30547692, pluginId: App, methodName: addListener, methodData: {"eventName":"backButton"}
05-12 04:51:42.456 V/Capacitor/Plugin( 9856): To native (Capacitor plugin): callbackId: 30547693, pluginId: App, methodName: getLaunchUrl
05-12 04:51:42.456 V/Capacitor( 9856): callback: 30547693, pluginId: App, methodName: getLaunchUrl, methodData: {}
05-12 04:51:42.457 V/Capacitor/Plugin( 9856): To native (Capacitor plugin): callbackId: 30547694, pluginId: NativeNotification, methodName: cancelScheduledNotifications
05-12 04:51:42.457 V/Capacitor( 9856): callback: 30547694, pluginId: NativeNotification, methodName: cancelScheduledNotifications, methodData: {}
05-12 04:51:42.460 I/LayerHistory( 1004): com.hyeni.calendar/com.hyeni.calendar.MainActivity$_9856#5319 Max (can't resolve refresh rate)
05-12 04:51:42.460 I/LayerHistory( 1004): NavigationBar0$_1899#101 Max (can't resolve refresh rate)
05-12 04:51:42.460 I/LayerHistory( 1004): StatusBar$_1899#103 voted NoVote (0.00 Hz)
05-12 04:51:42.460 I/SurfaceFlinger( 1004): Weight ignores NavigationBar0$_1899#101 (type=Max, weight=0.06, seamlessness=Default) 0.00 Hz's 120.00 Hz
05-12 04:51:42.460 I/SurfaceFlinger( 1004): scored - choose 120.00 Hz
05-12 04:51:42.461 I/HWComposer( 1004): [4633128672291735939] ActiveConfigToHWC, ID : 2
05-12 04:51:42.464 I/display (  932): Current VRR MODE is 3
05-12 04:51:42.464 I/display (  932): setActiveConfigWithConstraints:: HFR match - config: 2, base: 2, try: 1
05-12 04:51:42.464 I/display (  932): setActiveConfigWithConstraints::update 1080x2340@120hs
05-12 04:51:42.468 I/FontLog (27703): (REDACTED) Received query %s, URI %s
05-12 04:51:42.468 I/FontLog (27703): (REDACTED) Query [%s] resolved to %s
05-12 04:51:42.469 I/FontLog (27703): (REDACTED) Fetch %s end status %s
05-12 04:51:42.471 I/FontLog (27703): (REDACTED) Pulling font file for id = %d, cache size = %d
05-12 04:51:42.473 I/Capacitor/Console( 9856): File:  - Line 333 - Msg: {"fineLocation":false,"backgroundLocation":false}
05-12 04:51:42.473 I/SemWifiServiceDetector( 1232): Service det. resumed: T / T / 14387
05-12 04:51:42.474 I/Capacitor/Console( 9856): File:  - Line 333 - Msg: undefined
05-12 04:51:42.474 I/Capacitor/Console( 9856): File:  - Line 349 - Msg: [object Object]
05-12 04:51:42.474 I/Capacitor/Console( 9856): File:  - Line 333 - Msg: {"success":true}
05-12 04:51:42.475 I/FontLog (27703): (REDACTED) Pulling font file for id = %d, cache size = %d
05-12 04:51:42.475 V/Capacitor/Plugin( 9856): To native (Capacitor plugin): callbackId: 30547695, pluginId: App, methodName: addListener
05-12 04:51:42.475 V/Capacitor( 9856): callback: 30547695, pluginId: App, methodName: addListener, methodData: {"eventName":"appUrlOpen"}
05-12 04:51:42.477 I/VSyncReactor( 1004): Current= 60, Period= 120, hwcPeriod= 120
05-12 04:51:42.478 I/SurfaceFlinger( 1004): finalizeDisplayModeChange 4633128672291735939
05-12 04:51:42.481 E/CompositionEngine( 1004): [com.hyeni.calendar/com.hyeni.calendar.MainActivity$_9856#5319] Invalid device requested composition type change: Device (2) --> Device (2)
05-12 04:51:42.481 E/CompositionEngine( 1004): [StatusBar$_1899#103] Invalid device requested composition type change: Device (2) --> Device (2)
05-12 04:51:42.481 E/CompositionEngine( 1004): [com.sec.android.app.launcher/com.samsung.app.honeyspace.edge.edgepanel.app.CocktailBarService$_2350#5258] Invalid device requested composition type change: Device (2) --> Device (2)
05-12 04:51:42.481 E/CompositionEngine( 1004): [NavigationBar0$_1899#101] Invalid device requested composition type change: Device (2) --> Device (2)
05-12 04:51:42.481 E/CompositionEngine( 1004): [ScreenDecorHwcOverlay$_1899#107] Invalid device requested composition type change: DisplayDecoration (6) --> DisplayDecoration (6)
05-12 04:51:42.499 W/.hyeni.calendar( 9856): Long monitor contention with owner TAG (9879) at com.google.android.gms.tasks.Task com.google.firebase.messaging.RequestDeduplicator.getOrStartGetTokenRequest(java.lang.String, com.google.firebase.messaging.RequestDeduplicator$GetTokenRequest)(RequestDeduplicator.java:77) waiters=0 in com.google.android.gms.tasks.Task com.google.firebase.messaging.RequestDeduplicator.getOrStartGetTokenRequest(java.lang.String, com.google.firebase.messaging.RequestDeduplicator$GetTokenRequest) for 902ms
05-12 04:51:42.500 I/GSC     ( 9856): SID[51] : 45b33485578b5a8c, Kind: 1, time : 3.218 ms
05-12 04:51:42.501 I/VSyncReactor( 1004): Current= 120, Period= 120, hwcPeriod= 120
05-12 04:51:42.501 I/View    ( 9856): setRequestedFrameRate frameRate=-4.0, this=com.getcapacitor.CapacitorWebView{76845b5 VFEDHVC.. .F...... 0,0-1080,2340 #7f080172 app:id/webview aid=1073741824}, caller=android.view.ViewGroup.setRequestedFrameRate:9952 WV.zf.p:1 WV.zg.h:117 WV.zg.onDraw:7 com.android.webview.chromium.WebViewChromium.onDraw:19 
05-12 04:51:42.503 D/BackgroundInstallControlService( 1232): Package event received: 0
05-12 04:51:42.505 I/GSC     ( 9856): SID[52] : e37a5a82d5e361e5, Kind: 0, time : 4.029 ms
05-12 04:51:42.509 I/GSC     ( 9856): SID[53] : 16020e87269e9d84, Kind: 1, time : 2.530 ms
05-12 04:51:42.513 I/GSC     ( 9856): SID[54] : e35a7c1b812f5d41, Kind: 0, time : 3.938 ms
05-12 04:51:42.517 I/GSC     ( 9856): SID[55] : 825dadc989512153, Kind: 1, time : 2.263 ms
05-12 04:51:42.521 I/GSC     ( 9856): SID[56] : 05969862934a790c, Kind: 0, time : 3.713 ms
05-12 04:51:42.527 I/GSC     ( 9856): SID[57] : e3adcb1e12645162, Kind: 1, time : 4.648 ms
05-12 04:51:42.531 I/GSC     ( 9856): SID[58] : fc668535a0a52d1f, Kind: 0, time : 3.215 ms
05-12 04:51:42.535 D/NetdEventListenerService( 1232): DNS Requested by 124, 10255(com.google.android.gms), SUCCESS, 11ms
05-12 04:51:42.542 I/Capacitor/Console( 9856): File: https://localhost/assets/index-BQmQpOSh.js - Line 65 - Msg: [KakaoMap] SDK ready
05-12 04:51:42.546 I/GSC     ( 9856): SID[59] : d93fc748413eba7b, Kind: 1, time : 5.981 ms
05-12 04:51:42.549 I/GSC     ( 9856): SID[60] : 357a40c78949802d, Kind: 0, time : 3.365 ms
05-12 04:51:42.552 D/SubscreenNotificationListCoordinator( 1899): onAfterRenderList() isSubScreen = false, pluginLockMode = 0, doNotShowOnCover = false
05-12 04:51:42.553 I/LockscreenNotificationIconsOnlyController( 1899): onNotificationInfoUpdated 0
05-12 04:51:42.554 I/AODNotificationManager( 1899): updateNotification() 
05-12 04:51:42.561 I/GSC     ( 9856): SID[61] : 8247107fd31397f2, Kind: 1, time : 9.764 ms
05-12 04:51:42.565 I/GSC     ( 9856): SID[62] : 440d824afaf18381, Kind: 0, time : 3.812 ms
05-12 04:51:42.577 I/GSC     ( 9856): SID[63] : 4e489644b2c8e19b, Kind: 1, time : 10.005 ms
05-12 04:51:42.835 D/DisplayModeController( 1004): setDesiredMode 4633128672291735939 {mode={fps=60.00 Hz, modePtr={id=1, vsyncRate=60.00 Hz, peakRefreshRate=60.00 Hz}}, emitEvent=false, force=false}
05-12 04:51:42.836 I/SurfaceFlinger( 1004): SFWD update time=906578123567611
05-12 04:51:42.838 I/LayerHistory( 1004): com.hyeni.calendar/com.hyeni.calendar.MainActivity$_9856#5319 Max (can't resolve refresh rate)
05-12 04:51:42.838 I/LayerHistory( 1004): StatusBar$_1899#103 voted NoVote (0.00 Hz)
05-12 04:51:42.838 I/SurfaceFlinger( 1004): Idle - choose 60.00 Hz
05-12 04:51:42.839 I/HWComposer( 1004): [4633128672291735939] ActiveConfigToHWC, ID : 3
05-12 04:51:42.841 I/display (  932): Current VRR MODE is 3
05-12 04:51:42.841 I/display (  932): setActiveConfigWithConstraints:: HFR match - config: 4, base: 3, try: 0
05-12 04:51:42.841 I/display (  932): setActiveConfigWithConstraints::update 1080x2340@60phs
05-12 04:51:42.862 I/VSyncReactor( 1004): Current= 120, Period= 60, hwcPeriod= 60
05-12 04:51:42.863 I/SurfaceFlinger( 1004): finalizeDisplayModeChange 4633128672291735939
05-12 04:51:42.867 E/CompositionEngine( 1004): [com.hyeni.calendar/com.hyeni.calendar.MainActivity$_9856#5319] Invalid device requested composition type change: Device (2) --> Device (2)
05-12 04:51:42.867 E/CompositionEngine( 1004): [StatusBar$_1899#103] Invalid device requested composition type change: Device (2) --> Device (2)
05-12 04:51:42.867 E/CompositionEngine( 1004): [com.sec.android.app.launcher/com.samsung.app.honeyspace.edge.edgepanel.app.CocktailBarService$_2350#5258] Invalid device requested composition type change: Device (2) --> Device (2)
05-12 04:51:42.867 E/CompositionEngine( 1004): [NavigationBar0$_1899#101] Invalid device requested composition type change: Device (2) --> Device (2)
05-12 04:51:42.867 E/CompositionEngine( 1004): [ScreenDecorHwcOverlay$_1899#107] Invalid device requested composition type change: DisplayDecoration (6) --> DisplayDecoration (6)
05-12 04:51:42.983 I/HYPER-HAL(  935): [RequestManager.cpp]releaseLocked(): Released ID : 2010010
05-12 04:51:43.030 D/SemWifiSwitchForIndividualAppsService( 1232): isSkipTcpMonitorInfo - result:2
05-12 04:51:43.212 D/SGM:GameManager( 1232): identifyGamePackage. com.hyeni.calendar, mCurrentUserId: 0, callingMethodInfo: com.samsung.android.game.IGameManagerService$Stub.onTransact(IGameManagerService.java:247)
05-12 04:51:43.811 I/HYPER-HAL(  935): [RequestManager.cpp]acquire(): Acquired ID : 4524595  [940 / 2067]    HINT :      list : [TID_LOW_LATENCY / 0] [TID / 2040] [TID / 2041] [TID / 2015] [TID / 2042] 
05-12 04:51:43.811 I/HYPER-HAL(  935): [RequestManager.cpp]acquire(): Acquired ID : 4527604  [940 / 2068]    HINT :      list : [UCLAMP_MIN_BOOST / 0] [TID / 2040] [TID / 2041] [TID / 2015] [TID / 2042] 
05-12 04:51:43.814 I/HYPER-HAL(  935): [RequestManager.cpp]releaseLocked(): Released ID : 4524595
05-12 04:51:43.814 I/HYPER-HAL(  935): [RequestManager.cpp]releaseLocked(): Released ID : 4527604
05-12 04:51:43.921 E/TaskPersister( 1232): File error accessing recents directory (directory doesn't exist?).
05-12 04:51:43.939 D/BackgroundInstallControlService( 1232): Package event received: 0
05-12 04:51:43.942 D/BackgroundInstallControlService( 1232): Package event received: 0
05-12 04:51:43.954 D/Zygote  (  893): Forked child process 10010
05-12 04:51:43.954 I/ActivityManager( 1232): Start proc 10010:com.google.android.webview:webview_service/u0a266 for service {com.google.android.webview/org.chromium.android_webview.services.VariationsSeedServer}
05-12 04:51:43.954 I/ActivityManager( 1232): ProcessObserver broadcast disabled
05-12 04:51:43.973 I/webview_service(10010): Using CollectorTypeCMC GC.
05-12 04:51:43.977 E/webview_service(10010): Not starting debugger since process cannot load the jdwp agent.
