05-12 05:06:25.393 V/WindowManager( 1232): Computed rotation=ROTATION_0 (0) for display id=0 based on lastOrientation=SCREEN_ORIENTATION_PORTRAIT (1) and oldRotation=ROTATION_0 (0), caller=com.android.server.wm.DisplayRotation.updateOrientation:79 com.android.server.wm.DisplayContent.updateOrientation:41 com.android.server.wm.DisplayContent.updateOrientationAndComputeConfig:48 com.android.server.wm.RootWindowContainer.ensureVisibilityAndConfig:7 com.android.server.wm.ActivityTaskSupervisor.realStartActivityLocked:182 com.android.server.wm.RootWindowContainer.attachApplication:92 
05-12 05:06:25.394 D/SGM:FgCheckThread( 1232): notifyAppCreated(), packageName: com.hyeni.calendar, userId: 0, sendRet: true
05-12 05:06:25.394 E/ashmem  (11093): Pinning is deprecated since Android Q. Please use trim or other methods.
05-12 05:06:25.394 D/SGM:FgCheckThread( 1232): onLooperPrepared(), msg: MSG_APP_CREATE, pkgName: com.hyeni.calendar, userId: 0
05-12 05:06:25.394 D/SGM:FgCheckThread( 1232): TaskStackListener.onTaskFocusChanged(), taskId=16, focused=false
05-12 05:06:25.395 D/SGM:FgCheckThread( 1232): TaskStackListener.onTaskFocusChanged(), taskId=119, focused=true
05-12 05:06:25.395 D/SGM:FgCheckThread( 1232):   sendRunningComponentFocus(), pkgName: com.hyeni.calendar, userId: 0
05-12 05:06:25.395 D/InputDispatcher( 1232): Focused application(0): ActivityRecord{12886460 u0 com.hyeni.calendar/.MainActivity t119}
05-12 05:06:25.395 D/ActivityTaskManager( 1232): scheduleTopResumedActivityChanged, onTop=true, r=ActivityRecord{12886460 u0 com.hyeni.calendar/.MainActivity t119}, caller=com.android.server.wm.ActivityTaskSupervisor.scheduleTopResumedActivityStateIfNeeded:18 com.android.server.wm.ActivityTaskSupervisor.updateTopResumedActivityIfNeeded:54 com.android.server.wm.TaskFragment.setResumedActivity:30 com.android.server.wm.ActivityRecord.setState:100 com.android.server.wm.ActivityTaskSupervisor.realStartActivityLocked:477 com.android.server.wm.RootWindowContainer.attachApplication:92 
05-12 05:06:25.396 E/CompositionEngine( 1004): [Wallpaper BBQ wrapper 5_system#92] Invalid device requested composition type change: Device (2) --> Device (2)
05-12 05:06:25.396 E/CompositionEngine( 1004): [com.sec.android.app.launcher/com.sec.android.app.launcher.activities.LauncherActivity$_2350#5324] Invalid device requested composition type change: Device (2) --> Device (2)
05-12 05:06:25.396 E/CompositionEngine( 1004): [Splash Screen com.hyeni.calendar$_1899#5336] Invalid device requested composition type change: Client (1) --> Client (1)
05-12 05:06:25.396 E/CompositionEngine( 1004): [StatusBar$_1899#103] Invalid device requested composition type change: Device (2) --> Device (2)
05-12 05:06:25.396 E/CompositionEngine( 1004): [com.sec.android.app.launcher/com.samsung.app.honeyspace.edge.edgepanel.app.CocktailBarService$_2350#5258] Invalid device requested composition type change: Device (2) --> Device (2)
05-12 05:06:25.396 E/CompositionEngine( 1004): [NavigationBar0$_1899#101] Invalid device requested composition type change: Device (2) --> Device (2)
05-12 05:06:25.396 E/CompositionEngine( 1004): [ScreenDecorHwcOverlay$_1899#107] Invalid device requested composition type change: DisplayDecoration (6) --> DisplayDecoration (6)
05-12 05:06:25.396 I/{OngoingActivityController}( 1899): onTaskFocusChanged but OA data is empty
05-12 05:06:25.396 D/SGM:FgCheckThread( 1232): onLooperPrepared(), msg: MSG_TASK_FOCUSED, pkgName: com.hyeni.calendar, userId: 0
05-12 05:06:25.396 D/SGM:FgCheckThread( 1232): handleTaskFocused().
05-12 05:06:25.396 D/SGM:FgCheckThread( 1232):   handleTaskFocused(), pkgName: com.hyeni.calendar, userID:0
05-12 05:06:25.396 D/SGM:FgCheckThread( 1232): handleResume().
05-12 05:06:25.396 D/SGM:FgCheckThread( 1232): sendFocusOutConditionally() - mPrevNotiPkg: (unknown), userId: 0
05-12 05:06:25.396 D/SGM:FgCheckThread( 1232):   handleResume(). pkgName: com.hyeni.calendar, userId: 0, category: non-game
05-12 05:06:25.396 D/SGM:FgCheckThread( 1232): notifyFocusInOut(). of pkg: com.hyeni.calendar, type: 4, isSecGameFamily: false, userId: 0
05-12 05:06:25.396 D/SGM:FgCheckThread( 1232):   notifyFocusInOut(). unexpected mPrevNotiType: -1
05-12 05:06:25.396 D/SGM:SystemHelper( 1232): callReleaseBlock needReleaseBlock:false
05-12 05:06:25.399 D/AS.MultiSoundManager( 1232): mForegroundUid = 10340
05-12 05:06:25.399 I/HoneySpace.TopTaskSource( 2350): onTaskFocusChanged(): taskId = 119
05-12 05:06:25.400 D/SurfaceComposerClient( 1899): setCornerRadius ## Task=119#5333 cornerRadius=118.000000
05-12 05:06:25.400 D/GraphicsStatsService( 1232): requestRenderEngineFor(com.hyeni.calendar)
05-12 05:06:25.401 D/ActivityThread(11093): com.hyeni.calendar will use render engine as VK
05-12 05:06:25.401 D/HWUI    (11093): HWUI - treat SMPTE_170M as sRGB
05-12 05:06:25.402 I/DisplayManager(11093): Choreographer implicitly registered for the refresh rate.
05-12 05:06:25.403 D/HWUI    (11093): CacheManager constructor. deviceInfo=(1080, 1920)
05-12 05:06:25.403 D/vulkan  (11093): searching for layers in '/data/app/~~T1Ym8YrNJWJJRWOXaSzC7w==/com.hyeni.calendar-KF7ac10E1QfdKXKP3p2bhA==/lib/arm64'
05-12 05:06:25.403 D/vulkan  (11093): searching for layers in '/data/app/~~T1Ym8YrNJWJJRWOXaSzC7w==/com.hyeni.calendar-KF7ac10E1QfdKXKP3p2bhA==/base.apk!/lib/arm64-v8a'
05-12 05:06:25.403 V/XGL     (11093): ----------------------------------------------------------------------
05-12 05:06:25.403 V/XGL     (11093): SUMD version compiled date     = 2025-06-11 14:47 - KST
05-12 05:06:25.403 V/XGL     (11093): SUMD version revision number   = 1fc295b0d2
05-12 05:06:25.403 V/XGL     (11093): SUMD version info              = Driver version: 24.0.545, git hash: 1fc295b0d2
05-12 05:06:25.403 V/XGL     (11093): ----------------------------------------------------------------------
05-12 05:06:25.403 V/XGL     (11093): Entering: Create
05-12 05:06:25.404 E/CompositionEngine( 1004): [Wallpaper BBQ wrapper 5_system#92] Invalid device requested composition type change: Device (2) --> Device (2)
05-12 05:06:25.404 E/CompositionEngine( 1004): [com.sec.android.app.launcher/com.sec.android.app.launcher.activities.LauncherActivity$_2350#5324] Invalid device requested composition type change: Device (2) --> Device (2)
05-12 05:06:25.404 E/CompositionEngine( 1004): [Splash Screen com.hyeni.calendar$_1899#5336] Invalid device requested composition type change: Client (1) --> Client (1)
05-12 05:06:25.404 E/CompositionEngine( 1004): [StatusBar$_1899#103] Invalid device requested composition type change: Device (2) --> Device (2)
05-12 05:06:25.404 E/CompositionEngine( 1004): [com.sec.android.app.launcher/com.samsung.app.honeyspace.edge.edgepanel.app.CocktailBarService$_2350#5258] Invalid device requested composition type change: Device (2) --> Device (2)
05-12 05:06:25.404 E/CompositionEngine( 1004): [NavigationBar0$_1899#101] Invalid device requested composition type change: Device (2) --> Device (2)
05-12 05:06:25.404 E/CompositionEngine( 1004): [ScreenDecorHwcOverlay$_1899#107] Invalid device requested composition type change: DisplayDecoration (6) --> DisplayDecoration (6)
05-12 05:06:25.408 D/SurfaceComposerClient( 1899): setCornerRadius ## Task=119#5333 cornerRadius=118.000000
05-12 05:06:25.408 D/SGM:GameManager( 1232): identifyGamePackage. com.hyeni.calendar, mCurrentUserId: 0, callingMethodInfo: com.samsung.android.game.SemGameManager.isGamePackage(SemGameManager.java:106)
05-12 05:06:25.408 D/SGM:SemGameManager( 1232): isGamePackage(), pkgName=com.hyeni.calendar, ret=false
05-12 05:06:25.412 I/CocktailBarManagerServiceContainer( 1232): handleMessage: entry what = 5
05-12 05:06:25.412 E/CompositionEngine( 1004): [Wallpaper BBQ wrapper 5_system#92] Invalid device requested composition type change: Device (2) --> Device (2)
05-12 05:06:25.412 E/CompositionEngine( 1004): [com.sec.android.app.launcher/com.sec.android.app.launcher.activities.LauncherActivity$_2350#5324] Invalid device requested composition type change: Device (2) --> Device (2)
05-12 05:06:25.412 E/CompositionEngine( 1004): [Splash Screen com.hyeni.calendar$_1899#5336] Invalid device requested composition type change: Client (1) --> Client (1)
05-12 05:06:25.412 E/CompositionEngine( 1004): [StatusBar$_1899#103] Invalid device requested composition type change: Device (2) --> Device (2)
05-12 05:06:25.412 E/CompositionEngine( 1004): [com.sec.android.app.launcher/com.samsung.app.honeyspace.edge.edgepanel.app.CocktailBarService$_2350#5258] Invalid device requested composition type change: Device (2) --> Device (2)
05-12 05:06:25.412 E/CompositionEngine( 1004): [NavigationBar0$_1899#101] Invalid device requested composition type change: Device (2) --> Device (2)
05-12 05:06:25.412 E/CompositionEngine( 1004): [ScreenDecorHwcOverlay$_1899#107] Invalid device requested composition type change: DisplayDecoration (6) --> DisplayDecoration (6)
05-12 05:06:25.412 D/SGM:FgCheckThread( 1232): noteResumeComponent(), received pkgName: com.hyeni.calendar, userId: 0
05-12 05:06:25.413 D/SGM:FgCheckThread( 1232): onLooperPrepared(), msg: MSG_APP_RESUME, pkgName: com.hyeni.calendar, userid: 0
05-12 05:06:25.413 D/SGM:FgCheckThread( 1232): handleResume().
05-12 05:06:25.413 D/SGM:FgCheckThread( 1232): sendFocusOutConditionally() - mPrevNotiPkg: (unknown), userId: 0
05-12 05:06:25.413 D/SGM:FgCheckThread( 1232):   handleResume(). pkgName: com.hyeni.calendar, userId: 0, category: non-game
05-12 05:06:25.413 D/SGM:FgCheckThread( 1232): notifyFocusInOut(). of pkg: com.hyeni.calendar, type: 4, isSecGameFamily: false, userId: 0
05-12 05:06:25.413 D/SGM:FgCheckThread( 1232):   notifyFocusInOut(). unexpected mPrevNotiType: -1
05-12 05:06:25.413 D/SGM:SystemHelper( 1232): callReleaseBlock needReleaseBlock:false
05-12 05:06:25.413 I/SDHMS:k ( 3129): handleResumeComponent : put = com.hyeni.calendar, userid = 0 instanceid =247825562
05-12 05:06:25.413 D/BackgroundInstallControlService( 1232): Package event received: 0
05-12 05:06:25.416 I/HoneySpace.EdgePanel.CocktailHostRepositoryImpl( 2350): onNoteResume
05-12 05:06:25.416 D/BackgroundInstallControlService( 1232): Package event received: 0
05-12 05:06:25.416 I/HoneySpace.EdgePanel.EdgePanelContainerViewModel( 2350): cocktailHostRepository.edgePanelOperation NoteResumeComponent(componentName=ComponentInfo{com.hyeni.calendar/com.hyeni.calendar.MainActivity})
05-12 05:06:25.417 I/HoneySpace.EdgePanel.ActivityUtils( 2350): HomePackage : com.sec.android.app.launcher, resumePackageName : com.hyeni.calendar, className : com.hyeni.calendar.MainActivity
05-12 05:06:25.417 D/SurfaceComposerClient( 1899): setCornerRadius ## Task=119#5333 cornerRadius=118.000000
05-12 05:06:25.420 E/CompositionEngine( 1004): [Wallpaper BBQ wrapper 5_system#92] Invalid device requested composition type change: Device (2) --> Device (2)
05-12 05:06:25.420 E/CompositionEngine( 1004): [com.sec.android.app.launcher/com.sec.android.app.launcher.activities.LauncherActivity$_2350#5324] Invalid device requested composition type change: Device (2) --> Device (2)
05-12 05:06:25.420 E/CompositionEngine( 1004): [Splash Screen com.hyeni.calendar$_1899#5336] Invalid device requested composition type change: Client (1) --> Client (1)
05-12 05:06:25.420 E/CompositionEngine( 1004): [StatusBar$_1899#103] Invalid device requested composition type change: Device (2) --> Device (2)
05-12 05:06:25.420 E/CompositionEngine( 1004): [com.sec.android.app.launcher/com.samsung.app.honeyspace.edge.edgepanel.app.CocktailBarService$_2350#5258] Invalid device requested composition type change: Device (2) --> Device (2)
05-12 05:06:25.420 E/CompositionEngine( 1004): [NavigationBar0$_1899#101] Invalid device requested composition type change: Device (2) --> Device (2)
05-12 05:06:25.420 E/CompositionEngine( 1004): [ScreenDecorHwcOverlay$_1899#107] Invalid device requested composition type change: DisplayDecoration (6) --> DisplayDecoration (6)
05-12 05:06:25.423 V/XGL     (11093): Exiting: Create
05-12 05:06:25.424 D/SurfaceComposerClient( 1899): setCornerRadius ## Task=119#5333 cornerRadius=118.000000
05-12 05:06:25.428 E/CompositionEngine( 1004): [Wallpaper BBQ wrapper 5_system#92] Invalid device requested composition type change: Device (2) --> Device (2)
05-12 05:06:25.428 E/CompositionEngine( 1004): [com.sec.android.app.launcher/com.sec.android.app.launcher.activities.LauncherActivity$_2350#5324] Invalid device requested composition type change: Device (2) --> Device (2)
05-12 05:06:25.428 E/CompositionEngine( 1004): [Splash Screen com.hyeni.calendar$_1899#5336] Invalid device requested composition type change: Client (1) --> Client (1)
05-12 05:06:25.428 E/CompositionEngine( 1004): [StatusBar$_1899#103] Invalid device requested composition type change: Device (2) --> Device (2)
05-12 05:06:25.428 E/CompositionEngine( 1004): [com.sec.android.app.launcher/com.samsung.app.honeyspace.edge.edgepanel.app.CocktailBarService$_2350#5258] Invalid device requested composition type change: Device (2) --> Device (2)
05-12 05:06:25.428 E/CompositionEngine( 1004): [NavigationBar0$_1899#101] Invalid device requested composition type change: Device (2) --> Device (2)
05-12 05:06:25.428 E/CompositionEngine( 1004): [ScreenDecorHwcOverlay$_1899#107] Invalid device requested composition type change: DisplayDecoration (6) --> DisplayDecoration (6)
05-12 05:06:25.431 D/AppCompatDelegate(11093): Checking for metadata for AppLocalesMetadataHolderService : Service not found
05-12 05:06:25.433 D/SurfaceComposerClient( 1899): setCornerRadius ## Task=119#5333 cornerRadius=118.000000
05-12 05:06:25.437 E/CompositionEngine( 1004): [Wallpaper BBQ wrapper 5_system#92] Invalid device requested composition type change: Device (2) --> Device (2)
05-12 05:06:25.437 E/CompositionEngine( 1004): [com.sec.android.app.launcher/com.sec.android.app.launcher.activities.LauncherActivity$_2350#5324] Invalid device requested composition type change: Device (2) --> Device (2)
05-12 05:06:25.437 E/CompositionEngine( 1004): [Splash Screen com.hyeni.calendar$_1899#5336] Invalid device requested composition type change: Client (1) --> Client (1)
05-12 05:06:25.437 E/CompositionEngine( 1004): [StatusBar$_1899#103] Invalid device requested composition type change: Device (2) --> Device (2)
05-12 05:06:25.437 E/CompositionEngine( 1004): [com.sec.android.app.launcher/com.samsung.app.honeyspace.edge.edgepanel.app.CocktailBarService$_2350#5258] Invalid device requested composition type change: Device (2) --> Device (2)
05-12 05:06:25.437 E/CompositionEngine( 1004): [NavigationBar0$_1899#101] Invalid device requested composition type change: Device (2) --> Device (2)
05-12 05:06:25.437 E/CompositionEngine( 1004): [ScreenDecorHwcOverlay$_1899#107] Invalid device requested composition type change: DisplayDecoration (6) --> DisplayDecoration (6)
05-12 05:06:25.441 D/SurfaceComposerClient( 1899): setCornerRadius ## Task=119#5333 cornerRadius=118.000000
05-12 05:06:25.445 E/CompositionEngine( 1004): [Wallpaper BBQ wrapper 5_system#92] Invalid device requested composition type change: Device (2) --> Device (2)
05-12 05:06:25.445 E/CompositionEngine( 1004): [com.sec.android.app.launcher/com.sec.android.app.launcher.activities.LauncherActivity$_2350#5324] Invalid device requested composition type change: Device (2) --> Device (2)
05-12 05:06:25.445 E/CompositionEngine( 1004): [Splash Screen com.hyeni.calendar$_1899#5336] Invalid device requested composition type change: Client (1) --> Client (1)
05-12 05:06:25.445 E/CompositionEngine( 1004): [StatusBar$_1899#103] Invalid device requested composition type change: Device (2) --> Device (2)
05-12 05:06:25.445 E/CompositionEngine( 1004): [com.sec.android.app.launcher/com.samsung.app.honeyspace.edge.edgepanel.app.CocktailBarService$_2350#5258] Invalid device requested composition type change: Device (2) --> Device (2)
05-12 05:06:25.445 E/CompositionEngine( 1004): [NavigationBar0$_1899#101] Invalid device requested composition type change: Device (2) --> Device (2)
05-12 05:06:25.445 E/CompositionEngine( 1004): [ScreenDecorHwcOverlay$_1899#107] Invalid device requested composition type change: DisplayDecoration (6) --> DisplayDecoration (6)
05-12 05:06:25.449 D/SurfaceComposerClient( 1899): setCornerRadius ## Task=119#5333 cornerRadius=118.000000
05-12 05:06:25.453 I/BluetoothHciVendorSpecificJni(21246): android/app/jni/com_android_bluetooth_BluetoothHciVendorSpecific.cpp:84 onEvent: 
05-12 05:06:25.454 I/BluetoothHciVendorSpecificJni(21246): android/app/jni/com_android_bluetooth_BluetoothHciVendorSpecific.cpp:84 onEvent: 
05-12 05:06:25.454 E/CompositionEngine( 1004): [Wallpaper BBQ wrapper 5_system#92] Invalid device requested composition type change: Device (2) --> Device (2)
05-12 05:06:25.454 E/CompositionEngine( 1004): [com.sec.android.app.launcher/com.sec.android.app.launcher.activities.LauncherActivity$_2350#5324] Invalid device requested composition type change: Device (2) --> Device (2)
05-12 05:06:25.454 E/CompositionEngine( 1004): [Splash Screen com.hyeni.calendar$_1899#5336] Invalid device requested composition type change: Client (1) --> Client (1)
05-12 05:06:25.454 E/CompositionEngine( 1004): [StatusBar$_1899#103] Invalid device requested composition type change: Device (2) --> Device (2)
05-12 05:06:25.454 E/CompositionEngine( 1004): [com.sec.android.app.launcher/com.samsung.app.honeyspace.edge.edgepanel.app.CocktailBarService$_2350#5258] Invalid device requested composition type change: Device (2) --> Device (2)
05-12 05:06:25.454 E/CompositionEngine( 1004): [NavigationBar0$_1899#101] Invalid device requested composition type change: Device (2) --> Device (2)
05-12 05:06:25.454 E/CompositionEngine( 1004): [ScreenDecorHwcOverlay$_1899#107] Invalid device requested composition type change: DisplayDecoration (6) --> DisplayDecoration (6)
05-12 05:06:25.458 D/SurfaceComposerClient( 1899): setCornerRadius ## Task=119#5333 cornerRadius=118.000000
05-12 05:06:25.458 V/WindowManagerShell( 1899): Transition animation finished (aborted=false), notifying core (#609) android.os.BinderProxy@21e361e@0
05-12 05:06:25.458 D/CompatChangeReporter(11093): Compat change id reported: 377864165; UID 10340; state: ENABLED
05-12 05:06:25.458 I/SurfaceControlRegistry( 1899): apply, t=FinishTransaction_SyncId<609>, caller=android.view.SurfaceControl$Transaction.apply:3459 android.view.SurfaceControl$Transaction.apply:3447 android.view.SurfaceControl$Transaction.apply:3397 com.android.wm.shell.transition.Transitions.onFinish:315 com.android.wm.shell.transition.Transitions$$ExternalSyntheticLambda7.onTransitionFinished:12 com.android.wm.shell.transition.DefaultTransitionHandler$$ExternalSyntheticLambda2.run:36 
05-12 05:06:25.460 V/WindowManager( 1232): Finish Transition: TransitionRecord{35f09af id=609 type=OPEN flags=0x0 c=[
05-12 05:06:25.460 V/WindowManager( 1232):    ChangeInfo{2a56c54 container=Task{685545 #119 type=standard A=10340:com.hyeni.calendar} flags=0x10}
05-12 05:06:25.460 V/WindowManager( 1232):    ChangeInfo{468e7fd container=ActivityRecord{12886460 u0 com.hyeni.calendar/.MainActivity t119} flags=0x0}
05-12 05:06:25.460 V/WindowManager( 1232):    ChangeInfo{456f9c6 container=Task{44dd6a2 #1 type=home} flags=0x10}
05-12 05:06:25.460 V/WindowManager( 1232):    ChangeInfo{e46dd87 container=Task{754e443 #16 type=home I=com.sec.android.app.launcher/.activities.LauncherActivity} flags=0x10}
05-12 05:06:25.460 V/WindowManager( 1232):    ChangeInfo{915a4b4 container=RemoteWallpaperAnim:1:1@124733464 flags=0x0}
05-12 05:06:25.460 V/WindowManager( 1232):    ChangeInfo{d9e28dd container=WallpaperWindowToken{9b2eb4b showWhenLocked=false}_<system> flags=0x0}
05-12 05:06:25.460 V/WindowManager( 1232):    ChangeInfo{4b8ec52 container=WallpaperWindowToken{a107774 showWhenLocked=true}_<lock> flags=0x0}
05-12 05:06:25.460 V/WindowManager( 1232):    ChangeInfo{2080cf2 container=DefaultTaskDisplayArea_d0@213203392 flags=0x0}
05-12 05:06:25.460 V/WindowManager( 1232):    ChangeInfo{429cb23 container=ActivityRecord{241159848 u0 com.sec.android.app.launcher/.activities.LauncherActivity t16} flags=0x0}
05-12 05:06:25.460 V/WindowManager( 1232):    ChangeInfo{68b6f43 container=Display{#0 state=ON size=1080x2340 ROTATION_0} flags=0x0}
05-12 05:06:25.460 V/WindowManager( 1232): ]
05-12 05:06:25.460 V/WindowManager( 1232): }, caller=com.android.server.wm.WindowOrganizerController.finishTransitionInner:31 com.android.server.wm.WindowOrganizerController.finishAllTransitions:60 android.window.IWindowOrganizerController$Stub.onTransact:283 
05-12 05:06:25.460 V/WindowManager( 1232): Setting visibility of Window{70766f4 u0 com.sec.android.app.launcher/com.sec.android.app.launcher.activities.LauncherActivity}: false, caller=com.android.server.wm.WindowContainer.sendAppVisibilityToClients:19 com.android.server.wm.WindowToken.setClientVisible:48 com.android.server.wm.ActivityRecord.commitVisibility:186 com.android.server.wm.TransitionController.finishTransition:846 com.android.server.wm.WindowOrganizerController.finishTransitionInner:31 
05-12 05:06:25.461 V/WindowManager( 1232): Setting visibility of Window{1a95e6c u0 com.android.systemui.wallpapers.ImageWallpaper}: false, caller=com.android.server.wm.WindowContainer.sendAppVisibilityToClients:19 com.android.server.wm.WindowToken.setClientVisible:48 com.android.server.wm.WallpaperWindowToken.setVisible$1:3 com.android.server.wm.WallpaperWindowToken.commitVisibility:48 com.android.server.wm.TransitionController.finishTransition:1252 
05-12 05:06:25.461 D/DesktopModeFlags(11093): Toggle override initialized to: OVERRIDE_UNSET
05-12 05:06:25.461 D/ChangeTransitionController( 1232): onTransitionFinished: TransitionRecord{35f09af id=609 type=OPEN flags=0x0 c=[
05-12 05:06:25.461 D/ChangeTransitionController( 1232):    ChangeInfo{2a56c54 container=Task{685545 #119 type=standard A=10340:com.hyeni.calendar} flags=0x10}
05-12 05:06:25.461 D/ChangeTransitionController( 1232):    ChangeInfo{468e7fd container=ActivityRecord{12886460 u0 com.hyeni.calendar/.MainActivity t119} flags=0x0}
05-12 05:06:25.461 D/ChangeTransitionController( 1232):    ChangeInfo{456f9c6 container=Task{44dd6a2 #1 type=home} flags=0x10}
05-12 05:06:25.461 D/ChangeTransitionController( 1232):    ChangeInfo{e46dd87 container=Task{754e443 #16 type=home I=com.sec.android.app.launcher/.activities.LauncherActivity} flags=0x10}
05-12 05:06:25.461 D/ChangeTransitionController( 1232):    ChangeInfo{915a4b4 container=RemoteWallpaperAnim:1:1@124733464 flags=0x0}
05-12 05:06:25.461 D/ChangeTransitionController( 1232):    ChangeInfo{d9e28dd container=WallpaperWindowToken{9b2eb4b showWhenLocked=false}_<system> flags=0x0}
05-12 05:06:25.461 D/ChangeTransitionController( 1232):    ChangeInfo{4b8ec52 container=WallpaperWindowToken{a107774 showWhenLocked=true}_<lock> flags=0x0}
05-12 05:06:25.461 D/ChangeTransitionController( 1232):    ChangeInfo{2080cf2 container=DefaultTaskDisplayArea_d0@213203392 flags=0x0}
05-12 05:06:25.461 D/ChangeTransitionController( 1232):    ChangeInfo{429cb23 container=ActivityRecord{241159848 u0 com.sec.android.app.launcher/.activities.LauncherActivity t16} flags=0x0}
05-12 05:06:25.461 D/ChangeTransitionController( 1232):    ChangeInfo{68b6f43 container=Display{#0 state=ON size=1080x2340 ROTATION_0} flags=0x0}
05-12 05:06:25.461 D/ChangeTransitionController( 1232): ]
05-12 05:06:25.461 D/ChangeTransitionController( 1232): }
05-12 05:06:25.462 E/CompositionEngine( 1004): [Wallpaper BBQ wrapper 5_system#92] Invalid device requested composition type change: Device (2) --> Device (2)
05-12 05:06:25.462 E/CompositionEngine( 1004): [com.sec.android.app.launcher/com.sec.android.app.launcher.activities.LauncherActivity$_2350#5324] Invalid device requested composition type change: Device (2) --> Device (2)
05-12 05:06:25.462 E/CompositionEngine( 1004): [Splash Screen com.hyeni.calendar$_1899#5336] Invalid device requested composition type change: Client (1) --> Client (1)
05-12 05:06:25.462 E/CompositionEngine( 1004): [StatusBar$_1899#103] Invalid device requested composition type change: Device (2) --> Device (2)
05-12 05:06:25.462 E/CompositionEngine( 1004): [com.sec.android.app.launcher/com.samsung.app.honeyspace.edge.edgepanel.app.CocktailBarService$_2350#5258] Invalid device requested composition type change: Device (2) --> Device (2)
05-12 05:06:25.462 E/CompositionEngine( 1004): [NavigationBar0$_1899#101] Invalid device requested composition type change: Device (2) --> Device (2)
05-12 05:06:25.462 E/CompositionEngine( 1004): [ScreenDecorHwcOverlay$_1899#107] Invalid device requested composition type change: DisplayDecoration (6) --> DisplayDecoration (6)
05-12 05:06:25.462 I/WallpaperService( 1899): dispatchAppVisibility: system, visible=false , mLidState = -1
05-12 05:06:25.462 V/WindowManagerShell( 1899): Track 0 became idle
05-12 05:06:25.462 V/WindowManagerShell( 1899): All active transition animations finished
05-12 05:06:25.462 I/VRI[LauncherActivity]@6fa98b1( 2350): handleAppVisibility mAppVisible = true visible = false
05-12 05:06:25.464 V/WindowManager( 1232): Finish Transition (#609): created at 05-12 05:06:25.048 collect-started=1.077ms request-sent=7.43ms started=10.376ms ready=44.957ms sent=47.461ms commit=17.139ms finished=412.067ms
05-12 05:06:25.465 I/WallpaperService( 1899): reportVisibility: visibility changed. visible=false
05-12 05:06:25.465 D/SurfaceComposerClient( 1232): setCornerRadius ## 106063e Splash Screen com.hyeni.calendar#5335 cornerRadius=0.000000
05-12 05:06:25.465 I/ImageWallpaper_5[Image]( 1899):  onVisibilityChanged: visible=false , displayId=0
05-12 05:06:25.468 I/WindowManager( 1232): Relayout Window{70766f4 u0 com.sec.android.app.launcher/com.sec.android.app.launcher.activities.LauncherActivity}: viewVisibility=8 req=1080x2340 ty=1 d0
05-12 05:06:25.468 I/SurfaceFlinger( 1004): RequestedLayer [Task=1#53] hidden!! flag  from(0) --> to(1)
05-12 05:06:25.468 I/SurfaceFlinger( 1004): [Display 0 name="기본으로 제공되는 화면"#49] setFrameRateCategory: Default
05-12 05:06:25.468 D/SurfaceComposerClient( 1232): setCornerRadius ## 106063e Splash Screen com.hyeni.calendar#5335 cornerRadius=0.000000
05-12 05:06:25.468 I/SurfaceFlinger( 1004): RequestedLayer [com.sec.android.app.launcher/com.sec[...]tivities.LauncherActivity$_2350#5324] hidden!! flag  from(0) --> to(1)
05-12 05:06:25.468 I/SurfaceFlinger( 1004): RequestedLayer [com.android.systemui.wallpapers.ImageWallpaper$_1899#91] hidden!! flag  from(0) --> to(1)
05-12 05:06:25.468 I/SurfaceFlinger( 1004): RequestedLayer [WallpaperWindowToken{9b2eb4b showWhenLocked=false}#84] hidden!! flag  from(0) --> to(1)
05-12 05:06:25.468 I/SurfaceFlinger( 1004): RequestedLayer [ActivityRecord{241159848 u0 com.sec.[...]activities.LauncherActivity t16}#112] hidden!! flag  from(0) --> to(1)
05-12 05:06:25.468 I/SurfaceFlinger( 1004): RequestedLayer [Task=16#111] hidden!! flag  from(0) --> to(1)
05-12 05:06:25.469 I/SurfaceFlinger( 1004): [LayerHierarchy{RequestedLayerState{Task=1#53 parentId=10} 2 children}] reparent to LayerHierarchy{RequestedLayerState{DefaultTaskDisplayArea_d0#10 parentId=9} 10 children}
05-12 05:06:25.469 I/SurfaceFlinger( 1004): [LayerHierarchy{RequestedLayerState{WallpaperWindowToken{9b2eb4b showWhenLocked=false}#84 parentId=8 z=1} 1 children}] reparent to LayerHierarchy{RequestedLayerState{Leaf:1:1#8 parentId=7} 2 children}
05-12 05:06:25.469 I/SurfaceFlinger( 1004): [LayerHierarchy{RequestedLayerState{Task=119#5333 parentId=10 z=7} 1 children}] reparent to LayerHierarchy{RequestedLayerState{DefaultTaskDisplayArea_d0#10 parentId=9} 11 children}
05-12 05:06:25.469 I/SurfaceFlinger( 1004): [LayerHierarchy{RequestedLayerState{Transition Root: Task=119#5337 z=7} no children}] reparent to OffscreenRoot
05-12 05:06:25.469 I/SurfaceFlinger( 1004): [LayerHierarchy{RequestedLayerState{Transition Root: Task=119#5337 z=7} no children}] RelativeParent to null
05-12 05:06:25.469 D/SurfaceComposerClient( 1232): setCornerRadius ## 106063e Splash Screen com.hyeni.calendar#5335 cornerRadius=0.000000
05-12 05:06:25.469 I/DecorView(11093): setWindowBackground: isPopOver=false color=fffafafa d=android.graphics.drawable.ColorDrawable@73cdc11
05-12 05:06:25.469 I/WindowManager( 1232): Relayout hash=70766f4, pid=2350, syncId=-1: mAttrs={(0,0)(fillxfill) sim={adjust=nothing} layoutInDisplayCutoutMode=always ty=BASE_APPLICATION fmt=TRANSPARENT wanim=0x1030306
05-12 05:06:25.469 I/WindowManager( 1232):   fl=81910100
05-12 05:06:25.469 I/WindowManager( 1232):   pfl=10008840
05-12 05:06:25.469 I/WindowManager( 1232):   bhv=2
05-12 05:06:25.469 I/WindowManager( 1232):   fitSides=0
05-12 05:06:25.469 I/WindowManager( 1232):   frameRateBoostOnTouch=true
05-12 05:06:25.469 I/WindowManager( 1232):   dvrrWindowFrameRateHint=true screenDimDuration=200000 naviIconColor=0}
05-12 05:06:25.471 D/PowerManagerService( 1232): [api] setScreenDimDurationOverrideFromWindowManagerInternal: timeoutMillis: -1
05-12 05:06:25.471 I/SurfaceFlinger( 1004): id=5337 Removed Transition Root: Task=119#5337 (135)
05-12 05:06:25.471 I/VRI[LauncherActivity]@6fa98b1( 2350): Relayout returned: old=(0,0,1080,2340) new=(0,0,1080,2340) relayoutAsync=false req=(1080,2340)8 dur=2 res=0x2 s={false 0x0} ch=true seqId=0
05-12 05:06:25.472 I/DisplayDeviceRepository( 1232): Display device changed render timings: "기본으로 제공되는 화면", renderFrameRate=120.00001, presentationDeadlineNanos=9333333, appVsyncOffsetNanos=8333333, frameRateOverrides=[]
05-12 05:06:25.473 D/SurfaceComposerClient( 1232): setCornerRadius ## 106063e Splash Screen com.hyeni.calendar#5335 cornerRadius=0.000000
05-12 05:06:25.474 D/StackScroller( 1899): onDisplayChanged for predraw skip to 2
05-12 05:06:25.474 D/DisplayLifecycle( 1899): updateDisplay id = 0
05-12 05:06:25.474 E/CompositionEngine( 1004): [Splash Screen com.hyeni.calendar$_1899#5336] Invalid device requested composition type change: Device (2) --> Device (2)
05-12 05:06:25.474 E/CompositionEngine( 1004): [StatusBar$_1899#103] Invalid device requested composition type change: Device (2) --> Device (2)
05-12 05:06:25.474 E/CompositionEngine( 1004): [com.sec.android.app.launcher/com.samsung.app.honeyspace.edge.edgepanel.app.CocktailBarService$_2350#5258] Invalid device requested composition type change: Device (2) --> Device (2)
05-12 05:06:25.474 D/WifiDisplayAdapter( 1232): isFitToActiveDisplayLocked : false
05-12 05:06:25.474 E/CompositionEngine( 1004): [NavigationBar0$_1899#101] Invalid device requested composition type change: Device (2) --> Device (2)
05-12 05:06:25.474 E/CompositionEngine( 1004): [ScreenDecorHwcOverlay$_1899#107] Invalid device requested composition type change: DisplayDecoration (6) --> DisplayDecoration (6)
05-12 05:06:25.475 I/HoneySpace.Memory-Monitor( 2350): current state = 2, didTrim = false
05-12 05:06:25.477 I/.hyeni.calendar(11093): hiddenapi: Accessing hidden method Landroid/view/ViewGroup;->makeOptionalFitsSystemWindows()V (runtime_flags=0, domain=platform, api=unsupported) from Landroidx/appcompat/widget/ViewUtils; (domain=app) using reflection: allowed
05-12 05:06:25.478 D/SurfaceFlinger( 1004): Display 4633128672291735939 HWC layers:
05-12 05:06:25.478 D/SurfaceFlinger( 1004):        DEVICE |            8156142970203 | 00002100 | RGBA_8888    |    0.0    0.0 1080.0 2340.0 |    0    0 1080 2340 | Splash Screen com.hyeni.calendar$_1899#5336 (1)
05-12 05:06:25.478 D/SurfaceFlinger( 1004):        DEVICE |            8156142970175 | 00002100 | RGBA_8888    |    0.0    0.0 1080.0   89.0 |    0    0 1080   89 | StatusBar$_1899#103 (17645)
05-12 05:06:25.478 D/SurfaceFlinger( 1004):        DEVICE |           10093173146846 | 00002100 | RGBA_8888    |    0.0    0.0   67.0  342.0 | 1013  438 1080  780 | com.sec.android.app.launcher/com.sam[...]el.app.CocktailBarService$_2350#5258 (1)
05-12 05:06:25.478 D/SurfaceFlinger( 1004):        DEVICE |            8156142970172 | 00002100 | RGBA_8888    |    0.0    0.0 1080.0  135.0 |    0 2205 1080 2340 | NavigationBar0$_1899#101 (8698)
05-12 05:06:25.478 D/SurfaceFlinger( 1004):  DISPLAY_DECO |            8156142969894 | 00002340 | 0x0000038    |    0.0    0.0 1080.0 2340.0 |    0    0 1080 2340 | ScreenDecorHwcOverlay$_1899#107 (19)
05-12 05:06:25.478 D/SurfaceFlinger( 1004): 
05-12 05:06:25.478 I/SurfaceFlinger( 1004): destroyed Transition Root: Task=119#5337
05-12 05:06:25.479 I/Layer   ( 1004): id=5337 Destroyed Transition Root: Task=119#5337
05-12 05:06:25.486 I/WebViewFactory(11093): Loading com.google.android.webview version 147.0.7727.137 (code 772713703)
05-12 05:06:25.491 V/ResourcesManager(11093): The following library key has been added: ResourcesKey{ mHash=9144d7f6 mResDir=null mSplitDirs=[] mOverlayDirs=[] mLibDirs=[/data/app/~~l1Xag7az9-ALRXIBjuNdCw==/com.google.android.webview-oFXXPgkin8HV1ea7TMUrtQ==/base.apk,/system/framework/android.test.base.jar] mDisplayId=0 mOverrideConfig=v36 mCompatInfo={450dpi always-compat} mLoaders=[]}
05-12 05:06:25.492 D/ApplicationLoaders(11093): Returning zygote-cached class loader: /system/framework/android.test.base.jar
05-12 05:06:25.492 D/ApplicationLoaders(11093): Returning zygote-cached class loader: /system_ext/framework/androidx.window.extensions.jar
05-12 05:06:25.494 W/.hyeni.calendar(11093): Loading /data/app/~~l1Xag7az9-ALRXIBjuNdCw==/com.google.android.webview-oFXXPgkin8HV1ea7TMUrtQ==/oat/arm64/base.odex non-executable as it requires an image which we failed to load
05-12 05:06:25.495 D/nativeloader(11093): Configuring clns-10 for other apk /data/app/~~l1Xag7az9-ALRXIBjuNdCw==/com.google.android.webview-oFXXPgkin8HV1ea7TMUrtQ==/base.apk. target_sdk_version=36, uses_libraries=, library_path=/data/app/~~l1Xag7az9-ALRXIBjuNdCw==/com.google.android.webview-oFXXPgkin8HV1ea7TMUrtQ==/lib/arm64:/data/app/~~l1Xag7az9-ALRXIBjuNdCw==/com.google.android.webview-oFXXPgkin8HV1ea7TMUrtQ==/base.apk!/lib/arm64-v8a, permitted_path=/data:/mnt/expand
05-12 05:06:25.508 I/cr_WVCFactoryProvider(11093): version=147.0.7727.137 (772713703) minSdkVersion=29 multiprocess=true packageId=2 splits=<none>
05-12 05:06:25.526 D/nativeloader(11093): Load /data/app/~~l1Xag7az9-ALRXIBjuNdCw==/com.google.android.webview-oFXXPgkin8HV1ea7TMUrtQ==/base.apk!/lib/arm64-v8a/libwebviewchromium.so using class loader ns clns-10 (caller=/data/app/~~l1Xag7az9-ALRXIBjuNdCw==/com.google.android.webview-oFXXPgkin8HV1ea7TMUrtQ==/base.apk): ok
05-12 05:06:25.527 D/nativeloader(11093): Load /system/lib64/libwebviewchromium_plat_support.so using class loader ns clns-10 (caller=/data/app/~~l1Xag7az9-ALRXIBjuNdCw==/com.google.android.webview-oFXXPgkin8HV1ea7TMUrtQ==/base.apk): ok
05-12 05:06:25.529 I/chromium(11093): [0512/050625.529019:INFO:android_webview/browser/variations/variations_seed_loader.cc:67] Failed to open file for reading.: No such file or directory (2)
05-12 05:06:25.529 I/chromium(11093): [0512/050625.529497:INFO:android_webview/browser/variations/variations_seed_loader.cc:67] Failed to open file for reading.: No such file or directory (2)
05-12 05:06:25.537 I/cr_LibraryLoader(11093): Successfully loaded native library
05-12 05:06:25.538 I/cr_CachingUmaRecorder(11093): Flushed 22 samples from 21 histograms, 0 samples were dropped.
05-12 05:06:25.539 I/cr_ChildProcLH(11093): ScopedServiceBindingBatch.tryActivate: false
05-12 05:06:25.541 I/cr_CombinedPProvider(11093): #registerProvider() provider:WV.yk@94f18b0 isPolicyCacheEnabled:false policyProvidersSize:0
05-12 05:06:25.541 I/cr_PolicyProvider(11093): #setManagerAndSource() 0
05-12 05:06:25.544 I/cr_DisplayManager(11093): Is Display Topology available: false
05-12 05:06:25.559 D/Zygote  (16622): Forked child process 11141
05-12 05:06:25.561 E/libc    (11141): SetHeapTaggingLevel: re-enabling tagging after it was disabled is not supported
05-12 05:06:25.562 I/cr_CombinedPProvider(11093): #linkNativeInternal() 1
05-12 05:06:25.562 I/cr_AppResProvider(11093): #getApplicationRestrictionsFromUserManager() Bundle[EMPTY_PARCEL]
05-12 05:06:25.562 I/cr_PolicyProvider(11093): #notifySettingsAvailable() 0
05-12 05:06:25.562 I/cr_CombinedPProvider(11093): #onSettingsAvailable() 0
05-12 05:06:25.562 I/cr_CombinedPProvider(11093): #flushPolicies()
05-12 05:06:25.565 I/ActivityManager( 1232): Start proc 11141:com.google.android.webview:sandboxed_process0:org.chromium.content.app.SandboxedProcessService0:0/u0i114 for  {com.hyeni.calendar/org.chromium.content.app.SandboxedProcessService0:0}
05-12 05:06:25.565 I/DynamicHiddenApp_BGProtectManager( 1232): check webview name : com.google.android.webview:sandboxed_process0:org.chromium.content.app.SandboxedProcessService0:0check hostingname webview : {com.hyeni.calendar/org.chromium.content.app.SandboxedProcessService0:0}
05-12 05:06:25.565 I/ActivityManager( 1232): ProcessObserver broadcast disabled
05-12 05:06:25.565 I/ocessService0:0(11141): Using CollectorTypeCMC GC.
05-12 05:06:25.568 E/ocessService0:0(11141): Not starting debugger since process cannot load the jdwp agent.
05-12 05:06:25.569 D/BackgroundInstallControlService( 1232): Package event received: 0
05-12 05:06:25.569 D/BackgroundInstallControlService( 1232): Package event received: 0
05-12 05:06:25.571 D/BoundBrokerSvc(27738): onBind: Intent { act=com.google.android.gms.safetynet.service.START xflg=0x4 pkg=com.google.android.gms }
05-12 05:06:25.571 D/BoundBrokerSvc(27738): Loading bound service for intent: Intent { act=com.google.android.gms.safetynet.service.START xflg=0x4 pkg=com.google.android.gms }
05-12 05:06:25.573 D/nativeloader(11141): Load libframework-connectivity-tiramisu-jni.so using APEX ns com_android_tethering for caller /apex/com.android.tethering/javalib/framework-connectivity-t.jar: ok
05-12 05:06:25.576 D/ActivityThread(11141): setConscryptValidator
05-12 05:06:25.576 D/ActivityThread(11141): setConscryptValidator - put
05-12 05:06:25.584 W/chromium(11093): [WARNING:android_webview/browser/network_service/net_helpers.cc:137] HTTP Cache size is: 175088927
05-12 05:06:25.587 D/ApplicationLoaders(11141): Returning zygote-cached class loader: /system/framework/android.test.base.jar
05-12 05:06:25.587 D/ApplicationLoaders(11141): Returning zygote-cached class loader: /system_ext/framework/androidx.window.extensions.jar
05-12 05:06:25.593 I/cr_WebViewApkApp(11141): version=147.0.7727.137 (772713703) minSdkVersion=29 processName=com.google.android.webview:sandboxed_process0:org.chromium.content.app.SandboxedProcessService0:0 splits=<none>
05-12 05:06:25.597 D/BoundBrokerSvc(27738): onBind: Intent { act=com.google.android.gms.safebrowsing.SafeBrowsingService.START dat=chimera-action:/... xflg=0x4 cmp=com.google.android.gms/.chimera.GmsBoundBrokerService }
05-12 05:06:25.597 D/BoundBrokerSvc(27738): Loading bound service for intent: Intent { act=com.google.android.gms.safebrowsing.SafeBrowsingService.START dat=chimera-action:/... xflg=0x4 cmp=com.google.android.gms/.chimera.GmsBoundBrokerService }
05-12 05:06:25.598 I/ActivityManager( 1232): Changes in 99114 19 to 3, 0 to 184
05-12 05:06:25.601 D/BackgroundInstallControlService( 1232): Package event received: 0
05-12 05:06:25.601 I/cr_ChildProcessService(11141): Creating new ChildProcessService pid=11141
05-12 05:06:25.609 D/ConnectivityManager(11093): StackLog: [android.net.ConnectivityManager.sendRequestForNetwork(ConnectivityManager.java:4736)] [android.net.ConnectivityManager.registerDefaultNetworkCallbackForUid(ConnectivityManager.java:5461)] [android.net.ConnectivityManager.registerDefaultNetworkCallback(ConnectivityManager.java:5428)] [WV.po1.e(chromium-SystemWebViewGoogle6432.aab-stable-772713703:37)] [WV.po1.a(chromium-SystemWebViewGoogle6432.aab-stable-772713703:1)] [org.chromium.android_webview.AwContentsLifecycleNotifier.onFirstWebViewCreated(chromium-SystemWebViewGoogle6432.aab-stable-772713703:19)] [J.N.JJ(Native Method)] [org.chromium.android_webview.AwContents.<init>(chromium-SystemWebViewGoogle6432.aab-stable-772713703:658)] [com.android.webview.chromium.r.run(chromium-SystemWebViewGoogle6432.aab-stable-772713703:230)] [WV.v43.run(chromium-SystemWebViewGoogle6432.aab-stable-772713703:13)] [org.chromium.base.task.PostTask.e(chromium-SystemWebViewGoogle6432.aab-stable-772713703:18)] [WV.w43.a(chromium-SystemWebViewGoogle6432.aab-stable-772713703:18)] [com.android.webview.chromium.WebViewChromiumFactoryProvider.a(chromium-SystemWebViewGoogle6432.aab-stable-772713703:3)] [com.android.webview.chromium.WebViewChromium.init(chromium-SystemWebViewGoogle6432.aab-stable-772713703:280)] [android.webkit.WebView.<init>(WebView.java:447)] [android.webkit.WebView.<init>(WebView.java:367)] [android.webkit.WebView.<init>(WebView.java:349)] [android.webkit.WebView.<init>(WebView.java:336)] [com.getcapacitor.CapacitorWebView.<init>(CapacitorWebView.java:22)] [java.lang.reflect.Constructor.newInstance0(Native Method)] [java.lang.reflect.Constructor.newInstance(Constructor.java:343)] [android.view.LayoutInflater.createView(LayoutInflater.java:759)] [android.view.LayoutInflater.createViewFromTag(LayoutInflater.java:911)] [android.view.LayoutInflater.createViewFromTag(LayoutInflater.java:866)] [android.view.LayoutInflater.rInflate(LayoutInflater.java:1028)] [android.view.LayoutInflater.rInflateChildren(LayoutInflater.java:989)] [android.view.LayoutInflater.inflate(LayoutInflater.java:577)] [android.view.LayoutInflater.inflate(LayoutInflater.java:468)] [android.view.LayoutInflater.inflate(LayoutInflater.java:419)] [androidx.appcompat.app.AppCompatDelegateImpl.setContentView(AppCompatDelegateImpl.java:751)] [androidx.appcompat.app.AppCompatActivity.setContentView(AppCompatActivity.java:193)] [com.getcapacitor.BridgeActivity.onCreate(BridgeActivity.java:28)] [com.hyeni.calendar.MainActivity.onCreate(MainActivity.java:52)] [android.app.Activity.performCreate(Activity.java:9519)] [android.app.Activity.performCreate(Activity.java:9488)] [android.app.Instrumentation.callActivityOnCreate(Instrumentation.java:1524)] [android.app.ActivityThread.performLaunchActivity(ActivityThread.java:4692)] [android.app.ActivityThread.handleLaunchActivity(ActivityThread.java:4941)] [android.app.servertransaction.LaunchActivityItem.execute(LaunchActivityItem.java:222)] [android.app.servertransaction.TransactionExecutor.executeNonLifecycleItem(TransactionExecutor.java:133)] [android.app.servertransaction.TransactionExecutor.executeTransactionItems(TransactionExecutor.java:103)] [android.app.servertransaction.TransactionExecutor.execute(TransactionExecutor.java:80)] [android.app.ActivityThread$H.handleMessage(ActivityThread.java:3150)]
05-12 05:06:25.610 D/ConnectivityService( 1232): requestNetwork for uid/pid:10340/11093 activeRequest: null callbackRequest: 7177 [NetworkRequest [ REQUEST id=7178, [ Capabilities: INTERNET&NOT_RESTRICTED&TRUSTED&NOT_VCN_MANAGED&NOT_BANDWIDTH_CONSTRAINED Uid: 10340 RequestorUid: 10340 RequestorPkg: com.hyeni.calendar UnderlyingNetworks: Null] ]] callback flags: 0 order: 2147483647 isUidTracked: false declaredMethods: AVAIL|LOST|NC|LP
05-12 05:06:25.611 D/ConnectivityService( 1232):    accepting network in place of null for NetworkRequest [ REQUEST id=7178, [ Capabilities: INTERNET&NOT_RESTRICTED&TRUSTED&NOT_VCN_MANAGED&NOT_BANDWIDTH_CONSTRAINED Uid: 10340 RequestorUid: 10340 RequestorPkg: com.hyeni.calendar UnderlyingNetworks: Null] ]
05-12 05:06:25.611 D/OemPaidWifiNetworkFactory( 1232): got request NetworkRequest [ REQUEST id=7178, [ Capabilities: INTERNET&NOT_RESTRICTED&TRUSTED&NOT_VCN_MANAGED&NOT_BANDWIDTH_CONSTRAINED Uid: 10340 RequestorUid: 10340 RequestorPkg: com.hyeni.calendar UnderlyingNetworks: Null] ]
05-12 05:06:25.611 D/MultiInternetWifiNetworkFactory( 1232): got request NetworkRequest [ REQUEST id=7178, [ Capabilities: INTERNET&NOT_RESTRICTED&TRUSTED&NOT_VCN_MANAGED&NOT_BANDWIDTH_CONSTRAINED Uid: 10340 RequestorUid: 10340 RequestorPkg: com.hyeni.calendar UnderlyingNetworks: Null] ]
05-12 05:06:25.611 D/ConnectivityService( 1232): Rematched networks [computed 0ms] [applied 1ms] [issued 0]
05-12 05:06:25.611 D/ConnectivityService( 1232): NetworkReassignment :
05-12 05:06:25.611 D/ConnectivityService( 1232):   7178 : null → 124
05-12 05:06:25.611 D/WifiNetworkFactory( 1232): got request NetworkRequest [ REQUEST id=7178, [ Capabilities: INTERNET&NOT_RESTRICTED&TRUSTED&NOT_VCN_MANAGED&NOT_BANDWIDTH_CONSTRAINED Uid: 10340 RequestorUid: 10340 RequestorPkg: com.hyeni.calendar UnderlyingNetworks: Null] ]
05-12 05:06:25.612 D/UntrustedWifiNetworkFactory( 1232): got request NetworkRequest [ REQUEST id=7178, [ Capabilities: INTERNET&NOT_RESTRICTED&TRUSTED&NOT_VCN_MANAGED&NOT_BANDWIDTH_CONSTRAINED Uid: 10340 RequestorUid: 10340 RequestorPkg: com.hyeni.calendar UnderlyingNetworks: Null] ]
05-12 05:06:25.613 D/ConnectivityManager(11093): StackLog: [android.net.ConnectivityManager.sendRequestForNetwork(ConnectivityManager.java:4736)] [android.net.ConnectivityManager.sendRequestForNetwork(ConnectivityManager.java:4904)] [android.net.ConnectivityManager.registerNetworkCallback(ConnectivityManager.java:5321)] [WV.po1.e(chromium-SystemWebViewGoogle6432.aab-stable-772713703:86)] [WV.po1.a(chromium-SystemWebViewGoogle6432.aab-stable-772713703:1)] [org.chromium.android_webview.AwContentsLifecycleNotifier.onFirstWebViewCreated(chromium-SystemWebViewGoogle6432.aab-stable-772713703:19)] [J.N.JJ(Native Method)] [org.chromium.android_webview.AwContents.<init>(chromium-SystemWebViewGoogle6432.aab-stable-772713703:658)] [com.android.webview.chromium.r.run(chromium-SystemWebViewGoogle6432.aab-stable-772713703:230)] [WV.v43.run(chromium-SystemWebViewGoogle6432.aab-stable-772713703:13)] [org.chromium.base.task.PostTask.e(chromium-SystemWebViewGoogle6432.aab-stable-772713703:18)] [WV.w43.a(chromium-SystemWebViewGoogle6432.aab-stable-772713703:18)] [com.android.webview.chromium.WebViewChromiumFactoryProvider.a(chromium-SystemWebViewGoogle6432.aab-stable-772713703:3)] [com.android.webview.chromium.WebViewChromium.init(chromium-SystemWebViewGoogle6432.aab-stable-772713703:280)] [android.webkit.WebView.<init>(WebView.java:447)] [android.webkit.WebView.<init>(WebView.java:367)] [android.webkit.WebView.<init>(WebView.java:349)] [android.webkit.WebView.<init>(WebView.java:336)] [com.getcapacitor.CapacitorWebView.<init>(CapacitorWebView.java:22)] [java.lang.reflect.Constructor.newInstance0(Native Method)] [java.lang.reflect.Constructor.newInstance(Constructor.java:343)] [android.view.LayoutInflater.createView(LayoutInflater.java:759)] [android.view.LayoutInflater.createViewFromTag(LayoutInflater.java:911)] [android.view.LayoutInflater.createViewFromTag(LayoutInflater.java:866)] [android.view.LayoutInflater.rInflate(LayoutInflater.java:1028)] [android.view.LayoutInflater.rInflateChildren(LayoutInflater.java:989)] [android.view.LayoutInflater.inflate(LayoutInflater.java:577)] [android.view.LayoutInflater.inflate(LayoutInflater.java:468)] [android.view.LayoutInflater.inflate(LayoutInflater.java:419)] [androidx.appcompat.app.AppCompatDelegateImpl.setContentView(AppCompatDelegateImpl.java:751)] [androidx.appcompat.app.AppCompatActivity.setContentView(AppCompatActivity.java:193)] [com.getcapacitor.BridgeActivity.onCreate(BridgeActivity.java:28)] [com.hyeni.calendar.MainActivity.onCreate(MainActivity.java:52)] [android.app.Activity.performCreate(Activity.java:9519)] [android.app.Activity.performCreate(Activity.java:9488)] [android.app.Instrumentation.callActivityOnCreate(Instrumentation.java:1524)] [android.app.ActivityThread.performLaunchActivity(ActivityThread.java:4692)] [android.app.ActivityThread.handleLaunchActivity(ActivityThread.java:4941)] [android.app.servertransaction.LaunchActivityItem.execute(LaunchActivityItem.java:222)] [android.app.servertransaction.TransactionExecutor.executeNonLifecycleItem(TransactionExecutor.java:133)] [android.app.servertransaction.TransactionExecutor.executeTransactionItems(TransactionExecutor.java:103)] [android.app.servertransaction.TransactionExecutor.execute(TransactionExecutor.java:80)] [android.app.ActivityThread$H.handleMessage(ActivityThread.java:3150)]
05-12 05:06:25.614 D/CompatChangeReporter( 1232): Compat change id reported: 349487600; UID 10340; state: ENABLED
05-12 05:06:25.615 D/ConnectivityService( 1232): Rematched networks [computed 0ms] [applied 0ms] [issued 0]
05-12 05:06:25.615 D/ConnectivityService( 1232): NetworkReassignment : no changes
05-12 05:06:25.618 D/KNOX_MDM_SettingsProvider( 1232): isChangeAllowed() : name = enabled_notification_listeners
05-12 05:06:25.626 D/NetdEventListenerService( 1232): DNS Requested by 124, 10340(com.hyeni.calendar), SUCCESS, 107ms
05-12 05:06:25.638 D/Capacitor(11093): Starting BridgeActivity
05-12 05:06:25.654 D/Capacitor(11093): Registering plugin instance: CapacitorCookies
05-12 05:06:25.657 D/Capacitor(11093): Registering plugin instance: WebView
05-12 05:06:25.658 D/Capacitor(11093): Registering plugin instance: CapacitorHttp
05-12 05:06:25.660 D/Capacitor(11093): Registering plugin instance: SystemBars
05-12 05:06:25.663 D/Capacitor(11093): Registering plugin instance: BackgroundLocation
05-12 05:06:25.665 D/Capacitor(11093): Registering plugin instance: SpeechRecognition
05-12 05:06:25.665 I/ActivityManager( 1232): Killing 10177:com.samsung.faceservice/5004 (adj 985): empty #33
05-12 05:06:25.666 D/Capacitor(11093): Registering plugin instance: NativeNotification
05-12 05:06:25.675 D/Capacitor(11093): Registering plugin instance: AmbientListen
05-12 05:06:25.676 D/Capacitor(11093): Registering plugin instance: KakaoMapLauncher
05-12 05:06:25.678 D/Capacitor(11093): Registering plugin instance: CameraPermission
05-12 05:06:25.679 D/Capacitor(11093): Registering plugin instance: ExternalBrowser
05-12 05:06:25.679 D/Capacitor(11093): Registering plugin instance: App
05-12 05:06:25.681 D/Capacitor(11093): Registering plugin instance: NoCodes
05-12 05:06:25.682 D/Capacitor(11093): Registering plugin instance: Qonversion
05-12 05:06:25.693 I/Zygote  (  893): Process 10177 exited due to signal 9 (Killed)
